[0.013s] Invoking command in '/home/vasee22/igus-coffee-moveit/build/igus_rebel_moveit_config': CMAKE_PREFIX_PATH=/home/vasee22/igus-coffee-moveit/install/igus_rebel_description:/home/vasee22/igus-coffee-moveit/install/igus_rebel:/home/vasee22/igus-coffee-moveit/install/igus_rebel_msgs:/home/vasee22/igus-coffee-moveit/install/igus_rebel_moveit_config:/home/vasee22/COAR-ROS2-Workspace-mai/install/moveit_task_constructor_demo:/home/vasee22/COAR-ROS2-Workspace-mai/install/moveit_task_constructor_visualization:/home/vasee22/COAR-ROS2-Workspace-mai/install/moveit_task_constructor_capabilities:/home/vasee22/COAR-ROS2-Workspace-mai/install/igus_rebel:/home/vasee22/COAR-ROS2-Workspace-mai/install/moveit_task_constructor_core:/home/vasee22/COAR-ROS2-Workspace-mai/install/rviz_marker_tools:/home/vasee22/COAR-ROS2-Workspace-mai/install/moveit_task_constructor_msgs:/home/vasee22/COAR-ROS2-Workspace-mai/install/igus_rebel_msgs:/home/vasee22/COAR-ROS2-Workspace-mai/install/igus_rebel_moveit_config:/home/vasee22/COAR-ROS2-Workspace-mai/install/igus_rebel_description:/opt/ros/jazzy/opt/gz_sim_vendor:/opt/ros/jazzy/opt/gz_sensors_vendor:/opt/ros/jazzy/opt/gz_physics_vendor:/opt/ros/jazzy/opt/sdformat_vendor:/opt/ros/jazzy/opt/gz_gui_vendor:/opt/ros/jazzy/opt/gz_transport_vendor:/opt/ros/jazzy/opt/gz_rendering_vendor:/opt/ros/jazzy/opt/gz_plugin_vendor:/opt/ros/jazzy/opt/gz_fuel_tools_vendor:/opt/ros/jazzy/opt/gz_msgs_vendor:/opt/ros/jazzy/opt/gz_common_vendor:/opt/ros/jazzy/opt/gz_math_vendor:/opt/ros/jazzy/opt/gz_utils_vendor:/opt/ros/jazzy/opt/gz_tools_vendor:/opt/ros/jazzy/opt/gz_ogre_next_vendor:/opt/ros/jazzy/opt/gz_dartsim_vendor:/opt/ros/jazzy/opt/gz_cmake_vendor:/home/vasee22/igus-coffee-moveit/install/modbus_ros:/home/vasee22/COAR-ROS2-Workspace-mai/install/modbus_ros:/opt/ros/jazzy DEBUGINFOD_URLS=https://debuginfod.ubuntu.com /usr/bin/cmake /home/vasee22/igus-coffee-moveit/src/igus_rebel_ros2/igus_rebel_moveit_config -DCMAKE_INSTALL_PREFIX=/home/vasee22/igus-coffee-moveit/install/igus_rebel_moveit_config
[0.091s] -- The C compiler identification is GNU 13.3.0
[0.172s] -- The CXX compiler identification is GNU 13.3.0
[0.197s] -- Detecting C compiler ABI info
[0.322s] -- Detecting C compiler ABI info - done
[0.337s] -- Check for working C compiler: /usr/bin/cc - skipped
[0.337s] -- Detecting C compile features
[0.338s] -- Detecting C compile features - done
[0.351s] -- Detecting CXX compiler ABI info
[0.495s] -- Detecting CXX compiler ABI info - done
[0.511s] -- Check for working CXX compiler: /usr/bin/c++ - skipped
[0.511s] -- Detecting CXX compile features
[0.512s] -- Detecting CXX compile features - done
[0.520s] -- Found ament_cmake: 2.5.6 (/opt/ros/jazzy/share/ament_cmake/cmake)
[0.763s] -- Found Python3: /usr/bin/python3 (found version "3.12.3") found components: Interpreter 
[0.958s] -- Found rclcpp: 28.1.18 (/opt/ros/jazzy/share/rclcpp/cmake)
[1.050s] -- Found rosidl_generator_c: 4.6.7 (/opt/ros/jazzy/share/rosidl_generator_c/cmake)
[1.079s] -- Found rosidl_generator_cpp: 4.6.7 (/opt/ros/jazzy/share/rosidl_generator_cpp/cmake)
[1.104s] -- Using all available rosidl_typesupport_c: rosidl_typesupport_fastrtps_c;rosidl_typesupport_introspection_c
[1.127s] -- Using all available rosidl_typesupport_cpp: rosidl_typesupport_fastrtps_cpp;rosidl_typesupport_introspection_cpp
[1.218s] -- Found rmw_implementation_cmake: 7.3.3 (/opt/ros/jazzy/share/rmw_implementation_cmake/cmake)
[1.223s] -- Found rmw_fastrtps_cpp: 8.4.3 (/opt/ros/jazzy/share/rmw_fastrtps_cpp/cmake)
[1.337s] -- Found OpenSSL: /usr/lib/x86_64-linux-gnu/libcrypto.so (found version "3.0.13")  
[1.376s] -- Found FastRTPS: /opt/ros/jazzy/include (Required is at least version "2.13") 
[1.417s] -- Using RMW implementation 'rmw_fastrtps_cpp' as default
[1.554s] -- Found moveit_ros_planning_interface: 2.12.4 (/opt/ros/jazzy/share/moveit_ros_planning_interface/cmake)
[1.742s] -- Found Boost: /usr/lib/x86_64-linux-gnu/cmake/Boost-1.83.0/BoostConfig.cmake (found version "1.83.0") found components: date_time filesystem program_options system thread 
[2.358s] -- Found Boost: /usr/lib/x86_64-linux-gnu/cmake/Boost-1.83.0/BoostConfig.cmake (found version "1.83.0") found components: chrono date_time filesystem iostreams program_options regex serialization system thread 
[2.458s] -- Found parameter_traits: 0.7.1 (/opt/ros/jazzy/share/parameter_traits/cmake)
[2.487s] -- Found rclcpp_lifecycle: 28.1.18 (/opt/ros/jazzy/share/rclcpp_lifecycle/cmake)
[2.539s] -- Found Boost: /usr/lib/x86_64-linux-gnu/cmake/Boost-1.83.0/BoostConfig.cmake (found version "1.83.0") found components: filesystem 
[2.626s] -- Found Eigen3: TRUE (found version "3.4.0") 
[2.626s] -- Ensuring Eigen3 include directory is part of orocos-kdl CMake target
[2.878s] -- Found Boost: /usr/lib/x86_64-linux-gnu/cmake/Boost-1.83.0/BoostConfig.cmake (found version "1.83.0") found components: system filesystem date_time program_options thread chrono 
[2.994s] -- Found Boost: /usr/lib/x86_64-linux-gnu/cmake/Boost-1.83.0/BoostConfig.cmake (found version "1.83.0") found components: thread system filesystem regex date_time program_options 
[3.056s] -- Found Boost: /usr/lib/x86_64-linux-gnu/cmake/Boost-1.83.0/BoostConfig.cmake (found version "1.83.0") found components: system filesystem date_time program_options thread 
[3.263s] -- Configuring done (3.2s)
[3.273s] -- Generating done (0.0s)
[3.278s] -- Build files have been written to: /home/vasee22/igus-coffee-moveit/build/igus_rebel_moveit_config
[3.300s] Invoked command in '/home/vasee22/igus-coffee-moveit/build/igus_rebel_moveit_config' returned '0': CMAKE_PREFIX_PATH=/home/vasee22/igus-coffee-moveit/install/igus_rebel_description:/home/vasee22/igus-coffee-moveit/install/igus_rebel:/home/vasee22/igus-coffee-moveit/install/igus_rebel_msgs:/home/vasee22/igus-coffee-moveit/install/igus_rebel_moveit_config:/home/vasee22/COAR-ROS2-Workspace-mai/install/moveit_task_constructor_demo:/home/vasee22/COAR-ROS2-Workspace-mai/install/moveit_task_constructor_visualization:/home/vasee22/COAR-ROS2-Workspace-mai/install/moveit_task_constructor_capabilities:/home/vasee22/COAR-ROS2-Workspace-mai/install/igus_rebel:/home/vasee22/COAR-ROS2-Workspace-mai/install/moveit_task_constructor_core:/home/vasee22/COAR-ROS2-Workspace-mai/install/rviz_marker_tools:/home/vasee22/COAR-ROS2-Workspace-mai/install/moveit_task_constructor_msgs:/home/vasee22/COAR-ROS2-Workspace-mai/install/igus_rebel_msgs:/home/vasee22/COAR-ROS2-Workspace-mai/install/igus_rebel_moveit_config:/home/vasee22/COAR-ROS2-Workspace-mai/install/igus_rebel_description:/opt/ros/jazzy/opt/gz_sim_vendor:/opt/ros/jazzy/opt/gz_sensors_vendor:/opt/ros/jazzy/opt/gz_physics_vendor:/opt/ros/jazzy/opt/sdformat_vendor:/opt/ros/jazzy/opt/gz_gui_vendor:/opt/ros/jazzy/opt/gz_transport_vendor:/opt/ros/jazzy/opt/gz_rendering_vendor:/opt/ros/jazzy/opt/gz_plugin_vendor:/opt/ros/jazzy/opt/gz_fuel_tools_vendor:/opt/ros/jazzy/opt/gz_msgs_vendor:/opt/ros/jazzy/opt/gz_common_vendor:/opt/ros/jazzy/opt/gz_math_vendor:/opt/ros/jazzy/opt/gz_utils_vendor:/opt/ros/jazzy/opt/gz_tools_vendor:/opt/ros/jazzy/opt/gz_ogre_next_vendor:/opt/ros/jazzy/opt/gz_dartsim_vendor:/opt/ros/jazzy/opt/gz_cmake_vendor:/home/vasee22/igus-coffee-moveit/install/modbus_ros:/home/vasee22/COAR-ROS2-Workspace-mai/install/modbus_ros:/opt/ros/jazzy DEBUGINFOD_URLS=https://debuginfod.ubuntu.com /usr/bin/cmake /home/vasee22/igus-coffee-moveit/src/igus_rebel_ros2/igus_rebel_moveit_config -DCMAKE_INSTALL_PREFIX=/home/vasee22/igus-coffee-moveit/install/igus_rebel_moveit_config
[3.301s] Invoking command in '/home/vasee22/igus-coffee-moveit/build/igus_rebel_moveit_config': CMAKE_PREFIX_PATH=/home/vasee22/igus-coffee-moveit/install/igus_rebel_description:/home/vasee22/igus-coffee-moveit/install/igus_rebel:/home/vasee22/igus-coffee-moveit/install/igus_rebel_msgs:/home/vasee22/igus-coffee-moveit/install/igus_rebel_moveit_config:/home/vasee22/COAR-ROS2-Workspace-mai/install/moveit_task_constructor_demo:/home/vasee22/COAR-ROS2-Workspace-mai/install/moveit_task_constructor_visualization:/home/vasee22/COAR-ROS2-Workspace-mai/install/moveit_task_constructor_capabilities:/home/vasee22/COAR-ROS2-Workspace-mai/install/igus_rebel:/home/vasee22/COAR-ROS2-Workspace-mai/install/moveit_task_constructor_core:/home/vasee22/COAR-ROS2-Workspace-mai/install/rviz_marker_tools:/home/vasee22/COAR-ROS2-Workspace-mai/install/moveit_task_constructor_msgs:/home/vasee22/COAR-ROS2-Workspace-mai/install/igus_rebel_msgs:/home/vasee22/COAR-ROS2-Workspace-mai/install/igus_rebel_moveit_config:/home/vasee22/COAR-ROS2-Workspace-mai/install/igus_rebel_description:/opt/ros/jazzy/opt/gz_sim_vendor:/opt/ros/jazzy/opt/gz_sensors_vendor:/opt/ros/jazzy/opt/gz_physics_vendor:/opt/ros/jazzy/opt/sdformat_vendor:/opt/ros/jazzy/opt/gz_gui_vendor:/opt/ros/jazzy/opt/gz_transport_vendor:/opt/ros/jazzy/opt/gz_rendering_vendor:/opt/ros/jazzy/opt/gz_plugin_vendor:/opt/ros/jazzy/opt/gz_fuel_tools_vendor:/opt/ros/jazzy/opt/gz_msgs_vendor:/opt/ros/jazzy/opt/gz_common_vendor:/opt/ros/jazzy/opt/gz_math_vendor:/opt/ros/jazzy/opt/gz_utils_vendor:/opt/ros/jazzy/opt/gz_tools_vendor:/opt/ros/jazzy/opt/gz_ogre_next_vendor:/opt/ros/jazzy/opt/gz_dartsim_vendor:/opt/ros/jazzy/opt/gz_cmake_vendor:/home/vasee22/igus-coffee-moveit/install/modbus_ros:/home/vasee22/COAR-ROS2-Workspace-mai/install/modbus_ros:/opt/ros/jazzy DEBUGINFOD_URLS=https://debuginfod.ubuntu.com /usr/bin/cmake --build /home/vasee22/igus-coffee-moveit/build/igus_rebel_moveit_config -- -j24 -l24
[3.367s] Invoked command in '/home/vasee22/igus-coffee-moveit/build/igus_rebel_moveit_config' returned '0': CMAKE_PREFIX_PATH=/home/vasee22/igus-coffee-moveit/install/igus_rebel_description:/home/vasee22/igus-coffee-moveit/install/igus_rebel:/home/vasee22/igus-coffee-moveit/install/igus_rebel_msgs:/home/vasee22/igus-coffee-moveit/install/igus_rebel_moveit_config:/home/vasee22/COAR-ROS2-Workspace-mai/install/moveit_task_constructor_demo:/home/vasee22/COAR-ROS2-Workspace-mai/install/moveit_task_constructor_visualization:/home/vasee22/COAR-ROS2-Workspace-mai/install/moveit_task_constructor_capabilities:/home/vasee22/COAR-ROS2-Workspace-mai/install/igus_rebel:/home/vasee22/COAR-ROS2-Workspace-mai/install/moveit_task_constructor_core:/home/vasee22/COAR-ROS2-Workspace-mai/install/rviz_marker_tools:/home/vasee22/COAR-ROS2-Workspace-mai/install/moveit_task_constructor_msgs:/home/vasee22/COAR-ROS2-Workspace-mai/install/igus_rebel_msgs:/home/vasee22/COAR-ROS2-Workspace-mai/install/igus_rebel_moveit_config:/home/vasee22/COAR-ROS2-Workspace-mai/install/igus_rebel_description:/opt/ros/jazzy/opt/gz_sim_vendor:/opt/ros/jazzy/opt/gz_sensors_vendor:/opt/ros/jazzy/opt/gz_physics_vendor:/opt/ros/jazzy/opt/sdformat_vendor:/opt/ros/jazzy/opt/gz_gui_vendor:/opt/ros/jazzy/opt/gz_transport_vendor:/opt/ros/jazzy/opt/gz_rendering_vendor:/opt/ros/jazzy/opt/gz_plugin_vendor:/opt/ros/jazzy/opt/gz_fuel_tools_vendor:/opt/ros/jazzy/opt/gz_msgs_vendor:/opt/ros/jazzy/opt/gz_common_vendor:/opt/ros/jazzy/opt/gz_math_vendor:/opt/ros/jazzy/opt/gz_utils_vendor:/opt/ros/jazzy/opt/gz_tools_vendor:/opt/ros/jazzy/opt/gz_ogre_next_vendor:/opt/ros/jazzy/opt/gz_dartsim_vendor:/opt/ros/jazzy/opt/gz_cmake_vendor:/home/vasee22/igus-coffee-moveit/install/modbus_ros:/home/vasee22/COAR-ROS2-Workspace-mai/install/modbus_ros:/opt/ros/jazzy DEBUGINFOD_URLS=https://debuginfod.ubuntu.com /usr/bin/cmake --build /home/vasee22/igus-coffee-moveit/build/igus_rebel_moveit_config -- -j24 -l24
[3.369s] Invoking command in '/home/vasee22/igus-coffee-moveit/build/igus_rebel_moveit_config': CMAKE_PREFIX_PATH=/home/vasee22/igus-coffee-moveit/install/igus_rebel_description:/home/vasee22/igus-coffee-moveit/install/igus_rebel:/home/vasee22/igus-coffee-moveit/install/igus_rebel_msgs:/home/vasee22/igus-coffee-moveit/install/igus_rebel_moveit_config:/home/vasee22/COAR-ROS2-Workspace-mai/install/moveit_task_constructor_demo:/home/vasee22/COAR-ROS2-Workspace-mai/install/moveit_task_constructor_visualization:/home/vasee22/COAR-ROS2-Workspace-mai/install/moveit_task_constructor_capabilities:/home/vasee22/COAR-ROS2-Workspace-mai/install/igus_rebel:/home/vasee22/COAR-ROS2-Workspace-mai/install/moveit_task_constructor_core:/home/vasee22/COAR-ROS2-Workspace-mai/install/rviz_marker_tools:/home/vasee22/COAR-ROS2-Workspace-mai/install/moveit_task_constructor_msgs:/home/vasee22/COAR-ROS2-Workspace-mai/install/igus_rebel_msgs:/home/vasee22/COAR-ROS2-Workspace-mai/install/igus_rebel_moveit_config:/home/vasee22/COAR-ROS2-Workspace-mai/install/igus_rebel_description:/opt/ros/jazzy/opt/gz_sim_vendor:/opt/ros/jazzy/opt/gz_sensors_vendor:/opt/ros/jazzy/opt/gz_physics_vendor:/opt/ros/jazzy/opt/sdformat_vendor:/opt/ros/jazzy/opt/gz_gui_vendor:/opt/ros/jazzy/opt/gz_transport_vendor:/opt/ros/jazzy/opt/gz_rendering_vendor:/opt/ros/jazzy/opt/gz_plugin_vendor:/opt/ros/jazzy/opt/gz_fuel_tools_vendor:/opt/ros/jazzy/opt/gz_msgs_vendor:/opt/ros/jazzy/opt/gz_common_vendor:/opt/ros/jazzy/opt/gz_math_vendor:/opt/ros/jazzy/opt/gz_utils_vendor:/opt/ros/jazzy/opt/gz_tools_vendor:/opt/ros/jazzy/opt/gz_ogre_next_vendor:/opt/ros/jazzy/opt/gz_dartsim_vendor:/opt/ros/jazzy/opt/gz_cmake_vendor:/home/vasee22/igus-coffee-moveit/install/modbus_ros:/home/vasee22/COAR-ROS2-Workspace-mai/install/modbus_ros:/opt/ros/jazzy DEBUGINFOD_URLS=https://debuginfod.ubuntu.com /usr/bin/cmake --install /home/vasee22/igus-coffee-moveit/build/igus_rebel_moveit_config
[3.381s] -- Install configuration: ""
[3.381s] -- Installing: /home/vasee22/igus-coffee-moveit/install/igus_rebel_moveit_config/share/igus_rebel_moveit_config/launch
[3.381s] -- Installing: /home/vasee22/igus-coffee-moveit/install/igus_rebel_moveit_config/share/igus_rebel_moveit_config/launch/move_group.launch.py
[3.381s] -- Installing: /home/vasee22/igus-coffee-moveit/install/igus_rebel_moveit_config/share/igus_rebel_moveit_config/launch/moveit_rviz.launch.py
[3.381s] -- Installing: /home/vasee22/igus-coffee-moveit/install/igus_rebel_moveit_config/share/igus_rebel_moveit_config/launch/ros_controllers.launch.py
[3.381s] -- Installing: /home/vasee22/igus-coffee-moveit/install/igus_rebel_moveit_config/share/igus_rebel_moveit_config/launch/gazebo.launch.py
[3.382s] -- Installing: /home/vasee22/igus-coffee-moveit/install/igus_rebel_moveit_config/share/igus_rebel_moveit_config/launch/igus_rebel_simulated.launch.py
[3.382s] -- Installing: /home/vasee22/igus-coffee-moveit/install/igus_rebel_moveit_config/share/igus_rebel_moveit_config/launch/igus_rebel_motion_planner.launch.py
[3.382s] -- Installing: /home/vasee22/igus-coffee-moveit/install/igus_rebel_moveit_config/share/igus_rebel_moveit_config/launch/environment.launch.py
[3.382s] -- Installing: /home/vasee22/igus-coffee-moveit/install/igus_rebel_moveit_config/share/igus_rebel_moveit_config/launch/coffee_cell_environment.py
[3.382s] -- Installing: /home/vasee22/igus-coffee-moveit/install/igus_rebel_moveit_config/share/igus_rebel_moveit_config/launch/position_adjuster.py
[3.382s] -- Installing: /home/vasee22/igus-coffee-moveit/install/igus_rebel_moveit_config/share/igus_rebel_moveit_config/launch/moveit.rviz
[3.382s] -- Installing: /home/vasee22/igus-coffee-moveit/install/igus_rebel_moveit_config/share/igus_rebel_moveit_config/config
[3.382s] -- Installing: /home/vasee22/igus-coffee-moveit/install/igus_rebel_moveit_config/share/igus_rebel_moveit_config/config/pilz_cartesian_limits.yaml
[3.382s] -- Installing: /home/vasee22/igus-coffee-moveit/install/igus_rebel_moveit_config/share/igus_rebel_moveit_config/config/initial_positions.yaml
[3.382s] -- Installing: /home/vasee22/igus-coffee-moveit/install/igus_rebel_moveit_config/share/igus_rebel_moveit_config/config/igus_rebel1.srdf
[3.383s] -- Installing: /home/vasee22/igus-coffee-moveit/install/igus_rebel_moveit_config/share/igus_rebel_moveit_config/config/moveit_controllers.yaml
[3.383s] -- Installing: /home/vasee22/igus-coffee-moveit/install/igus_rebel_moveit_config/share/igus_rebel_moveit_config/config/pilz_industrial_motion_planner_planning.yaml
[3.383s] -- Installing: /home/vasee22/igus-coffee-moveit/install/igus_rebel_moveit_config/share/igus_rebel_moveit_config/config/ompl_planning.yaml
[3.383s] -- Installing: /home/vasee22/igus-coffee-moveit/install/igus_rebel_moveit_config/share/igus_rebel_moveit_config/config/fake_controllers.yaml.archive
[3.383s] -- Installing: /home/vasee22/igus-coffee-moveit/install/igus_rebel_moveit_config/share/igus_rebel_moveit_config/config/ros_controllers.yaml
[3.383s] -- Installing: /home/vasee22/igus-coffee-moveit/install/igus_rebel_moveit_config/share/igus_rebel_moveit_config/config/sensors_3d.yaml.archive
[3.383s] -- Installing: /home/vasee22/igus-coffee-moveit/install/igus_rebel_moveit_config/share/igus_rebel_moveit_config/config/gz_bridge.yaml
[3.383s] -- Installing: /home/vasee22/igus-coffee-moveit/install/igus_rebel_moveit_config/share/igus_rebel_moveit_config/config/igus_rebel2.srdf
[3.383s] -- Installing: /home/vasee22/igus-coffee-moveit/install/igus_rebel_moveit_config/share/igus_rebel_moveit_config/config/joint_limits.yaml
[3.383s] -- Installing: /home/vasee22/igus-coffee-moveit/install/igus_rebel_moveit_config/share/igus_rebel_moveit_config/config/stomp_planning.yaml
[3.383s] -- Installing: /home/vasee22/igus-coffee-moveit/install/igus_rebel_moveit_config/share/igus_rebel_moveit_config/config/kinematics.yaml
[3.384s] -- Installing: /home/vasee22/igus-coffee-moveit/install/igus_rebel_moveit_config/share/ament_index/resource_index/package_run_dependencies/igus_rebel_moveit_config
[3.384s] -- Installing: /home/vasee22/igus-coffee-moveit/install/igus_rebel_moveit_config/share/ament_index/resource_index/parent_prefix_path/igus_rebel_moveit_config
[3.384s] -- Installing: /home/vasee22/igus-coffee-moveit/install/igus_rebel_moveit_config/share/igus_rebel_moveit_config/environment/ament_prefix_path.sh
[3.384s] -- Installing: /home/vasee22/igus-coffee-moveit/install/igus_rebel_moveit_config/share/igus_rebel_moveit_config/environment/ament_prefix_path.dsv
[3.384s] -- Installing: /home/vasee22/igus-coffee-moveit/install/igus_rebel_moveit_config/share/igus_rebel_moveit_config/environment/path.sh
[3.384s] -- Installing: /home/vasee22/igus-coffee-moveit/install/igus_rebel_moveit_config/share/igus_rebel_moveit_config/environment/path.dsv
[3.384s] -- Installing: /home/vasee22/igus-coffee-moveit/install/igus_rebel_moveit_config/share/igus_rebel_moveit_config/local_setup.bash
[3.384s] -- Installing: /home/vasee22/igus-coffee-moveit/install/igus_rebel_moveit_config/share/igus_rebel_moveit_config/local_setup.sh
[3.384s] -- Installing: /home/vasee22/igus-coffee-moveit/install/igus_rebel_moveit_config/share/igus_rebel_moveit_config/local_setup.zsh
[3.384s] -- Installing: /home/vasee22/igus-coffee-moveit/install/igus_rebel_moveit_config/share/igus_rebel_moveit_config/local_setup.dsv
[3.384s] -- Installing: /home/vasee22/igus-coffee-moveit/install/igus_rebel_moveit_config/share/igus_rebel_moveit_config/package.dsv
[3.385s] -- Installing: /home/vasee22/igus-coffee-moveit/install/igus_rebel_moveit_config/share/ament_index/resource_index/packages/igus_rebel_moveit_config
[3.385s] -- Installing: /home/vasee22/igus-coffee-moveit/install/igus_rebel_moveit_config/share/igus_rebel_moveit_config/cmake/igus_rebel_moveit_configConfig.cmake
[3.385s] -- Installing: /home/vasee22/igus-coffee-moveit/install/igus_rebel_moveit_config/share/igus_rebel_moveit_config/cmake/igus_rebel_moveit_configConfig-version.cmake
[3.385s] -- Installing: /home/vasee22/igus-coffee-moveit/install/igus_rebel_moveit_config/share/igus_rebel_moveit_config/package.xml
[3.388s] Invoked command in '/home/vasee22/igus-coffee-moveit/build/igus_rebel_moveit_config' returned '0': CMAKE_PREFIX_PATH=/home/vasee22/igus-coffee-moveit/install/igus_rebel_description:/home/vasee22/igus-coffee-moveit/install/igus_rebel:/home/vasee22/igus-coffee-moveit/install/igus_rebel_msgs:/home/vasee22/igus-coffee-moveit/install/igus_rebel_moveit_config:/home/vasee22/COAR-ROS2-Workspace-mai/install/moveit_task_constructor_demo:/home/vasee22/COAR-ROS2-Workspace-mai/install/moveit_task_constructor_visualization:/home/vasee22/COAR-ROS2-Workspace-mai/install/moveit_task_constructor_capabilities:/home/vasee22/COAR-ROS2-Workspace-mai/install/igus_rebel:/home/vasee22/COAR-ROS2-Workspace-mai/install/moveit_task_constructor_core:/home/vasee22/COAR-ROS2-Workspace-mai/install/rviz_marker_tools:/home/vasee22/COAR-ROS2-Workspace-mai/install/moveit_task_constructor_msgs:/home/vasee22/COAR-ROS2-Workspace-mai/install/igus_rebel_msgs:/home/vasee22/COAR-ROS2-Workspace-mai/install/igus_rebel_moveit_config:/home/vasee22/COAR-ROS2-Workspace-mai/install/igus_rebel_description:/opt/ros/jazzy/opt/gz_sim_vendor:/opt/ros/jazzy/opt/gz_sensors_vendor:/opt/ros/jazzy/opt/gz_physics_vendor:/opt/ros/jazzy/opt/sdformat_vendor:/opt/ros/jazzy/opt/gz_gui_vendor:/opt/ros/jazzy/opt/gz_transport_vendor:/opt/ros/jazzy/opt/gz_rendering_vendor:/opt/ros/jazzy/opt/gz_plugin_vendor:/opt/ros/jazzy/opt/gz_fuel_tools_vendor:/opt/ros/jazzy/opt/gz_msgs_vendor:/opt/ros/jazzy/opt/gz_common_vendor:/opt/ros/jazzy/opt/gz_math_vendor:/opt/ros/jazzy/opt/gz_utils_vendor:/opt/ros/jazzy/opt/gz_tools_vendor:/opt/ros/jazzy/opt/gz_ogre_next_vendor:/opt/ros/jazzy/opt/gz_dartsim_vendor:/opt/ros/jazzy/opt/gz_cmake_vendor:/home/vasee22/igus-coffee-moveit/install/modbus_ros:/home/vasee22/COAR-ROS2-Workspace-mai/install/modbus_ros:/opt/ros/jazzy DEBUGINFOD_URLS=https://debuginfod.ubuntu.com /usr/bin/cmake --install /home/vasee22/igus-coffee-moveit/build/igus_rebel_moveit_config
