[0.006s] Invoking command in '/home/vasee22/igus-coffee-moveit/build/igus_rebel': AMENT_PREFIX_PATH=/home/vasee22/igus-coffee-moveit/install/igus_rebel_msgs:${AMENT_PREFIX_PATH} CMAKE_PREFIX_PATH=/home/vasee22/igus-coffee-moveit/install/igus_rebel_msgs:/home/vasee22/COAR-ROS2-Workspace-mai/install/moveit_task_constructor_demo:/home/vasee22/COAR-ROS2-Workspace-mai/install/moveit_task_constructor_visualization:/home/vasee22/COAR-ROS2-Workspace-mai/install/moveit_task_constructor_capabilities:/home/vasee22/COAR-ROS2-Workspace-mai/install/igus_rebel:/home/vasee22/COAR-ROS2-Workspace-mai/install/moveit_task_constructor_core:/home/vasee22/COAR-ROS2-Workspace-mai/install/rviz_marker_tools:/home/vasee22/COAR-ROS2-Workspace-mai/install/moveit_task_constructor_msgs:/home/vasee22/COAR-ROS2-Workspace-mai/install/igus_rebel_msgs:/home/vasee22/COAR-ROS2-Workspace-mai/install/igus_rebel_moveit_config:/home/vasee22/COAR-ROS2-Workspace-mai/install/igus_rebel_description:/opt/ros/jazzy/opt/gz_sim_vendor:/opt/ros/jazzy/opt/gz_sensors_vendor:/opt/ros/jazzy/opt/gz_physics_vendor:/opt/ros/jazzy/opt/sdformat_vendor:/opt/ros/jazzy/opt/gz_gui_vendor:/opt/ros/jazzy/opt/gz_transport_vendor:/opt/ros/jazzy/opt/gz_rendering_vendor:/opt/ros/jazzy/opt/gz_plugin_vendor:/opt/ros/jazzy/opt/gz_fuel_tools_vendor:/opt/ros/jazzy/opt/gz_msgs_vendor:/opt/ros/jazzy/opt/gz_common_vendor:/opt/ros/jazzy/opt/gz_math_vendor:/opt/ros/jazzy/opt/gz_utils_vendor:/opt/ros/jazzy/opt/gz_tools_vendor:/opt/ros/jazzy/opt/gz_ogre_next_vendor:/opt/ros/jazzy/opt/gz_dartsim_vendor:/opt/ros/jazzy/opt/gz_cmake_vendor:/home/vasee22/COAR-ROS2-Workspace-mai/install/modbus_ros:/opt/ros/jazzy DEBUGINFOD_URLS=https://debuginfod.ubuntu.com LD_LIBRARY_PATH=/home/vasee22/igus-coffee-moveit/install/igus_rebel_msgs/lib:${LD_LIBRARY_PATH} PYTHONPATH=/home/vasee22/igus-coffee-moveit/install/igus_rebel_msgs/lib/python3.12/site-packages:${PYTHONPATH} /usr/bin/cmake --build /home/vasee22/igus-coffee-moveit/build/igus_rebel -- -j24 -l24
[0.056s] [ 30%] Built target igus_rebel
[0.060s] [ 76%] Built target igus_moveit
[0.060s] [ 76%] Built target igus_rail_moveit
[0.060s] [ 76%] Built target random_pose_node
[0.064s] [ 84%] [32mBuilding CXX object CMakeFiles/pick_and_place.dir/src/pick_and_place.cpp.o[0m
[0.065s] [ 92%] [32mBuilding CXX object CMakeFiles/pick_and_place.dir/src/setup_environment.cpp.o[0m
[2.947s] [01m[K/home/vasee22/igus-coffee-moveit/src/igus_rebel_ros2/igus_rebel/src/pick_and_place.cpp:[m[K In member function ‘[01m[Kmoveit::task_constructor::Task SimpleTask::[01;32m[KcreateMoveToCoffeeMachine[m[K()[m[K’:
[2.947s] [01m[K/home/vasee22/igus-coffee-moveit/src/igus_rebel_ros2/igus_rebel/src/pick_and_place.cpp:414:15:[m[K [01;35m[Kwarning: [m[Kvariable ‘[01m[Kcurrent_state_ptr[m[K’ set but not used [[01;35m[K]8;;https://gcc.gnu.org/onlinedocs/gcc/Warning-Options.html#index-Wunused-but-set-variable-Wunused-but-set-variable]8;;[m[K]
[2.947s]   414 |   mtc::Stage* [01;35m[Kcurrent_state_ptr[m[K = nullptr;
[2.947s]       |               [01;35m[K^~~~~~~~~~~~~~~~~[m[K
[5.364s] [100%] [32m[1mLinking CXX executable pick_and_place[0m
[5.735s] [100%] Built target pick_and_place
[5.742s] Invoked command in '/home/vasee22/igus-coffee-moveit/build/igus_rebel' returned '0': AMENT_PREFIX_PATH=/home/vasee22/igus-coffee-moveit/install/igus_rebel_msgs:${AMENT_PREFIX_PATH} CMAKE_PREFIX_PATH=/home/vasee22/igus-coffee-moveit/install/igus_rebel_msgs:/home/vasee22/COAR-ROS2-Workspace-mai/install/moveit_task_constructor_demo:/home/vasee22/COAR-ROS2-Workspace-mai/install/moveit_task_constructor_visualization:/home/vasee22/COAR-ROS2-Workspace-mai/install/moveit_task_constructor_capabilities:/home/vasee22/COAR-ROS2-Workspace-mai/install/igus_rebel:/home/vasee22/COAR-ROS2-Workspace-mai/install/moveit_task_constructor_core:/home/vasee22/COAR-ROS2-Workspace-mai/install/rviz_marker_tools:/home/vasee22/COAR-ROS2-Workspace-mai/install/moveit_task_constructor_msgs:/home/vasee22/COAR-ROS2-Workspace-mai/install/igus_rebel_msgs:/home/vasee22/COAR-ROS2-Workspace-mai/install/igus_rebel_moveit_config:/home/vasee22/COAR-ROS2-Workspace-mai/install/igus_rebel_description:/opt/ros/jazzy/opt/gz_sim_vendor:/opt/ros/jazzy/opt/gz_sensors_vendor:/opt/ros/jazzy/opt/gz_physics_vendor:/opt/ros/jazzy/opt/sdformat_vendor:/opt/ros/jazzy/opt/gz_gui_vendor:/opt/ros/jazzy/opt/gz_transport_vendor:/opt/ros/jazzy/opt/gz_rendering_vendor:/opt/ros/jazzy/opt/gz_plugin_vendor:/opt/ros/jazzy/opt/gz_fuel_tools_vendor:/opt/ros/jazzy/opt/gz_msgs_vendor:/opt/ros/jazzy/opt/gz_common_vendor:/opt/ros/jazzy/opt/gz_math_vendor:/opt/ros/jazzy/opt/gz_utils_vendor:/opt/ros/jazzy/opt/gz_tools_vendor:/opt/ros/jazzy/opt/gz_ogre_next_vendor:/opt/ros/jazzy/opt/gz_dartsim_vendor:/opt/ros/jazzy/opt/gz_cmake_vendor:/home/vasee22/COAR-ROS2-Workspace-mai/install/modbus_ros:/opt/ros/jazzy DEBUGINFOD_URLS=https://debuginfod.ubuntu.com LD_LIBRARY_PATH=/home/vasee22/igus-coffee-moveit/install/igus_rebel_msgs/lib:${LD_LIBRARY_PATH} PYTHONPATH=/home/vasee22/igus-coffee-moveit/install/igus_rebel_msgs/lib/python3.12/site-packages:${PYTHONPATH} /usr/bin/cmake --build /home/vasee22/igus-coffee-moveit/build/igus_rebel -- -j24 -l24
[5.743s] Invoking command in '/home/vasee22/igus-coffee-moveit/build/igus_rebel': AMENT_PREFIX_PATH=/home/vasee22/igus-coffee-moveit/install/igus_rebel_msgs:${AMENT_PREFIX_PATH} CMAKE_PREFIX_PATH=/home/vasee22/igus-coffee-moveit/install/igus_rebel_msgs:/home/vasee22/COAR-ROS2-Workspace-mai/install/moveit_task_constructor_demo:/home/vasee22/COAR-ROS2-Workspace-mai/install/moveit_task_constructor_visualization:/home/vasee22/COAR-ROS2-Workspace-mai/install/moveit_task_constructor_capabilities:/home/vasee22/COAR-ROS2-Workspace-mai/install/igus_rebel:/home/vasee22/COAR-ROS2-Workspace-mai/install/moveit_task_constructor_core:/home/vasee22/COAR-ROS2-Workspace-mai/install/rviz_marker_tools:/home/vasee22/COAR-ROS2-Workspace-mai/install/moveit_task_constructor_msgs:/home/vasee22/COAR-ROS2-Workspace-mai/install/igus_rebel_msgs:/home/vasee22/COAR-ROS2-Workspace-mai/install/igus_rebel_moveit_config:/home/vasee22/COAR-ROS2-Workspace-mai/install/igus_rebel_description:/opt/ros/jazzy/opt/gz_sim_vendor:/opt/ros/jazzy/opt/gz_sensors_vendor:/opt/ros/jazzy/opt/gz_physics_vendor:/opt/ros/jazzy/opt/sdformat_vendor:/opt/ros/jazzy/opt/gz_gui_vendor:/opt/ros/jazzy/opt/gz_transport_vendor:/opt/ros/jazzy/opt/gz_rendering_vendor:/opt/ros/jazzy/opt/gz_plugin_vendor:/opt/ros/jazzy/opt/gz_fuel_tools_vendor:/opt/ros/jazzy/opt/gz_msgs_vendor:/opt/ros/jazzy/opt/gz_common_vendor:/opt/ros/jazzy/opt/gz_math_vendor:/opt/ros/jazzy/opt/gz_utils_vendor:/opt/ros/jazzy/opt/gz_tools_vendor:/opt/ros/jazzy/opt/gz_ogre_next_vendor:/opt/ros/jazzy/opt/gz_dartsim_vendor:/opt/ros/jazzy/opt/gz_cmake_vendor:/home/vasee22/COAR-ROS2-Workspace-mai/install/modbus_ros:/opt/ros/jazzy DEBUGINFOD_URLS=https://debuginfod.ubuntu.com LD_LIBRARY_PATH=/home/vasee22/igus-coffee-moveit/install/igus_rebel_msgs/lib:${LD_LIBRARY_PATH} PYTHONPATH=/home/vasee22/igus-coffee-moveit/install/igus_rebel_msgs/lib/python3.12/site-packages:${PYTHONPATH} /usr/bin/cmake --install /home/vasee22/igus-coffee-moveit/build/igus_rebel
[5.748s] -- Install configuration: ""
[5.748s] -- Up-to-date: /home/vasee22/igus-coffee-moveit/install/igus_rebel/share/igus_rebel/rebel.xml
[5.748s] -- Up-to-date: /home/vasee22/igus-coffee-moveit/install/igus_rebel/lib/libigus_rebel.so
[5.748s] -- Up-to-date: /home/vasee22/igus-coffee-moveit/install/igus_rebel/lib/igus_rebel/igus_moveit
[5.748s] -- Up-to-date: /home/vasee22/igus-coffee-moveit/install/igus_rebel/lib/igus_rebel/igus_rail_moveit
[5.748s] -- Installing: /home/vasee22/igus-coffee-moveit/install/igus_rebel/lib/igus_rebel/pick_and_place
[5.749s] -- Set non-toolchain portion of runtime path of "/home/vasee22/igus-coffee-moveit/install/igus_rebel/lib/igus_rebel/pick_and_place" to ""
[5.749s] -- Up-to-date: /home/vasee22/igus-coffee-moveit/install/igus_rebel/lib/igus_rebel/random_pose_node
[5.750s] -- Up-to-date: /home/vasee22/igus-coffee-moveit/install/igus_rebel/share/igus_rebel/rebel.xml
[5.750s] -- Up-to-date: /home/vasee22/igus-coffee-moveit/install/igus_rebel/share/igus_rebel//config
[5.750s] -- Up-to-date: /home/vasee22/igus-coffee-moveit/install/igus_rebel/share/igus_rebel//config/controller.yaml
[5.750s] -- Up-to-date: /home/vasee22/igus-coffee-moveit/install/igus_rebel/share/igus_rebel//launch
[5.750s] -- Up-to-date: /home/vasee22/igus-coffee-moveit/install/igus_rebel/share/igus_rebel//launch/pick_and_place.launch.py
[5.750s] -- Up-to-date: /home/vasee22/igus-coffee-moveit/install/igus_rebel/share/igus_rebel//launch/rebel.launch.py
[5.750s] -- Up-to-date: /home/vasee22/igus-coffee-moveit/install/igus_rebel/share/ament_index/resource_index/package_run_dependencies/igus_rebel
[5.750s] -- Up-to-date: /home/vasee22/igus-coffee-moveit/install/igus_rebel/share/ament_index/resource_index/parent_prefix_path/igus_rebel
[5.750s] -- Up-to-date: /home/vasee22/igus-coffee-moveit/install/igus_rebel/share/igus_rebel/environment/ament_prefix_path.sh
[5.750s] -- Up-to-date: /home/vasee22/igus-coffee-moveit/install/igus_rebel/share/igus_rebel/environment/ament_prefix_path.dsv
[5.750s] -- Up-to-date: /home/vasee22/igus-coffee-moveit/install/igus_rebel/share/igus_rebel/environment/path.sh
[5.750s] -- Up-to-date: /home/vasee22/igus-coffee-moveit/install/igus_rebel/share/igus_rebel/environment/path.dsv
[5.750s] -- Up-to-date: /home/vasee22/igus-coffee-moveit/install/igus_rebel/share/igus_rebel/local_setup.bash
[5.750s] -- Up-to-date: /home/vasee22/igus-coffee-moveit/install/igus_rebel/share/igus_rebel/local_setup.sh
[5.750s] -- Up-to-date: /home/vasee22/igus-coffee-moveit/install/igus_rebel/share/igus_rebel/local_setup.zsh
[5.750s] -- Up-to-date: /home/vasee22/igus-coffee-moveit/install/igus_rebel/share/igus_rebel/local_setup.dsv
[5.750s] -- Installing: /home/vasee22/igus-coffee-moveit/install/igus_rebel/share/igus_rebel/package.dsv
[5.750s] -- Up-to-date: /home/vasee22/igus-coffee-moveit/install/igus_rebel/share/ament_index/resource_index/packages/igus_rebel
[5.750s] -- Up-to-date: /home/vasee22/igus-coffee-moveit/install/igus_rebel/share/ament_index/resource_index/hardware_interface__pluginlib__plugin/igus_rebel
[5.750s] -- Up-to-date: /home/vasee22/igus-coffee-moveit/install/igus_rebel/share/igus_rebel/cmake/igus_rebelConfig.cmake
[5.750s] -- Up-to-date: /home/vasee22/igus-coffee-moveit/install/igus_rebel/share/igus_rebel/cmake/igus_rebelConfig-version.cmake
[5.751s] -- Up-to-date: /home/vasee22/igus-coffee-moveit/install/igus_rebel/share/igus_rebel/package.xml
[5.751s] Invoked command in '/home/vasee22/igus-coffee-moveit/build/igus_rebel' returned '0': AMENT_PREFIX_PATH=/home/vasee22/igus-coffee-moveit/install/igus_rebel_msgs:${AMENT_PREFIX_PATH} CMAKE_PREFIX_PATH=/home/vasee22/igus-coffee-moveit/install/igus_rebel_msgs:/home/vasee22/COAR-ROS2-Workspace-mai/install/moveit_task_constructor_demo:/home/vasee22/COAR-ROS2-Workspace-mai/install/moveit_task_constructor_visualization:/home/vasee22/COAR-ROS2-Workspace-mai/install/moveit_task_constructor_capabilities:/home/vasee22/COAR-ROS2-Workspace-mai/install/igus_rebel:/home/vasee22/COAR-ROS2-Workspace-mai/install/moveit_task_constructor_core:/home/vasee22/COAR-ROS2-Workspace-mai/install/rviz_marker_tools:/home/vasee22/COAR-ROS2-Workspace-mai/install/moveit_task_constructor_msgs:/home/vasee22/COAR-ROS2-Workspace-mai/install/igus_rebel_msgs:/home/vasee22/COAR-ROS2-Workspace-mai/install/igus_rebel_moveit_config:/home/vasee22/COAR-ROS2-Workspace-mai/install/igus_rebel_description:/opt/ros/jazzy/opt/gz_sim_vendor:/opt/ros/jazzy/opt/gz_sensors_vendor:/opt/ros/jazzy/opt/gz_physics_vendor:/opt/ros/jazzy/opt/sdformat_vendor:/opt/ros/jazzy/opt/gz_gui_vendor:/opt/ros/jazzy/opt/gz_transport_vendor:/opt/ros/jazzy/opt/gz_rendering_vendor:/opt/ros/jazzy/opt/gz_plugin_vendor:/opt/ros/jazzy/opt/gz_fuel_tools_vendor:/opt/ros/jazzy/opt/gz_msgs_vendor:/opt/ros/jazzy/opt/gz_common_vendor:/opt/ros/jazzy/opt/gz_math_vendor:/opt/ros/jazzy/opt/gz_utils_vendor:/opt/ros/jazzy/opt/gz_tools_vendor:/opt/ros/jazzy/opt/gz_ogre_next_vendor:/opt/ros/jazzy/opt/gz_dartsim_vendor:/opt/ros/jazzy/opt/gz_cmake_vendor:/home/vasee22/COAR-ROS2-Workspace-mai/install/modbus_ros:/opt/ros/jazzy DEBUGINFOD_URLS=https://debuginfod.ubuntu.com LD_LIBRARY_PATH=/home/vasee22/igus-coffee-moveit/install/igus_rebel_msgs/lib:${LD_LIBRARY_PATH} PYTHONPATH=/home/vasee22/igus-coffee-moveit/install/igus_rebel_msgs/lib/python3.12/site-packages:${PYTHONPATH} /usr/bin/cmake --install /home/vasee22/igus-coffee-moveit/build/igus_rebel
