[0.011s] Invoking command in '/home/vasee22/igus-coffee-moveit/build/igus_rebel_description': CMAKE_PREFIX_PATH=${CMAKE_PREFIX_PATH}:/home/vasee22/igus-coffee-moveit/install/modbus_ros:/home/vasee22/Downloads/igus-coffee-moveit-vacuum/install/modbus_ros:/home/vasee22/COAR-ROS2-Workspace-mai/install/modbus_ros:/opt/ros/jazzy DEBUGINFOD_URLS=https://debuginfod.ubuntu.com /usr/bin/cmake /home/vasee22/igus-coffee-moveit/src/igus_rebel_ros2/igus_rebel_description -DCMAKE_INSTALL_PREFIX=/home/vasee22/igus-coffee-moveit/install/igus_rebel_description
[0.047s] -- The C compiler identification is GNU 13.3.0
[0.080s] -- The CXX compiler identification is GNU 13.3.0
[0.090s] -- Detecting C compiler ABI info
[0.144s] -- Detecting C compiler ABI info - done
[0.150s] -- Check for working C compiler: /usr/bin/cc - skipped
[0.150s] -- Detecting C compile features
[0.150s] -- Detecting C compile features - done
[0.156s] -- Detecting CXX compiler ABI info
[0.217s] -- Detecting CXX compiler ABI info - done
[0.223s] -- Check for working CXX compiler: /usr/bin/c++ - skipped
[0.223s] -- Detecting CXX compile features
[0.223s] -- Detecting CXX compile features - done
[0.228s] -- Found ament_cmake: 2.5.6 (/opt/ros/jazzy/share/ament_cmake/cmake)
[0.332s] -- Found Python3: /usr/bin/python3 (found version "3.12.3") found components: Interpreter 
[0.420s] -- Found ament_lint_auto: 0.17.5 (/opt/ros/jazzy/share/ament_lint_auto/cmake)
[0.496s] -- Added test 'lint_cmake' to check CMake code style
[0.498s] -- Added test 'xmllint' to check XML markup files
[0.499s] -- Configuring done (0.5s)
[0.501s] -- Generating done (0.0s)
[0.502s] -- Build files have been written to: /home/vasee22/igus-coffee-moveit/build/igus_rebel_description
[0.506s] Invoked command in '/home/vasee22/igus-coffee-moveit/build/igus_rebel_description' returned '0': CMAKE_PREFIX_PATH=${CMAKE_PREFIX_PATH}:/home/vasee22/igus-coffee-moveit/install/modbus_ros:/home/vasee22/Downloads/igus-coffee-moveit-vacuum/install/modbus_ros:/home/vasee22/COAR-ROS2-Workspace-mai/install/modbus_ros:/opt/ros/jazzy DEBUGINFOD_URLS=https://debuginfod.ubuntu.com /usr/bin/cmake /home/vasee22/igus-coffee-moveit/src/igus_rebel_ros2/igus_rebel_description -DCMAKE_INSTALL_PREFIX=/home/vasee22/igus-coffee-moveit/install/igus_rebel_description
[0.507s] Invoking command in '/home/vasee22/igus-coffee-moveit/build/igus_rebel_description': CMAKE_PREFIX_PATH=${CMAKE_PREFIX_PATH}:/home/vasee22/igus-coffee-moveit/install/modbus_ros:/home/vasee22/Downloads/igus-coffee-moveit-vacuum/install/modbus_ros:/home/vasee22/COAR-ROS2-Workspace-mai/install/modbus_ros:/opt/ros/jazzy DEBUGINFOD_URLS=https://debuginfod.ubuntu.com /usr/bin/cmake --build /home/vasee22/igus-coffee-moveit/build/igus_rebel_description -- -j24 -l24
[0.535s] Invoked command in '/home/vasee22/igus-coffee-moveit/build/igus_rebel_description' returned '0': CMAKE_PREFIX_PATH=${CMAKE_PREFIX_PATH}:/home/vasee22/igus-coffee-moveit/install/modbus_ros:/home/vasee22/Downloads/igus-coffee-moveit-vacuum/install/modbus_ros:/home/vasee22/COAR-ROS2-Workspace-mai/install/modbus_ros:/opt/ros/jazzy DEBUGINFOD_URLS=https://debuginfod.ubuntu.com /usr/bin/cmake --build /home/vasee22/igus-coffee-moveit/build/igus_rebel_description -- -j24 -l24
[0.541s] Invoking command in '/home/vasee22/igus-coffee-moveit/build/igus_rebel_description': CMAKE_PREFIX_PATH=${CMAKE_PREFIX_PATH}:/home/vasee22/igus-coffee-moveit/install/modbus_ros:/home/vasee22/Downloads/igus-coffee-moveit-vacuum/install/modbus_ros:/home/vasee22/COAR-ROS2-Workspace-mai/install/modbus_ros:/opt/ros/jazzy DEBUGINFOD_URLS=https://debuginfod.ubuntu.com /usr/bin/cmake --install /home/vasee22/igus-coffee-moveit/build/igus_rebel_description
[0.547s] -- Install configuration: ""
[0.548s] -- Installing: /home/vasee22/igus-coffee-moveit/install/igus_rebel_description/share/igus_rebel_description/launch
[0.548s] -- Installing: /home/vasee22/igus-coffee-moveit/install/igus_rebel_description/share/igus_rebel_description/launch/display.launch.archive
[0.548s] -- Installing: /home/vasee22/igus-coffee-moveit/install/igus_rebel_description/share/igus_rebel_description/launch/igus_rebel_robot.launch.archive
[0.548s] -- Installing: /home/vasee22/igus-coffee-moveit/install/igus_rebel_description/share/igus_rebel_description/meshes
[0.548s] -- Installing: /home/vasee22/igus-coffee-moveit/install/igus_rebel_description/share/igus_rebel_description/meshes/CoffeeMachine.stl
[0.549s] -- Installing: /home/vasee22/igus-coffee-moveit/install/igus_rebel_description/share/igus_rebel_description/meshes/CoffeeCupHolder.stl
[0.549s] -- Installing: /home/vasee22/igus-coffee-moveit/install/igus_rebel_description/share/igus_rebel_description/meshes/Coffee Grinder.stl
[0.550s] -- Installing: /home/vasee22/igus-coffee-moveit/install/igus_rebel_description/share/igus_rebel_description/meshes/coffee_cup.stl
[0.551s] -- Installing: /home/vasee22/igus-coffee-moveit/install/igus_rebel_description/share/igus_rebel_description/meshes/robolink_rebel
[0.551s] -- Installing: /home/vasee22/igus-coffee-moveit/install/igus_rebel_description/share/igus_rebel_description/meshes/robolink_rebel/Diffuse Map.001.png
[0.551s] -- Installing: /home/vasee22/igus-coffee-moveit/install/igus_rebel_description/share/igus_rebel_description/meshes/robolink_rebel/Robolink_RebeL_002_2.dae
[0.553s] -- Installing: /home/vasee22/igus-coffee-moveit/install/igus_rebel_description/share/igus_rebel_description/meshes/robolink_rebel/Robolink_RebeL_001.dae
[0.555s] -- Installing: /home/vasee22/igus-coffee-moveit/install/igus_rebel_description/share/igus_rebel_description/meshes/robolink_rebel/Robolink_RebeL_004.dae
[0.560s] -- Installing: /home/vasee22/igus-coffee-moveit/install/igus_rebel_description/share/igus_rebel_description/meshes/robolink_rebel/Robolink_RebeL_005.stl
[0.561s] -- Installing: /home/vasee22/igus-coffee-moveit/install/igus_rebel_description/share/igus_rebel_description/meshes/robolink_rebel/Robolink_RebeL_002.stl
[0.562s] -- Installing: /home/vasee22/igus-coffee-moveit/install/igus_rebel_description/share/igus_rebel_description/meshes/robolink_rebel/Robolink_RebeL_002_1.stl
[0.563s] -- Installing: /home/vasee22/igus-coffee-moveit/install/igus_rebel_description/share/igus_rebel_description/meshes/robolink_rebel/Diffuse Map.004.png
[0.563s] -- Installing: /home/vasee22/igus-coffee-moveit/install/igus_rebel_description/share/igus_rebel_description/meshes/robolink_rebel/Robolink_RebeL_003.stl
[0.564s] -- Installing: /home/vasee22/igus-coffee-moveit/install/igus_rebel_description/share/igus_rebel_description/meshes/robolink_rebel/Diffuse Map.005.png
[0.565s] -- Installing: /home/vasee22/igus-coffee-moveit/install/igus_rebel_description/share/igus_rebel_description/meshes/robolink_rebel/Robolink_RebeL_000.stl
[0.565s] -- Installing: /home/vasee22/igus-coffee-moveit/install/igus_rebel_description/share/igus_rebel_description/meshes/robolink_rebel/Diffuse Map.003.png
[0.565s] -- Installing: /home/vasee22/igus-coffee-moveit/install/igus_rebel_description/share/igus_rebel_description/meshes/robolink_rebel/Robolink_RebeL_002_0.dae
[0.567s] -- Installing: /home/vasee22/igus-coffee-moveit/install/igus_rebel_description/share/igus_rebel_description/meshes/robolink_rebel/Robolink_RebeL_005.dae
[0.571s] -- Installing: /home/vasee22/igus-coffee-moveit/install/igus_rebel_description/share/igus_rebel_description/meshes/robolink_rebel/Diffuse Map.png
[0.572s] -- Installing: /home/vasee22/igus-coffee-moveit/install/igus_rebel_description/share/igus_rebel_description/meshes/robolink_rebel/Diffuse Map.006.png
[0.572s] -- Installing: /home/vasee22/igus-coffee-moveit/install/igus_rebel_description/share/igus_rebel_description/meshes/robolink_rebel/Robolink_RebeL_004.stl
[0.574s] -- Installing: /home/vasee22/igus-coffee-moveit/install/igus_rebel_description/share/igus_rebel_description/meshes/robolink_rebel/Robolink_RebeL_000.dae
[0.574s] -- Installing: /home/vasee22/igus-coffee-moveit/install/igus_rebel_description/share/igus_rebel_description/meshes/robolink_rebel/Robolink_RebeL_006.stl
[0.575s] -- Installing: /home/vasee22/igus-coffee-moveit/install/igus_rebel_description/share/igus_rebel_description/meshes/robolink_rebel/Robolink_RebeL_001.stl
[0.575s] -- Installing: /home/vasee22/igus-coffee-moveit/install/igus_rebel_description/share/igus_rebel_description/meshes/robolink_rebel/Robolink_RebeL_006.dae
[0.577s] -- Installing: /home/vasee22/igus-coffee-moveit/install/igus_rebel_description/share/igus_rebel_description/meshes/robolink_rebel/Robolink_RebeL_002_2.stl
[0.578s] -- Installing: /home/vasee22/igus-coffee-moveit/install/igus_rebel_description/share/igus_rebel_description/meshes/robolink_rebel/Robolink_RebeL_003.dae
[0.585s] -- Installing: /home/vasee22/igus-coffee-moveit/install/igus_rebel_description/share/igus_rebel_description/meshes/robolink_rebel/Robolink_RebeL_002_0.stl
[0.585s] -- Installing: /home/vasee22/igus-coffee-moveit/install/igus_rebel_description/share/igus_rebel_description/meshes/robolink_rebel/Robolink_RebeL_002_1.dae
[0.586s] -- Installing: /home/vasee22/igus-coffee-moveit/install/igus_rebel_description/share/igus_rebel_description/meshes/robolink_rebel/Diffuse Map.002.png
[0.587s] -- Installing: /home/vasee22/igus-coffee-moveit/install/igus_rebel_description/share/igus_rebel_description/meshes/robolink_rebel2
[0.587s] -- Installing: /home/vasee22/igus-coffee-moveit/install/igus_rebel_description/share/igus_rebel_description/meshes/robolink_rebel2/base_link.stl
[0.592s] -- Installing: /home/vasee22/igus-coffee-moveit/install/igus_rebel_description/share/igus_rebel_description/meshes/robolink_rebel2/simplified_link6.stl
[0.593s] -- Installing: /home/vasee22/igus-coffee-moveit/install/igus_rebel_description/share/igus_rebel_description/meshes/robolink_rebel2/simplified_base_link.stl
[0.594s] -- Installing: /home/vasee22/igus-coffee-moveit/install/igus_rebel_description/share/igus_rebel_description/meshes/robolink_rebel2/motor3.stl
[0.600s] -- Installing: /home/vasee22/igus-coffee-moveit/install/igus_rebel_description/share/igus_rebel_description/meshes/robolink_rebel2/simplified_motor1.stl
[0.601s] -- Installing: /home/vasee22/igus-coffee-moveit/install/igus_rebel_description/share/igus_rebel_description/meshes/robolink_rebel2/link4.stl
[0.606s] -- Installing: /home/vasee22/igus-coffee-moveit/install/igus_rebel_description/share/igus_rebel_description/meshes/robolink_rebel2/motor5.stl
[0.607s] -- Installing: /home/vasee22/igus-coffee-moveit/install/igus_rebel_description/share/igus_rebel_description/meshes/robolink_rebel2/link3.stl
[0.614s] -- Installing: /home/vasee22/igus-coffee-moveit/install/igus_rebel_description/share/igus_rebel_description/meshes/robolink_rebel2/simplified_motor2.stl
[0.615s] -- Installing: /home/vasee22/igus-coffee-moveit/install/igus_rebel_description/share/igus_rebel_description/meshes/robolink_rebel2/link6.stl
[0.616s] -- Installing: /home/vasee22/igus-coffee-moveit/install/igus_rebel_description/share/igus_rebel_description/meshes/robolink_rebel2/simplified_link1.stl
[0.617s] -- Installing: /home/vasee22/igus-coffee-moveit/install/igus_rebel_description/share/igus_rebel_description/meshes/robolink_rebel2/vacuum_gripper.stl
[0.627s] -- Installing: /home/vasee22/igus-coffee-moveit/install/igus_rebel_description/share/igus_rebel_description/meshes/robolink_rebel2/IGUS7AXIS_1000.dae
[0.681s] -- Installing: /home/vasee22/igus-coffee-moveit/install/igus_rebel_description/share/igus_rebel_description/meshes/robolink_rebel2/simplified_link3.stl
[0.682s] -- Installing: /home/vasee22/igus-coffee-moveit/install/igus_rebel_description/share/igus_rebel_description/meshes/robolink_rebel2/link1.stl
[0.687s] -- Installing: /home/vasee22/igus-coffee-moveit/install/igus_rebel_description/share/igus_rebel_description/meshes/robolink_rebel2/simplified_link5.stl
[0.688s] -- Installing: /home/vasee22/igus-coffee-moveit/install/igus_rebel_description/share/igus_rebel_description/meshes/robolink_rebel2/simplified_motor3.stl
[0.689s] -- Installing: /home/vasee22/igus-coffee-moveit/install/igus_rebel_description/share/igus_rebel_description/meshes/robolink_rebel2/link2.stl
[0.706s] -- Installing: /home/vasee22/igus-coffee-moveit/install/igus_rebel_description/share/igus_rebel_description/meshes/robolink_rebel2/simplified_link2.stl
[0.709s] -- Installing: /home/vasee22/igus-coffee-moveit/install/igus_rebel_description/share/igus_rebel_description/meshes/robolink_rebel2/motor4.stl
[0.714s] -- Installing: /home/vasee22/igus-coffee-moveit/install/igus_rebel_description/share/igus_rebel_description/meshes/robolink_rebel2/simplified_motor5.stl
[0.715s] -- Installing: /home/vasee22/igus-coffee-moveit/install/igus_rebel_description/share/igus_rebel_description/meshes/robolink_rebel2/simplified_link4.stl
[0.717s] -- Installing: /home/vasee22/igus-coffee-moveit/install/igus_rebel_description/share/igus_rebel_description/meshes/robolink_rebel2/link5.stl
[0.724s] -- Installing: /home/vasee22/igus-coffee-moveit/install/igus_rebel_description/share/igus_rebel_description/meshes/robolink_rebel2/motor2.stl
[0.731s] -- Installing: /home/vasee22/igus-coffee-moveit/install/igus_rebel_description/share/igus_rebel_description/meshes/robolink_rebel2/IGUS7AXIS_1000.stl
[0.768s] -- Installing: /home/vasee22/igus-coffee-moveit/install/igus_rebel_description/share/igus_rebel_description/meshes/robolink_rebel2/CylinderJoint.stl
[0.768s] -- Installing: /home/vasee22/igus-coffee-moveit/install/igus_rebel_description/share/igus_rebel_description/meshes/robolink_rebel2/motor1.stl
[0.775s] -- Installing: /home/vasee22/igus-coffee-moveit/install/igus_rebel_description/share/igus_rebel_description/meshes/robolink_rebel2/Igus_7thaxis.dae
[0.787s] -- Installing: /home/vasee22/igus-coffee-moveit/install/igus_rebel_description/share/igus_rebel_description/meshes/robolink_rebel2/collisionMesh.stl
[0.788s] -- Installing: /home/vasee22/igus-coffee-moveit/install/igus_rebel_description/share/igus_rebel_description/meshes/robolink_rebel2/simplified_motor4.stl
[0.789s] -- Installing: /home/vasee22/igus-coffee-moveit/install/igus_rebel_description/share/igus_rebel_description/meshes/Tool Station.stl
[0.789s] -- Installing: /home/vasee22/igus-coffee-moveit/install/igus_rebel_description/share/igus_rebel_description/meshes1
[0.790s] -- Installing: /home/vasee22/igus-coffee-moveit/install/igus_rebel_description/share/igus_rebel_description/meshes1/robolink_rebel
[0.790s] -- Installing: /home/vasee22/igus-coffee-moveit/install/igus_rebel_description/share/igus_rebel_description/meshes1/robolink_rebel/Robolink_RebeL_002_2.dae
[0.792s] -- Installing: /home/vasee22/igus-coffee-moveit/install/igus_rebel_description/share/igus_rebel_description/meshes1/robolink_rebel/Robolink_RebeL_001.dae
[0.793s] -- Installing: /home/vasee22/igus-coffee-moveit/install/igus_rebel_description/share/igus_rebel_description/meshes1/robolink_rebel/Diffuse_Map.png
[0.794s] -- Installing: /home/vasee22/igus-coffee-moveit/install/igus_rebel_description/share/igus_rebel_description/meshes1/robolink_rebel/Robolink_RebeL_004.dae
[0.799s] -- Installing: /home/vasee22/igus-coffee-moveit/install/igus_rebel_description/share/igus_rebel_description/meshes1/robolink_rebel/Diffuse_Map.003.png
[0.799s] -- Installing: /home/vasee22/igus-coffee-moveit/install/igus_rebel_description/share/igus_rebel_description/meshes1/robolink_rebel/Robolink_RebeL_005.stl
[0.800s] -- Installing: /home/vasee22/igus-coffee-moveit/install/igus_rebel_description/share/igus_rebel_description/meshes1/robolink_rebel/Robolink_RebeL_002.stl
[0.802s] -- Installing: /home/vasee22/igus-coffee-moveit/install/igus_rebel_description/share/igus_rebel_description/meshes1/robolink_rebel/Robolink_RebeL_002_1.stl
[0.802s] -- Installing: /home/vasee22/igus-coffee-moveit/install/igus_rebel_description/share/igus_rebel_description/meshes1/robolink_rebel/Robolink_RebeL_003.stl
[0.804s] -- Installing: /home/vasee22/igus-coffee-moveit/install/igus_rebel_description/share/igus_rebel_description/meshes1/robolink_rebel/Robolink_RebeL_000.stl
[0.804s] -- Installing: /home/vasee22/igus-coffee-moveit/install/igus_rebel_description/share/igus_rebel_description/meshes1/robolink_rebel/Diffuse_Map.006.png
[0.805s] -- Installing: /home/vasee22/igus-coffee-moveit/install/igus_rebel_description/share/igus_rebel_description/meshes1/robolink_rebel/Robolink_RebeL_002_0.dae
[0.807s] -- Installing: /home/vasee22/igus-coffee-moveit/install/igus_rebel_description/share/igus_rebel_description/meshes1/robolink_rebel/Robolink_RebeL_005.dae
[0.810s] -- Installing: /home/vasee22/igus-coffee-moveit/install/igus_rebel_description/share/igus_rebel_description/meshes1/robolink_rebel/Diffuse_Map.002.png
[0.810s] -- Installing: /home/vasee22/igus-coffee-moveit/install/igus_rebel_description/share/igus_rebel_description/meshes1/robolink_rebel/Diffuse_Map.005.png
[0.811s] -- Installing: /home/vasee22/igus-coffee-moveit/install/igus_rebel_description/share/igus_rebel_description/meshes1/robolink_rebel/Robolink_RebeL_004.stl
[0.812s] -- Installing: /home/vasee22/igus-coffee-moveit/install/igus_rebel_description/share/igus_rebel_description/meshes1/robolink_rebel/Diffuse_Map.001.png
[0.812s] -- Installing: /home/vasee22/igus-coffee-moveit/install/igus_rebel_description/share/igus_rebel_description/meshes1/robolink_rebel/Robolink_RebeL_000.dae
[0.812s] -- Installing: /home/vasee22/igus-coffee-moveit/install/igus_rebel_description/share/igus_rebel_description/meshes1/robolink_rebel/Robolink_RebeL_006.stl
[0.813s] -- Installing: /home/vasee22/igus-coffee-moveit/install/igus_rebel_description/share/igus_rebel_description/meshes1/robolink_rebel/Robolink_RebeL_001.stl
[0.813s] -- Installing: /home/vasee22/igus-coffee-moveit/install/igus_rebel_description/share/igus_rebel_description/meshes1/robolink_rebel/Robolink_RebeL_006.dae
[0.815s] -- Installing: /home/vasee22/igus-coffee-moveit/install/igus_rebel_description/share/igus_rebel_description/meshes1/robolink_rebel/Diffuse_Map.004.png
[0.815s] -- Installing: /home/vasee22/igus-coffee-moveit/install/igus_rebel_description/share/igus_rebel_description/meshes1/robolink_rebel/Robolink_RebeL_002_2.stl
[0.816s] -- Installing: /home/vasee22/igus-coffee-moveit/install/igus_rebel_description/share/igus_rebel_description/meshes1/robolink_rebel/Robolink_RebeL_003.dae
[0.822s] -- Installing: /home/vasee22/igus-coffee-moveit/install/igus_rebel_description/share/igus_rebel_description/meshes1/robolink_rebel/Igus_7thaxis.dae
[0.835s] -- Installing: /home/vasee22/igus-coffee-moveit/install/igus_rebel_description/share/igus_rebel_description/meshes1/robolink_rebel/Robolink_RebeL_002_0.stl
[0.835s] -- Installing: /home/vasee22/igus-coffee-moveit/install/igus_rebel_description/share/igus_rebel_description/meshes1/robolink_rebel/Robolink_RebeL_002_1.dae
[0.836s] -- Installing: /home/vasee22/igus-coffee-moveit/install/igus_rebel_description/share/igus_rebel_description/urdf
[0.836s] -- Installing: /home/vasee22/igus-coffee-moveit/install/igus_rebel_description/share/igus_rebel_description/urdf/igus_rebel2.urdf
[0.837s] -- Installing: /home/vasee22/igus-coffee-moveit/install/igus_rebel_description/share/igus_rebel_description/urdf/igus_rebel2.control.xacro
[0.837s] -- Installing: /home/vasee22/igus-coffee-moveit/install/igus_rebel_description/share/igus_rebel_description/urdf/igus_rebel_robot.urdf.xacro
[0.837s] -- Installing: /home/vasee22/igus-coffee-moveit/install/igus_rebel_description/share/igus_rebel_description/urdf/igus_robt.urdf
[0.837s] -- Installing: /home/vasee22/igus-coffee-moveit/install/igus_rebel_description/share/igus_rebel_description/urdf/igus_rebel.control.xacro
[0.837s] -- Installing: /home/vasee22/igus-coffee-moveit/install/igus_rebel_description/share/igus_rebel_description/urdf/igus_rebel_robot2.urdf.xacro
[0.837s] -- Installing: /home/vasee22/igus-coffee-moveit/install/igus_rebel_description/share/igus_rebel_description/urdf/igus_rebel.urdf
[0.837s] -- Installing: /home/vasee22/igus-coffee-moveit/install/igus_rebel_description/share/igus_rebel_description/urdf/igus_rebel_ros1.urdf
[0.837s] -- Installing: /home/vasee22/igus-coffee-moveit/install/igus_rebel_description/share/igus_rebel_description/urdf1
[0.837s] -- Installing: /home/vasee22/igus-coffee-moveit/install/igus_rebel_description/share/igus_rebel_description/urdf1/igus_rebel_robot.urdf.xacro
[0.837s] -- Installing: /home/vasee22/igus-coffee-moveit/install/igus_rebel_description/share/igus_rebel_description/urdf1/igus_rebel.control.xacro
[0.837s] -- Installing: /home/vasee22/igus-coffee-moveit/install/igus_rebel_description/share/igus_rebel_description/urdf1/igus_rebel.urdf
[0.837s] -- Installing: /home/vasee22/igus-coffee-moveit/install/igus_rebel_description/share/ament_index/resource_index/package_run_dependencies/igus_rebel_description
[0.837s] -- Installing: /home/vasee22/igus-coffee-moveit/install/igus_rebel_description/share/ament_index/resource_index/parent_prefix_path/igus_rebel_description
[0.837s] -- Installing: /home/vasee22/igus-coffee-moveit/install/igus_rebel_description/share/igus_rebel_description/environment/ament_prefix_path.sh
[0.838s] -- Installing: /home/vasee22/igus-coffee-moveit/install/igus_rebel_description/share/igus_rebel_description/environment/ament_prefix_path.dsv
[0.838s] -- Installing: /home/vasee22/igus-coffee-moveit/install/igus_rebel_description/share/igus_rebel_description/environment/path.sh
[0.838s] -- Installing: /home/vasee22/igus-coffee-moveit/install/igus_rebel_description/share/igus_rebel_description/environment/path.dsv
[0.838s] -- Installing: /home/vasee22/igus-coffee-moveit/install/igus_rebel_description/share/igus_rebel_description/local_setup.bash
[0.838s] -- Installing: /home/vasee22/igus-coffee-moveit/install/igus_rebel_description/share/igus_rebel_description/local_setup.sh
[0.838s] -- Installing: /home/vasee22/igus-coffee-moveit/install/igus_rebel_description/share/igus_rebel_description/local_setup.zsh
[0.838s] -- Installing: /home/vasee22/igus-coffee-moveit/install/igus_rebel_description/share/igus_rebel_description/local_setup.dsv
[0.838s] -- Installing: /home/vasee22/igus-coffee-moveit/install/igus_rebel_description/share/igus_rebel_description/package.dsv
[0.838s] -- Installing: /home/vasee22/igus-coffee-moveit/install/igus_rebel_description/share/ament_index/resource_index/packages/igus_rebel_description
[0.838s] -- Installing: /home/vasee22/igus-coffee-moveit/install/igus_rebel_description/share/igus_rebel_description/cmake/igus_rebel_descriptionConfig.cmake
[0.838s] -- Installing: /home/vasee22/igus-coffee-moveit/install/igus_rebel_description/share/igus_rebel_description/cmake/igus_rebel_descriptionConfig-version.cmake
[0.838s] -- Installing: /home/vasee22/igus-coffee-moveit/install/igus_rebel_description/share/igus_rebel_description/package.xml
[0.839s] Invoked command in '/home/vasee22/igus-coffee-moveit/build/igus_rebel_description' returned '0': CMAKE_PREFIX_PATH=${CMAKE_PREFIX_PATH}:/home/vasee22/igus-coffee-moveit/install/modbus_ros:/home/vasee22/Downloads/igus-coffee-moveit-vacuum/install/modbus_ros:/home/vasee22/COAR-ROS2-Workspace-mai/install/modbus_ros:/opt/ros/jazzy DEBUGINFOD_URLS=https://debuginfod.ubuntu.com /usr/bin/cmake --install /home/vasee22/igus-coffee-moveit/build/igus_rebel_description
