[0.069s] DEBUG:colcon:Command line arguments: ['/usr/bin/colcon', 'build']
[0.069s] DEBUG:colcon:Parsed command line arguments: Namespace(log_base=None, log_level=None, verb_name='build', build_base='build', install_base='install', merge_install=False, symlink_install=False, test_result_base=None, continue_on_error=False, executor='parallel', parallel_workers=24, event_handlers=None, ignore_user_meta=False, metas=['./colcon.meta'], base_paths=['.'], packages_ignore=None, packages_ignore_regex=None, paths=None, packages_up_to=None, packages_up_to_regex=None, packages_above=None, packages_above_and_dependencies=None, packages_above_depth=None, packages_select_by_dep=None, packages_skip_by_dep=None, packages_skip_up_to=None, packages_select_build_failed=False, packages_skip_build_finished=False, packages_select_test_failures=False, packages_skip_test_passed=False, packages_select=None, packages_skip=None, packages_select_regex=None, packages_skip_regex=None, packages_start=None, packages_end=None, allow_overriding=[], cmake_args=None, cmake_target=None, cmake_target_skip_unavailable=False, cmake_clean_cache=False, cmake_clean_first=False, cmake_force_configure=False, ament_cmake_args=None, catkin_cmake_args=None, catkin_skip_building_tests=False, mixin_files=None, mixin=None, verb_parser=<colcon_mixin.mixin.mixin_argument.MixinArgumentDecorator object at 0x7c8351405130>, verb_extension=<colcon_core.verb.build.BuildVerb object at 0x7c83517711f0>, main=<bound method BuildVerb.main of <colcon_core.verb.build.BuildVerb object at 0x7c83517711f0>>, mixin_verb=('build',))
[0.086s] Level 1:colcon.colcon_core.package_discovery:discover_packages(colcon_meta) check parameters
[0.086s] Level 1:colcon.colcon_core.package_discovery:discover_packages(recursive) check parameters
[0.086s] Level 1:colcon.colcon_core.package_discovery:discover_packages(ignore) check parameters
[0.086s] Level 1:colcon.colcon_core.package_discovery:discover_packages(path) check parameters
[0.086s] Level 1:colcon.colcon_core.package_discovery:discover_packages(colcon_meta) discover
[0.086s] Level 1:colcon.colcon_core.package_discovery:discover_packages(recursive) discover
[0.086s] INFO:colcon.colcon_core.package_discovery:Crawling recursively for packages in '/home/vasee22/igus-coffee-moveit'
[0.086s] Level 1:colcon.colcon_core.package_identification:_identify(.) by extensions ['ignore', 'ignore_ament_install']
[0.086s] Level 1:colcon.colcon_core.package_identification:_identify(.) by extension 'ignore'
[0.086s] Level 1:colcon.colcon_core.package_identification:_identify(.) by extension 'ignore_ament_install'
[0.086s] Level 1:colcon.colcon_core.package_identification:_identify(.) by extensions ['colcon_pkg']
[0.086s] Level 1:colcon.colcon_core.package_identification:_identify(.) by extension 'colcon_pkg'
[0.086s] Level 1:colcon.colcon_core.package_identification:_identify(.) by extensions ['colcon_meta']
[0.086s] Level 1:colcon.colcon_core.package_identification:_identify(.) by extension 'colcon_meta'
[0.086s] Level 1:colcon.colcon_core.package_identification:_identify(.) by extensions ['ros']
[0.086s] Level 1:colcon.colcon_core.package_identification:_identify(.) by extension 'ros'
[0.098s] Level 1:colcon.colcon_core.package_identification:_identify(.) by extensions ['cmake', 'python']
[0.098s] Level 1:colcon.colcon_core.package_identification:_identify(.) by extension 'cmake'
[0.098s] Level 1:colcon.colcon_core.package_identification:_identify(.) by extension 'python'
[0.098s] Level 1:colcon.colcon_core.package_identification:_identify(.) by extensions ['python_setup_py']
[0.098s] Level 1:colcon.colcon_core.package_identification:_identify(.) by extension 'python_setup_py'
[0.098s] Level 1:colcon.colcon_core.package_identification:_identify(build) by extensions ['ignore', 'ignore_ament_install']
[0.098s] Level 1:colcon.colcon_core.package_identification:_identify(build) by extension 'ignore'
[0.098s] Level 1:colcon.colcon_core.package_identification:_identify(build) ignored
[0.098s] Level 1:colcon.colcon_core.package_identification:_identify(install) by extensions ['ignore', 'ignore_ament_install']
[0.098s] Level 1:colcon.colcon_core.package_identification:_identify(install) by extension 'ignore'
[0.098s] Level 1:colcon.colcon_core.package_identification:_identify(install) ignored
[0.098s] Level 1:colcon.colcon_core.package_identification:_identify(log) by extensions ['ignore', 'ignore_ament_install']
[0.098s] Level 1:colcon.colcon_core.package_identification:_identify(log) by extension 'ignore'
[0.099s] Level 1:colcon.colcon_core.package_identification:_identify(log) ignored
[0.099s] Level 1:colcon.colcon_core.package_identification:_identify(ros2_env) by extensions ['ignore', 'ignore_ament_install']
[0.099s] Level 1:colcon.colcon_core.package_identification:_identify(ros2_env) by extension 'ignore'
[0.099s] Level 1:colcon.colcon_core.package_identification:_identify(ros2_env) by extension 'ignore_ament_install'
[0.099s] Level 1:colcon.colcon_core.package_identification:_identify(ros2_env) by extensions ['colcon_pkg']
[0.099s] Level 1:colcon.colcon_core.package_identification:_identify(ros2_env) by extension 'colcon_pkg'
[0.099s] Level 1:colcon.colcon_core.package_identification:_identify(ros2_env) by extensions ['colcon_meta']
[0.099s] Level 1:colcon.colcon_core.package_identification:_identify(ros2_env) by extension 'colcon_meta'
[0.099s] Level 1:colcon.colcon_core.package_identification:_identify(ros2_env) by extensions ['ros']
[0.099s] Level 1:colcon.colcon_core.package_identification:_identify(ros2_env) by extension 'ros'
[0.099s] Level 1:colcon.colcon_core.package_identification:_identify(ros2_env) by extensions ['cmake', 'python']
[0.099s] Level 1:colcon.colcon_core.package_identification:_identify(ros2_env) by extension 'cmake'
[0.099s] Level 1:colcon.colcon_core.package_identification:_identify(ros2_env) by extension 'python'
[0.099s] Level 1:colcon.colcon_core.package_identification:_identify(ros2_env) by extensions ['python_setup_py']
[0.099s] Level 1:colcon.colcon_core.package_identification:_identify(ros2_env) by extension 'python_setup_py'
[0.099s] Level 1:colcon.colcon_core.package_identification:_identify(simattack1) by extensions ['ignore', 'ignore_ament_install']
[0.099s] Level 1:colcon.colcon_core.package_identification:_identify(simattack1) by extension 'ignore'
[0.099s] Level 1:colcon.colcon_core.package_identification:_identify(simattack1) by extension 'ignore_ament_install'
[0.099s] Level 1:colcon.colcon_core.package_identification:_identify(simattack1) by extensions ['colcon_pkg']
[0.099s] Level 1:colcon.colcon_core.package_identification:_identify(simattack1) by extension 'colcon_pkg'
[0.099s] Level 1:colcon.colcon_core.package_identification:_identify(simattack1) by extensions ['colcon_meta']
[0.099s] Level 1:colcon.colcon_core.package_identification:_identify(simattack1) by extension 'colcon_meta'
[0.099s] Level 1:colcon.colcon_core.package_identification:_identify(simattack1) by extensions ['ros']
[0.099s] Level 1:colcon.colcon_core.package_identification:_identify(simattack1) by extension 'ros'
[0.099s] Level 1:colcon.colcon_core.package_identification:_identify(simattack1) by extensions ['cmake', 'python']
[0.099s] Level 1:colcon.colcon_core.package_identification:_identify(simattack1) by extension 'cmake'
[0.099s] Level 1:colcon.colcon_core.package_identification:_identify(simattack1) by extension 'python'
[0.099s] Level 1:colcon.colcon_core.package_identification:_identify(simattack1) by extensions ['python_setup_py']
[0.099s] Level 1:colcon.colcon_core.package_identification:_identify(simattack1) by extension 'python_setup_py'
[0.099s] Level 1:colcon.colcon_core.package_identification:_identify(simattack2) by extensions ['ignore', 'ignore_ament_install']
[0.099s] Level 1:colcon.colcon_core.package_identification:_identify(simattack2) by extension 'ignore'
[0.099s] Level 1:colcon.colcon_core.package_identification:_identify(simattack2) by extension 'ignore_ament_install'
[0.099s] Level 1:colcon.colcon_core.package_identification:_identify(simattack2) by extensions ['colcon_pkg']
[0.099s] Level 1:colcon.colcon_core.package_identification:_identify(simattack2) by extension 'colcon_pkg'
[0.099s] Level 1:colcon.colcon_core.package_identification:_identify(simattack2) by extensions ['colcon_meta']
[0.099s] Level 1:colcon.colcon_core.package_identification:_identify(simattack2) by extension 'colcon_meta'
[0.099s] Level 1:colcon.colcon_core.package_identification:_identify(simattack2) by extensions ['ros']
[0.099s] Level 1:colcon.colcon_core.package_identification:_identify(simattack2) by extension 'ros'
[0.099s] Level 1:colcon.colcon_core.package_identification:_identify(simattack2) by extensions ['cmake', 'python']
[0.099s] Level 1:colcon.colcon_core.package_identification:_identify(simattack2) by extension 'cmake'
[0.099s] Level 1:colcon.colcon_core.package_identification:_identify(simattack2) by extension 'python'
[0.099s] Level 1:colcon.colcon_core.package_identification:_identify(simattack2) by extensions ['python_setup_py']
[0.099s] Level 1:colcon.colcon_core.package_identification:_identify(simattack2) by extension 'python_setup_py'
[0.099s] Level 1:colcon.colcon_core.package_identification:_identify(src) by extensions ['ignore', 'ignore_ament_install']
[0.099s] Level 1:colcon.colcon_core.package_identification:_identify(src) by extension 'ignore'
[0.099s] Level 1:colcon.colcon_core.package_identification:_identify(src) by extension 'ignore_ament_install'
[0.099s] Level 1:colcon.colcon_core.package_identification:_identify(src) by extensions ['colcon_pkg']
[0.099s] Level 1:colcon.colcon_core.package_identification:_identify(src) by extension 'colcon_pkg'
[0.099s] Level 1:colcon.colcon_core.package_identification:_identify(src) by extensions ['colcon_meta']
[0.099s] Level 1:colcon.colcon_core.package_identification:_identify(src) by extension 'colcon_meta'
[0.099s] Level 1:colcon.colcon_core.package_identification:_identify(src) by extensions ['ros']
[0.099s] Level 1:colcon.colcon_core.package_identification:_identify(src) by extension 'ros'
[0.099s] Level 1:colcon.colcon_core.package_identification:_identify(src) by extensions ['cmake', 'python']
[0.099s] Level 1:colcon.colcon_core.package_identification:_identify(src) by extension 'cmake'
[0.100s] Level 1:colcon.colcon_core.package_identification:_identify(src) by extension 'python'
[0.100s] Level 1:colcon.colcon_core.package_identification:_identify(src) by extensions ['python_setup_py']
[0.100s] Level 1:colcon.colcon_core.package_identification:_identify(src) by extension 'python_setup_py'
[0.100s] Level 1:colcon.colcon_core.package_identification:_identify(src/igus_rebel_ros2) by extensions ['ignore', 'ignore_ament_install']
[0.100s] Level 1:colcon.colcon_core.package_identification:_identify(src/igus_rebel_ros2) by extension 'ignore'
[0.100s] Level 1:colcon.colcon_core.package_identification:_identify(src/igus_rebel_ros2) by extension 'ignore_ament_install'
[0.100s] Level 1:colcon.colcon_core.package_identification:_identify(src/igus_rebel_ros2) by extensions ['colcon_pkg']
[0.100s] Level 1:colcon.colcon_core.package_identification:_identify(src/igus_rebel_ros2) by extension 'colcon_pkg'
[0.100s] Level 1:colcon.colcon_core.package_identification:_identify(src/igus_rebel_ros2) by extensions ['colcon_meta']
[0.100s] Level 1:colcon.colcon_core.package_identification:_identify(src/igus_rebel_ros2) by extension 'colcon_meta'
[0.100s] Level 1:colcon.colcon_core.package_identification:_identify(src/igus_rebel_ros2) by extensions ['ros']
[0.100s] Level 1:colcon.colcon_core.package_identification:_identify(src/igus_rebel_ros2) by extension 'ros'
[0.100s] Level 1:colcon.colcon_core.package_identification:_identify(src/igus_rebel_ros2) by extensions ['cmake', 'python']
[0.100s] Level 1:colcon.colcon_core.package_identification:_identify(src/igus_rebel_ros2) by extension 'cmake'
[0.100s] Level 1:colcon.colcon_core.package_identification:_identify(src/igus_rebel_ros2) by extension 'python'
[0.100s] Level 1:colcon.colcon_core.package_identification:_identify(src/igus_rebel_ros2) by extensions ['python_setup_py']
[0.100s] Level 1:colcon.colcon_core.package_identification:_identify(src/igus_rebel_ros2) by extension 'python_setup_py'
[0.100s] Level 1:colcon.colcon_core.package_identification:_identify(src/igus_rebel_ros2/igus_rebel) by extensions ['ignore', 'ignore_ament_install']
[0.100s] Level 1:colcon.colcon_core.package_identification:_identify(src/igus_rebel_ros2/igus_rebel) by extension 'ignore'
[0.100s] Level 1:colcon.colcon_core.package_identification:_identify(src/igus_rebel_ros2/igus_rebel) by extension 'ignore_ament_install'
[0.100s] Level 1:colcon.colcon_core.package_identification:_identify(src/igus_rebel_ros2/igus_rebel) by extensions ['colcon_pkg']
[0.100s] Level 1:colcon.colcon_core.package_identification:_identify(src/igus_rebel_ros2/igus_rebel) by extension 'colcon_pkg'
[0.100s] Level 1:colcon.colcon_core.package_identification:_identify(src/igus_rebel_ros2/igus_rebel) by extensions ['colcon_meta']
[0.100s] Level 1:colcon.colcon_core.package_identification:_identify(src/igus_rebel_ros2/igus_rebel) by extension 'colcon_meta'
[0.100s] Level 1:colcon.colcon_core.package_identification:_identify(src/igus_rebel_ros2/igus_rebel) by extensions ['ros']
[0.100s] Level 1:colcon.colcon_core.package_identification:_identify(src/igus_rebel_ros2/igus_rebel) by extension 'ros'
[0.102s] DEBUG:colcon.colcon_core.package_identification:Package 'src/igus_rebel_ros2/igus_rebel' with type 'ros.ament_cmake' and name 'igus_rebel'
[0.102s] Level 1:colcon.colcon_core.package_identification:_identify(src/igus_rebel_ros2/igus_rebel_description) by extensions ['ignore', 'ignore_ament_install']
[0.102s] Level 1:colcon.colcon_core.package_identification:_identify(src/igus_rebel_ros2/igus_rebel_description) by extension 'ignore'
[0.102s] Level 1:colcon.colcon_core.package_identification:_identify(src/igus_rebel_ros2/igus_rebel_description) by extension 'ignore_ament_install'
[0.102s] Level 1:colcon.colcon_core.package_identification:_identify(src/igus_rebel_ros2/igus_rebel_description) by extensions ['colcon_pkg']
[0.102s] Level 1:colcon.colcon_core.package_identification:_identify(src/igus_rebel_ros2/igus_rebel_description) by extension 'colcon_pkg'
[0.102s] Level 1:colcon.colcon_core.package_identification:_identify(src/igus_rebel_ros2/igus_rebel_description) by extensions ['colcon_meta']
[0.102s] Level 1:colcon.colcon_core.package_identification:_identify(src/igus_rebel_ros2/igus_rebel_description) by extension 'colcon_meta'
[0.102s] Level 1:colcon.colcon_core.package_identification:_identify(src/igus_rebel_ros2/igus_rebel_description) by extensions ['ros']
[0.102s] Level 1:colcon.colcon_core.package_identification:_identify(src/igus_rebel_ros2/igus_rebel_description) by extension 'ros'
[0.102s] DEBUG:colcon.colcon_core.package_identification:Package 'src/igus_rebel_ros2/igus_rebel_description' with type 'ros.ament_cmake' and name 'igus_rebel_description'
[0.102s] Level 1:colcon.colcon_core.package_identification:_identify(src/igus_rebel_ros2/igus_rebel_moveit_config) by extensions ['ignore', 'ignore_ament_install']
[0.102s] Level 1:colcon.colcon_core.package_identification:_identify(src/igus_rebel_ros2/igus_rebel_moveit_config) by extension 'ignore'
[0.102s] Level 1:colcon.colcon_core.package_identification:_identify(src/igus_rebel_ros2/igus_rebel_moveit_config) by extension 'ignore_ament_install'
[0.102s] Level 1:colcon.colcon_core.package_identification:_identify(src/igus_rebel_ros2/igus_rebel_moveit_config) by extensions ['colcon_pkg']
[0.102s] Level 1:colcon.colcon_core.package_identification:_identify(src/igus_rebel_ros2/igus_rebel_moveit_config) by extension 'colcon_pkg'
[0.102s] Level 1:colcon.colcon_core.package_identification:_identify(src/igus_rebel_ros2/igus_rebel_moveit_config) by extensions ['colcon_meta']
[0.102s] Level 1:colcon.colcon_core.package_identification:_identify(src/igus_rebel_ros2/igus_rebel_moveit_config) by extension 'colcon_meta'
[0.102s] Level 1:colcon.colcon_core.package_identification:_identify(src/igus_rebel_ros2/igus_rebel_moveit_config) by extensions ['ros']
[0.102s] Level 1:colcon.colcon_core.package_identification:_identify(src/igus_rebel_ros2/igus_rebel_moveit_config) by extension 'ros'
[0.103s] DEBUG:colcon.colcon_core.package_identification:Package 'src/igus_rebel_ros2/igus_rebel_moveit_config' with type 'ros.ament_cmake' and name 'igus_rebel_moveit_config'
[0.103s] Level 1:colcon.colcon_core.package_identification:_identify(src/igus_rebel_ros2/igus_rebel_msgs) by extensions ['ignore', 'ignore_ament_install']
[0.103s] Level 1:colcon.colcon_core.package_identification:_identify(src/igus_rebel_ros2/igus_rebel_msgs) by extension 'ignore'
[0.103s] Level 1:colcon.colcon_core.package_identification:_identify(src/igus_rebel_ros2/igus_rebel_msgs) by extension 'ignore_ament_install'
[0.103s] Level 1:colcon.colcon_core.package_identification:_identify(src/igus_rebel_ros2/igus_rebel_msgs) by extensions ['colcon_pkg']
[0.103s] Level 1:colcon.colcon_core.package_identification:_identify(src/igus_rebel_ros2/igus_rebel_msgs) by extension 'colcon_pkg'
[0.103s] Level 1:colcon.colcon_core.package_identification:_identify(src/igus_rebel_ros2/igus_rebel_msgs) by extensions ['colcon_meta']
[0.103s] Level 1:colcon.colcon_core.package_identification:_identify(src/igus_rebel_ros2/igus_rebel_msgs) by extension 'colcon_meta'
[0.103s] Level 1:colcon.colcon_core.package_identification:_identify(src/igus_rebel_ros2/igus_rebel_msgs) by extensions ['ros']
[0.103s] Level 1:colcon.colcon_core.package_identification:_identify(src/igus_rebel_ros2/igus_rebel_msgs) by extension 'ros'
[0.103s] DEBUG:colcon.colcon_core.package_identification:Package 'src/igus_rebel_ros2/igus_rebel_msgs' with type 'ros.ament_cmake' and name 'igus_rebel_msgs'
[0.103s] Level 1:colcon.colcon_core.package_identification:_identify(src/modbus_ros) by extensions ['ignore', 'ignore_ament_install']
[0.103s] Level 1:colcon.colcon_core.package_identification:_identify(src/modbus_ros) by extension 'ignore'
[0.103s] Level 1:colcon.colcon_core.package_identification:_identify(src/modbus_ros) by extension 'ignore_ament_install'
[0.103s] Level 1:colcon.colcon_core.package_identification:_identify(src/modbus_ros) by extensions ['colcon_pkg']
[0.103s] Level 1:colcon.colcon_core.package_identification:_identify(src/modbus_ros) by extension 'colcon_pkg'
[0.103s] Level 1:colcon.colcon_core.package_identification:_identify(src/modbus_ros) by extensions ['colcon_meta']
[0.103s] Level 1:colcon.colcon_core.package_identification:_identify(src/modbus_ros) by extension 'colcon_meta'
[0.103s] Level 1:colcon.colcon_core.package_identification:_identify(src/modbus_ros) by extensions ['ros']
[0.103s] Level 1:colcon.colcon_core.package_identification:_identify(src/modbus_ros) by extension 'ros'
[0.103s] DEBUG:colcon.colcon_core.package_identification:Package 'src/modbus_ros' with type 'ros.ament_python' and name 'modbus_ros'
[0.103s] Level 1:colcon.colcon_core.package_discovery:discover_packages(recursive) using defaults
[0.104s] Level 1:colcon.colcon_core.package_discovery:discover_packages(ignore) discover
[0.104s] Level 1:colcon.colcon_core.package_discovery:discover_packages(ignore) using defaults
[0.104s] Level 1:colcon.colcon_core.package_discovery:discover_packages(path) discover
[0.104s] Level 1:colcon.colcon_core.package_discovery:discover_packages(path) using defaults
[0.112s] Level 1:colcon.colcon_core.package_discovery:discover_packages(prefix_path) check parameters
[0.112s] Level 1:colcon.colcon_core.package_discovery:discover_packages(prefix_path) discover
[0.113s] DEBUG:colcon.colcon_installed_package_information.package_discovery:Found 5 installed packages in /home/vasee22/igus-coffee-moveit/install
[0.113s] DEBUG:colcon.colcon_installed_package_information.package_discovery:Found 11 installed packages in /home/vasee22/COAR-ROS2-Workspace-mai/install
[0.114s] DEBUG:colcon.colcon_installed_package_information.package_discovery:Found 553 installed packages in /opt/ros/jazzy
[0.115s] Level 1:colcon.colcon_core.package_discovery:discover_packages(prefix_path) using defaults
[0.148s] Level 5:colcon.colcon_core.verb:set package 'igus_rebel_description' build argument 'cmake_args' from command line to 'None'
[0.148s] Level 5:colcon.colcon_core.verb:set package 'igus_rebel_description' build argument 'cmake_target' from command line to 'None'
[0.148s] Level 5:colcon.colcon_core.verb:set package 'igus_rebel_description' build argument 'cmake_target_skip_unavailable' from command line to 'False'
[0.148s] Level 5:colcon.colcon_core.verb:set package 'igus_rebel_description' build argument 'cmake_clean_cache' from command line to 'False'
[0.148s] Level 5:colcon.colcon_core.verb:set package 'igus_rebel_description' build argument 'cmake_clean_first' from command line to 'False'
[0.148s] Level 5:colcon.colcon_core.verb:set package 'igus_rebel_description' build argument 'cmake_force_configure' from command line to 'False'
[0.148s] Level 5:colcon.colcon_core.verb:set package 'igus_rebel_description' build argument 'ament_cmake_args' from command line to 'None'
[0.148s] Level 5:colcon.colcon_core.verb:set package 'igus_rebel_description' build argument 'catkin_cmake_args' from command line to 'None'
[0.148s] Level 5:colcon.colcon_core.verb:set package 'igus_rebel_description' build argument 'catkin_skip_building_tests' from command line to 'False'
[0.148s] DEBUG:colcon.colcon_core.verb:Building package 'igus_rebel_description' with the following arguments: {'ament_cmake_args': None, 'build_base': '/home/vasee22/igus-coffee-moveit/build/igus_rebel_description', 'catkin_cmake_args': None, 'catkin_skip_building_tests': False, 'cmake_args': None, 'cmake_clean_cache': False, 'cmake_clean_first': False, 'cmake_force_configure': False, 'cmake_target': None, 'cmake_target_skip_unavailable': False, 'install_base': '/home/vasee22/igus-coffee-moveit/install/igus_rebel_description', 'merge_install': False, 'path': '/home/vasee22/igus-coffee-moveit/src/igus_rebel_ros2/igus_rebel_description', 'symlink_install': False, 'test_result_base': None}
[0.148s] Level 5:colcon.colcon_core.verb:set package 'igus_rebel_msgs' build argument 'cmake_args' from command line to 'None'
[0.148s] Level 5:colcon.colcon_core.verb:set package 'igus_rebel_msgs' build argument 'cmake_target' from command line to 'None'
[0.148s] Level 5:colcon.colcon_core.verb:set package 'igus_rebel_msgs' build argument 'cmake_target_skip_unavailable' from command line to 'False'
[0.148s] Level 5:colcon.colcon_core.verb:set package 'igus_rebel_msgs' build argument 'cmake_clean_cache' from command line to 'False'
[0.148s] Level 5:colcon.colcon_core.verb:set package 'igus_rebel_msgs' build argument 'cmake_clean_first' from command line to 'False'
[0.148s] Level 5:colcon.colcon_core.verb:set package 'igus_rebel_msgs' build argument 'cmake_force_configure' from command line to 'False'
[0.148s] Level 5:colcon.colcon_core.verb:set package 'igus_rebel_msgs' build argument 'ament_cmake_args' from command line to 'None'
[0.148s] Level 5:colcon.colcon_core.verb:set package 'igus_rebel_msgs' build argument 'catkin_cmake_args' from command line to 'None'
[0.148s] Level 5:colcon.colcon_core.verb:set package 'igus_rebel_msgs' build argument 'catkin_skip_building_tests' from command line to 'False'
[0.148s] DEBUG:colcon.colcon_core.verb:Building package 'igus_rebel_msgs' with the following arguments: {'ament_cmake_args': None, 'build_base': '/home/vasee22/igus-coffee-moveit/build/igus_rebel_msgs', 'catkin_cmake_args': None, 'catkin_skip_building_tests': False, 'cmake_args': None, 'cmake_clean_cache': False, 'cmake_clean_first': False, 'cmake_force_configure': False, 'cmake_target': None, 'cmake_target_skip_unavailable': False, 'install_base': '/home/vasee22/igus-coffee-moveit/install/igus_rebel_msgs', 'merge_install': False, 'path': '/home/vasee22/igus-coffee-moveit/src/igus_rebel_ros2/igus_rebel_msgs', 'symlink_install': False, 'test_result_base': None}
[0.149s] Level 5:colcon.colcon_core.verb:set package 'modbus_ros' build argument 'cmake_args' from command line to 'None'
[0.149s] Level 5:colcon.colcon_core.verb:set package 'modbus_ros' build argument 'cmake_target' from command line to 'None'
[0.149s] Level 5:colcon.colcon_core.verb:set package 'modbus_ros' build argument 'cmake_target_skip_unavailable' from command line to 'False'
[0.149s] Level 5:colcon.colcon_core.verb:set package 'modbus_ros' build argument 'cmake_clean_cache' from command line to 'False'
[0.149s] Level 5:colcon.colcon_core.verb:set package 'modbus_ros' build argument 'cmake_clean_first' from command line to 'False'
[0.149s] Level 5:colcon.colcon_core.verb:set package 'modbus_ros' build argument 'cmake_force_configure' from command line to 'False'
[0.149s] Level 5:colcon.colcon_core.verb:set package 'modbus_ros' build argument 'ament_cmake_args' from command line to 'None'
[0.149s] Level 5:colcon.colcon_core.verb:set package 'modbus_ros' build argument 'catkin_cmake_args' from command line to 'None'
[0.149s] Level 5:colcon.colcon_core.verb:set package 'modbus_ros' build argument 'catkin_skip_building_tests' from command line to 'False'
[0.149s] DEBUG:colcon.colcon_core.verb:Building package 'modbus_ros' with the following arguments: {'ament_cmake_args': None, 'build_base': '/home/vasee22/igus-coffee-moveit/build/modbus_ros', 'catkin_cmake_args': None, 'catkin_skip_building_tests': False, 'cmake_args': None, 'cmake_clean_cache': False, 'cmake_clean_first': False, 'cmake_force_configure': False, 'cmake_target': None, 'cmake_target_skip_unavailable': False, 'install_base': '/home/vasee22/igus-coffee-moveit/install/modbus_ros', 'merge_install': False, 'path': '/home/vasee22/igus-coffee-moveit/src/modbus_ros', 'symlink_install': False, 'test_result_base': None}
[0.149s] Level 5:colcon.colcon_core.verb:set package 'igus_rebel' build argument 'cmake_args' from command line to 'None'
[0.149s] Level 5:colcon.colcon_core.verb:set package 'igus_rebel' build argument 'cmake_target' from command line to 'None'
[0.149s] Level 5:colcon.colcon_core.verb:set package 'igus_rebel' build argument 'cmake_target_skip_unavailable' from command line to 'False'
[0.149s] Level 5:colcon.colcon_core.verb:set package 'igus_rebel' build argument 'cmake_clean_cache' from command line to 'False'
[0.149s] Level 5:colcon.colcon_core.verb:set package 'igus_rebel' build argument 'cmake_clean_first' from command line to 'False'
[0.149s] Level 5:colcon.colcon_core.verb:set package 'igus_rebel' build argument 'cmake_force_configure' from command line to 'False'
[0.149s] Level 5:colcon.colcon_core.verb:set package 'igus_rebel' build argument 'ament_cmake_args' from command line to 'None'
[0.149s] Level 5:colcon.colcon_core.verb:set package 'igus_rebel' build argument 'catkin_cmake_args' from command line to 'None'
[0.149s] Level 5:colcon.colcon_core.verb:set package 'igus_rebel' build argument 'catkin_skip_building_tests' from command line to 'False'
[0.149s] DEBUG:colcon.colcon_core.verb:Building package 'igus_rebel' with the following arguments: {'ament_cmake_args': None, 'build_base': '/home/vasee22/igus-coffee-moveit/build/igus_rebel', 'catkin_cmake_args': None, 'catkin_skip_building_tests': False, 'cmake_args': None, 'cmake_clean_cache': False, 'cmake_clean_first': False, 'cmake_force_configure': False, 'cmake_target': None, 'cmake_target_skip_unavailable': False, 'install_base': '/home/vasee22/igus-coffee-moveit/install/igus_rebel', 'merge_install': False, 'path': '/home/vasee22/igus-coffee-moveit/src/igus_rebel_ros2/igus_rebel', 'symlink_install': False, 'test_result_base': None}
[0.149s] Level 5:colcon.colcon_core.verb:set package 'igus_rebel_moveit_config' build argument 'cmake_args' from command line to 'None'
[0.149s] Level 5:colcon.colcon_core.verb:set package 'igus_rebel_moveit_config' build argument 'cmake_target' from command line to 'None'
[0.149s] Level 5:colcon.colcon_core.verb:set package 'igus_rebel_moveit_config' build argument 'cmake_target_skip_unavailable' from command line to 'False'
[0.149s] Level 5:colcon.colcon_core.verb:set package 'igus_rebel_moveit_config' build argument 'cmake_clean_cache' from command line to 'False'
[0.149s] Level 5:colcon.colcon_core.verb:set package 'igus_rebel_moveit_config' build argument 'cmake_clean_first' from command line to 'False'
[0.149s] Level 5:colcon.colcon_core.verb:set package 'igus_rebel_moveit_config' build argument 'cmake_force_configure' from command line to 'False'
[0.149s] Level 5:colcon.colcon_core.verb:set package 'igus_rebel_moveit_config' build argument 'ament_cmake_args' from command line to 'None'
[0.149s] Level 5:colcon.colcon_core.verb:set package 'igus_rebel_moveit_config' build argument 'catkin_cmake_args' from command line to 'None'
[0.149s] Level 5:colcon.colcon_core.verb:set package 'igus_rebel_moveit_config' build argument 'catkin_skip_building_tests' from command line to 'False'
[0.149s] DEBUG:colcon.colcon_core.verb:Building package 'igus_rebel_moveit_config' with the following arguments: {'ament_cmake_args': None, 'build_base': '/home/vasee22/igus-coffee-moveit/build/igus_rebel_moveit_config', 'catkin_cmake_args': None, 'catkin_skip_building_tests': False, 'cmake_args': None, 'cmake_clean_cache': False, 'cmake_clean_first': False, 'cmake_force_configure': False, 'cmake_target': None, 'cmake_target_skip_unavailable': False, 'install_base': '/home/vasee22/igus-coffee-moveit/install/igus_rebel_moveit_config', 'merge_install': False, 'path': '/home/vasee22/igus-coffee-moveit/src/igus_rebel_ros2/igus_rebel_moveit_config', 'symlink_install': False, 'test_result_base': None}
[0.149s] INFO:colcon.colcon_core.executor:Executing jobs using 'parallel' executor
[0.150s] DEBUG:colcon.colcon_parallel_executor.executor.parallel:run_until_complete
[0.150s] INFO:colcon.colcon_ros.task.ament_cmake.build:Building ROS package in '/home/vasee22/igus-coffee-moveit/src/igus_rebel_ros2/igus_rebel_description' with build type 'ament_cmake'
[0.150s] INFO:colcon.colcon_cmake.task.cmake.build:Building CMake package in '/home/vasee22/igus-coffee-moveit/src/igus_rebel_ros2/igus_rebel_description'
[0.151s] INFO:colcon.colcon_core.plugin_system:Skipping extension 'colcon_core.shell.bat': Not used on non-Windows systems
[0.151s] INFO:colcon.colcon_core.shell:Skip shell extension 'powershell' for command environment: Not usable outside of PowerShell
[0.151s] DEBUG:colcon.colcon_core.shell:Skip shell extension 'dsv' for command environment
[0.154s] INFO:colcon.colcon_ros.task.ament_cmake.build:Building ROS package in '/home/vasee22/igus-coffee-moveit/src/igus_rebel_ros2/igus_rebel_msgs' with build type 'ament_cmake'
[0.154s] INFO:colcon.colcon_cmake.task.cmake.build:Building CMake package in '/home/vasee22/igus-coffee-moveit/src/igus_rebel_ros2/igus_rebel_msgs'
[0.154s] INFO:colcon.colcon_core.shell:Skip shell extension 'powershell' for command environment: Not usable outside of PowerShell
[0.154s] DEBUG:colcon.colcon_core.shell:Skip shell extension 'dsv' for command environment
[0.156s] INFO:colcon.colcon_ros.task.ament_python.build:Building ROS package in '/home/vasee22/igus-coffee-moveit/src/modbus_ros' with build type 'ament_python'
[0.156s] Level 1:colcon.colcon_core.shell:create_environment_hook('modbus_ros', 'ament_prefix_path')
[0.156s] INFO:colcon.colcon_core.shell:Creating environment hook '/home/vasee22/igus-coffee-moveit/install/modbus_ros/share/modbus_ros/hook/ament_prefix_path.ps1'
[0.156s] INFO:colcon.colcon_core.shell:Creating environment descriptor '/home/vasee22/igus-coffee-moveit/install/modbus_ros/share/modbus_ros/hook/ament_prefix_path.dsv'
[0.157s] INFO:colcon.colcon_core.shell:Creating environment hook '/home/vasee22/igus-coffee-moveit/install/modbus_ros/share/modbus_ros/hook/ament_prefix_path.sh'
[0.157s] INFO:colcon.colcon_core.shell:Skip shell extension 'powershell' for command environment: Not usable outside of PowerShell
[0.157s] DEBUG:colcon.colcon_core.shell:Skip shell extension 'dsv' for command environment
[0.162s] DEBUG:colcon.colcon_core.event_handler.log_command:Invoking command in '/home/vasee22/igus-coffee-moveit/build/igus_rebel_description': CMAKE_PREFIX_PATH=${CMAKE_PREFIX_PATH}:/home/vasee22/igus-coffee-moveit/install/modbus_ros:/home/vasee22/COAR-ROS2-Workspace-mai/install/modbus_ros:/opt/ros/jazzy DEBUGINFOD_URLS=https://debuginfod.ubuntu.com /usr/bin/cmake --build /home/vasee22/igus-coffee-moveit/build/igus_rebel_description -- -j24 -l24
[0.164s] DEBUG:colcon.colcon_core.event_handler.log_command:Invoking command in '/home/vasee22/igus-coffee-moveit/build/igus_rebel_msgs': CMAKE_PREFIX_PATH=${CMAKE_PREFIX_PATH}:/home/vasee22/igus-coffee-moveit/install/modbus_ros:/home/vasee22/COAR-ROS2-Workspace-mai/install/modbus_ros:/opt/ros/jazzy DEBUGINFOD_URLS=https://debuginfod.ubuntu.com /usr/bin/cmake --build /home/vasee22/igus-coffee-moveit/build/igus_rebel_msgs -- -j24 -l24
[0.286s] INFO:colcon.colcon_core.task.python.build:Building Python package in '/home/vasee22/igus-coffee-moveit/src/modbus_ros'
[0.286s] INFO:colcon.colcon_core.shell:Skip shell extension 'powershell' for command environment: Not usable outside of PowerShell
[0.286s] DEBUG:colcon.colcon_core.shell:Skip shell extension 'dsv' for command environment
[0.289s] DEBUG:colcon.colcon_core.event_handler.log_command:Invoked command in '/home/vasee22/igus-coffee-moveit/build/igus_rebel_description' returned '0': CMAKE_PREFIX_PATH=${CMAKE_PREFIX_PATH}:/home/vasee22/igus-coffee-moveit/install/modbus_ros:/home/vasee22/COAR-ROS2-Workspace-mai/install/modbus_ros:/opt/ros/jazzy DEBUGINFOD_URLS=https://debuginfod.ubuntu.com /usr/bin/cmake --build /home/vasee22/igus-coffee-moveit/build/igus_rebel_description -- -j24 -l24
[0.295s] DEBUG:colcon.colcon_core.event_handler.log_command:Invoking command in '/home/vasee22/igus-coffee-moveit/build/igus_rebel_description': CMAKE_PREFIX_PATH=${CMAKE_PREFIX_PATH}:/home/vasee22/igus-coffee-moveit/install/modbus_ros:/home/vasee22/COAR-ROS2-Workspace-mai/install/modbus_ros:/opt/ros/jazzy DEBUGINFOD_URLS=https://debuginfod.ubuntu.com /usr/bin/cmake --install /home/vasee22/igus-coffee-moveit/build/igus_rebel_description
[0.303s] Level 1:colcon.colcon_core.environment:create_environment_scripts_only(igus_rebel_description)
[0.305s] DEBUG:colcon.colcon_core.event_handler.log_command:Invoked command in '/home/vasee22/igus-coffee-moveit/build/igus_rebel_description' returned '0': CMAKE_PREFIX_PATH=${CMAKE_PREFIX_PATH}:/home/vasee22/igus-coffee-moveit/install/modbus_ros:/home/vasee22/COAR-ROS2-Workspace-mai/install/modbus_ros:/opt/ros/jazzy DEBUGINFOD_URLS=https://debuginfod.ubuntu.com /usr/bin/cmake --install /home/vasee22/igus-coffee-moveit/build/igus_rebel_description
[0.305s] Level 1:colcon.colcon_core.environment:checking '/home/vasee22/igus-coffee-moveit/install/igus_rebel_description' for CMake module files
[0.305s] Level 1:colcon.colcon_core.environment:checking '/home/vasee22/igus-coffee-moveit/install/igus_rebel_description' for CMake config files
[0.306s] Level 1:colcon.colcon_core.shell:create_environment_hook('igus_rebel_description', 'cmake_prefix_path')
[0.306s] INFO:colcon.colcon_core.shell:Creating environment hook '/home/vasee22/igus-coffee-moveit/install/igus_rebel_description/share/igus_rebel_description/hook/cmake_prefix_path.ps1'
[0.306s] INFO:colcon.colcon_core.shell:Creating environment descriptor '/home/vasee22/igus-coffee-moveit/install/igus_rebel_description/share/igus_rebel_description/hook/cmake_prefix_path.dsv'
[0.306s] INFO:colcon.colcon_core.shell:Creating environment hook '/home/vasee22/igus-coffee-moveit/install/igus_rebel_description/share/igus_rebel_description/hook/cmake_prefix_path.sh'
[0.306s] Level 1:colcon.colcon_core.environment:checking '/home/vasee22/igus-coffee-moveit/install/igus_rebel_description/bin'
[0.306s] Level 1:colcon.colcon_core.environment:checking '/home/vasee22/igus-coffee-moveit/install/igus_rebel_description/lib/pkgconfig/igus_rebel_description.pc'
[0.306s] Level 1:colcon.colcon_core.environment:checking '/home/vasee22/igus-coffee-moveit/install/igus_rebel_description/lib/python3.12/site-packages'
[0.307s] Level 1:colcon.colcon_core.environment:checking '/home/vasee22/igus-coffee-moveit/install/igus_rebel_description/bin'
[0.307s] INFO:colcon.colcon_core.shell:Creating package script '/home/vasee22/igus-coffee-moveit/install/igus_rebel_description/share/igus_rebel_description/package.ps1'
[0.307s] INFO:colcon.colcon_core.shell:Creating package descriptor '/home/vasee22/igus-coffee-moveit/install/igus_rebel_description/share/igus_rebel_description/package.dsv'
[0.307s] INFO:colcon.colcon_core.shell:Creating package script '/home/vasee22/igus-coffee-moveit/install/igus_rebel_description/share/igus_rebel_description/package.sh'
[0.308s] INFO:colcon.colcon_core.shell:Creating package script '/home/vasee22/igus-coffee-moveit/install/igus_rebel_description/share/igus_rebel_description/package.bash'
[0.308s] INFO:colcon.colcon_core.shell:Creating package script '/home/vasee22/igus-coffee-moveit/install/igus_rebel_description/share/igus_rebel_description/package.zsh'
[0.308s] Level 1:colcon.colcon_core.environment:create_file_with_runtime_dependencies(/home/vasee22/igus-coffee-moveit/install/igus_rebel_description/share/colcon-core/packages/igus_rebel_description)
[0.308s] Level 1:colcon.colcon_core.environment:create_environment_scripts_only(igus_rebel_description)
[0.308s] Level 1:colcon.colcon_core.environment:checking '/home/vasee22/igus-coffee-moveit/install/igus_rebel_description' for CMake module files
[0.309s] Level 1:colcon.colcon_core.environment:checking '/home/vasee22/igus-coffee-moveit/install/igus_rebel_description' for CMake config files
[0.309s] Level 1:colcon.colcon_core.shell:create_environment_hook('igus_rebel_description', 'cmake_prefix_path')
[0.309s] INFO:colcon.colcon_core.shell:Creating environment hook '/home/vasee22/igus-coffee-moveit/install/igus_rebel_description/share/igus_rebel_description/hook/cmake_prefix_path.ps1'
[0.309s] INFO:colcon.colcon_core.shell:Creating environment descriptor '/home/vasee22/igus-coffee-moveit/install/igus_rebel_description/share/igus_rebel_description/hook/cmake_prefix_path.dsv'
[0.309s] INFO:colcon.colcon_core.shell:Creating environment hook '/home/vasee22/igus-coffee-moveit/install/igus_rebel_description/share/igus_rebel_description/hook/cmake_prefix_path.sh'
[0.309s] Level 1:colcon.colcon_core.environment:checking '/home/vasee22/igus-coffee-moveit/install/igus_rebel_description/bin'
[0.309s] Level 1:colcon.colcon_core.environment:checking '/home/vasee22/igus-coffee-moveit/install/igus_rebel_description/lib/pkgconfig/igus_rebel_description.pc'
[0.309s] Level 1:colcon.colcon_core.environment:checking '/home/vasee22/igus-coffee-moveit/install/igus_rebel_description/lib/python3.12/site-packages'
[0.310s] Level 1:colcon.colcon_core.environment:checking '/home/vasee22/igus-coffee-moveit/install/igus_rebel_description/bin'
[0.310s] INFO:colcon.colcon_core.shell:Creating package script '/home/vasee22/igus-coffee-moveit/install/igus_rebel_description/share/igus_rebel_description/package.ps1'
[0.310s] INFO:colcon.colcon_core.shell:Creating package descriptor '/home/vasee22/igus-coffee-moveit/install/igus_rebel_description/share/igus_rebel_description/package.dsv'
[0.310s] INFO:colcon.colcon_core.shell:Creating package script '/home/vasee22/igus-coffee-moveit/install/igus_rebel_description/share/igus_rebel_description/package.sh'
[0.310s] INFO:colcon.colcon_core.shell:Creating package script '/home/vasee22/igus-coffee-moveit/install/igus_rebel_description/share/igus_rebel_description/package.bash'
[0.310s] INFO:colcon.colcon_core.shell:Creating package script '/home/vasee22/igus-coffee-moveit/install/igus_rebel_description/share/igus_rebel_description/package.zsh'
[0.311s] Level 1:colcon.colcon_core.environment:create_file_with_runtime_dependencies(/home/vasee22/igus-coffee-moveit/install/igus_rebel_description/share/colcon-core/packages/igus_rebel_description)
[0.311s] INFO:colcon.colcon_ros.task.ament_cmake.build:Building ROS package in '/home/vasee22/igus-coffee-moveit/src/igus_rebel_ros2/igus_rebel_moveit_config' with build type 'ament_cmake'
[0.311s] INFO:colcon.colcon_cmake.task.cmake.build:Building CMake package in '/home/vasee22/igus-coffee-moveit/src/igus_rebel_ros2/igus_rebel_moveit_config'
[0.311s] INFO:colcon.colcon_core.shell:Skip shell extension 'powershell' for command environment: Not usable outside of PowerShell
[0.311s] DEBUG:colcon.colcon_core.shell:Skip shell extension 'dsv' for command environment
[0.316s] DEBUG:colcon.colcon_core.event_handler.log_command:Invoking command in '/home/vasee22/igus-coffee-moveit/build/igus_rebel_moveit_config': CMAKE_PREFIX_PATH=/home/vasee22/igus-coffee-moveit/install/igus_rebel_description:/home/vasee22/igus-coffee-moveit/install/igus_rebel:/home/vasee22/igus-coffee-moveit/install/igus_rebel_msgs:/home/vasee22/igus-coffee-moveit/install/igus_rebel_moveit_config:/home/vasee22/COAR-ROS2-Workspace-mai/install/moveit_task_constructor_demo:/home/vasee22/COAR-ROS2-Workspace-mai/install/moveit_task_constructor_visualization:/home/vasee22/COAR-ROS2-Workspace-mai/install/moveit_task_constructor_capabilities:/home/vasee22/COAR-ROS2-Workspace-mai/install/igus_rebel:/home/vasee22/COAR-ROS2-Workspace-mai/install/moveit_task_constructor_core:/home/vasee22/COAR-ROS2-Workspace-mai/install/rviz_marker_tools:/home/vasee22/COAR-ROS2-Workspace-mai/install/moveit_task_constructor_msgs:/home/vasee22/COAR-ROS2-Workspace-mai/install/igus_rebel_msgs:/home/vasee22/COAR-ROS2-Workspace-mai/install/igus_rebel_moveit_config:/home/vasee22/COAR-ROS2-Workspace-mai/install/igus_rebel_description:/opt/ros/jazzy/opt/gz_sim_vendor:/opt/ros/jazzy/opt/gz_sensors_vendor:/opt/ros/jazzy/opt/gz_physics_vendor:/opt/ros/jazzy/opt/sdformat_vendor:/opt/ros/jazzy/opt/gz_gui_vendor:/opt/ros/jazzy/opt/gz_transport_vendor:/opt/ros/jazzy/opt/gz_rendering_vendor:/opt/ros/jazzy/opt/gz_plugin_vendor:/opt/ros/jazzy/opt/gz_fuel_tools_vendor:/opt/ros/jazzy/opt/gz_msgs_vendor:/opt/ros/jazzy/opt/gz_common_vendor:/opt/ros/jazzy/opt/gz_math_vendor:/opt/ros/jazzy/opt/gz_utils_vendor:/opt/ros/jazzy/opt/gz_tools_vendor:/opt/ros/jazzy/opt/gz_ogre_next_vendor:/opt/ros/jazzy/opt/gz_dartsim_vendor:/opt/ros/jazzy/opt/gz_cmake_vendor:/home/vasee22/igus-coffee-moveit/install/modbus_ros:/home/vasee22/COAR-ROS2-Workspace-mai/install/modbus_ros:/opt/ros/jazzy DEBUGINFOD_URLS=https://debuginfod.ubuntu.com /usr/bin/cmake --build /home/vasee22/igus-coffee-moveit/build/igus_rebel_moveit_config -- -j24 -l24
[0.344s] DEBUG:colcon.colcon_core.event_handler.log_command:Invoked command in '/home/vasee22/igus-coffee-moveit/build/igus_rebel_moveit_config' returned '0': CMAKE_PREFIX_PATH=/home/vasee22/igus-coffee-moveit/install/igus_rebel_description:/home/vasee22/igus-coffee-moveit/install/igus_rebel:/home/vasee22/igus-coffee-moveit/install/igus_rebel_msgs:/home/vasee22/igus-coffee-moveit/install/igus_rebel_moveit_config:/home/vasee22/COAR-ROS2-Workspace-mai/install/moveit_task_constructor_demo:/home/vasee22/COAR-ROS2-Workspace-mai/install/moveit_task_constructor_visualization:/home/vasee22/COAR-ROS2-Workspace-mai/install/moveit_task_constructor_capabilities:/home/vasee22/COAR-ROS2-Workspace-mai/install/igus_rebel:/home/vasee22/COAR-ROS2-Workspace-mai/install/moveit_task_constructor_core:/home/vasee22/COAR-ROS2-Workspace-mai/install/rviz_marker_tools:/home/vasee22/COAR-ROS2-Workspace-mai/install/moveit_task_constructor_msgs:/home/vasee22/COAR-ROS2-Workspace-mai/install/igus_rebel_msgs:/home/vasee22/COAR-ROS2-Workspace-mai/install/igus_rebel_moveit_config:/home/vasee22/COAR-ROS2-Workspace-mai/install/igus_rebel_description:/opt/ros/jazzy/opt/gz_sim_vendor:/opt/ros/jazzy/opt/gz_sensors_vendor:/opt/ros/jazzy/opt/gz_physics_vendor:/opt/ros/jazzy/opt/sdformat_vendor:/opt/ros/jazzy/opt/gz_gui_vendor:/opt/ros/jazzy/opt/gz_transport_vendor:/opt/ros/jazzy/opt/gz_rendering_vendor:/opt/ros/jazzy/opt/gz_plugin_vendor:/opt/ros/jazzy/opt/gz_fuel_tools_vendor:/opt/ros/jazzy/opt/gz_msgs_vendor:/opt/ros/jazzy/opt/gz_common_vendor:/opt/ros/jazzy/opt/gz_math_vendor:/opt/ros/jazzy/opt/gz_utils_vendor:/opt/ros/jazzy/opt/gz_tools_vendor:/opt/ros/jazzy/opt/gz_ogre_next_vendor:/opt/ros/jazzy/opt/gz_dartsim_vendor:/opt/ros/jazzy/opt/gz_cmake_vendor:/home/vasee22/igus-coffee-moveit/install/modbus_ros:/home/vasee22/COAR-ROS2-Workspace-mai/install/modbus_ros:/opt/ros/jazzy DEBUGINFOD_URLS=https://debuginfod.ubuntu.com /usr/bin/cmake --build /home/vasee22/igus-coffee-moveit/build/igus_rebel_moveit_config -- -j24 -l24
[0.344s] DEBUG:colcon.colcon_core.event_handler.log_command:Invoking command in '/home/vasee22/igus-coffee-moveit/build/igus_rebel_moveit_config': CMAKE_PREFIX_PATH=/home/vasee22/igus-coffee-moveit/install/igus_rebel_description:/home/vasee22/igus-coffee-moveit/install/igus_rebel:/home/vasee22/igus-coffee-moveit/install/igus_rebel_msgs:/home/vasee22/igus-coffee-moveit/install/igus_rebel_moveit_config:/home/vasee22/COAR-ROS2-Workspace-mai/install/moveit_task_constructor_demo:/home/vasee22/COAR-ROS2-Workspace-mai/install/moveit_task_constructor_visualization:/home/vasee22/COAR-ROS2-Workspace-mai/install/moveit_task_constructor_capabilities:/home/vasee22/COAR-ROS2-Workspace-mai/install/igus_rebel:/home/vasee22/COAR-ROS2-Workspace-mai/install/moveit_task_constructor_core:/home/vasee22/COAR-ROS2-Workspace-mai/install/rviz_marker_tools:/home/vasee22/COAR-ROS2-Workspace-mai/install/moveit_task_constructor_msgs:/home/vasee22/COAR-ROS2-Workspace-mai/install/igus_rebel_msgs:/home/vasee22/COAR-ROS2-Workspace-mai/install/igus_rebel_moveit_config:/home/vasee22/COAR-ROS2-Workspace-mai/install/igus_rebel_description:/opt/ros/jazzy/opt/gz_sim_vendor:/opt/ros/jazzy/opt/gz_sensors_vendor:/opt/ros/jazzy/opt/gz_physics_vendor:/opt/ros/jazzy/opt/sdformat_vendor:/opt/ros/jazzy/opt/gz_gui_vendor:/opt/ros/jazzy/opt/gz_transport_vendor:/opt/ros/jazzy/opt/gz_rendering_vendor:/opt/ros/jazzy/opt/gz_plugin_vendor:/opt/ros/jazzy/opt/gz_fuel_tools_vendor:/opt/ros/jazzy/opt/gz_msgs_vendor:/opt/ros/jazzy/opt/gz_common_vendor:/opt/ros/jazzy/opt/gz_math_vendor:/opt/ros/jazzy/opt/gz_utils_vendor:/opt/ros/jazzy/opt/gz_tools_vendor:/opt/ros/jazzy/opt/gz_ogre_next_vendor:/opt/ros/jazzy/opt/gz_dartsim_vendor:/opt/ros/jazzy/opt/gz_cmake_vendor:/home/vasee22/igus-coffee-moveit/install/modbus_ros:/home/vasee22/COAR-ROS2-Workspace-mai/install/modbus_ros:/opt/ros/jazzy DEBUGINFOD_URLS=https://debuginfod.ubuntu.com /usr/bin/cmake --install /home/vasee22/igus-coffee-moveit/build/igus_rebel_moveit_config
[0.351s] Level 1:colcon.colcon_core.environment:create_environment_scripts_only(igus_rebel_moveit_config)
[0.351s] Level 1:colcon.colcon_core.environment:checking '/home/vasee22/igus-coffee-moveit/install/igus_rebel_moveit_config' for CMake module files
[0.351s] DEBUG:colcon.colcon_core.event_handler.log_command:Invoked command in '/home/vasee22/igus-coffee-moveit/build/igus_rebel_moveit_config' returned '0': CMAKE_PREFIX_PATH=/home/vasee22/igus-coffee-moveit/install/igus_rebel_description:/home/vasee22/igus-coffee-moveit/install/igus_rebel:/home/vasee22/igus-coffee-moveit/install/igus_rebel_msgs:/home/vasee22/igus-coffee-moveit/install/igus_rebel_moveit_config:/home/vasee22/COAR-ROS2-Workspace-mai/install/moveit_task_constructor_demo:/home/vasee22/COAR-ROS2-Workspace-mai/install/moveit_task_constructor_visualization:/home/vasee22/COAR-ROS2-Workspace-mai/install/moveit_task_constructor_capabilities:/home/vasee22/COAR-ROS2-Workspace-mai/install/igus_rebel:/home/vasee22/COAR-ROS2-Workspace-mai/install/moveit_task_constructor_core:/home/vasee22/COAR-ROS2-Workspace-mai/install/rviz_marker_tools:/home/vasee22/COAR-ROS2-Workspace-mai/install/moveit_task_constructor_msgs:/home/vasee22/COAR-ROS2-Workspace-mai/install/igus_rebel_msgs:/home/vasee22/COAR-ROS2-Workspace-mai/install/igus_rebel_moveit_config:/home/vasee22/COAR-ROS2-Workspace-mai/install/igus_rebel_description:/opt/ros/jazzy/opt/gz_sim_vendor:/opt/ros/jazzy/opt/gz_sensors_vendor:/opt/ros/jazzy/opt/gz_physics_vendor:/opt/ros/jazzy/opt/sdformat_vendor:/opt/ros/jazzy/opt/gz_gui_vendor:/opt/ros/jazzy/opt/gz_transport_vendor:/opt/ros/jazzy/opt/gz_rendering_vendor:/opt/ros/jazzy/opt/gz_plugin_vendor:/opt/ros/jazzy/opt/gz_fuel_tools_vendor:/opt/ros/jazzy/opt/gz_msgs_vendor:/opt/ros/jazzy/opt/gz_common_vendor:/opt/ros/jazzy/opt/gz_math_vendor:/opt/ros/jazzy/opt/gz_utils_vendor:/opt/ros/jazzy/opt/gz_tools_vendor:/opt/ros/jazzy/opt/gz_ogre_next_vendor:/opt/ros/jazzy/opt/gz_dartsim_vendor:/opt/ros/jazzy/opt/gz_cmake_vendor:/home/vasee22/igus-coffee-moveit/install/modbus_ros:/home/vasee22/COAR-ROS2-Workspace-mai/install/modbus_ros:/opt/ros/jazzy DEBUGINFOD_URLS=https://debuginfod.ubuntu.com /usr/bin/cmake --install /home/vasee22/igus-coffee-moveit/build/igus_rebel_moveit_config
[0.351s] Level 1:colcon.colcon_core.environment:checking '/home/vasee22/igus-coffee-moveit/install/igus_rebel_moveit_config' for CMake config files
[0.352s] Level 1:colcon.colcon_core.shell:create_environment_hook('igus_rebel_moveit_config', 'cmake_prefix_path')
[0.352s] INFO:colcon.colcon_core.shell:Creating environment hook '/home/vasee22/igus-coffee-moveit/install/igus_rebel_moveit_config/share/igus_rebel_moveit_config/hook/cmake_prefix_path.ps1'
[0.352s] INFO:colcon.colcon_core.shell:Creating environment descriptor '/home/vasee22/igus-coffee-moveit/install/igus_rebel_moveit_config/share/igus_rebel_moveit_config/hook/cmake_prefix_path.dsv'
[0.352s] INFO:colcon.colcon_core.shell:Creating environment hook '/home/vasee22/igus-coffee-moveit/install/igus_rebel_moveit_config/share/igus_rebel_moveit_config/hook/cmake_prefix_path.sh'
[0.352s] Level 1:colcon.colcon_core.environment:checking '/home/vasee22/igus-coffee-moveit/install/igus_rebel_moveit_config/bin'
[0.352s] Level 1:colcon.colcon_core.environment:checking '/home/vasee22/igus-coffee-moveit/install/igus_rebel_moveit_config/lib/pkgconfig/igus_rebel_moveit_config.pc'
[0.352s] Level 1:colcon.colcon_core.environment:checking '/home/vasee22/igus-coffee-moveit/install/igus_rebel_moveit_config/lib/python3.12/site-packages'
[0.352s] Level 1:colcon.colcon_core.environment:checking '/home/vasee22/igus-coffee-moveit/install/igus_rebel_moveit_config/bin'
[0.353s] INFO:colcon.colcon_core.shell:Creating package script '/home/vasee22/igus-coffee-moveit/install/igus_rebel_moveit_config/share/igus_rebel_moveit_config/package.ps1'
[0.353s] INFO:colcon.colcon_core.shell:Creating package descriptor '/home/vasee22/igus-coffee-moveit/install/igus_rebel_moveit_config/share/igus_rebel_moveit_config/package.dsv'
[0.353s] INFO:colcon.colcon_core.shell:Creating package script '/home/vasee22/igus-coffee-moveit/install/igus_rebel_moveit_config/share/igus_rebel_moveit_config/package.sh'
[0.353s] INFO:colcon.colcon_core.shell:Creating package script '/home/vasee22/igus-coffee-moveit/install/igus_rebel_moveit_config/share/igus_rebel_moveit_config/package.bash'
[0.353s] INFO:colcon.colcon_core.shell:Creating package script '/home/vasee22/igus-coffee-moveit/install/igus_rebel_moveit_config/share/igus_rebel_moveit_config/package.zsh'
[0.353s] Level 1:colcon.colcon_core.environment:create_file_with_runtime_dependencies(/home/vasee22/igus-coffee-moveit/install/igus_rebel_moveit_config/share/colcon-core/packages/igus_rebel_moveit_config)
[0.354s] Level 1:colcon.colcon_core.environment:create_environment_scripts_only(igus_rebel_moveit_config)
[0.354s] Level 1:colcon.colcon_core.environment:checking '/home/vasee22/igus-coffee-moveit/install/igus_rebel_moveit_config' for CMake module files
[0.354s] Level 1:colcon.colcon_core.environment:checking '/home/vasee22/igus-coffee-moveit/install/igus_rebel_moveit_config' for CMake config files
[0.354s] Level 1:colcon.colcon_core.shell:create_environment_hook('igus_rebel_moveit_config', 'cmake_prefix_path')
[0.354s] INFO:colcon.colcon_core.shell:Creating environment hook '/home/vasee22/igus-coffee-moveit/install/igus_rebel_moveit_config/share/igus_rebel_moveit_config/hook/cmake_prefix_path.ps1'
[0.354s] INFO:colcon.colcon_core.shell:Creating environment descriptor '/home/vasee22/igus-coffee-moveit/install/igus_rebel_moveit_config/share/igus_rebel_moveit_config/hook/cmake_prefix_path.dsv'
[0.354s] INFO:colcon.colcon_core.shell:Creating environment hook '/home/vasee22/igus-coffee-moveit/install/igus_rebel_moveit_config/share/igus_rebel_moveit_config/hook/cmake_prefix_path.sh'
[0.354s] Level 1:colcon.colcon_core.environment:checking '/home/vasee22/igus-coffee-moveit/install/igus_rebel_moveit_config/bin'
[0.355s] Level 1:colcon.colcon_core.environment:checking '/home/vasee22/igus-coffee-moveit/install/igus_rebel_moveit_config/lib/pkgconfig/igus_rebel_moveit_config.pc'
[0.355s] Level 1:colcon.colcon_core.environment:checking '/home/vasee22/igus-coffee-moveit/install/igus_rebel_moveit_config/lib/python3.12/site-packages'
[0.355s] Level 1:colcon.colcon_core.environment:checking '/home/vasee22/igus-coffee-moveit/install/igus_rebel_moveit_config/bin'
[0.355s] INFO:colcon.colcon_core.shell:Creating package script '/home/vasee22/igus-coffee-moveit/install/igus_rebel_moveit_config/share/igus_rebel_moveit_config/package.ps1'
[0.355s] INFO:colcon.colcon_core.shell:Creating package descriptor '/home/vasee22/igus-coffee-moveit/install/igus_rebel_moveit_config/share/igus_rebel_moveit_config/package.dsv'
[0.355s] INFO:colcon.colcon_core.shell:Creating package script '/home/vasee22/igus-coffee-moveit/install/igus_rebel_moveit_config/share/igus_rebel_moveit_config/package.sh'
[0.355s] INFO:colcon.colcon_core.shell:Creating package script '/home/vasee22/igus-coffee-moveit/install/igus_rebel_moveit_config/share/igus_rebel_moveit_config/package.bash'
[0.356s] INFO:colcon.colcon_core.shell:Creating package script '/home/vasee22/igus-coffee-moveit/install/igus_rebel_moveit_config/share/igus_rebel_moveit_config/package.zsh'
[0.356s] Level 1:colcon.colcon_core.environment:create_file_with_runtime_dependencies(/home/vasee22/igus-coffee-moveit/install/igus_rebel_moveit_config/share/colcon-core/packages/igus_rebel_moveit_config)
[0.399s] DEBUG:colcon.colcon_core.event_handler.log_command:Invoked command in '/home/vasee22/igus-coffee-moveit/build/igus_rebel_msgs' returned '0': CMAKE_PREFIX_PATH=${CMAKE_PREFIX_PATH}:/home/vasee22/igus-coffee-moveit/install/modbus_ros:/home/vasee22/COAR-ROS2-Workspace-mai/install/modbus_ros:/opt/ros/jazzy DEBUGINFOD_URLS=https://debuginfod.ubuntu.com /usr/bin/cmake --build /home/vasee22/igus-coffee-moveit/build/igus_rebel_msgs -- -j24 -l24
[0.399s] DEBUG:colcon.colcon_core.event_handler.log_command:Invoking command in '/home/vasee22/igus-coffee-moveit/build/igus_rebel_msgs': CMAKE_PREFIX_PATH=${CMAKE_PREFIX_PATH}:/home/vasee22/igus-coffee-moveit/install/modbus_ros:/home/vasee22/COAR-ROS2-Workspace-mai/install/modbus_ros:/opt/ros/jazzy DEBUGINFOD_URLS=https://debuginfod.ubuntu.com /usr/bin/cmake --install /home/vasee22/igus-coffee-moveit/build/igus_rebel_msgs
[0.435s] Level 1:colcon.colcon_core.environment:create_environment_scripts_only(igus_rebel_msgs)
[0.435s] Level 1:colcon.colcon_core.environment:checking '/home/vasee22/igus-coffee-moveit/install/igus_rebel_msgs' for CMake module files
[0.436s] DEBUG:colcon.colcon_core.event_handler.log_command:Invoked command in '/home/vasee22/igus-coffee-moveit/build/igus_rebel_msgs' returned '0': CMAKE_PREFIX_PATH=${CMAKE_PREFIX_PATH}:/home/vasee22/igus-coffee-moveit/install/modbus_ros:/home/vasee22/COAR-ROS2-Workspace-mai/install/modbus_ros:/opt/ros/jazzy DEBUGINFOD_URLS=https://debuginfod.ubuntu.com /usr/bin/cmake --install /home/vasee22/igus-coffee-moveit/build/igus_rebel_msgs
[0.436s] Level 1:colcon.colcon_core.environment:checking '/home/vasee22/igus-coffee-moveit/install/igus_rebel_msgs' for CMake config files
[0.436s] Level 1:colcon.colcon_core.shell:create_environment_hook('igus_rebel_msgs', 'cmake_prefix_path')
[0.436s] INFO:colcon.colcon_core.shell:Creating environment hook '/home/vasee22/igus-coffee-moveit/install/igus_rebel_msgs/share/igus_rebel_msgs/hook/cmake_prefix_path.ps1'
[0.437s] INFO:colcon.colcon_core.shell:Creating environment descriptor '/home/vasee22/igus-coffee-moveit/install/igus_rebel_msgs/share/igus_rebel_msgs/hook/cmake_prefix_path.dsv'
[0.437s] INFO:colcon.colcon_core.shell:Creating environment hook '/home/vasee22/igus-coffee-moveit/install/igus_rebel_msgs/share/igus_rebel_msgs/hook/cmake_prefix_path.sh'
[0.437s] Level 1:colcon.colcon_core.environment:checking '/home/vasee22/igus-coffee-moveit/install/igus_rebel_msgs/lib'
[0.437s] Level 1:colcon.colcon_core.shell:create_environment_hook('igus_rebel_msgs', 'ld_library_path_lib')
[0.437s] INFO:colcon.colcon_core.shell:Creating environment hook '/home/vasee22/igus-coffee-moveit/install/igus_rebel_msgs/share/igus_rebel_msgs/hook/ld_library_path_lib.ps1'
[0.437s] INFO:colcon.colcon_core.shell:Creating environment descriptor '/home/vasee22/igus-coffee-moveit/install/igus_rebel_msgs/share/igus_rebel_msgs/hook/ld_library_path_lib.dsv'
[0.438s] INFO:colcon.colcon_core.shell:Creating environment hook '/home/vasee22/igus-coffee-moveit/install/igus_rebel_msgs/share/igus_rebel_msgs/hook/ld_library_path_lib.sh'
[0.438s] Level 1:colcon.colcon_core.environment:checking '/home/vasee22/igus-coffee-moveit/install/igus_rebel_msgs/bin'
[0.438s] Level 1:colcon.colcon_core.environment:checking '/home/vasee22/igus-coffee-moveit/install/igus_rebel_msgs/lib/pkgconfig/igus_rebel_msgs.pc'
[0.438s] Level 1:colcon.colcon_core.environment:checking '/home/vasee22/igus-coffee-moveit/install/igus_rebel_msgs/lib/python3.12/site-packages'
[0.438s] Level 1:colcon.colcon_core.shell:create_environment_hook('igus_rebel_msgs', 'pythonpath')
[0.438s] INFO:colcon.colcon_core.shell:Creating environment hook '/home/vasee22/igus-coffee-moveit/install/igus_rebel_msgs/share/igus_rebel_msgs/hook/pythonpath.ps1'
[0.438s] INFO:colcon.colcon_core.shell:Creating environment descriptor '/home/vasee22/igus-coffee-moveit/install/igus_rebel_msgs/share/igus_rebel_msgs/hook/pythonpath.dsv'
[0.438s] INFO:colcon.colcon_core.shell:Creating environment hook '/home/vasee22/igus-coffee-moveit/install/igus_rebel_msgs/share/igus_rebel_msgs/hook/pythonpath.sh'
[0.439s] Level 1:colcon.colcon_core.environment:checking '/home/vasee22/igus-coffee-moveit/install/igus_rebel_msgs/bin'
[0.439s] INFO:colcon.colcon_core.shell:Creating package script '/home/vasee22/igus-coffee-moveit/install/igus_rebel_msgs/share/igus_rebel_msgs/package.ps1'
[0.439s] INFO:colcon.colcon_core.shell:Creating package descriptor '/home/vasee22/igus-coffee-moveit/install/igus_rebel_msgs/share/igus_rebel_msgs/package.dsv'
[0.439s] INFO:colcon.colcon_core.shell:Creating package script '/home/vasee22/igus-coffee-moveit/install/igus_rebel_msgs/share/igus_rebel_msgs/package.sh'
[0.440s] INFO:colcon.colcon_core.shell:Creating package script '/home/vasee22/igus-coffee-moveit/install/igus_rebel_msgs/share/igus_rebel_msgs/package.bash'
[0.440s] INFO:colcon.colcon_core.shell:Creating package script '/home/vasee22/igus-coffee-moveit/install/igus_rebel_msgs/share/igus_rebel_msgs/package.zsh'
[0.440s] Level 1:colcon.colcon_core.environment:create_file_with_runtime_dependencies(/home/vasee22/igus-coffee-moveit/install/igus_rebel_msgs/share/colcon-core/packages/igus_rebel_msgs)
[0.440s] Level 1:colcon.colcon_core.environment:create_environment_scripts_only(igus_rebel_msgs)
[0.440s] Level 1:colcon.colcon_core.environment:checking '/home/vasee22/igus-coffee-moveit/install/igus_rebel_msgs' for CMake module files
[0.441s] Level 1:colcon.colcon_core.environment:checking '/home/vasee22/igus-coffee-moveit/install/igus_rebel_msgs' for CMake config files
[0.441s] Level 1:colcon.colcon_core.shell:create_environment_hook('igus_rebel_msgs', 'cmake_prefix_path')
[0.441s] INFO:colcon.colcon_core.shell:Creating environment hook '/home/vasee22/igus-coffee-moveit/install/igus_rebel_msgs/share/igus_rebel_msgs/hook/cmake_prefix_path.ps1'
[0.441s] INFO:colcon.colcon_core.shell:Creating environment descriptor '/home/vasee22/igus-coffee-moveit/install/igus_rebel_msgs/share/igus_rebel_msgs/hook/cmake_prefix_path.dsv'
[0.441s] INFO:colcon.colcon_core.shell:Creating environment hook '/home/vasee22/igus-coffee-moveit/install/igus_rebel_msgs/share/igus_rebel_msgs/hook/cmake_prefix_path.sh'
[0.441s] Level 1:colcon.colcon_core.environment:checking '/home/vasee22/igus-coffee-moveit/install/igus_rebel_msgs/lib'
[0.442s] Level 1:colcon.colcon_core.shell:create_environment_hook('igus_rebel_msgs', 'ld_library_path_lib')
[0.442s] INFO:colcon.colcon_core.shell:Creating environment hook '/home/vasee22/igus-coffee-moveit/install/igus_rebel_msgs/share/igus_rebel_msgs/hook/ld_library_path_lib.ps1'
[0.442s] INFO:colcon.colcon_core.shell:Creating environment descriptor '/home/vasee22/igus-coffee-moveit/install/igus_rebel_msgs/share/igus_rebel_msgs/hook/ld_library_path_lib.dsv'
[0.442s] INFO:colcon.colcon_core.shell:Creating environment hook '/home/vasee22/igus-coffee-moveit/install/igus_rebel_msgs/share/igus_rebel_msgs/hook/ld_library_path_lib.sh'
[0.442s] Level 1:colcon.colcon_core.environment:checking '/home/vasee22/igus-coffee-moveit/install/igus_rebel_msgs/bin'
[0.442s] Level 1:colcon.colcon_core.environment:checking '/home/vasee22/igus-coffee-moveit/install/igus_rebel_msgs/lib/pkgconfig/igus_rebel_msgs.pc'
[0.442s] Level 1:colcon.colcon_core.environment:checking '/home/vasee22/igus-coffee-moveit/install/igus_rebel_msgs/lib/python3.12/site-packages'
[0.442s] Level 1:colcon.colcon_core.shell:create_environment_hook('igus_rebel_msgs', 'pythonpath')
[0.442s] INFO:colcon.colcon_core.shell:Creating environment hook '/home/vasee22/igus-coffee-moveit/install/igus_rebel_msgs/share/igus_rebel_msgs/hook/pythonpath.ps1'
[0.443s] INFO:colcon.colcon_core.shell:Creating environment descriptor '/home/vasee22/igus-coffee-moveit/install/igus_rebel_msgs/share/igus_rebel_msgs/hook/pythonpath.dsv'
[0.443s] INFO:colcon.colcon_core.shell:Creating environment hook '/home/vasee22/igus-coffee-moveit/install/igus_rebel_msgs/share/igus_rebel_msgs/hook/pythonpath.sh'
[0.443s] Level 1:colcon.colcon_core.environment:checking '/home/vasee22/igus-coffee-moveit/install/igus_rebel_msgs/bin'
[0.443s] INFO:colcon.colcon_core.shell:Creating package script '/home/vasee22/igus-coffee-moveit/install/igus_rebel_msgs/share/igus_rebel_msgs/package.ps1'
[0.444s] INFO:colcon.colcon_core.shell:Creating package descriptor '/home/vasee22/igus-coffee-moveit/install/igus_rebel_msgs/share/igus_rebel_msgs/package.dsv'
[0.444s] INFO:colcon.colcon_core.shell:Creating package script '/home/vasee22/igus-coffee-moveit/install/igus_rebel_msgs/share/igus_rebel_msgs/package.sh'
[0.444s] INFO:colcon.colcon_core.shell:Creating package script '/home/vasee22/igus-coffee-moveit/install/igus_rebel_msgs/share/igus_rebel_msgs/package.bash'
[0.444s] INFO:colcon.colcon_core.shell:Creating package script '/home/vasee22/igus-coffee-moveit/install/igus_rebel_msgs/share/igus_rebel_msgs/package.zsh'
[0.444s] Level 1:colcon.colcon_core.environment:create_file_with_runtime_dependencies(/home/vasee22/igus-coffee-moveit/install/igus_rebel_msgs/share/colcon-core/packages/igus_rebel_msgs)
[0.444s] INFO:colcon.colcon_ros.task.ament_cmake.build:Building ROS package in '/home/vasee22/igus-coffee-moveit/src/igus_rebel_ros2/igus_rebel' with build type 'ament_cmake'
[0.445s] INFO:colcon.colcon_cmake.task.cmake.build:Building CMake package in '/home/vasee22/igus-coffee-moveit/src/igus_rebel_ros2/igus_rebel'
[0.445s] INFO:colcon.colcon_core.shell:Skip shell extension 'powershell' for command environment: Not usable outside of PowerShell
[0.445s] DEBUG:colcon.colcon_core.shell:Skip shell extension 'dsv' for command environment
[0.452s] DEBUG:colcon.colcon_core.event_handler.log_command:Invoking command in '/home/vasee22/igus-coffee-moveit/build/igus_rebel': CMAKE_PREFIX_PATH=/home/vasee22/igus-coffee-moveit/install/igus_rebel_msgs:/home/vasee22/igus-coffee-moveit/install/igus_rebel:/home/vasee22/igus-coffee-moveit/install/igus_rebel_moveit_config:/home/vasee22/igus-coffee-moveit/install/igus_rebel_description:/home/vasee22/COAR-ROS2-Workspace-mai/install/moveit_task_constructor_demo:/home/vasee22/COAR-ROS2-Workspace-mai/install/moveit_task_constructor_visualization:/home/vasee22/COAR-ROS2-Workspace-mai/install/moveit_task_constructor_capabilities:/home/vasee22/COAR-ROS2-Workspace-mai/install/igus_rebel:/home/vasee22/COAR-ROS2-Workspace-mai/install/moveit_task_constructor_core:/home/vasee22/COAR-ROS2-Workspace-mai/install/rviz_marker_tools:/home/vasee22/COAR-ROS2-Workspace-mai/install/moveit_task_constructor_msgs:/home/vasee22/COAR-ROS2-Workspace-mai/install/igus_rebel_msgs:/home/vasee22/COAR-ROS2-Workspace-mai/install/igus_rebel_moveit_config:/home/vasee22/COAR-ROS2-Workspace-mai/install/igus_rebel_description:/opt/ros/jazzy/opt/gz_sim_vendor:/opt/ros/jazzy/opt/gz_sensors_vendor:/opt/ros/jazzy/opt/gz_physics_vendor:/opt/ros/jazzy/opt/sdformat_vendor:/opt/ros/jazzy/opt/gz_gui_vendor:/opt/ros/jazzy/opt/gz_transport_vendor:/opt/ros/jazzy/opt/gz_rendering_vendor:/opt/ros/jazzy/opt/gz_plugin_vendor:/opt/ros/jazzy/opt/gz_fuel_tools_vendor:/opt/ros/jazzy/opt/gz_msgs_vendor:/opt/ros/jazzy/opt/gz_common_vendor:/opt/ros/jazzy/opt/gz_math_vendor:/opt/ros/jazzy/opt/gz_utils_vendor:/opt/ros/jazzy/opt/gz_tools_vendor:/opt/ros/jazzy/opt/gz_ogre_next_vendor:/opt/ros/jazzy/opt/gz_dartsim_vendor:/opt/ros/jazzy/opt/gz_cmake_vendor:/home/vasee22/igus-coffee-moveit/install/modbus_ros:/home/vasee22/COAR-ROS2-Workspace-mai/install/modbus_ros:/opt/ros/jazzy DEBUGINFOD_URLS=https://debuginfod.ubuntu.com LD_LIBRARY_PATH=/home/vasee22/igus-coffee-moveit/install/igus_rebel_msgs/lib:/home/vasee22/igus-coffee-moveit/install/igus_rebel/lib:/home/vasee22/COAR-ROS2-Workspace-mai/install/moveit_task_constructor_demo/lib:/home/vasee22/COAR-ROS2-Workspace-mai/install/moveit_task_constructor_visualization/lib:/home/vasee22/COAR-ROS2-Workspace-mai/install/moveit_task_constructor_capabilities/lib:/home/vasee22/COAR-ROS2-Workspace-mai/install/igus_rebel/lib:/home/vasee22/COAR-ROS2-Workspace-mai/install/moveit_task_constructor_core/lib:/home/vasee22/COAR-ROS2-Workspace-mai/install/rviz_marker_tools/lib:/home/vasee22/COAR-ROS2-Workspace-mai/install/moveit_task_constructor_msgs/lib:/home/vasee22/COAR-ROS2-Workspace-mai/install/igus_rebel_msgs/lib:/opt/ros/jazzy/opt/gz_sim_vendor/lib:/opt/ros/jazzy/opt/gz_sensors_vendor/lib:/opt/ros/jazzy/opt/gz_physics_vendor/lib:/opt/ros/jazzy/opt/sdformat_vendor/lib:/opt/ros/jazzy/opt/rviz_ogre_vendor/lib:/opt/ros/jazzy/lib/x86_64-linux-gnu:/opt/ros/jazzy/opt/gz_gui_vendor/lib:/opt/ros/jazzy/opt/gz_transport_vendor/lib:/opt/ros/jazzy/opt/gz_rendering_vendor/lib:/opt/ros/jazzy/opt/gz_plugin_vendor/lib:/opt/ros/jazzy/opt/gz_fuel_tools_vendor/lib:/opt/ros/jazzy/opt/gz_msgs_vendor/lib:/opt/ros/jazzy/opt/gz_common_vendor/lib:/opt/ros/jazzy/opt/gz_math_vendor/lib:/opt/ros/jazzy/opt/gz_utils_vendor/lib:/opt/ros/jazzy/opt/gz_tools_vendor/lib:/opt/ros/jazzy/opt/gz_ogre_next_vendor/lib:/opt/ros/jazzy/opt/gz_dartsim_vendor/lib:/opt/ros/jazzy/opt/gz_cmake_vendor/lib:/opt/ros/jazzy/lib PYTHONPATH=/home/vasee22/igus-coffee-moveit/install/igus_rebel_msgs/lib/python3.12/site-packages:/home/vasee22/igus-coffee-moveit/install/modbus_ros/lib/python3.12/site-packages:/home/vasee22/COAR-ROS2-Workspace-mai/install/moveit_task_constructor_core/lib/python3.12/site-packages:/home/vasee22/COAR-ROS2-Workspace-mai/install/moveit_task_constructor_msgs/lib/python3.12/site-packages:/home/vasee22/COAR-ROS2-Workspace-mai/install/modbus_ros/lib/python3.12/site-packages:/home/vasee22/COAR-ROS2-Workspace-mai/install/igus_rebel_msgs/lib/python3.12/site-packages:/opt/ros/jazzy/lib/python3.12/site-packages /usr/bin/cmake --build /home/vasee22/igus-coffee-moveit/build/igus_rebel -- -j24 -l24
[0.622s] DEBUG:colcon.colcon_core.event_handler.log_command:Invoking command in '/home/vasee22/igus-coffee-moveit/src/modbus_ros': DEBUGINFOD_URLS=https://debuginfod.ubuntu.com PYTHONPATH=/home/vasee22/igus-coffee-moveit/build/modbus_ros/prefix_override:/usr/lib/python3/dist-packages/colcon_core/task/python/colcon_distutils_commands:/home/vasee22/igus-coffee-moveit/install/modbus_ros/lib/python3.12/site-packages:${PYTHONPATH} /usr/bin/python3 -W ignore:setup.py install is deprecated -W ignore:easy_install command is deprecated setup.py egg_info --egg-base ../../build/modbus_ros build --build-base /home/vasee22/igus-coffee-moveit/build/modbus_ros/build install --record /home/vasee22/igus-coffee-moveit/build/modbus_ros/install.log --single-version-externally-managed install_data
[0.939s] Level 1:colcon.colcon_core.environment:checking '/home/vasee22/igus-coffee-moveit/install/modbus_ros' for CMake module files
[0.939s] Level 1:colcon.colcon_core.environment:checking '/home/vasee22/igus-coffee-moveit/install/modbus_ros' for CMake config files
[0.939s] DEBUG:colcon.colcon_core.event_handler.log_command:Invoked command in '/home/vasee22/igus-coffee-moveit/src/modbus_ros' returned '0': DEBUGINFOD_URLS=https://debuginfod.ubuntu.com PYTHONPATH=/home/vasee22/igus-coffee-moveit/build/modbus_ros/prefix_override:/usr/lib/python3/dist-packages/colcon_core/task/python/colcon_distutils_commands:/home/vasee22/igus-coffee-moveit/install/modbus_ros/lib/python3.12/site-packages:${PYTHONPATH} /usr/bin/python3 -W ignore:setup.py install is deprecated -W ignore:easy_install command is deprecated setup.py egg_info --egg-base ../../build/modbus_ros build --build-base /home/vasee22/igus-coffee-moveit/build/modbus_ros/build install --record /home/vasee22/igus-coffee-moveit/build/modbus_ros/install.log --single-version-externally-managed install_data
[0.939s] Level 1:colcon.colcon_core.environment:checking '/home/vasee22/igus-coffee-moveit/install/modbus_ros/lib'
[0.939s] Level 1:colcon.colcon_core.environment:checking '/home/vasee22/igus-coffee-moveit/install/modbus_ros/bin'
[0.939s] Level 1:colcon.colcon_core.environment:checking '/home/vasee22/igus-coffee-moveit/install/modbus_ros/lib/pkgconfig/modbus_ros.pc'
[0.940s] Level 1:colcon.colcon_core.environment:checking '/home/vasee22/igus-coffee-moveit/install/modbus_ros/lib/python3.12/site-packages'
[0.940s] Level 1:colcon.colcon_core.shell:create_environment_hook('modbus_ros', 'pythonpath')
[0.940s] INFO:colcon.colcon_core.shell:Creating environment hook '/home/vasee22/igus-coffee-moveit/install/modbus_ros/share/modbus_ros/hook/pythonpath.ps1'
[0.940s] INFO:colcon.colcon_core.shell:Creating environment descriptor '/home/vasee22/igus-coffee-moveit/install/modbus_ros/share/modbus_ros/hook/pythonpath.dsv'
[0.940s] INFO:colcon.colcon_core.shell:Creating environment hook '/home/vasee22/igus-coffee-moveit/install/modbus_ros/share/modbus_ros/hook/pythonpath.sh'
[0.940s] Level 1:colcon.colcon_core.environment:checking '/home/vasee22/igus-coffee-moveit/install/modbus_ros/bin'
[0.940s] Level 1:colcon.colcon_core.environment:create_environment_scripts_only(modbus_ros)
[0.940s] INFO:colcon.colcon_core.shell:Creating package script '/home/vasee22/igus-coffee-moveit/install/modbus_ros/share/modbus_ros/package.ps1'
[0.941s] INFO:colcon.colcon_core.shell:Creating package descriptor '/home/vasee22/igus-coffee-moveit/install/modbus_ros/share/modbus_ros/package.dsv'
[0.941s] INFO:colcon.colcon_core.shell:Creating package script '/home/vasee22/igus-coffee-moveit/install/modbus_ros/share/modbus_ros/package.sh'
[0.941s] INFO:colcon.colcon_core.shell:Creating package script '/home/vasee22/igus-coffee-moveit/install/modbus_ros/share/modbus_ros/package.bash'
[0.941s] INFO:colcon.colcon_core.shell:Creating package script '/home/vasee22/igus-coffee-moveit/install/modbus_ros/share/modbus_ros/package.zsh'
[0.941s] Level 1:colcon.colcon_core.environment:create_file_with_runtime_dependencies(/home/vasee22/igus-coffee-moveit/install/modbus_ros/share/colcon-core/packages/modbus_ros)
[4.183s] DEBUG:colcon.colcon_core.event_handler.log_command:Invoked command in '/home/vasee22/igus-coffee-moveit/build/igus_rebel' returned '0': CMAKE_PREFIX_PATH=/home/vasee22/igus-coffee-moveit/install/igus_rebel_msgs:/home/vasee22/igus-coffee-moveit/install/igus_rebel:/home/vasee22/igus-coffee-moveit/install/igus_rebel_moveit_config:/home/vasee22/igus-coffee-moveit/install/igus_rebel_description:/home/vasee22/COAR-ROS2-Workspace-mai/install/moveit_task_constructor_demo:/home/vasee22/COAR-ROS2-Workspace-mai/install/moveit_task_constructor_visualization:/home/vasee22/COAR-ROS2-Workspace-mai/install/moveit_task_constructor_capabilities:/home/vasee22/COAR-ROS2-Workspace-mai/install/igus_rebel:/home/vasee22/COAR-ROS2-Workspace-mai/install/moveit_task_constructor_core:/home/vasee22/COAR-ROS2-Workspace-mai/install/rviz_marker_tools:/home/vasee22/COAR-ROS2-Workspace-mai/install/moveit_task_constructor_msgs:/home/vasee22/COAR-ROS2-Workspace-mai/install/igus_rebel_msgs:/home/vasee22/COAR-ROS2-Workspace-mai/install/igus_rebel_moveit_config:/home/vasee22/COAR-ROS2-Workspace-mai/install/igus_rebel_description:/opt/ros/jazzy/opt/gz_sim_vendor:/opt/ros/jazzy/opt/gz_sensors_vendor:/opt/ros/jazzy/opt/gz_physics_vendor:/opt/ros/jazzy/opt/sdformat_vendor:/opt/ros/jazzy/opt/gz_gui_vendor:/opt/ros/jazzy/opt/gz_transport_vendor:/opt/ros/jazzy/opt/gz_rendering_vendor:/opt/ros/jazzy/opt/gz_plugin_vendor:/opt/ros/jazzy/opt/gz_fuel_tools_vendor:/opt/ros/jazzy/opt/gz_msgs_vendor:/opt/ros/jazzy/opt/gz_common_vendor:/opt/ros/jazzy/opt/gz_math_vendor:/opt/ros/jazzy/opt/gz_utils_vendor:/opt/ros/jazzy/opt/gz_tools_vendor:/opt/ros/jazzy/opt/gz_ogre_next_vendor:/opt/ros/jazzy/opt/gz_dartsim_vendor:/opt/ros/jazzy/opt/gz_cmake_vendor:/home/vasee22/igus-coffee-moveit/install/modbus_ros:/home/vasee22/COAR-ROS2-Workspace-mai/install/modbus_ros:/opt/ros/jazzy DEBUGINFOD_URLS=https://debuginfod.ubuntu.com LD_LIBRARY_PATH=/home/vasee22/igus-coffee-moveit/install/igus_rebel_msgs/lib:/home/vasee22/igus-coffee-moveit/install/igus_rebel/lib:/home/vasee22/COAR-ROS2-Workspace-mai/install/moveit_task_constructor_demo/lib:/home/vasee22/COAR-ROS2-Workspace-mai/install/moveit_task_constructor_visualization/lib:/home/vasee22/COAR-ROS2-Workspace-mai/install/moveit_task_constructor_capabilities/lib:/home/vasee22/COAR-ROS2-Workspace-mai/install/igus_rebel/lib:/home/vasee22/COAR-ROS2-Workspace-mai/install/moveit_task_constructor_core/lib:/home/vasee22/COAR-ROS2-Workspace-mai/install/rviz_marker_tools/lib:/home/vasee22/COAR-ROS2-Workspace-mai/install/moveit_task_constructor_msgs/lib:/home/vasee22/COAR-ROS2-Workspace-mai/install/igus_rebel_msgs/lib:/opt/ros/jazzy/opt/gz_sim_vendor/lib:/opt/ros/jazzy/opt/gz_sensors_vendor/lib:/opt/ros/jazzy/opt/gz_physics_vendor/lib:/opt/ros/jazzy/opt/sdformat_vendor/lib:/opt/ros/jazzy/opt/rviz_ogre_vendor/lib:/opt/ros/jazzy/lib/x86_64-linux-gnu:/opt/ros/jazzy/opt/gz_gui_vendor/lib:/opt/ros/jazzy/opt/gz_transport_vendor/lib:/opt/ros/jazzy/opt/gz_rendering_vendor/lib:/opt/ros/jazzy/opt/gz_plugin_vendor/lib:/opt/ros/jazzy/opt/gz_fuel_tools_vendor/lib:/opt/ros/jazzy/opt/gz_msgs_vendor/lib:/opt/ros/jazzy/opt/gz_common_vendor/lib:/opt/ros/jazzy/opt/gz_math_vendor/lib:/opt/ros/jazzy/opt/gz_utils_vendor/lib:/opt/ros/jazzy/opt/gz_tools_vendor/lib:/opt/ros/jazzy/opt/gz_ogre_next_vendor/lib:/opt/ros/jazzy/opt/gz_dartsim_vendor/lib:/opt/ros/jazzy/opt/gz_cmake_vendor/lib:/opt/ros/jazzy/lib PYTHONPATH=/home/vasee22/igus-coffee-moveit/install/igus_rebel_msgs/lib/python3.12/site-packages:/home/vasee22/igus-coffee-moveit/install/modbus_ros/lib/python3.12/site-packages:/home/vasee22/COAR-ROS2-Workspace-mai/install/moveit_task_constructor_core/lib/python3.12/site-packages:/home/vasee22/COAR-ROS2-Workspace-mai/install/moveit_task_constructor_msgs/lib/python3.12/site-packages:/home/vasee22/COAR-ROS2-Workspace-mai/install/modbus_ros/lib/python3.12/site-packages:/home/vasee22/COAR-ROS2-Workspace-mai/install/igus_rebel_msgs/lib/python3.12/site-packages:/opt/ros/jazzy/lib/python3.12/site-packages /usr/bin/cmake --build /home/vasee22/igus-coffee-moveit/build/igus_rebel -- -j24 -l24
[4.184s] DEBUG:colcon.colcon_core.event_handler.log_command:Invoking command in '/home/vasee22/igus-coffee-moveit/build/igus_rebel': CMAKE_PREFIX_PATH=/home/vasee22/igus-coffee-moveit/install/igus_rebel_msgs:/home/vasee22/igus-coffee-moveit/install/igus_rebel:/home/vasee22/igus-coffee-moveit/install/igus_rebel_moveit_config:/home/vasee22/igus-coffee-moveit/install/igus_rebel_description:/home/vasee22/COAR-ROS2-Workspace-mai/install/moveit_task_constructor_demo:/home/vasee22/COAR-ROS2-Workspace-mai/install/moveit_task_constructor_visualization:/home/vasee22/COAR-ROS2-Workspace-mai/install/moveit_task_constructor_capabilities:/home/vasee22/COAR-ROS2-Workspace-mai/install/igus_rebel:/home/vasee22/COAR-ROS2-Workspace-mai/install/moveit_task_constructor_core:/home/vasee22/COAR-ROS2-Workspace-mai/install/rviz_marker_tools:/home/vasee22/COAR-ROS2-Workspace-mai/install/moveit_task_constructor_msgs:/home/vasee22/COAR-ROS2-Workspace-mai/install/igus_rebel_msgs:/home/vasee22/COAR-ROS2-Workspace-mai/install/igus_rebel_moveit_config:/home/vasee22/COAR-ROS2-Workspace-mai/install/igus_rebel_description:/opt/ros/jazzy/opt/gz_sim_vendor:/opt/ros/jazzy/opt/gz_sensors_vendor:/opt/ros/jazzy/opt/gz_physics_vendor:/opt/ros/jazzy/opt/sdformat_vendor:/opt/ros/jazzy/opt/gz_gui_vendor:/opt/ros/jazzy/opt/gz_transport_vendor:/opt/ros/jazzy/opt/gz_rendering_vendor:/opt/ros/jazzy/opt/gz_plugin_vendor:/opt/ros/jazzy/opt/gz_fuel_tools_vendor:/opt/ros/jazzy/opt/gz_msgs_vendor:/opt/ros/jazzy/opt/gz_common_vendor:/opt/ros/jazzy/opt/gz_math_vendor:/opt/ros/jazzy/opt/gz_utils_vendor:/opt/ros/jazzy/opt/gz_tools_vendor:/opt/ros/jazzy/opt/gz_ogre_next_vendor:/opt/ros/jazzy/opt/gz_dartsim_vendor:/opt/ros/jazzy/opt/gz_cmake_vendor:/home/vasee22/igus-coffee-moveit/install/modbus_ros:/home/vasee22/COAR-ROS2-Workspace-mai/install/modbus_ros:/opt/ros/jazzy DEBUGINFOD_URLS=https://debuginfod.ubuntu.com LD_LIBRARY_PATH=/home/vasee22/igus-coffee-moveit/install/igus_rebel_msgs/lib:/home/vasee22/igus-coffee-moveit/install/igus_rebel/lib:/home/vasee22/COAR-ROS2-Workspace-mai/install/moveit_task_constructor_demo/lib:/home/vasee22/COAR-ROS2-Workspace-mai/install/moveit_task_constructor_visualization/lib:/home/vasee22/COAR-ROS2-Workspace-mai/install/moveit_task_constructor_capabilities/lib:/home/vasee22/COAR-ROS2-Workspace-mai/install/igus_rebel/lib:/home/vasee22/COAR-ROS2-Workspace-mai/install/moveit_task_constructor_core/lib:/home/vasee22/COAR-ROS2-Workspace-mai/install/rviz_marker_tools/lib:/home/vasee22/COAR-ROS2-Workspace-mai/install/moveit_task_constructor_msgs/lib:/home/vasee22/COAR-ROS2-Workspace-mai/install/igus_rebel_msgs/lib:/opt/ros/jazzy/opt/gz_sim_vendor/lib:/opt/ros/jazzy/opt/gz_sensors_vendor/lib:/opt/ros/jazzy/opt/gz_physics_vendor/lib:/opt/ros/jazzy/opt/sdformat_vendor/lib:/opt/ros/jazzy/opt/rviz_ogre_vendor/lib:/opt/ros/jazzy/lib/x86_64-linux-gnu:/opt/ros/jazzy/opt/gz_gui_vendor/lib:/opt/ros/jazzy/opt/gz_transport_vendor/lib:/opt/ros/jazzy/opt/gz_rendering_vendor/lib:/opt/ros/jazzy/opt/gz_plugin_vendor/lib:/opt/ros/jazzy/opt/gz_fuel_tools_vendor/lib:/opt/ros/jazzy/opt/gz_msgs_vendor/lib:/opt/ros/jazzy/opt/gz_common_vendor/lib:/opt/ros/jazzy/opt/gz_math_vendor/lib:/opt/ros/jazzy/opt/gz_utils_vendor/lib:/opt/ros/jazzy/opt/gz_tools_vendor/lib:/opt/ros/jazzy/opt/gz_ogre_next_vendor/lib:/opt/ros/jazzy/opt/gz_dartsim_vendor/lib:/opt/ros/jazzy/opt/gz_cmake_vendor/lib:/opt/ros/jazzy/lib PYTHONPATH=/home/vasee22/igus-coffee-moveit/install/igus_rebel_msgs/lib/python3.12/site-packages:/home/vasee22/igus-coffee-moveit/install/modbus_ros/lib/python3.12/site-packages:/home/vasee22/COAR-ROS2-Workspace-mai/install/moveit_task_constructor_core/lib/python3.12/site-packages:/home/vasee22/COAR-ROS2-Workspace-mai/install/moveit_task_constructor_msgs/lib/python3.12/site-packages:/home/vasee22/COAR-ROS2-Workspace-mai/install/modbus_ros/lib/python3.12/site-packages:/home/vasee22/COAR-ROS2-Workspace-mai/install/igus_rebel_msgs/lib/python3.12/site-packages:/opt/ros/jazzy/lib/python3.12/site-packages /usr/bin/cmake --install /home/vasee22/igus-coffee-moveit/build/igus_rebel
[4.192s] Level 1:colcon.colcon_core.environment:create_environment_scripts_only(igus_rebel)
[4.192s] Level 1:colcon.colcon_core.environment:checking '/home/vasee22/igus-coffee-moveit/install/igus_rebel' for CMake module files
[4.192s] DEBUG:colcon.colcon_core.event_handler.log_command:Invoked command in '/home/vasee22/igus-coffee-moveit/build/igus_rebel' returned '0': CMAKE_PREFIX_PATH=/home/vasee22/igus-coffee-moveit/install/igus_rebel_msgs:/home/vasee22/igus-coffee-moveit/install/igus_rebel:/home/vasee22/igus-coffee-moveit/install/igus_rebel_moveit_config:/home/vasee22/igus-coffee-moveit/install/igus_rebel_description:/home/vasee22/COAR-ROS2-Workspace-mai/install/moveit_task_constructor_demo:/home/vasee22/COAR-ROS2-Workspace-mai/install/moveit_task_constructor_visualization:/home/vasee22/COAR-ROS2-Workspace-mai/install/moveit_task_constructor_capabilities:/home/vasee22/COAR-ROS2-Workspace-mai/install/igus_rebel:/home/vasee22/COAR-ROS2-Workspace-mai/install/moveit_task_constructor_core:/home/vasee22/COAR-ROS2-Workspace-mai/install/rviz_marker_tools:/home/vasee22/COAR-ROS2-Workspace-mai/install/moveit_task_constructor_msgs:/home/vasee22/COAR-ROS2-Workspace-mai/install/igus_rebel_msgs:/home/vasee22/COAR-ROS2-Workspace-mai/install/igus_rebel_moveit_config:/home/vasee22/COAR-ROS2-Workspace-mai/install/igus_rebel_description:/opt/ros/jazzy/opt/gz_sim_vendor:/opt/ros/jazzy/opt/gz_sensors_vendor:/opt/ros/jazzy/opt/gz_physics_vendor:/opt/ros/jazzy/opt/sdformat_vendor:/opt/ros/jazzy/opt/gz_gui_vendor:/opt/ros/jazzy/opt/gz_transport_vendor:/opt/ros/jazzy/opt/gz_rendering_vendor:/opt/ros/jazzy/opt/gz_plugin_vendor:/opt/ros/jazzy/opt/gz_fuel_tools_vendor:/opt/ros/jazzy/opt/gz_msgs_vendor:/opt/ros/jazzy/opt/gz_common_vendor:/opt/ros/jazzy/opt/gz_math_vendor:/opt/ros/jazzy/opt/gz_utils_vendor:/opt/ros/jazzy/opt/gz_tools_vendor:/opt/ros/jazzy/opt/gz_ogre_next_vendor:/opt/ros/jazzy/opt/gz_dartsim_vendor:/opt/ros/jazzy/opt/gz_cmake_vendor:/home/vasee22/igus-coffee-moveit/install/modbus_ros:/home/vasee22/COAR-ROS2-Workspace-mai/install/modbus_ros:/opt/ros/jazzy DEBUGINFOD_URLS=https://debuginfod.ubuntu.com LD_LIBRARY_PATH=/home/vasee22/igus-coffee-moveit/install/igus_rebel_msgs/lib:/home/vasee22/igus-coffee-moveit/install/igus_rebel/lib:/home/vasee22/COAR-ROS2-Workspace-mai/install/moveit_task_constructor_demo/lib:/home/vasee22/COAR-ROS2-Workspace-mai/install/moveit_task_constructor_visualization/lib:/home/vasee22/COAR-ROS2-Workspace-mai/install/moveit_task_constructor_capabilities/lib:/home/vasee22/COAR-ROS2-Workspace-mai/install/igus_rebel/lib:/home/vasee22/COAR-ROS2-Workspace-mai/install/moveit_task_constructor_core/lib:/home/vasee22/COAR-ROS2-Workspace-mai/install/rviz_marker_tools/lib:/home/vasee22/COAR-ROS2-Workspace-mai/install/moveit_task_constructor_msgs/lib:/home/vasee22/COAR-ROS2-Workspace-mai/install/igus_rebel_msgs/lib:/opt/ros/jazzy/opt/gz_sim_vendor/lib:/opt/ros/jazzy/opt/gz_sensors_vendor/lib:/opt/ros/jazzy/opt/gz_physics_vendor/lib:/opt/ros/jazzy/opt/sdformat_vendor/lib:/opt/ros/jazzy/opt/rviz_ogre_vendor/lib:/opt/ros/jazzy/lib/x86_64-linux-gnu:/opt/ros/jazzy/opt/gz_gui_vendor/lib:/opt/ros/jazzy/opt/gz_transport_vendor/lib:/opt/ros/jazzy/opt/gz_rendering_vendor/lib:/opt/ros/jazzy/opt/gz_plugin_vendor/lib:/opt/ros/jazzy/opt/gz_fuel_tools_vendor/lib:/opt/ros/jazzy/opt/gz_msgs_vendor/lib:/opt/ros/jazzy/opt/gz_common_vendor/lib:/opt/ros/jazzy/opt/gz_math_vendor/lib:/opt/ros/jazzy/opt/gz_utils_vendor/lib:/opt/ros/jazzy/opt/gz_tools_vendor/lib:/opt/ros/jazzy/opt/gz_ogre_next_vendor/lib:/opt/ros/jazzy/opt/gz_dartsim_vendor/lib:/opt/ros/jazzy/opt/gz_cmake_vendor/lib:/opt/ros/jazzy/lib PYTHONPATH=/home/vasee22/igus-coffee-moveit/install/igus_rebel_msgs/lib/python3.12/site-packages:/home/vasee22/igus-coffee-moveit/install/modbus_ros/lib/python3.12/site-packages:/home/vasee22/COAR-ROS2-Workspace-mai/install/moveit_task_constructor_core/lib/python3.12/site-packages:/home/vasee22/COAR-ROS2-Workspace-mai/install/moveit_task_constructor_msgs/lib/python3.12/site-packages:/home/vasee22/COAR-ROS2-Workspace-mai/install/modbus_ros/lib/python3.12/site-packages:/home/vasee22/COAR-ROS2-Workspace-mai/install/igus_rebel_msgs/lib/python3.12/site-packages:/opt/ros/jazzy/lib/python3.12/site-packages /usr/bin/cmake --install /home/vasee22/igus-coffee-moveit/build/igus_rebel
[4.192s] Level 1:colcon.colcon_core.environment:checking '/home/vasee22/igus-coffee-moveit/install/igus_rebel' for CMake config files
[4.193s] Level 1:colcon.colcon_core.shell:create_environment_hook('igus_rebel', 'cmake_prefix_path')
[4.193s] INFO:colcon.colcon_core.shell:Creating environment hook '/home/vasee22/igus-coffee-moveit/install/igus_rebel/share/igus_rebel/hook/cmake_prefix_path.ps1'
[4.193s] INFO:colcon.colcon_core.shell:Creating environment descriptor '/home/vasee22/igus-coffee-moveit/install/igus_rebel/share/igus_rebel/hook/cmake_prefix_path.dsv'
[4.193s] INFO:colcon.colcon_core.shell:Creating environment hook '/home/vasee22/igus-coffee-moveit/install/igus_rebel/share/igus_rebel/hook/cmake_prefix_path.sh'
[4.193s] Level 1:colcon.colcon_core.environment:checking '/home/vasee22/igus-coffee-moveit/install/igus_rebel/lib'
[4.193s] Level 1:colcon.colcon_core.shell:create_environment_hook('igus_rebel', 'ld_library_path_lib')
[4.193s] INFO:colcon.colcon_core.shell:Creating environment hook '/home/vasee22/igus-coffee-moveit/install/igus_rebel/share/igus_rebel/hook/ld_library_path_lib.ps1'
[4.194s] INFO:colcon.colcon_core.shell:Creating environment descriptor '/home/vasee22/igus-coffee-moveit/install/igus_rebel/share/igus_rebel/hook/ld_library_path_lib.dsv'
[4.194s] INFO:colcon.colcon_core.shell:Creating environment hook '/home/vasee22/igus-coffee-moveit/install/igus_rebel/share/igus_rebel/hook/ld_library_path_lib.sh'
[4.194s] Level 1:colcon.colcon_core.environment:checking '/home/vasee22/igus-coffee-moveit/install/igus_rebel/bin'
[4.194s] Level 1:colcon.colcon_core.environment:checking '/home/vasee22/igus-coffee-moveit/install/igus_rebel/lib/pkgconfig/igus_rebel.pc'
[4.194s] Level 1:colcon.colcon_core.environment:checking '/home/vasee22/igus-coffee-moveit/install/igus_rebel/lib/python3.12/site-packages'
[4.194s] Level 1:colcon.colcon_core.environment:checking '/home/vasee22/igus-coffee-moveit/install/igus_rebel/bin'
[4.194s] INFO:colcon.colcon_core.shell:Creating package script '/home/vasee22/igus-coffee-moveit/install/igus_rebel/share/igus_rebel/package.ps1'
[4.195s] INFO:colcon.colcon_core.shell:Creating package descriptor '/home/vasee22/igus-coffee-moveit/install/igus_rebel/share/igus_rebel/package.dsv'
[4.195s] INFO:colcon.colcon_core.shell:Creating package script '/home/vasee22/igus-coffee-moveit/install/igus_rebel/share/igus_rebel/package.sh'
[4.195s] INFO:colcon.colcon_core.shell:Creating package script '/home/vasee22/igus-coffee-moveit/install/igus_rebel/share/igus_rebel/package.bash'
[4.195s] INFO:colcon.colcon_core.shell:Creating package script '/home/vasee22/igus-coffee-moveit/install/igus_rebel/share/igus_rebel/package.zsh'
[4.195s] Level 1:colcon.colcon_core.environment:create_file_with_runtime_dependencies(/home/vasee22/igus-coffee-moveit/install/igus_rebel/share/colcon-core/packages/igus_rebel)
[4.196s] Level 1:colcon.colcon_core.environment:create_environment_scripts_only(igus_rebel)
[4.196s] Level 1:colcon.colcon_core.environment:checking '/home/vasee22/igus-coffee-moveit/install/igus_rebel' for CMake module files
[4.196s] Level 1:colcon.colcon_core.environment:checking '/home/vasee22/igus-coffee-moveit/install/igus_rebel' for CMake config files
[4.196s] Level 1:colcon.colcon_core.shell:create_environment_hook('igus_rebel', 'cmake_prefix_path')
[4.196s] INFO:colcon.colcon_core.shell:Creating environment hook '/home/vasee22/igus-coffee-moveit/install/igus_rebel/share/igus_rebel/hook/cmake_prefix_path.ps1'
[4.196s] INFO:colcon.colcon_core.shell:Creating environment descriptor '/home/vasee22/igus-coffee-moveit/install/igus_rebel/share/igus_rebel/hook/cmake_prefix_path.dsv'
[4.196s] INFO:colcon.colcon_core.shell:Creating environment hook '/home/vasee22/igus-coffee-moveit/install/igus_rebel/share/igus_rebel/hook/cmake_prefix_path.sh'
[4.197s] Level 1:colcon.colcon_core.environment:checking '/home/vasee22/igus-coffee-moveit/install/igus_rebel/lib'
[4.197s] Level 1:colcon.colcon_core.shell:create_environment_hook('igus_rebel', 'ld_library_path_lib')
[4.197s] INFO:colcon.colcon_core.shell:Creating environment hook '/home/vasee22/igus-coffee-moveit/install/igus_rebel/share/igus_rebel/hook/ld_library_path_lib.ps1'
[4.197s] INFO:colcon.colcon_core.shell:Creating environment descriptor '/home/vasee22/igus-coffee-moveit/install/igus_rebel/share/igus_rebel/hook/ld_library_path_lib.dsv'
[4.197s] INFO:colcon.colcon_core.shell:Creating environment hook '/home/vasee22/igus-coffee-moveit/install/igus_rebel/share/igus_rebel/hook/ld_library_path_lib.sh'
[4.197s] Level 1:colcon.colcon_core.environment:checking '/home/vasee22/igus-coffee-moveit/install/igus_rebel/bin'
[4.197s] Level 1:colcon.colcon_core.environment:checking '/home/vasee22/igus-coffee-moveit/install/igus_rebel/lib/pkgconfig/igus_rebel.pc'
[4.197s] Level 1:colcon.colcon_core.environment:checking '/home/vasee22/igus-coffee-moveit/install/igus_rebel/lib/python3.12/site-packages'
[4.198s] Level 1:colcon.colcon_core.environment:checking '/home/vasee22/igus-coffee-moveit/install/igus_rebel/bin'
[4.198s] INFO:colcon.colcon_core.shell:Creating package script '/home/vasee22/igus-coffee-moveit/install/igus_rebel/share/igus_rebel/package.ps1'
[4.198s] INFO:colcon.colcon_core.shell:Creating package descriptor '/home/vasee22/igus-coffee-moveit/install/igus_rebel/share/igus_rebel/package.dsv'
[4.198s] INFO:colcon.colcon_core.shell:Creating package script '/home/vasee22/igus-coffee-moveit/install/igus_rebel/share/igus_rebel/package.sh'
[4.198s] INFO:colcon.colcon_core.shell:Creating package script '/home/vasee22/igus-coffee-moveit/install/igus_rebel/share/igus_rebel/package.bash'
[4.199s] INFO:colcon.colcon_core.shell:Creating package script '/home/vasee22/igus-coffee-moveit/install/igus_rebel/share/igus_rebel/package.zsh'
[4.199s] Level 1:colcon.colcon_core.environment:create_file_with_runtime_dependencies(/home/vasee22/igus-coffee-moveit/install/igus_rebel/share/colcon-core/packages/igus_rebel)
[4.199s] DEBUG:colcon.colcon_parallel_executor.executor.parallel:closing loop
[4.199s] DEBUG:colcon.colcon_parallel_executor.executor.parallel:loop closed
[4.200s] DEBUG:colcon.colcon_parallel_executor.executor.parallel:run_until_complete finished with '0'
[4.200s] DEBUG:colcon.colcon_core.event_reactor:joining thread
[4.202s] INFO:colcon.colcon_core.plugin_system:Skipping extension 'colcon_notification.desktop_notification.terminal_notifier': Not used on non-Darwin systems
[4.202s] INFO:colcon.colcon_core.plugin_system:Skipping extension 'colcon_notification.desktop_notification.win32': Not used on non-Windows systems
[4.202s] INFO:colcon.colcon_notification.desktop_notification:Sending desktop notification using 'notify2'
[4.211s] DEBUG:colcon.colcon_core.event_reactor:joined thread
[4.211s] INFO:colcon.colcon_core.shell:Creating prefix script '/home/vasee22/igus-coffee-moveit/install/local_setup.ps1'
[4.212s] INFO:colcon.colcon_core.shell:Creating prefix util module '/home/vasee22/igus-coffee-moveit/install/_local_setup_util_ps1.py'
[4.212s] INFO:colcon.colcon_core.shell:Creating prefix chain script '/home/vasee22/igus-coffee-moveit/install/setup.ps1'
[4.213s] INFO:colcon.colcon_core.shell:Creating prefix script '/home/vasee22/igus-coffee-moveit/install/local_setup.sh'
[4.213s] INFO:colcon.colcon_core.shell:Creating prefix util module '/home/vasee22/igus-coffee-moveit/install/_local_setup_util_sh.py'
[4.213s] INFO:colcon.colcon_core.shell:Creating prefix chain script '/home/vasee22/igus-coffee-moveit/install/setup.sh'
[4.214s] INFO:colcon.colcon_core.shell:Creating prefix script '/home/vasee22/igus-coffee-moveit/install/local_setup.bash'
[4.214s] INFO:colcon.colcon_core.shell:Creating prefix chain script '/home/vasee22/igus-coffee-moveit/install/setup.bash'
[4.215s] INFO:colcon.colcon_core.shell:Creating prefix script '/home/vasee22/igus-coffee-moveit/install/local_setup.zsh'
[4.215s] INFO:colcon.colcon_core.shell:Creating prefix chain script '/home/vasee22/igus-coffee-moveit/install/setup.zsh'
