[0.469s] Invoking command in '/home/vasee22/igus-coffee-moveit/src/modbus_ros': DEBUGINFOD_URLS=https://debuginfod.ubuntu.com PYTHONPATH=/home/vasee22/igus-coffee-moveit/build/modbus_ros/prefix_override:/usr/lib/python3/dist-packages/colcon_core/task/python/colcon_distutils_commands:/home/vasee22/igus-coffee-moveit/install/modbus_ros/lib/python3.12/site-packages:${PYTHONPATH} /usr/bin/python3 -W ignore:setup.py install is deprecated -W ignore:easy_install command is deprecated setup.py egg_info --egg-base ../../build/modbus_ros build --build-base /home/vasee22/igus-coffee-moveit/build/modbus_ros/build install --record /home/vasee22/igus-coffee-moveit/build/modbus_ros/install.log --single-version-externally-managed install_data
[0.629s] running egg_info
[0.629s] creating ../../build/modbus_ros/modbus_ros.egg-info
[0.641s] writing ../../build/modbus_ros/modbus_ros.egg-info/PKG-INFO
[0.641s] writing dependency_links to ../../build/modbus_ros/modbus_ros.egg-info/dependency_links.txt
[0.641s] writing entry points to ../../build/modbus_ros/modbus_ros.egg-info/entry_points.txt
[0.641s] writing requirements to ../../build/modbus_ros/modbus_ros.egg-info/requires.txt
[0.641s] writing top-level names to ../../build/modbus_ros/modbus_ros.egg-info/top_level.txt
[0.641s] writing manifest file '../../build/modbus_ros/modbus_ros.egg-info/SOURCES.txt'
[0.665s] reading manifest file '../../build/modbus_ros/modbus_ros.egg-info/SOURCES.txt'
[0.665s] writing manifest file '../../build/modbus_ros/modbus_ros.egg-info/SOURCES.txt'
[0.665s] running build
[0.666s] running build_py
[0.666s] creating /home/vasee22/igus-coffee-moveit/build/modbus_ros/build
[0.666s] creating /home/vasee22/igus-coffee-moveit/build/modbus_ros/build/lib
[0.666s] creating /home/vasee22/igus-coffee-moveit/build/modbus_ros/build/lib/modbus_ros
[0.666s] copying modbus_ros/__init__.py -> /home/vasee22/igus-coffee-moveit/build/modbus_ros/build/lib/modbus_ros
[0.666s] copying modbus_ros/modbus_publisher.py -> /home/vasee22/igus-coffee-moveit/build/modbus_ros/build/lib/modbus_ros
[0.666s] running install
[0.669s] running install_lib
[0.681s] creating /home/vasee22/igus-coffee-moveit/install/modbus_ros/lib/python3.12/site-packages/modbus_ros
[0.681s] copying /home/vasee22/igus-coffee-moveit/build/modbus_ros/build/lib/modbus_ros/__init__.py -> /home/vasee22/igus-coffee-moveit/install/modbus_ros/lib/python3.12/site-packages/modbus_ros
[0.681s] copying /home/vasee22/igus-coffee-moveit/build/modbus_ros/build/lib/modbus_ros/modbus_publisher.py -> /home/vasee22/igus-coffee-moveit/install/modbus_ros/lib/python3.12/site-packages/modbus_ros
[0.681s] byte-compiling /home/vasee22/igus-coffee-moveit/install/modbus_ros/lib/python3.12/site-packages/modbus_ros/__init__.py to __init__.cpython-312.pyc
[0.681s] byte-compiling /home/vasee22/igus-coffee-moveit/install/modbus_ros/lib/python3.12/site-packages/modbus_ros/modbus_publisher.py to modbus_publisher.cpython-312.pyc
[0.682s] running install_data
[0.682s] creating /home/vasee22/igus-coffee-moveit/install/modbus_ros/share/ament_index
[0.682s] creating /home/vasee22/igus-coffee-moveit/install/modbus_ros/share/ament_index/resource_index
[0.682s] creating /home/vasee22/igus-coffee-moveit/install/modbus_ros/share/ament_index/resource_index/packages
[0.682s] copying resource/modbus_ros -> /home/vasee22/igus-coffee-moveit/install/modbus_ros/share/ament_index/resource_index/packages
[0.682s] copying package.xml -> /home/vasee22/igus-coffee-moveit/install/modbus_ros/share/modbus_ros
[0.682s] running install_egg_info
[0.694s] Copying ../../build/modbus_ros/modbus_ros.egg-info to /home/vasee22/igus-coffee-moveit/install/modbus_ros/lib/python3.12/site-packages/modbus_ros-0.0.0-py3.12.egg-info
[0.694s] running install_scripts
[0.773s] Installing modbus_publisher script to /home/vasee22/igus-coffee-moveit/install/modbus_ros/lib/modbus_ros
[0.773s] writing list of installed files to '/home/vasee22/igus-coffee-moveit/build/modbus_ros/install.log'
[0.793s] Invoked command in '/home/vasee22/igus-coffee-moveit/src/modbus_ros' returned '0': DEBUGINFOD_URLS=https://debuginfod.ubuntu.com PYTHONPATH=/home/vasee22/igus-coffee-moveit/build/modbus_ros/prefix_override:/usr/lib/python3/dist-packages/colcon_core/task/python/colcon_distutils_commands:/home/vasee22/igus-coffee-moveit/install/modbus_ros/lib/python3.12/site-packages:${PYTHONPATH} /usr/bin/python3 -W ignore:setup.py install is deprecated -W ignore:easy_install command is deprecated setup.py egg_info --egg-base ../../build/modbus_ros build --build-base /home/vasee22/igus-coffee-moveit/build/modbus_ros/build install --record /home/vasee22/igus-coffee-moveit/build/modbus_ros/install.log --single-version-externally-managed install_data
