-- Found ament_cmake: 2.5.6 (/opt/ros/jazzy/share/ament_cmake/cmake)
-- Found rclcpp: 28.1.18 (/opt/ros/jazzy/share/rclcpp/cmake)
-- Found rosidl_generator_c: 4.6.7 (/opt/ros/jazzy/share/rosidl_generator_c/cmake)
-- Found rosidl_generator_cpp: 4.6.7 (/opt/ros/jazzy/share/rosidl_generator_cpp/cmake)
-- Using all available rosidl_typesupport_c: rosidl_typesupport_fastrtps_c;rosidl_typesupport_introspection_c
-- Using all available rosidl_typesupport_cpp: rosidl_typesupport_fastrtps_cpp;rosidl_typesupport_introspection_cpp
-- Found rmw_implementation_cmake: 7.3.3 (/opt/ros/jazzy/share/rmw_implementation_cmake/cmake)
-- Found rmw_fastrtps_cpp: 8.4.3 (/opt/ros/jazzy/share/rmw_fastrtps_cpp/cmake)
-- Using RMW implementation 'rmw_fastrtps_cpp' as default
-- Found rclpy: 7.1.11 (/opt/ros/jazzy/share/rclpy/cmake)
-- Found std_msgs: 5.3.7 (/opt/ros/jazzy/share/std_msgs/cmake)
-- Found sensor_msgs: 5.3.7 (/opt/ros/jazzy/share/sensor_msgs/cmake)
-- Found igus_rebel_msgs: 0.0.0 (/home/vasee22/igus-coffee-moveit/install/igus_rebel_msgs/share/igus_rebel_msgs/cmake)
-- Found moveit_ros_planning_interface: 2.12.4 (/opt/ros/jazzy/share/moveit_ros_planning_interface/cmake)
-- Found Boost: /usr/lib/x86_64-linux-gnu/cmake/Boost-1.83.0/BoostConfig.cmake (found version "1.83.0") found components: date_time filesystem program_options system thread 
-- Found Boost: /usr/lib/x86_64-linux-gnu/cmake/Boost-1.83.0/BoostConfig.cmake (found version "1.83.0") found components: chrono date_time filesystem iostreams program_options regex serialization system thread 
-- Found parameter_traits: 0.7.1 (/opt/ros/jazzy/share/parameter_traits/cmake)
-- Found rclcpp_lifecycle: 28.1.18 (/opt/ros/jazzy/share/rclcpp_lifecycle/cmake)
-- Found Boost: /usr/lib/x86_64-linux-gnu/cmake/Boost-1.83.0/BoostConfig.cmake (found version "1.83.0") found components: filesystem 
-- Ensuring Eigen3 include directory is part of orocos-kdl CMake target
-- Found Boost: /usr/lib/x86_64-linux-gnu/cmake/Boost-1.83.0/BoostConfig.cmake (found version "1.83.0") found components: system filesystem date_time program_options thread chrono 
-- Found Boost: /usr/lib/x86_64-linux-gnu/cmake/Boost-1.83.0/BoostConfig.cmake (found version "1.83.0") found components: thread system filesystem regex date_time program_options 
-- Found Boost: /usr/lib/x86_64-linux-gnu/cmake/Boost-1.83.0/BoostConfig.cmake (found version "1.83.0") found components: system filesystem date_time program_options thread 
-- Found moveit_task_constructor_core: 0.1.4 (/home/vasee22/COAR-ROS2-Workspace-mai/install/moveit_task_constructor_core/share/moveit_task_constructor_core/cmake)
-- Found hardware_interface: 4.44.0 (/opt/ros/jazzy/share/hardware_interface/cmake)
-- Found ament_lint_auto: 0.17.5 (/opt/ros/jazzy/share/ament_lint_auto/cmake)
-- Added test 'cppcheck' to perform static code analysis on C / C++ code
-- Configured cppcheck include dirs: /home/vasee22/igus-coffee-moveit/src/igus_rebel_ros2/igus_rebel/include
-- Configured cppcheck exclude dirs and/or files: 
-- Added test 'flake8' to check Python code syntax and style conventions
-- Configured 'flake8' exclude dirs and/or files: 
-- Added test 'lint_cmake' to check CMake code style
-- Added test 'pep257' to check Python code against some of the docstring style conventions in PEP 257
-- Added test 'uncrustify' to check C / C++ code style
-- Configured uncrustify additional arguments: 
-- Added test 'xmllint' to check XML markup files
-- Configuring done (2.0s)
-- Generating done (0.1s)
-- Build files have been written to: /home/vasee22/igus-coffee-moveit/build/igus_rebel
[ 57%] Built target igus_rail_moveit
[ 64%] Built target igus_moveit
[ 50%] Built target random_pose_node
[ 71%] Built target igus_rebel
[ 78%] [32mBuilding CXX object CMakeFiles/pick_and_place.dir/src/pick_and_place.cpp.o[0m
[ 85%] [32mBuilding CXX object CMakeFiles/pick_and_place.dir/src/tasks/task_pick_portafilter.cpp.o[0m
[01m[K/home/vasee22/igus-coffee-moveit/src/igus_rebel_ros2/igus_rebel/src/tasks/task_pick_portafilter.cpp:[m[K In member function ‘[01m[Kmoveit::task_constructor::Task SimpleTask::[01;32m[KcreatePickupPortafilter[m[K()[m[K’:
[01m[K/home/vasee22/igus-coffee-moveit/src/igus_rebel_ros2/igus_rebel/src/tasks/task_pick_portafilter.cpp:21:58:[m[K [01;31m[Kerror: [m[K‘[01m[KPipelinePlanner[m[K’ is not a member of ‘[01m[Kmoveit::task_constructor::solvers[m[K’
   21 |   auto sampling_planner = std::make_shared<mtc::solvers::[01;31m[KPipelinePlanner[m[K>(node_);
      |                                                          [01;31m[K^~~~~~~~~~~~~~~[m[K
[01m[K/home/vasee22/igus-coffee-moveit/src/igus_rebel_ros2/igus_rebel/src/tasks/task_pick_portafilter.cpp:21:74:[m[K [01;31m[Kerror: [m[Kno matching function for call to ‘[01m[Kmake_shared<<expression error> >(rclcpp::Node::SharedPtr&)[m[K’
   21 |   auto sampling_planner = [01;31m[Kstd::make_shared<mtc::solvers::PipelinePlanner>(node_)[m[K;
      |                           [01;31m[K~~~~~~~~~~~~~~~~~~~~~~~~~~~~~~~~~~~~~~~~~~~~~~~^~~~~~~[m[K
In file included from [01m[K/usr/include/c++/13/memory:80[m[K,
                 from [01m[K/opt/ros/jazzy/include/rclcpp/rclcpp/rclcpp.hpp:169[m[K,
                 from [01m[K/home/vasee22/igus-coffee-moveit/src/igus_rebel_ros2/igus_rebel/include/igus_rebel/simple_task.hpp:4[m[K,
                 from [01m[K/home/vasee22/igus-coffee-moveit/src/igus_rebel_ros2/igus_rebel/src/tasks/task_pick_portafilter.cpp:1[m[K:
[01m[K/usr/include/c++/13/bits/shared_ptr.h:1005:5:[m[K [01;36m[Knote: [m[Kcandidate: ‘[01m[Ktemplate<class _Tp, class ... _Args> std::shared_ptr<typename std::enable_if<(! std::is_array< <template-parameter-1-1> >::value), _Tp>::type> std::[01;32m[Kmake_shared[m[K(_Args&& ...)[m[K’
 1005 |     [01;36m[Kmake_shared[m[K(_Args&&... __args)
      |     [01;36m[K^~~~~~~~~~~[m[K
[01m[K/usr/include/c++/13/bits/shared_ptr.h:1005:5:[m[K [01;36m[Knote: [m[K  template argument deduction/substitution failed:
[01m[K/home/vasee22/igus-coffee-moveit/src/igus_rebel_ros2/igus_rebel/src/tasks/task_pick_portafilter.cpp:21:74:[m[K [01;31m[Kerror: [m[Ktemplate argument 1 is invalid
   21 |   auto sampling_planner = [01;31m[Kstd::make_shared<mtc::solvers::PipelinePlanner>(node_)[m[K;
      |                           [01;31m[K~~~~~~~~~~~~~~~~~~~~~~~~~~~~~~~~~~~~~~~~~~~~~~~^~~~~~~[m[K
[01m[K/home/vasee22/igus-coffee-moveit/src/igus_rebel_ros2/igus_rebel/src/tasks/task_pick_portafilter.cpp:26:59:[m[K [01;31m[Kerror: [m[K‘[01m[KCartesianPath[m[K’ is not a member of ‘[01m[Kmoveit::task_constructor::solvers[m[K’
   26 |   auto cartesian_planner = std::make_shared<mtc::solvers::[01;31m[KCartesianPath[m[K>();
      |                                                           [01;31m[K^~~~~~~~~~~~~[m[K
[01m[K/home/vasee22/igus-coffee-moveit/src/igus_rebel_ros2/igus_rebel/src/tasks/task_pick_portafilter.cpp:26:73:[m[K [01;31m[Kerror: [m[Kno matching function for call to ‘[01m[Kmake_shared<<expression error> >()[m[K’
   26 |   auto cartesian_planner = [01;31m[Kstd::make_shared<mtc::solvers::CartesianPath>()[m[K;
      |                            [01;31m[K~~~~~~~~~~~~~~~~~~~~~~~~~~~~~~~~~~~~~~~~~~~~~^~[m[K
[01m[K/usr/include/c++/13/bits/shared_ptr.h:1005:5:[m[K [01;36m[Knote: [m[Kcandidate: ‘[01m[Ktemplate<class _Tp, class ... _Args> std::shared_ptr<typename std::enable_if<(! std::is_array< <template-parameter-1-1> >::value), _Tp>::type> std::[01;32m[Kmake_shared[m[K(_Args&& ...)[m[K’
 1005 |     [01;36m[Kmake_shared[m[K(_Args&&... __args)
      |     [01;36m[K^~~~~~~~~~~[m[K
[01m[K/usr/include/c++/13/bits/shared_ptr.h:1005:5:[m[K [01;36m[Knote: [m[K  template argument deduction/substitution failed:
[01m[K/home/vasee22/igus-coffee-moveit/src/igus_rebel_ros2/igus_rebel/src/tasks/task_pick_portafilter.cpp:26:73:[m[K [01;31m[Kerror: [m[Ktemplate argument 1 is invalid
   26 |   auto cartesian_planner = [01;31m[Kstd::make_shared<mtc::solvers::CartesianPath>()[m[K;
      |                            [01;31m[K~~~~~~~~~~~~~~~~~~~~~~~~~~~~~~~~~~~~~~~~~~~~~^~[m[K
[01m[K/home/vasee22/igus-coffee-moveit/src/igus_rebel_ros2/igus_rebel/src/tasks/task_pick_portafilter.cpp:37:40:[m[K [01;31m[Kerror: [m[K‘[01m[Kstages[m[K’ is not a member of ‘[01m[Kmtc[m[K’; did you mean ‘[01m[KStage[m[K’?
   37 |     auto stage = std::make_unique<mtc::[01;31m[Kstages[m[K::CurrentState>("current");
      |                                        [01;31m[K^~~~~~[m[K
      |                                        [32m[KStage[m[K
[01m[K/home/vasee22/igus-coffee-moveit/src/igus_rebel_ros2/igus_rebel/src/tasks/task_pick_portafilter.cpp:37:23:[m[K [01;31m[Kerror: [m[Kparse error in template argument list
   37 |     auto stage = std::[01;31m[Kmake_unique<mtc::stages::CurrentState>[m[K("current");
      |                       [01;31m[K^~~~~~~~~~~~~~~~~~~~~~~~~~~~~~~~~~~~~~[m[K
[01m[K/home/vasee22/igus-coffee-moveit/src/igus_rebel_ros2/igus_rebel/src/tasks/task_pick_portafilter.cpp:37:61:[m[K [01;31m[Kerror: [m[Kno matching function for call to ‘[01m[Kmake_unique<<expression error> >(const char [8])[m[K’
   37 |     auto stage = [01;31m[Kstd::make_unique<mtc::stages::CurrentState>("current")[m[K;
      |                  [01;31m[K~~~~~~~~~~~~~~~~~~~~~~~~~~~~~~~~~~~~~~~~~~~^~~~~~~~~~~[m[K
In file included from [01m[K/usr/include/c++/13/memory:78[m[K:
[01m[K/usr/include/c++/13/bits/unique_ptr.h:1069:5:[m[K [01;36m[Knote: [m[Kcandidate: ‘[01m[Ktemplate<class _Tp, class ... _Args> std::__detail::__unique_ptr_t<_Tp> std::[01;32m[Kmake_unique[m[K(_Args&& ...)[m[K’
 1069 |     [01;36m[Kmake_unique[m[K(_Args&&... __args)
      |     [01;36m[K^~~~~~~~~~~[m[K
[01m[K/usr/include/c++/13/bits/unique_ptr.h:1069:5:[m[K [01;36m[Knote: [m[K  template argument deduction/substitution failed:
[01m[K/home/vasee22/igus-coffee-moveit/src/igus_rebel_ros2/igus_rebel/src/tasks/task_pick_portafilter.cpp:37:61:[m[K [01;31m[Kerror: [m[Ktemplate argument 1 is invalid
   37 |     auto stage = [01;31m[Kstd::make_unique<mtc::stages::CurrentState>("current")[m[K;
      |                  [01;31m[K~~~~~~~~~~~~~~~~~~~~~~~~~~~~~~~~~~~~~~~~~~~^~~~~~~~~~~[m[K
[01m[K/usr/include/c++/13/bits/unique_ptr.h:1084:5:[m[K [01;36m[Knote: [m[Kcandidate: ‘[01m[Ktemplate<class _Tp> std::__detail::__unique_ptr_array_t<_Tp> std::[01;32m[Kmake_unique[m[K(size_t)[m[K’
 1084 |     [01;36m[Kmake_unique[m[K(size_t __num)
      |     [01;36m[K^~~~~~~~~~~[m[K
[01m[K/usr/include/c++/13/bits/unique_ptr.h:1084:5:[m[K [01;36m[Knote: [m[K  template argument deduction/substitution failed:
[01m[K/home/vasee22/igus-coffee-moveit/src/igus_rebel_ros2/igus_rebel/src/tasks/task_pick_portafilter.cpp:37:61:[m[K [01;31m[Kerror: [m[Ktemplate argument 1 is invalid
   37 |     auto stage = [01;31m[Kstd::make_unique<mtc::stages::CurrentState>("current")[m[K;
      |                  [01;31m[K~~~~~~~~~~~~~~~~~~~~~~~~~~~~~~~~~~~~~~~~~~~^~~~~~~~~~~[m[K
[01m[K/usr/include/c++/13/bits/unique_ptr.h:1094:5:[m[K [01;36m[Knote: [m[Kcandidate: ‘[01m[Ktemplate<class _Tp, class ... _Args> std::__detail::__invalid_make_unique_t<_Tp> std::[01;32m[Kmake_unique[m[K(_Args&& ...)[m[K’ (deleted)
 1094 |     [01;36m[Kmake_unique[m[K(_Args&&...) = delete;
      |     [01;36m[K^~~~~~~~~~~[m[K
[01m[K/usr/include/c++/13/bits/unique_ptr.h:1094:5:[m[K [01;36m[Knote: [m[K  template argument deduction/substitution failed:
[01m[K/home/vasee22/igus-coffee-moveit/src/igus_rebel_ros2/igus_rebel/src/tasks/task_pick_portafilter.cpp:37:61:[m[K [01;31m[Kerror: [m[Ktemplate argument 1 is invalid
   37 |     auto stage = [01;31m[Kstd::make_unique<mtc::stages::CurrentState>("current")[m[K;
      |                  [01;31m[K~~~~~~~~~~~~~~~~~~~~~~~~~~~~~~~~~~~~~~~~~~~^~~~~~~~~~~[m[K
[01m[K/home/vasee22/igus-coffee-moveit/src/igus_rebel_ros2/igus_rebel/src/tasks/task_pick_portafilter.cpp:44:40:[m[K [01;31m[Kerror: [m[K‘[01m[Kstages[m[K’ is not a member of ‘[01m[Kmtc[m[K’; did you mean ‘[01m[KStage[m[K’?
   44 |     auto stage = std::make_unique<mtc::[01;31m[Kstages[m[K::Connect>(
      |                                        [01;31m[K^~~~~~[m[K
      |                                        [32m[KStage[m[K
[01m[K/home/vasee22/igus-coffee-moveit/src/igus_rebel_ros2/igus_rebel/src/tasks/task_pick_portafilter.cpp:44:23:[m[K [01;31m[Kerror: [m[Kparse error in template argument list
   44 |     auto stage = std::[01;31m[Kmake_unique<mtc::stages::Connect>[m[K(
      |                       [01;31m[K^~~~~~~~~~~~~~~~~~~~~~~~~~~~~~~~~[m[K
[01m[K/home/vasee22/igus-coffee-moveit/src/igus_rebel_ros2/igus_rebel/src/tasks/task_pick_portafilter.cpp:46:14:[m[K [01;31m[Kerror: [m[K‘[01m[Kmtc::stages[m[K’ has not been declared
   46 |         mtc::[01;31m[Kstages[m[K::Connect::GroupPlannerVector{ { arm_group_name, sampling_planner } });
      |              [01;31m[K^~~~~~[m[K
[01m[K/home/vasee22/igus-coffee-moveit/src/igus_rebel_ros2/igus_rebel/src/tasks/task_pick_portafilter.cpp:61:42:[m[K [01;31m[Kerror: [m[K‘[01m[Kstages[m[K’ is not a member of ‘[01m[Kmtc[m[K’; did you mean ‘[01m[KStage[m[K’?
   61 |       auto stage = std::make_unique<mtc::[01;31m[Kstages[m[K::ModifyPlanningScene>("allow connector/holder collision");
      |                                          [01;31m[K^~~~~~[m[K
      |                                          [32m[KStage[m[K
[01m[K/home/vasee22/igus-coffee-moveit/src/igus_rebel_ros2/igus_rebel/src/tasks/task_pick_portafilter.cpp:61:25:[m[K [01;31m[Kerror: [m[Kparse error in template argument list
   61 |       auto stage = std::[01;31m[Kmake_unique<mtc::stages::ModifyPlanningScene>[m[K("allow connector/holder collision");
      |                         [01;31m[K^~~~~~~~~~~~~~~~~~~~~~~~~~~~~~~~~~~~~~~~~~~~~[m[K
[01m[K/home/vasee22/igus-coffee-moveit/src/igus_rebel_ros2/igus_rebel/src/tasks/task_pick_portafilter.cpp:61:70:[m[K [01;31m[Kerror: [m[Kno matching function for call to ‘[01m[Kmake_unique<<expression error> >(const char [33])[m[K’
   61 |       auto stage = [01;31m[Kstd::make_unique<mtc::stages::ModifyPlanningScene>("allow connector/holder collision")[m[K;
      |                    [01;31m[K~~~~~~~~~~~~~~~~~~~~~~~~~~~~~~~~~~~~~~~~~~~~~~~~~~^~~~~~~~~~~~~~~~~~~~~~~~~~~~~~~~~~~~[m[K
[01m[K/usr/include/c++/13/bits/unique_ptr.h:1069:5:[m[K [01;36m[Knote: [m[Kcandidate: ‘[01m[Ktemplate<class _Tp, class ... _Args> std::__detail::__unique_ptr_t<_Tp> std::[01;32m[Kmake_unique[m[K(_Args&& ...)[m[K’
 1069 |     [01;36m[Kmake_unique[m[K(_Args&&... __args)
      |     [01;36m[K^~~~~~~~~~~[m[K
[01m[K/usr/include/c++/13/bits/unique_ptr.h:1069:5:[m[K [01;36m[Knote: [m[K  template argument deduction/substitution failed:
[01m[K/home/vasee22/igus-coffee-moveit/src/igus_rebel_ros2/igus_rebel/src/tasks/task_pick_portafilter.cpp:61:70:[m[K [01;31m[Kerror: [m[Ktemplate argument 1 is invalid
   61 |       auto stage = [01;31m[Kstd::make_unique<mtc::stages::ModifyPlanningScene>("allow connector/holder collision")[m[K;
      |                    [01;31m[K~~~~~~~~~~~~~~~~~~~~~~~~~~~~~~~~~~~~~~~~~~~~~~~~~~^~~~~~~~~~~~~~~~~~~~~~~~~~~~~~~~~~~~[m[K
[01m[K/usr/include/c++/13/bits/unique_ptr.h:1084:5:[m[K [01;36m[Knote: [m[Kcandidate: ‘[01m[Ktemplate<class _Tp> std::__detail::__unique_ptr_array_t<_Tp> std::[01;32m[Kmake_unique[m[K(size_t)[m[K’
 1084 |     [01;36m[Kmake_unique[m[K(size_t __num)
      |     [01;36m[K^~~~~~~~~~~[m[K
[01m[K/usr/include/c++/13/bits/unique_ptr.h:1084:5:[m[K [01;36m[Knote: [m[K  template argument deduction/substitution failed:
[01m[K/home/vasee22/igus-coffee-moveit/src/igus_rebel_ros2/igus_rebel/src/tasks/task_pick_portafilter.cpp:61:70:[m[K [01;31m[Kerror: [m[Ktemplate argument 1 is invalid
   61 |       auto stage = [01;31m[Kstd::make_unique<mtc::stages::ModifyPlanningScene>("allow connector/holder collision")[m[K;
      |                    [01;31m[K~~~~~~~~~~~~~~~~~~~~~~~~~~~~~~~~~~~~~~~~~~~~~~~~~~^~~~~~~~~~~~~~~~~~~~~~~~~~~~~~~~~~~~[m[K
[01m[K/usr/include/c++/13/bits/unique_ptr.h:1094:5:[m[K [01;36m[Knote: [m[Kcandidate: ‘[01m[Ktemplate<class _Tp, class ... _Args> std::__detail::__invalid_make_unique_t<_Tp> std::[01;32m[Kmake_unique[m[K(_Args&& ...)[m[K’ (deleted)
 1094 |     [01;36m[Kmake_unique[m[K(_Args&&...) = delete;
      |     [01;36m[K^~~~~~~~~~~[m[K
[01m[K/usr/include/c++/13/bits/unique_ptr.h:1094:5:[m[K [01;36m[Knote: [m[K  template argument deduction/substitution failed:
[01m[K/home/vasee22/igus-coffee-moveit/src/igus_rebel_ros2/igus_rebel/src/tasks/task_pick_portafilter.cpp:61:70:[m[K [01;31m[Kerror: [m[Ktemplate argument 1 is invalid
   61 |       auto stage = [01;31m[Kstd::make_unique<mtc::stages::ModifyPlanningScene>("allow connector/holder collision")[m[K;
      |                    [01;31m[K~~~~~~~~~~~~~~~~~~~~~~~~~~~~~~~~~~~~~~~~~~~~~~~~~~^~~~~~~~~~~~~~~~~~~~~~~~~~~~~~~~~~~~[m[K
[01m[K/home/vasee22/igus-coffee-moveit/src/igus_rebel_ros2/igus_rebel/src/tasks/task_pick_portafilter.cpp:69:42:[m[K [01;31m[Kerror: [m[K‘[01m[Kstages[m[K’ is not a member of ‘[01m[Kmtc[m[K’; did you mean ‘[01m[KStage[m[K’?
   69 |       auto stage = std::make_unique<mtc::[01;31m[Kstages[m[K::MoveRelative>("approach holder", cartesian_planner);
      |                                          [01;31m[K^~~~~~[m[K
      |                                          [32m[KStage[m[K
[01m[K/home/vasee22/igus-coffee-moveit/src/igus_rebel_ros2/igus_rebel/src/tasks/task_pick_portafilter.cpp:69:25:[m[K [01;31m[Kerror: [m[Kparse error in template argument list
   69 |       auto stage = std::[01;31m[Kmake_unique<mtc::stages::MoveRelative>[m[K("approach holder", cartesian_planner);
      |                         [01;31m[K^~~~~~~~~~~~~~~~~~~~~~~~~~~~~~~~~~~~~~[m[K
[01m[K/home/vasee22/igus-coffee-moveit/src/igus_rebel_ros2/igus_rebel/src/tasks/task_pick_portafilter.cpp:74:27:[m[K [01;31m[Kerror: [m[K‘[01m[KVector3Stamped[m[K’ is not a member of ‘[01m[Kgeometry_msgs::msg[m[K’
   74 |       geometry_msgs::msg::[01;31m[KVector3Stamped[m[K vec;
      |                           [01;31m[K^~~~~~~~~~~~~~[m[K
[01m[K/home/vasee22/igus-coffee-moveit/src/igus_rebel_ros2/igus_rebel/src/tasks/task_pick_portafilter.cpp:75:7:[m[K [01;31m[Kerror: [m[K‘[01m[Kvec[m[K’ was not declared in this scope
   75 |       [01;31m[Kvec[m[K.header.frame_id = hand_frame;
      |       [01;31m[K^~~[m[K
[01m[K/home/vasee22/igus-coffee-moveit/src/igus_rebel_ros2/igus_rebel/src/tasks/task_pick_portafilter.cpp:84:42:[m[K [01;31m[Kerror: [m[K‘[01m[Kstages[m[K’ is not a member of ‘[01m[Kmtc[m[K’; did you mean ‘[01m[KStage[m[K’?
   84 |       auto stage = std::make_unique<mtc::[01;31m[Kstages[m[K::GenerateGraspPose>("generate holder grasp");
      |                                          [01;31m[K^~~~~~[m[K
      |                                          [32m[KStage[m[K
[01m[K/home/vasee22/igus-coffee-moveit/src/igus_rebel_ros2/igus_rebel/src/tasks/task_pick_portafilter.cpp:84:25:[m[K [01;31m[Kerror: [m[Kparse error in template argument list
   84 |       auto stage = std::[01;31m[Kmake_unique<mtc::stages::GenerateGraspPose>[m[K("generate holder grasp");
      |                         [01;31m[K^~~~~~~~~~~~~~~~~~~~~~~~~~~~~~~~~~~~~~~~~~~[m[K
[01m[K/home/vasee22/igus-coffee-moveit/src/igus_rebel_ros2/igus_rebel/src/tasks/task_pick_portafilter.cpp:84:68:[m[K [01;31m[Kerror: [m[Kno matching function for call to ‘[01m[Kmake_unique<<expression error> >(const char [22])[m[K’
   84 |       auto stage = [01;31m[Kstd::make_unique<mtc::stages::GenerateGraspPose>("generate holder grasp")[m[K;
      |                    [01;31m[K~~~~~~~~~~~~~~~~~~~~~~~~~~~~~~~~~~~~~~~~~~~~~~~~^~~~~~~~~~~~~~~~~~~~~~~~~[m[K
[01m[K/usr/include/c++/13/bits/unique_ptr.h:1069:5:[m[K [01;36m[Knote: [m[Kcandidate: ‘[01m[Ktemplate<class _Tp, class ... _Args> std::__detail::__unique_ptr_t<_Tp> std::[01;32m[Kmake_unique[m[K(_Args&& ...)[m[K’
 1069 |     [01;36m[Kmake_unique[m[K(_Args&&... __args)
      |     [01;36m[K^~~~~~~~~~~[m[K
[01m[K/usr/include/c++/13/bits/unique_ptr.h:1069:5:[m[K [01;36m[Knote: [m[K  template argument deduction/substitution failed:
[01m[K/home/vasee22/igus-coffee-moveit/src/igus_rebel_ros2/igus_rebel/src/tasks/task_pick_portafilter.cpp:84:68:[m[K [01;31m[Kerror: [m[Ktemplate argument 1 is invalid
   84 |       auto stage = [01;31m[Kstd::make_unique<mtc::stages::GenerateGraspPose>("generate holder grasp")[m[K;
      |                    [01;31m[K~~~~~~~~~~~~~~~~~~~~~~~~~~~~~~~~~~~~~~~~~~~~~~~~^~~~~~~~~~~~~~~~~~~~~~~~~[m[K
[01m[K/usr/include/c++/13/bits/unique_ptr.h:1084:5:[m[K [01;36m[Knote: [m[Kcandidate: ‘[01m[Ktemplate<class _Tp> std::__detail::__unique_ptr_array_t<_Tp> std::[01;32m[Kmake_unique[m[K(size_t)[m[K’
 1084 |     [01;36m[Kmake_unique[m[K(size_t __num)
      |     [01;36m[K^~~~~~~~~~~[m[K
[01m[K/usr/include/c++/13/bits/unique_ptr.h:1084:5:[m[K [01;36m[Knote: [m[K  template argument deduction/substitution failed:
[01m[K/home/vasee22/igus-coffee-moveit/src/igus_rebel_ros2/igus_rebel/src/tasks/task_pick_portafilter.cpp:84:68:[m[K [01;31m[Kerror: [m[Ktemplate argument 1 is invalid
   84 |       auto stage = [01;31m[Kstd::make_unique<mtc::stages::GenerateGraspPose>("generate holder grasp")[m[K;
      |                    [01;31m[K~~~~~~~~~~~~~~~~~~~~~~~~~~~~~~~~~~~~~~~~~~~~~~~~^~~~~~~~~~~~~~~~~~~~~~~~~[m[K
[01m[K/usr/include/c++/13/bits/unique_ptr.h:1094:5:[m[K [01;36m[Knote: [m[Kcandidate: ‘[01m[Ktemplate<class _Tp, class ... _Args> std::__detail::__invalid_make_unique_t<_Tp> std::[01;32m[Kmake_unique[m[K(_Args&& ...)[m[K’ (deleted)
 1094 |     [01;36m[Kmake_unique[m[K(_Args&&...) = delete;
      |     [01;36m[K^~~~~~~~~~~[m[K
[01m[K/usr/include/c++/13/bits/unique_ptr.h:1094:5:[m[K [01;36m[Knote: [m[K  template argument deduction/substitution failed:
[01m[K/home/vasee22/igus-coffee-moveit/src/igus_rebel_ros2/igus_rebel/src/tasks/task_pick_portafilter.cpp:84:68:[m[K [01;31m[Kerror: [m[Ktemplate argument 1 is invalid
   84 |       auto stage = [01;31m[Kstd::make_unique<mtc::stages::GenerateGraspPose>("generate holder grasp")[m[K;
      |                    [01;31m[K~~~~~~~~~~~~~~~~~~~~~~~~~~~~~~~~~~~~~~~~~~~~~~~~^~~~~~~~~~~~~~~~~~~~~~~~~[m[K
[01m[K/home/vasee22/igus-coffee-moveit/src/igus_rebel_ros2/igus_rebel/src/tasks/task_pick_portafilter.cpp:102:44:[m[K [01;31m[Kerror: [m[K‘[01m[Kstages[m[K’ is not a member of ‘[01m[Kmtc[m[K’; did you mean ‘[01m[KStage[m[K’?
  102 |       auto wrapper = std::make_unique<mtc::[01;31m[Kstages[m[K::ComputeIK>("holder grasp IK", std::move(stage));
      |                                            [01;31m[K^~~~~~[m[K
      |                                            [32m[KStage[m[K
[01m[K/home/vasee22/igus-coffee-moveit/src/igus_rebel_ros2/igus_rebel/src/tasks/task_pick_portafilter.cpp:102:27:[m[K [01;31m[Kerror: [m[Kparse error in template argument list
  102 |       auto wrapper = std::[01;31m[Kmake_unique<mtc::stages::ComputeIK>[m[K("holder grasp IK", std::move(stage));
      |                           [01;31m[K^~~~~~~~~~~~~~~~~~~~~~~~~~~~~~~~~~~[m[K
[01m[K/home/vasee22/igus-coffee-moveit/src/igus_rebel_ros2/igus_rebel/src/tasks/task_pick_portafilter.cpp:115:42:[m[K [01;31m[Kerror: [m[K‘[01m[Kstages[m[K’ is not a member of ‘[01m[Kmtc[m[K’; did you mean ‘[01m[KStage[m[K’?
  115 |       auto stage = std::make_unique<mtc::[01;31m[Kstages[m[K::ModifyPlanningScene>("maintain allowed collisions");
      |                                          [01;31m[K^~~~~~[m[K
      |                                          [32m[KStage[m[K
[01m[K/home/vasee22/igus-coffee-moveit/src/igus_rebel_ros2/igus_rebel/src/tasks/task_pick_portafilter.cpp:115:25:[m[K [01;31m[Kerror: [m[Kparse error in template argument list
  115 |       auto stage = std::[01;31m[Kmake_unique<mtc::stages::ModifyPlanningScene>[m[K("maintain allowed collisions");
      |                         [01;31m[K^~~~~~~~~~~~~~~~~~~~~~~~~~~~~~~~~~~~~~~~~~~~~[m[K
[01m[K/home/vasee22/igus-coffee-moveit/src/igus_rebel_ros2/igus_rebel/src/tasks/task_pick_portafilter.cpp:115:70:[m[K [01;31m[Kerror: [m[Kno matching function for call to ‘[01m[Kmake_unique<<expression error> >(const char [28])[m[K’
  115 |       auto stage = [01;31m[Kstd::make_unique<mtc::stages::ModifyPlanningScene>("maintain allowed collisions")[m[K;
      |                    [01;31m[K~~~~~~~~~~~~~~~~~~~~~~~~~~~~~~~~~~~~~~~~~~~~~~~~~~^~~~~~~~~~~~~~~~~~~~~~~~~~~~~~~[m[K
[01m[K/usr/include/c++/13/bits/unique_ptr.h:1069:5:[m[K [01;36m[Knote: [m[Kcandidate: ‘[01m[Ktemplate<class _Tp, class ... _Args> std::__detail::__unique_ptr_t<_Tp> std::[01;32m[Kmake_unique[m[K(_Args&& ...)[m[K’
 1069 |     [01;36m[Kmake_unique[m[K(_Args&&... __args)
      |     [01;36m[K^~~~~~~~~~~[m[K
[01m[K/usr/include/c++/13/bits/unique_ptr.h:1069:5:[m[K [01;36m[Knote: [m[K  template argument deduction/substitution failed:
[01m[K/home/vasee22/igus-coffee-moveit/src/igus_rebel_ros2/igus_rebel/src/tasks/task_pick_portafilter.cpp:115:70:[m[K [01;31m[Kerror: [m[Ktemplate argument 1 is invalid
  115 |       auto stage = [01;31m[Kstd::make_unique<mtc::stages::ModifyPlanningScene>("maintain allowed collisions")[m[K;
      |                    [01;31m[K~~~~~~~~~~~~~~~~~~~~~~~~~~~~~~~~~~~~~~~~~~~~~~~~~~^~~~~~~~~~~~~~~~~~~~~~~~~~~~~~~[m[K
[01m[K/usr/include/c++/13/bits/unique_ptr.h:1084:5:[m[K [01;36m[Knote: [m[Kcandidate: ‘[01m[Ktemplate<class _Tp> std::__detail::__unique_ptr_array_t<_Tp> std::[01;32m[Kmake_unique[m[K(size_t)[m[K’
 1084 |     [01;36m[Kmake_unique[m[K(size_t __num)
      |     [01;36m[K^~~~~~~~~~~[m[K
[01m[K/usr/include/c++/13/bits/unique_ptr.h:1084:5:[m[K [01;36m[Knote: [m[K  template argument deduction/substitution failed:
[01m[K/home/vasee22/igus-coffee-moveit/src/igus_rebel_ros2/igus_rebel/src/tasks/task_pick_portafilter.cpp:115:70:[m[K [01;31m[Kerror: [m[Ktemplate argument 1 is invalid
  115 |       auto stage = [01;31m[Kstd::make_unique<mtc::stages::ModifyPlanningScene>("maintain allowed collisions")[m[K;
      |                    [01;31m[K~~~~~~~~~~~~~~~~~~~~~~~~~~~~~~~~~~~~~~~~~~~~~~~~~~^~~~~~~~~~~~~~~~~~~~~~~~~~~~~~~[m[K
[01m[K/usr/include/c++/13/bits/unique_ptr.h:1094:5:[m[K [01;36m[Knote: [m[Kcandidate: ‘[01m[Ktemplate<class _Tp, class ... _Args> std::__detail::__invalid_make_unique_t<_Tp> std::[01;32m[Kmake_unique[m[K(_Args&& ...)[m[K’ (deleted)
 1094 |     [01;36m[Kmake_unique[m[K(_Args&&...) = delete;
      |     [01;36m[K^~~~~~~~~~~[m[K
[01m[K/usr/include/c++/13/bits/unique_ptr.h:1094:5:[m[K [01;36m[Knote: [m[K  template argument deduction/substitution failed:
[01m[K/home/vasee22/igus-coffee-moveit/src/igus_rebel_ros2/igus_rebel/src/tasks/task_pick_portafilter.cpp:115:70:[m[K [01;31m[Kerror: [m[Ktemplate argument 1 is invalid
  115 |       auto stage = [01;31m[Kstd::make_unique<mtc::stages::ModifyPlanningScene>("maintain allowed collisions")[m[K;
      |                    [01;31m[K~~~~~~~~~~~~~~~~~~~~~~~~~~~~~~~~~~~~~~~~~~~~~~~~~~^~~~~~~~~~~~~~~~~~~~~~~~~~~~~~~[m[K
[01m[K/home/vasee22/igus-coffee-moveit/src/igus_rebel_ros2/igus_rebel/src/tasks/task_pick_portafilter.cpp:123:42:[m[K [01;31m[Kerror: [m[K‘[01m[Kstages[m[K’ is not a member of ‘[01m[Kmtc[m[K’; did you mean ‘[01m[KStage[m[K’?
  123 |       auto stage = std::make_unique<mtc::[01;31m[Kstages[m[K::MoveRelative>("twist lock", sampling_planner);
      |                                          [01;31m[K^~~~~~[m[K
      |                                          [32m[KStage[m[K
[01m[K/home/vasee22/igus-coffee-moveit/src/igus_rebel_ros2/igus_rebel/src/tasks/task_pick_portafilter.cpp:123:25:[m[K [01;31m[Kerror: [m[Kparse error in template argument list
  123 |       auto stage = std::[01;31m[Kmake_unique<mtc::stages::MoveRelative>[m[K("twist lock", sampling_planner);
      |                         [01;31m[K^~~~~~~~~~~~~~~~~~~~~~~~~~~~~~~~~~~~~~[m[K
[01m[K/home/vasee22/igus-coffee-moveit/src/igus_rebel_ros2/igus_rebel/src/tasks/task_pick_portafilter.cpp:136:42:[m[K [01;31m[Kerror: [m[K‘[01m[Kstages[m[K’ is not a member of ‘[01m[Kmtc[m[K’; did you mean ‘[01m[KStage[m[K’?
  136 |       auto stage = std::make_unique<mtc::[01;31m[Kstages[m[K::ModifyPlanningScene>("allow holder/tool_station for attach");
      |                                          [01;31m[K^~~~~~[m[K
      |                                          [32m[KStage[m[K
[01m[K/home/vasee22/igus-coffee-moveit/src/igus_rebel_ros2/igus_rebel/src/tasks/task_pick_portafilter.cpp:136:25:[m[K [01;31m[Kerror: [m[Kparse error in template argument list
  136 |       auto stage = std::[01;31m[Kmake_unique<mtc::stages::ModifyPlanningScene>[m[K("allow holder/tool_station for attach");
      |                         [01;31m[K^~~~~~~~~~~~~~~~~~~~~~~~~~~~~~~~~~~~~~~~~~~~~[m[K
[01m[K/home/vasee22/igus-coffee-moveit/src/igus_rebel_ros2/igus_rebel/src/tasks/task_pick_portafilter.cpp:136:70:[m[K [01;31m[Kerror: [m[Kno matching function for call to ‘[01m[Kmake_unique<<expression error> >(const char [37])[m[K’
  136 |       auto stage = [01;31m[Kstd::make_unique<mtc::stages::ModifyPlanningScene>("allow holder/tool_station for attach")[m[K;
      |                    [01;31m[K~~~~~~~~~~~~~~~~~~~~~~~~~~~~~~~~~~~~~~~~~~~~~~~~~~^~~~~~~~~~~~~~~~~~~~~~~~~~~~~~~~~~~~~~~~[m[K
[01m[K/usr/include/c++/13/bits/unique_ptr.h:1069:5:[m[K [01;36m[Knote: [m[Kcandidate: ‘[01m[Ktemplate<class _Tp, class ... _Args> std::__detail::__unique_ptr_t<_Tp> std::[01;32m[Kmake_unique[m[K(_Args&& ...)[m[K’
 1069 |     [01;36m[Kmake_unique[m[K(_Args&&... __args)
      |     [01;36m[K^~~~~~~~~~~[m[K
[01m[K/usr/include/c++/13/bits/unique_ptr.h:1069:5:[m[K [01;36m[Knote: [m[K  template argument deduction/substitution failed:
[01m[K/home/vasee22/igus-coffee-moveit/src/igus_rebel_ros2/igus_rebel/src/tasks/task_pick_portafilter.cpp:136:70:[m[K [01;31m[Kerror: [m[Ktemplate argument 1 is invalid
  136 |       auto stage = [01;31m[Kstd::make_unique<mtc::stages::ModifyPlanningScene>("allow holder/tool_station for attach")[m[K;
      |                    [01;31m[K~~~~~~~~~~~~~~~~~~~~~~~~~~~~~~~~~~~~~~~~~~~~~~~~~~^~~~~~~~~~~~~~~~~~~~~~~~~~~~~~~~~~~~~~~~[m[K
[01m[K/usr/include/c++/13/bits/unique_ptr.h:1084:5:[m[K [01;36m[Knote: [m[Kcandidate: ‘[01m[Ktemplate<class _Tp> std::__detail::__unique_ptr_array_t<_Tp> std::[01;32m[Kmake_unique[m[K(size_t)[m[K’
 1084 |     [01;36m[Kmake_unique[m[K(size_t __num)
      |     [01;36m[K^~~~~~~~~~~[m[K
[01m[K/usr/include/c++/13/bits/unique_ptr.h:1084:5:[m[K [01;36m[Knote: [m[K  template argument deduction/substitution failed:
[01m[K/home/vasee22/igus-coffee-moveit/src/igus_rebel_ros2/igus_rebel/src/tasks/task_pick_portafilter.cpp:136:70:[m[K [01;31m[Kerror: [m[Ktemplate argument 1 is invalid
  136 |       auto stage = [01;31m[Kstd::make_unique<mtc::stages::ModifyPlanningScene>("allow holder/tool_station for attach")[m[K;
      |                    [01;31m[K~~~~~~~~~~~~~~~~~~~~~~~~~~~~~~~~~~~~~~~~~~~~~~~~~~^~~~~~~~~~~~~~~~~~~~~~~~~~~~~~~~~~~~~~~~[m[K
[01m[K/usr/include/c++/13/bits/unique_ptr.h:1094:5:[m[K [01;36m[Knote: [m[Kcandidate: ‘[01m[Ktemplate<class _Tp, class ... _Args> std::__detail::__invalid_make_unique_t<_Tp> std::[01;32m[Kmake_unique[m[K(_Args&& ...)[m[K’ (deleted)
 1094 |     [01;36m[Kmake_unique[m[K(_Args&&...) = delete;
      |     [01;36m[K^~~~~~~~~~~[m[K
[01m[K/usr/include/c++/13/bits/unique_ptr.h:1094:5:[m[K [01;36m[Knote: [m[K  template argument deduction/substitution failed:
[01m[K/home/vasee22/igus-coffee-moveit/src/igus_rebel_ros2/igus_rebel/src/tasks/task_pick_portafilter.cpp:136:70:[m[K [01;31m[Kerror: [m[Ktemplate argument 1 is invalid
  136 |       auto stage = [01;31m[Kstd::make_unique<mtc::stages::ModifyPlanningScene>("allow holder/tool_station for attach")[m[K;
      |                    [01;31m[K~~~~~~~~~~~~~~~~~~~~~~~~~~~~~~~~~~~~~~~~~~~~~~~~~~^~~~~~~~~~~~~~~~~~~~~~~~~~~~~~~~~~~~~~~~[m[K
[01m[K/home/vasee22/igus-coffee-moveit/src/igus_rebel_ros2/igus_rebel/src/tasks/task_pick_portafilter.cpp:143:42:[m[K [01;31m[Kerror: [m[K‘[01m[Kstages[m[K’ is not a member of ‘[01m[Kmtc[m[K’; did you mean ‘[01m[KStage[m[K’?
  143 |       auto stage = std::make_unique<mtc::[01;31m[Kstages[m[K::ModifyPlanningScene>("attach cup holder");
      |                                          [01;31m[K^~~~~~[m[K
      |                                          [32m[KStage[m[K
[01m[K/home/vasee22/igus-coffee-moveit/src/igus_rebel_ros2/igus_rebel/src/tasks/task_pick_portafilter.cpp:143:25:[m[K [01;31m[Kerror: [m[Kparse error in template argument list
  143 |       auto stage = std::[01;31m[Kmake_unique<mtc::stages::ModifyPlanningScene>[m[K("attach cup holder");
      |                         [01;31m[K^~~~~~~~~~~~~~~~~~~~~~~~~~~~~~~~~~~~~~~~~~~~~[m[K
[01m[K/home/vasee22/igus-coffee-moveit/src/igus_rebel_ros2/igus_rebel/src/tasks/task_pick_portafilter.cpp:143:70:[m[K [01;31m[Kerror: [m[Kno matching function for call to ‘[01m[Kmake_unique<<expression error> >(const char [18])[m[K’
  143 |       auto stage = [01;31m[Kstd::make_unique<mtc::stages::ModifyPlanningScene>("attach cup holder")[m[K;
      |                    [01;31m[K~~~~~~~~~~~~~~~~~~~~~~~~~~~~~~~~~~~~~~~~~~~~~~~~~~^~~~~~~~~~~~~~~~~~~~~[m[K
[01m[K/usr/include/c++/13/bits/unique_ptr.h:1069:5:[m[K [01;36m[Knote: [m[Kcandidate: ‘[01m[Ktemplate<class _Tp, class ... _Args> std::__detail::__unique_ptr_t<_Tp> std::[01;32m[Kmake_unique[m[K(_Args&& ...)[m[K’
 1069 |     [01;36m[Kmake_unique[m[K(_Args&&... __args)
      |     [01;36m[K^~~~~~~~~~~[m[K
[01m[K/usr/include/c++/13/bits/unique_ptr.h:1069:5:[m[K [01;36m[Knote: [m[K  template argument deduction/substitution failed:
[01m[K/home/vasee22/igus-coffee-moveit/src/igus_rebel_ros2/igus_rebel/src/tasks/task_pick_portafilter.cpp:143:70:[m[K [01;31m[Kerror: [m[Ktemplate argument 1 is invalid
  143 |       auto stage = [01;31m[Kstd::make_unique<mtc::stages::ModifyPlanningScene>("attach cup holder")[m[K;
      |                    [01;31m[K~~~~~~~~~~~~~~~~~~~~~~~~~~~~~~~~~~~~~~~~~~~~~~~~~~^~~~~~~~~~~~~~~~~~~~~[m[K
[01m[K/usr/include/c++/13/bits/unique_ptr.h:1084:5:[m[K [01;36m[Knote: [m[Kcandidate: ‘[01m[Ktemplate<class _Tp> std::__detail::__unique_ptr_array_t<_Tp> std::[01;32m[Kmake_unique[m[K(size_t)[m[K’
 1084 |     [01;36m[Kmake_unique[m[K(size_t __num)
      |     [01;36m[K^~~~~~~~~~~[m[K
[01m[K/usr/include/c++/13/bits/unique_ptr.h:1084:5:[m[K [01;36m[Knote: [m[K  template argument deduction/substitution failed:
[01m[K/home/vasee22/igus-coffee-moveit/src/igus_rebel_ros2/igus_rebel/src/tasks/task_pick_portafilter.cpp:143:70:[m[K [01;31m[Kerror: [m[Ktemplate argument 1 is invalid
  143 |       auto stage = [01;31m[Kstd::make_unique<mtc::stages::ModifyPlanningScene>("attach cup holder")[m[K;
      |                    [01;31m[K~~~~~~~~~~~~~~~~~~~~~~~~~~~~~~~~~~~~~~~~~~~~~~~~~~^~~~~~~~~~~~~~~~~~~~~[m[K
[01m[K/usr/include/c++/13/bits/unique_ptr.h:1094:5:[m[K [01;36m[Knote: [m[Kcandidate: ‘[01m[Ktemplate<class _Tp, class ... _Args> std::__detail::__invalid_make_unique_t<_Tp> std::[01;32m[Kmake_unique[m[K(_Args&& ...)[m[K’ (deleted)
 1094 |     [01;36m[Kmake_unique[m[K(_Args&&...) = delete;
      |     [01;36m[K^~~~~~~~~~~[m[K
[01m[K/usr/include/c++/13/bits/unique_ptr.h:1094:5:[m[K [01;36m[Knote: [m[K  template argument deduction/substitution failed:
[01m[K/home/vasee22/igus-coffee-moveit/src/igus_rebel_ros2/igus_rebel/src/tasks/task_pick_portafilter.cpp:143:70:[m[K [01;31m[Kerror: [m[Ktemplate argument 1 is invalid
  143 |       auto stage = [01;31m[Kstd::make_unique<mtc::stages::ModifyPlanningScene>("attach cup holder")[m[K;
      |                    [01;31m[K~~~~~~~~~~~~~~~~~~~~~~~~~~~~~~~~~~~~~~~~~~~~~~~~~~^~~~~~~~~~~~~~~~~~~~~[m[K
[01m[K/home/vasee22/igus-coffee-moveit/src/igus_rebel_ros2/igus_rebel/src/tasks/task_pick_portafilter.cpp:150:43:[m[K [01;31m[Kerror: [m[K‘[01m[Kstages[m[K’ is not a member of ‘[01m[Kmtc[m[K’; did you mean ‘[01m[KStage[m[K’?
  150 |        auto stage = std::make_unique<mtc::[01;31m[Kstages[m[K::MoveRelative>("retreat", cartesian_planner);
      |                                           [01;31m[K^~~~~~[m[K
      |                                           [32m[KStage[m[K
[01m[K/home/vasee22/igus-coffee-moveit/src/igus_rebel_ros2/igus_rebel/src/tasks/task_pick_portafilter.cpp:150:26:[m[K [01;31m[Kerror: [m[Kparse error in template argument list
  150 |        auto stage = std::[01;31m[Kmake_unique<mtc::stages::MoveRelative>[m[K("retreat", cartesian_planner);
      |                          [01;31m[K^~~~~~~~~~~~~~~~~~~~~~~~~~~~~~~~~~~~~~[m[K
[01m[K/home/vasee22/igus-coffee-moveit/src/igus_rebel_ros2/igus_rebel/src/tasks/task_pick_portafilter.cpp:155:28:[m[K [01;31m[Kerror: [m[K‘[01m[KVector3Stamped[m[K’ is not a member of ‘[01m[Kgeometry_msgs::msg[m[K’
  155 |        geometry_msgs::msg::[01;31m[KVector3Stamped[m[K vec;
      |                            [01;31m[K^~~~~~~~~~~~~~[m[K
[01m[K/home/vasee22/igus-coffee-moveit/src/igus_rebel_ros2/igus_rebel/src/tasks/task_pick_portafilter.cpp:156:8:[m[K [01;31m[Kerror: [m[K‘[01m[Kvec[m[K’ was not declared in this scope
  156 |        [01;31m[Kvec[m[K.header.frame_id = "world";
      |        [01;31m[K^~~[m[K
[01m[K/home/vasee22/igus-coffee-moveit/src/igus_rebel_ros2/igus_rebel/src/pick_and_place.cpp:[m[K In member function ‘[01m[Kmoveit::task_constructor::Task SimpleTask::[01;32m[KcreateDetachPortafilterFromGrinder[m[K()[m[K’:
[01m[K/home/vasee22/igus-coffee-moveit/src/igus_rebel_ros2/igus_rebel/src/pick_and_place.cpp:594:15:[m[K [01;35m[Kwarning: [m[Kvariable ‘[01m[Kcurrent_state_ptr[m[K’ set but not used [[01;35m[K]8;;https://gcc.gnu.org/onlinedocs/gcc/Warning-Options.html#index-Wunused-but-set-variable-Wunused-but-set-variable]8;;[m[K]
  594 |   mtc::Stage* [01;35m[Kcurrent_state_ptr[m[K = nullptr;
      |               [01;35m[K^~~~~~~~~~~~~~~~~[m[K
[01m[K/home/vasee22/igus-coffee-moveit/src/igus_rebel_ros2/igus_rebel/src/pick_and_place.cpp:[m[K In member function ‘[01m[Kmoveit::task_constructor::Task SimpleTask::[01;32m[KcreateMoveToCoffeeMachine[m[K()[m[K’:
[01m[K/home/vasee22/igus-coffee-moveit/src/igus_rebel_ros2/igus_rebel/src/pick_and_place.cpp:948:14:[m[K [01;35m[Kwarning: [m[Kvariable ‘[01m[Kcurrent_state_ptr[m[K’ set but not used [[01;35m[K]8;;https://gcc.gnu.org/onlinedocs/gcc/Warning-Options.html#index-Wunused-but-set-variable-Wunused-but-set-variable]8;;[m[K]
  948 |  mtc::Stage* [01;35m[Kcurrent_state_ptr[m[K = nullptr;
      |              [01;35m[K^~~~~~~~~~~~~~~~~[m[K
[01m[K/home/vasee22/igus-coffee-moveit/src/igus_rebel_ros2/igus_rebel/src/pick_and_place.cpp:[m[K In member function ‘[01m[Kmoveit::task_constructor::Task SimpleTask::[01;32m[KcreatePressLeftButtonTask[m[K()[m[K’:
[01m[K/home/vasee22/igus-coffee-moveit/src/igus_rebel_ros2/igus_rebel/src/pick_and_place.cpp:1147:15:[m[K [01;35m[Kwarning: [m[Kunused variable ‘[01m[KPRESS_DEPTH[m[K’ [[01;35m[K]8;;https://gcc.gnu.org/onlinedocs/gcc/Warning-Options.html#index-Wunused-variable-Wunused-variable]8;;[m[K]
 1147 |  const double [01;35m[KPRESS_DEPTH[m[K       = 0.00005;
      |               [01;35m[K^~~~~~~~~~~[m[K
[01m[K/home/vasee22/igus-coffee-moveit/src/igus_rebel_ros2/igus_rebel/src/pick_and_place.cpp:1161:14:[m[K [01;35m[Kwarning: [m[Kvariable ‘[01m[Kcurrent_state_ptr[m[K’ set but not used [[01;35m[K]8;;https://gcc.gnu.org/onlinedocs/gcc/Warning-Options.html#index-Wunused-but-set-variable-Wunused-but-set-variable]8;;[m[K]
 1161 |  mtc::Stage* [01;35m[Kcurrent_state_ptr[m[K = nullptr;
      |              [01;35m[K^~~~~~~~~~~~~~~~~[m[K
[01m[K/home/vasee22/igus-coffee-moveit/src/igus_rebel_ros2/igus_rebel/src/pick_and_place.cpp:[m[K In member function ‘[01m[Kmoveit::task_constructor::Task SimpleTask::[01;32m[KcreatePressMiddleButtonTask[m[K()[m[K’:
[01m[K/home/vasee22/igus-coffee-moveit/src/igus_rebel_ros2/igus_rebel/src/pick_and_place.cpp:1300:15:[m[K [01;35m[Kwarning: [m[Kunused variable ‘[01m[KPRESS_DEPTH[m[K’ [[01;35m[K]8;;https://gcc.gnu.org/onlinedocs/gcc/Warning-Options.html#index-Wunused-variable-Wunused-variable]8;;[m[K]
 1300 |  const double [01;35m[KPRESS_DEPTH[m[K       = 0.00005;   // 2cm push (tunable)
      |               [01;35m[K^~~~~~~~~~~[m[K
[01m[K/home/vasee22/igus-coffee-moveit/src/igus_rebel_ros2/igus_rebel/src/pick_and_place.cpp:1308:14:[m[K [01;35m[Kwarning: [m[Kvariable ‘[01m[Kcurrent_state_ptr[m[K’ set but not used [[01;35m[K]8;;https://gcc.gnu.org/onlinedocs/gcc/Warning-Options.html#index-Wunused-but-set-variable-Wunused-but-set-variable]8;;[m[K]
 1308 |  mtc::Stage* [01;35m[Kcurrent_state_ptr[m[K = nullptr;
      |              [01;35m[K^~~~~~~~~~~~~~~~~[m[K
[01m[K/home/vasee22/igus-coffee-moveit/src/igus_rebel_ros2/igus_rebel/src/pick_and_place.cpp:[m[K In member function ‘[01m[Kmoveit::task_constructor::Task SimpleTask::[01;32m[KcreatePickCupFromMachineTask[m[K()[m[K’:
[01m[K/home/vasee22/igus-coffee-moveit/src/igus_rebel_ros2/igus_rebel/src/pick_and_place.cpp:1930:16:[m[K [01;35m[Kwarning: [m[Kunused variable ‘[01m[KGRIPPER_BELOW_CUP[m[K’ [[01;35m[K]8;;https://gcc.gnu.org/onlinedocs/gcc/Warning-Options.html#index-Wunused-variable-Wunused-variable]8;;[m[K]
 1930 |   const double [01;35m[KGRIPPER_BELOW_CUP[m[K = 0.05;
      |                [01;35m[K^~~~~~~~~~~~~~~~~[m[K
[01m[K/home/vasee22/igus-coffee-moveit/src/igus_rebel_ros2/igus_rebel/src/pick_and_place.cpp:1941:15:[m[K [01;35m[Kwarning: [m[Kvariable ‘[01m[Kcurrent_state_ptr[m[K’ set but not used [[01;35m[K]8;;https://gcc.gnu.org/onlinedocs/gcc/Warning-Options.html#index-Wunused-but-set-variable-Wunused-but-set-variable]8;;[m[K]
 1941 |   mtc::Stage* [01;35m[Kcurrent_state_ptr[m[K = nullptr;
      |               [01;35m[K^~~~~~~~~~~~~~~~~[m[K
gmake[2]: *** [CMakeFiles/pick_and_place.dir/build.make:90: CMakeFiles/pick_and_place.dir/src/tasks/task_pick_portafilter.cpp.o] Error 1
gmake[2]: *** Waiting for unfinished jobs....
gmake[1]: *** [CMakeFiles/Makefile2:223: CMakeFiles/pick_and_place.dir/all] Error 2
gmake: *** [Makefile:146: all] Error 2
