[0.016s] Invoking command in '/home/vasee22/igus-coffee-moveit/build/igus_rebel': CMAKE_PREFIX_PATH=/home/vasee22/igus-coffee-moveit/install/igus_rebel_msgs:/home/vasee22/igus-coffee-moveit/install/igus_rebel:/home/vasee22/igus-coffee-moveit/install/igus_rebel_moveit_config:/home/vasee22/igus-coffee-moveit/install/igus_rebel_description:/home/vasee22/COAR-ROS2-Workspace-mai/install/moveit_task_constructor_demo:/home/vasee22/COAR-ROS2-Workspace-mai/install/moveit_task_constructor_visualization:/home/vasee22/COAR-ROS2-Workspace-mai/install/moveit_task_constructor_capabilities:/home/vasee22/COAR-ROS2-Workspace-mai/install/igus_rebel:/home/vasee22/COAR-ROS2-Workspace-mai/install/moveit_task_constructor_core:/home/vasee22/COAR-ROS2-Workspace-mai/install/rviz_marker_tools:/home/vasee22/COAR-ROS2-Workspace-mai/install/moveit_task_constructor_msgs:/home/vasee22/COAR-ROS2-Workspace-mai/install/igus_rebel_msgs:/home/vasee22/COAR-ROS2-Workspace-mai/install/igus_rebel_moveit_config:/home/vasee22/COAR-ROS2-Workspace-mai/install/igus_rebel_description:/opt/ros/jazzy/opt/gz_sim_vendor:/opt/ros/jazzy/opt/gz_sensors_vendor:/opt/ros/jazzy/opt/gz_physics_vendor:/opt/ros/jazzy/opt/sdformat_vendor:/opt/ros/jazzy/opt/gz_gui_vendor:/opt/ros/jazzy/opt/gz_transport_vendor:/opt/ros/jazzy/opt/gz_rendering_vendor:/opt/ros/jazzy/opt/gz_plugin_vendor:/opt/ros/jazzy/opt/gz_fuel_tools_vendor:/opt/ros/jazzy/opt/gz_msgs_vendor:/opt/ros/jazzy/opt/gz_common_vendor:/opt/ros/jazzy/opt/gz_math_vendor:/opt/ros/jazzy/opt/gz_utils_vendor:/opt/ros/jazzy/opt/gz_tools_vendor:/opt/ros/jazzy/opt/gz_ogre_next_vendor:/opt/ros/jazzy/opt/gz_dartsim_vendor:/opt/ros/jazzy/opt/gz_cmake_vendor:/home/vasee22/igus-coffee-moveit/install/modbus_ros:/home/vasee22/COAR-ROS2-Workspace-mai/install/modbus_ros:/opt/ros/jazzy DEBUGINFOD_URLS=https://debuginfod.ubuntu.com LD_LIBRARY_PATH=/home/vasee22/igus-coffee-moveit/install/igus_rebel_msgs/lib:/home/vasee22/igus-coffee-moveit/install/igus_rebel/lib:/home/vasee22/COAR-ROS2-Workspace-mai/install/moveit_task_constructor_demo/lib:/home/vasee22/COAR-ROS2-Workspace-mai/install/moveit_task_constructor_visualization/lib:/home/vasee22/COAR-ROS2-Workspace-mai/install/moveit_task_constructor_capabilities/lib:/home/vasee22/COAR-ROS2-Workspace-mai/install/igus_rebel/lib:/home/vasee22/COAR-ROS2-Workspace-mai/install/moveit_task_constructor_core/lib:/home/vasee22/COAR-ROS2-Workspace-mai/install/rviz_marker_tools/lib:/home/vasee22/COAR-ROS2-Workspace-mai/install/moveit_task_constructor_msgs/lib:/home/vasee22/COAR-ROS2-Workspace-mai/install/igus_rebel_msgs/lib:/opt/ros/jazzy/opt/gz_sim_vendor/lib:/opt/ros/jazzy/opt/gz_sensors_vendor/lib:/opt/ros/jazzy/opt/gz_physics_vendor/lib:/opt/ros/jazzy/opt/sdformat_vendor/lib:/opt/ros/jazzy/opt/rviz_ogre_vendor/lib:/opt/ros/jazzy/lib/x86_64-linux-gnu:/opt/ros/jazzy/opt/gz_gui_vendor/lib:/opt/ros/jazzy/opt/gz_transport_vendor/lib:/opt/ros/jazzy/opt/gz_rendering_vendor/lib:/opt/ros/jazzy/opt/gz_plugin_vendor/lib:/opt/ros/jazzy/opt/gz_fuel_tools_vendor/lib:/opt/ros/jazzy/opt/gz_msgs_vendor/lib:/opt/ros/jazzy/opt/gz_common_vendor/lib:/opt/ros/jazzy/opt/gz_math_vendor/lib:/opt/ros/jazzy/opt/gz_utils_vendor/lib:/opt/ros/jazzy/opt/gz_tools_vendor/lib:/opt/ros/jazzy/opt/gz_ogre_next_vendor/lib:/opt/ros/jazzy/opt/gz_dartsim_vendor/lib:/opt/ros/jazzy/opt/gz_cmake_vendor/lib:/opt/ros/jazzy/lib PYTHONPATH=/home/vasee22/igus-coffee-moveit/install/igus_rebel_msgs/lib/python3.12/site-packages:/home/vasee22/igus-coffee-moveit/install/modbus_ros/lib/python3.12/site-packages:/home/vasee22/COAR-ROS2-Workspace-mai/install/moveit_task_constructor_core/lib/python3.12/site-packages:/home/vasee22/COAR-ROS2-Workspace-mai/install/moveit_task_constructor_msgs/lib/python3.12/site-packages:/home/vasee22/COAR-ROS2-Workspace-mai/install/modbus_ros/lib/python3.12/site-packages:/home/vasee22/COAR-ROS2-Workspace-mai/install/igus_rebel_msgs/lib/python3.12/site-packages:/opt/ros/jazzy/lib/python3.12/site-packages /usr/bin/cmake --build /home/vasee22/igus-coffee-moveit/build/igus_rebel -- -j24 -l24
[0.083s] -- Found ament_cmake: 2.5.6 (/opt/ros/jazzy/share/ament_cmake/cmake)
[0.422s] -- Found rclcpp: 28.1.18 (/opt/ros/jazzy/share/rclcpp/cmake)
[0.477s] -- Found rosidl_generator_c: 4.6.7 (/opt/ros/jazzy/share/rosidl_generator_c/cmake)
[0.491s] -- Found rosidl_generator_cpp: 4.6.7 (/opt/ros/jazzy/share/rosidl_generator_cpp/cmake)
[0.513s] -- Using all available rosidl_typesupport_c: rosidl_typesupport_fastrtps_c;rosidl_typesupport_introspection_c
[0.537s] -- Using all available rosidl_typesupport_cpp: rosidl_typesupport_fastrtps_cpp;rosidl_typesupport_introspection_cpp
[0.654s] -- Found rmw_implementation_cmake: 7.3.3 (/opt/ros/jazzy/share/rmw_implementation_cmake/cmake)
[0.657s] -- Found rmw_fastrtps_cpp: 8.4.3 (/opt/ros/jazzy/share/rmw_fastrtps_cpp/cmake)
[0.772s] -- Using RMW implementation 'rmw_fastrtps_cpp' as default
[0.901s] -- Found rclpy: 7.1.11 (/opt/ros/jazzy/share/rclpy/cmake)
[0.901s] -- Found std_msgs: 5.3.7 (/opt/ros/jazzy/share/std_msgs/cmake)
[0.928s] -- Found sensor_msgs: 5.3.7 (/opt/ros/jazzy/share/sensor_msgs/cmake)
[1.005s] -- Found igus_rebel_msgs: 0.0.0 (/home/vasee22/igus-coffee-moveit/install/igus_rebel_msgs/share/igus_rebel_msgs/cmake)
[1.030s] -- Found moveit_ros_planning_interface: 2.12.4 (/opt/ros/jazzy/share/moveit_ros_planning_interface/cmake)
[1.054s] -- Found Boost: /usr/lib/x86_64-linux-gnu/cmake/Boost-1.83.0/BoostConfig.cmake (found version "1.83.0") found components: date_time filesystem program_options system thread 
[1.474s] -- Found Boost: /usr/lib/x86_64-linux-gnu/cmake/Boost-1.83.0/BoostConfig.cmake (found version "1.83.0") found components: chrono date_time filesystem iostreams program_options regex serialization system thread 
[1.517s] -- Found parameter_traits: 0.7.1 (/opt/ros/jazzy/share/parameter_traits/cmake)
[1.529s] -- Found rclcpp_lifecycle: 28.1.18 (/opt/ros/jazzy/share/rclcpp_lifecycle/cmake)
[1.571s] -- Found Boost: /usr/lib/x86_64-linux-gnu/cmake/Boost-1.83.0/BoostConfig.cmake (found version "1.83.0") found components: filesystem 
[1.629s] -- Ensuring Eigen3 include directory is part of orocos-kdl CMake target
[1.751s] -- Found Boost: /usr/lib/x86_64-linux-gnu/cmake/Boost-1.83.0/BoostConfig.cmake (found version "1.83.0") found components: system filesystem date_time program_options thread chrono 
[1.783s] -- Found Boost: /usr/lib/x86_64-linux-gnu/cmake/Boost-1.83.0/BoostConfig.cmake (found version "1.83.0") found components: thread system filesystem regex date_time program_options 
[1.797s] -- Found Boost: /usr/lib/x86_64-linux-gnu/cmake/Boost-1.83.0/BoostConfig.cmake (found version "1.83.0") found components: system filesystem date_time program_options thread 
[1.820s] -- Found moveit_task_constructor_core: 0.1.4 (/home/vasee22/COAR-ROS2-Workspace-mai/install/moveit_task_constructor_core/share/moveit_task_constructor_core/cmake)
[1.859s] -- Found hardware_interface: 4.44.0 (/opt/ros/jazzy/share/hardware_interface/cmake)
[1.931s] -- Found ament_lint_auto: 0.17.5 (/opt/ros/jazzy/share/ament_lint_auto/cmake)
[2.057s] -- Added test 'cppcheck' to perform static code analysis on C / C++ code
[2.058s] -- Configured cppcheck include dirs: /home/vasee22/igus-coffee-moveit/src/igus_rebel_ros2/igus_rebel/include
[2.058s] -- Configured cppcheck exclude dirs and/or files: 
[2.059s] -- Added test 'flake8' to check Python code syntax and style conventions
[2.059s] -- Configured 'flake8' exclude dirs and/or files: 
[2.059s] -- Added test 'lint_cmake' to check CMake code style
[2.059s] -- Added test 'pep257' to check Python code against some of the docstring style conventions in PEP 257
[2.060s] -- Added test 'uncrustify' to check C / C++ code style
[2.060s] -- Configured uncrustify additional arguments: 
[2.060s] -- Added test 'xmllint' to check XML markup files
[2.062s] -- Configuring done (2.0s)
[2.142s] -- Generating done (0.1s)
[2.160s] -- Build files have been written to: /home/vasee22/igus-coffee-moveit/build/igus_rebel
[2.249s] [ 57%] Built target igus_rail_moveit
[2.249s] [ 64%] Built target igus_moveit
[2.249s] [ 50%] Built target random_pose_node
[2.249s] [ 71%] Built target igus_rebel
[2.261s] [ 78%] [32mBuilding CXX object CMakeFiles/pick_and_place.dir/src/pick_and_place.cpp.o[0m
[2.262s] [ 85%] [32mBuilding CXX object CMakeFiles/pick_and_place.dir/src/tasks/task_pick_portafilter.cpp.o[0m
[6.116s] [01m[K/home/vasee22/igus-coffee-moveit/src/igus_rebel_ros2/igus_rebel/src/tasks/task_pick_portafilter.cpp:[m[K In member function ‘[01m[Kmoveit::task_constructor::Task SimpleTask::[01;32m[KcreatePickupPortafilter[m[K()[m[K’:
[6.116s] [01m[K/home/vasee22/igus-coffee-moveit/src/igus_rebel_ros2/igus_rebel/src/tasks/task_pick_portafilter.cpp:21:58:[m[K [01;31m[Kerror: [m[K‘[01m[KPipelinePlanner[m[K’ is not a member of ‘[01m[Kmoveit::task_constructor::solvers[m[K’
[6.116s]    21 |   auto sampling_planner = std::make_shared<mtc::solvers::[01;31m[KPipelinePlanner[m[K>(node_);
[6.116s]       |                                                          [01;31m[K^~~~~~~~~~~~~~~[m[K
[6.117s] [01m[K/home/vasee22/igus-coffee-moveit/src/igus_rebel_ros2/igus_rebel/src/tasks/task_pick_portafilter.cpp:21:74:[m[K [01;31m[Kerror: [m[Kno matching function for call to ‘[01m[Kmake_shared<<expression error> >(rclcpp::Node::SharedPtr&)[m[K’
[6.117s]    21 |   auto sampling_planner = [01;31m[Kstd::make_shared<mtc::solvers::PipelinePlanner>(node_)[m[K;
[6.117s]       |                           [01;31m[K~~~~~~~~~~~~~~~~~~~~~~~~~~~~~~~~~~~~~~~~~~~~~~~^~~~~~~[m[K
[6.117s] In file included from [01m[K/usr/include/c++/13/memory:80[m[K,
[6.117s]                  from [01m[K/opt/ros/jazzy/include/rclcpp/rclcpp/rclcpp.hpp:169[m[K,
[6.117s]                  from [01m[K/home/vasee22/igus-coffee-moveit/src/igus_rebel_ros2/igus_rebel/include/igus_rebel/simple_task.hpp:4[m[K,
[6.117s]                  from [01m[K/home/vasee22/igus-coffee-moveit/src/igus_rebel_ros2/igus_rebel/src/tasks/task_pick_portafilter.cpp:1[m[K:
[6.117s] [01m[K/usr/include/c++/13/bits/shared_ptr.h:1005:5:[m[K [01;36m[Knote: [m[Kcandidate: ‘[01m[Ktemplate<class _Tp, class ... _Args> std::shared_ptr<typename std::enable_if<(! std::is_array< <template-parameter-1-1> >::value), _Tp>::type> std::[01;32m[Kmake_shared[m[K(_Args&& ...)[m[K’
[6.117s]  1005 |     [01;36m[Kmake_shared[m[K(_Args&&... __args)
[6.117s]       |     [01;36m[K^~~~~~~~~~~[m[K
[6.117s] [01m[K/usr/include/c++/13/bits/shared_ptr.h:1005:5:[m[K [01;36m[Knote: [m[K  template argument deduction/substitution failed:
[6.117s] [01m[K/home/vasee22/igus-coffee-moveit/src/igus_rebel_ros2/igus_rebel/src/tasks/task_pick_portafilter.cpp:21:74:[m[K [01;31m[Kerror: [m[Ktemplate argument 1 is invalid
[6.117s]    21 |   auto sampling_planner = [01;31m[Kstd::make_shared<mtc::solvers::PipelinePlanner>(node_)[m[K;
[6.117s]       |                           [01;31m[K~~~~~~~~~~~~~~~~~~~~~~~~~~~~~~~~~~~~~~~~~~~~~~~^~~~~~~[m[K
[6.118s] [01m[K/home/vasee22/igus-coffee-moveit/src/igus_rebel_ros2/igus_rebel/src/tasks/task_pick_portafilter.cpp:26:59:[m[K [01;31m[Kerror: [m[K‘[01m[KCartesianPath[m[K’ is not a member of ‘[01m[Kmoveit::task_constructor::solvers[m[K’
[6.118s]    26 |   auto cartesian_planner = std::make_shared<mtc::solvers::[01;31m[KCartesianPath[m[K>();
[6.118s]       |                                                           [01;31m[K^~~~~~~~~~~~~[m[K
[6.118s] [01m[K/home/vasee22/igus-coffee-moveit/src/igus_rebel_ros2/igus_rebel/src/tasks/task_pick_portafilter.cpp:26:73:[m[K [01;31m[Kerror: [m[Kno matching function for call to ‘[01m[Kmake_shared<<expression error> >()[m[K’
[6.118s]    26 |   auto cartesian_planner = [01;31m[Kstd::make_shared<mtc::solvers::CartesianPath>()[m[K;
[6.119s]       |                            [01;31m[K~~~~~~~~~~~~~~~~~~~~~~~~~~~~~~~~~~~~~~~~~~~~~^~[m[K
[6.119s] [01m[K/usr/include/c++/13/bits/shared_ptr.h:1005:5:[m[K [01;36m[Knote: [m[Kcandidate: ‘[01m[Ktemplate<class _Tp, class ... _Args> std::shared_ptr<typename std::enable_if<(! std::is_array< <template-parameter-1-1> >::value), _Tp>::type> std::[01;32m[Kmake_shared[m[K(_Args&& ...)[m[K’
[6.119s]  1005 |     [01;36m[Kmake_shared[m[K(_Args&&... __args)
[6.119s]       |     [01;36m[K^~~~~~~~~~~[m[K
[6.119s] [01m[K/usr/include/c++/13/bits/shared_ptr.h:1005:5:[m[K [01;36m[Knote: [m[K  template argument deduction/substitution failed:
[6.119s] [01m[K/home/vasee22/igus-coffee-moveit/src/igus_rebel_ros2/igus_rebel/src/tasks/task_pick_portafilter.cpp:26:73:[m[K [01;31m[Kerror: [m[Ktemplate argument 1 is invalid
[6.119s]    26 |   auto cartesian_planner = [01;31m[Kstd::make_shared<mtc::solvers::CartesianPath>()[m[K;
[6.119s]       |                            [01;31m[K~~~~~~~~~~~~~~~~~~~~~~~~~~~~~~~~~~~~~~~~~~~~~^~[m[K
[6.119s] [01m[K/home/vasee22/igus-coffee-moveit/src/igus_rebel_ros2/igus_rebel/src/tasks/task_pick_portafilter.cpp:37:40:[m[K [01;31m[Kerror: [m[K‘[01m[Kstages[m[K’ is not a member of ‘[01m[Kmtc[m[K’; did you mean ‘[01m[KStage[m[K’?
[6.119s]    37 |     auto stage = std::make_unique<mtc::[01;31m[Kstages[m[K::CurrentState>("current");
[6.119s]       |                                        [01;31m[K^~~~~~[m[K
[6.119s]       |                                        [32m[KStage[m[K
[6.119s] [01m[K/home/vasee22/igus-coffee-moveit/src/igus_rebel_ros2/igus_rebel/src/tasks/task_pick_portafilter.cpp:37:23:[m[K [01;31m[Kerror: [m[Kparse error in template argument list
[6.119s]    37 |     auto stage = std::[01;31m[Kmake_unique<mtc::stages::CurrentState>[m[K("current");
[6.119s]       |                       [01;31m[K^~~~~~~~~~~~~~~~~~~~~~~~~~~~~~~~~~~~~~[m[K
[6.119s] [01m[K/home/vasee22/igus-coffee-moveit/src/igus_rebel_ros2/igus_rebel/src/tasks/task_pick_portafilter.cpp:37:61:[m[K [01;31m[Kerror: [m[Kno matching function for call to ‘[01m[Kmake_unique<<expression error> >(const char [8])[m[K’
[6.120s]    37 |     auto stage = [01;31m[Kstd::make_unique<mtc::stages::CurrentState>("current")[m[K;
[6.120s]       |                  [01;31m[K~~~~~~~~~~~~~~~~~~~~~~~~~~~~~~~~~~~~~~~~~~~^~~~~~~~~~~[m[K
[6.120s] In file included from [01m[K/usr/include/c++/13/memory:78[m[K:
[6.120s] [01m[K/usr/include/c++/13/bits/unique_ptr.h:1069:5:[m[K [01;36m[Knote: [m[Kcandidate: ‘[01m[Ktemplate<class _Tp, class ... _Args> std::__detail::__unique_ptr_t<_Tp> std::[01;32m[Kmake_unique[m[K(_Args&& ...)[m[K’
[6.120s]  1069 |     [01;36m[Kmake_unique[m[K(_Args&&... __args)
[6.120s]       |     [01;36m[K^~~~~~~~~~~[m[K
[6.120s] [01m[K/usr/include/c++/13/bits/unique_ptr.h:1069:5:[m[K [01;36m[Knote: [m[K  template argument deduction/substitution failed:
[6.120s] [01m[K/home/vasee22/igus-coffee-moveit/src/igus_rebel_ros2/igus_rebel/src/tasks/task_pick_portafilter.cpp:37:61:[m[K [01;31m[Kerror: [m[Ktemplate argument 1 is invalid
[6.120s]    37 |     auto stage = [01;31m[Kstd::make_unique<mtc::stages::CurrentState>("current")[m[K;
[6.120s]       |                  [01;31m[K~~~~~~~~~~~~~~~~~~~~~~~~~~~~~~~~~~~~~~~~~~~^~~~~~~~~~~[m[K
[6.120s] [01m[K/usr/include/c++/13/bits/unique_ptr.h:1084:5:[m[K [01;36m[Knote: [m[Kcandidate: ‘[01m[Ktemplate<class _Tp> std::__detail::__unique_ptr_array_t<_Tp> std::[01;32m[Kmake_unique[m[K(size_t)[m[K’
[6.120s]  1084 |     [01;36m[Kmake_unique[m[K(size_t __num)
[6.120s]       |     [01;36m[K^~~~~~~~~~~[m[K
[6.120s] [01m[K/usr/include/c++/13/bits/unique_ptr.h:1084:5:[m[K [01;36m[Knote: [m[K  template argument deduction/substitution failed:
[6.120s] [01m[K/home/vasee22/igus-coffee-moveit/src/igus_rebel_ros2/igus_rebel/src/tasks/task_pick_portafilter.cpp:37:61:[m[K [01;31m[Kerror: [m[Ktemplate argument 1 is invalid
[6.120s]    37 |     auto stage = [01;31m[Kstd::make_unique<mtc::stages::CurrentState>("current")[m[K;
[6.120s]       |                  [01;31m[K~~~~~~~~~~~~~~~~~~~~~~~~~~~~~~~~~~~~~~~~~~~^~~~~~~~~~~[m[K
[6.120s] [01m[K/usr/include/c++/13/bits/unique_ptr.h:1094:5:[m[K [01;36m[Knote: [m[Kcandidate: ‘[01m[Ktemplate<class _Tp, class ... _Args> std::__detail::__invalid_make_unique_t<_Tp> std::[01;32m[Kmake_unique[m[K(_Args&& ...)[m[K’ (deleted)
[6.120s]  1094 |     [01;36m[Kmake_unique[m[K(_Args&&...) = delete;
[6.120s]       |     [01;36m[K^~~~~~~~~~~[m[K
[6.120s] [01m[K/usr/include/c++/13/bits/unique_ptr.h:1094:5:[m[K [01;36m[Knote: [m[K  template argument deduction/substitution failed:
[6.120s] [01m[K/home/vasee22/igus-coffee-moveit/src/igus_rebel_ros2/igus_rebel/src/tasks/task_pick_portafilter.cpp:37:61:[m[K [01;31m[Kerror: [m[Ktemplate argument 1 is invalid
[6.120s]    37 |     auto stage = [01;31m[Kstd::make_unique<mtc::stages::CurrentState>("current")[m[K;
[6.121s]       |                  [01;31m[K~~~~~~~~~~~~~~~~~~~~~~~~~~~~~~~~~~~~~~~~~~~^~~~~~~~~~~[m[K
[6.121s] [01m[K/home/vasee22/igus-coffee-moveit/src/igus_rebel_ros2/igus_rebel/src/tasks/task_pick_portafilter.cpp:44:40:[m[K [01;31m[Kerror: [m[K‘[01m[Kstages[m[K’ is not a member of ‘[01m[Kmtc[m[K’; did you mean ‘[01m[KStage[m[K’?
[6.121s]    44 |     auto stage = std::make_unique<mtc::[01;31m[Kstages[m[K::Connect>(
[6.121s]       |                                        [01;31m[K^~~~~~[m[K
[6.121s]       |                                        [32m[KStage[m[K
[6.121s] [01m[K/home/vasee22/igus-coffee-moveit/src/igus_rebel_ros2/igus_rebel/src/tasks/task_pick_portafilter.cpp:44:23:[m[K [01;31m[Kerror: [m[Kparse error in template argument list
[6.121s]    44 |     auto stage = std::[01;31m[Kmake_unique<mtc::stages::Connect>[m[K(
[6.121s]       |                       [01;31m[K^~~~~~~~~~~~~~~~~~~~~~~~~~~~~~~~~[m[K
[6.121s] [01m[K/home/vasee22/igus-coffee-moveit/src/igus_rebel_ros2/igus_rebel/src/tasks/task_pick_portafilter.cpp:46:14:[m[K [01;31m[Kerror: [m[K‘[01m[Kmtc::stages[m[K’ has not been declared
[6.121s]    46 |         mtc::[01;31m[Kstages[m[K::Connect::GroupPlannerVector{ { arm_group_name, sampling_planner } });
[6.121s]       |              [01;31m[K^~~~~~[m[K
[6.121s] [01m[K/home/vasee22/igus-coffee-moveit/src/igus_rebel_ros2/igus_rebel/src/tasks/task_pick_portafilter.cpp:61:42:[m[K [01;31m[Kerror: [m[K‘[01m[Kstages[m[K’ is not a member of ‘[01m[Kmtc[m[K’; did you mean ‘[01m[KStage[m[K’?
[6.121s]    61 |       auto stage = std::make_unique<mtc::[01;31m[Kstages[m[K::ModifyPlanningScene>("allow connector/holder collision");
[6.121s]       |                                          [01;31m[K^~~~~~[m[K
[6.121s]       |                                          [32m[KStage[m[K
[6.121s] [01m[K/home/vasee22/igus-coffee-moveit/src/igus_rebel_ros2/igus_rebel/src/tasks/task_pick_portafilter.cpp:61:25:[m[K [01;31m[Kerror: [m[Kparse error in template argument list
[6.121s]    61 |       auto stage = std::[01;31m[Kmake_unique<mtc::stages::ModifyPlanningScene>[m[K("allow connector/holder collision");
[6.121s]       |                         [01;31m[K^~~~~~~~~~~~~~~~~~~~~~~~~~~~~~~~~~~~~~~~~~~~~[m[K
[6.121s] [01m[K/home/vasee22/igus-coffee-moveit/src/igus_rebel_ros2/igus_rebel/src/tasks/task_pick_portafilter.cpp:61:70:[m[K [01;31m[Kerror: [m[Kno matching function for call to ‘[01m[Kmake_unique<<expression error> >(const char [33])[m[K’
[6.121s]    61 |       auto stage = [01;31m[Kstd::make_unique<mtc::stages::ModifyPlanningScene>("allow connector/holder collision")[m[K;
[6.121s]       |                    [01;31m[K~~~~~~~~~~~~~~~~~~~~~~~~~~~~~~~~~~~~~~~~~~~~~~~~~~^~~~~~~~~~~~~~~~~~~~~~~~~~~~~~~~~~~~[m[K
[6.121s] [01m[K/usr/include/c++/13/bits/unique_ptr.h:1069:5:[m[K [01;36m[Knote: [m[Kcandidate: ‘[01m[Ktemplate<class _Tp, class ... _Args> std::__detail::__unique_ptr_t<_Tp> std::[01;32m[Kmake_unique[m[K(_Args&& ...)[m[K’
[6.122s]  1069 |     [01;36m[Kmake_unique[m[K(_Args&&... __args)
[6.122s]       |     [01;36m[K^~~~~~~~~~~[m[K
[6.122s] [01m[K/usr/include/c++/13/bits/unique_ptr.h:1069:5:[m[K [01;36m[Knote: [m[K  template argument deduction/substitution failed:
[6.122s] [01m[K/home/vasee22/igus-coffee-moveit/src/igus_rebel_ros2/igus_rebel/src/tasks/task_pick_portafilter.cpp:61:70:[m[K [01;31m[Kerror: [m[Ktemplate argument 1 is invalid
[6.122s]    61 |       auto stage = [01;31m[Kstd::make_unique<mtc::stages::ModifyPlanningScene>("allow connector/holder collision")[m[K;
[6.122s]       |                    [01;31m[K~~~~~~~~~~~~~~~~~~~~~~~~~~~~~~~~~~~~~~~~~~~~~~~~~~^~~~~~~~~~~~~~~~~~~~~~~~~~~~~~~~~~~~[m[K
[6.122s] [01m[K/usr/include/c++/13/bits/unique_ptr.h:1084:5:[m[K [01;36m[Knote: [m[Kcandidate: ‘[01m[Ktemplate<class _Tp> std::__detail::__unique_ptr_array_t<_Tp> std::[01;32m[Kmake_unique[m[K(size_t)[m[K’
[6.122s]  1084 |     [01;36m[Kmake_unique[m[K(size_t __num)
[6.122s]       |     [01;36m[K^~~~~~~~~~~[m[K
[6.122s] [01m[K/usr/include/c++/13/bits/unique_ptr.h:1084:5:[m[K [01;36m[Knote: [m[K  template argument deduction/substitution failed:
[6.122s] [01m[K/home/vasee22/igus-coffee-moveit/src/igus_rebel_ros2/igus_rebel/src/tasks/task_pick_portafilter.cpp:61:70:[m[K [01;31m[Kerror: [m[Ktemplate argument 1 is invalid
[6.122s]    61 |       auto stage = [01;31m[Kstd::make_unique<mtc::stages::ModifyPlanningScene>("allow connector/holder collision")[m[K;
[6.122s]       |                    [01;31m[K~~~~~~~~~~~~~~~~~~~~~~~~~~~~~~~~~~~~~~~~~~~~~~~~~~^~~~~~~~~~~~~~~~~~~~~~~~~~~~~~~~~~~~[m[K
[6.122s] [01m[K/usr/include/c++/13/bits/unique_ptr.h:1094:5:[m[K [01;36m[Knote: [m[Kcandidate: ‘[01m[Ktemplate<class _Tp, class ... _Args> std::__detail::__invalid_make_unique_t<_Tp> std::[01;32m[Kmake_unique[m[K(_Args&& ...)[m[K’ (deleted)
[6.122s]  1094 |     [01;36m[Kmake_unique[m[K(_Args&&...) = delete;
[6.122s]       |     [01;36m[K^~~~~~~~~~~[m[K
[6.122s] [01m[K/usr/include/c++/13/bits/unique_ptr.h:1094:5:[m[K [01;36m[Knote: [m[K  template argument deduction/substitution failed:
[6.122s] [01m[K/home/vasee22/igus-coffee-moveit/src/igus_rebel_ros2/igus_rebel/src/tasks/task_pick_portafilter.cpp:61:70:[m[K [01;31m[Kerror: [m[Ktemplate argument 1 is invalid
[6.122s]    61 |       auto stage = [01;31m[Kstd::make_unique<mtc::stages::ModifyPlanningScene>("allow connector/holder collision")[m[K;
[6.122s]       |                    [01;31m[K~~~~~~~~~~~~~~~~~~~~~~~~~~~~~~~~~~~~~~~~~~~~~~~~~~^~~~~~~~~~~~~~~~~~~~~~~~~~~~~~~~~~~~[m[K
[6.122s] [01m[K/home/vasee22/igus-coffee-moveit/src/igus_rebel_ros2/igus_rebel/src/tasks/task_pick_portafilter.cpp:69:42:[m[K [01;31m[Kerror: [m[K‘[01m[Kstages[m[K’ is not a member of ‘[01m[Kmtc[m[K’; did you mean ‘[01m[KStage[m[K’?
[6.122s]    69 |       auto stage = std::make_unique<mtc::[01;31m[Kstages[m[K::MoveRelative>("approach holder", cartesian_planner);
[6.123s]       |                                          [01;31m[K^~~~~~[m[K
[6.123s]       |                                          [32m[KStage[m[K
[6.123s] [01m[K/home/vasee22/igus-coffee-moveit/src/igus_rebel_ros2/igus_rebel/src/tasks/task_pick_portafilter.cpp:69:25:[m[K [01;31m[Kerror: [m[Kparse error in template argument list
[6.123s]    69 |       auto stage = std::[01;31m[Kmake_unique<mtc::stages::MoveRelative>[m[K("approach holder", cartesian_planner);
[6.123s]       |                         [01;31m[K^~~~~~~~~~~~~~~~~~~~~~~~~~~~~~~~~~~~~~[m[K
[6.123s] [01m[K/home/vasee22/igus-coffee-moveit/src/igus_rebel_ros2/igus_rebel/src/tasks/task_pick_portafilter.cpp:74:27:[m[K [01;31m[Kerror: [m[K‘[01m[KVector3Stamped[m[K’ is not a member of ‘[01m[Kgeometry_msgs::msg[m[K’
[6.123s]    74 |       geometry_msgs::msg::[01;31m[KVector3Stamped[m[K vec;
[6.123s]       |                           [01;31m[K^~~~~~~~~~~~~~[m[K
[6.126s] [01m[K/home/vasee22/igus-coffee-moveit/src/igus_rebel_ros2/igus_rebel/src/tasks/task_pick_portafilter.cpp:75:7:[m[K [01;31m[Kerror: [m[K‘[01m[Kvec[m[K’ was not declared in this scope
[6.126s]    75 |       [01;31m[Kvec[m[K.header.frame_id = hand_frame;
[6.126s]       |       [01;31m[K^~~[m[K
[6.127s] [01m[K/home/vasee22/igus-coffee-moveit/src/igus_rebel_ros2/igus_rebel/src/tasks/task_pick_portafilter.cpp:84:42:[m[K [01;31m[Kerror: [m[K‘[01m[Kstages[m[K’ is not a member of ‘[01m[Kmtc[m[K’; did you mean ‘[01m[KStage[m[K’?
[6.127s]    84 |       auto stage = std::make_unique<mtc::[01;31m[Kstages[m[K::GenerateGraspPose>("generate holder grasp");
[6.127s]       |                                          [01;31m[K^~~~~~[m[K
[6.127s]       |                                          [32m[KStage[m[K
[6.127s] [01m[K/home/vasee22/igus-coffee-moveit/src/igus_rebel_ros2/igus_rebel/src/tasks/task_pick_portafilter.cpp:84:25:[m[K [01;31m[Kerror: [m[Kparse error in template argument list
[6.127s]    84 |       auto stage = std::[01;31m[Kmake_unique<mtc::stages::GenerateGraspPose>[m[K("generate holder grasp");
[6.127s]       |                         [01;31m[K^~~~~~~~~~~~~~~~~~~~~~~~~~~~~~~~~~~~~~~~~~~[m[K
[6.127s] [01m[K/home/vasee22/igus-coffee-moveit/src/igus_rebel_ros2/igus_rebel/src/tasks/task_pick_portafilter.cpp:84:68:[m[K [01;31m[Kerror: [m[Kno matching function for call to ‘[01m[Kmake_unique<<expression error> >(const char [22])[m[K’
[6.127s]    84 |       auto stage = [01;31m[Kstd::make_unique<mtc::stages::GenerateGraspPose>("generate holder grasp")[m[K;
[6.127s]       |                    [01;31m[K~~~~~~~~~~~~~~~~~~~~~~~~~~~~~~~~~~~~~~~~~~~~~~~~^~~~~~~~~~~~~~~~~~~~~~~~~[m[K
[6.127s] [01m[K/usr/include/c++/13/bits/unique_ptr.h:1069:5:[m[K [01;36m[Knote: [m[Kcandidate: ‘[01m[Ktemplate<class _Tp, class ... _Args> std::__detail::__unique_ptr_t<_Tp> std::[01;32m[Kmake_unique[m[K(_Args&& ...)[m[K’
[6.127s]  1069 |     [01;36m[Kmake_unique[m[K(_Args&&... __args)
[6.127s]       |     [01;36m[K^~~~~~~~~~~[m[K
[6.127s] [01m[K/usr/include/c++/13/bits/unique_ptr.h:1069:5:[m[K [01;36m[Knote: [m[K  template argument deduction/substitution failed:
[6.127s] [01m[K/home/vasee22/igus-coffee-moveit/src/igus_rebel_ros2/igus_rebel/src/tasks/task_pick_portafilter.cpp:84:68:[m[K [01;31m[Kerror: [m[Ktemplate argument 1 is invalid
[6.127s]    84 |       auto stage = [01;31m[Kstd::make_unique<mtc::stages::GenerateGraspPose>("generate holder grasp")[m[K;
[6.127s]       |                    [01;31m[K~~~~~~~~~~~~~~~~~~~~~~~~~~~~~~~~~~~~~~~~~~~~~~~~^~~~~~~~~~~~~~~~~~~~~~~~~[m[K
[6.127s] [01m[K/usr/include/c++/13/bits/unique_ptr.h:1084:5:[m[K [01;36m[Knote: [m[Kcandidate: ‘[01m[Ktemplate<class _Tp> std::__detail::__unique_ptr_array_t<_Tp> std::[01;32m[Kmake_unique[m[K(size_t)[m[K’
[6.127s]  1084 |     [01;36m[Kmake_unique[m[K(size_t __num)
[6.127s]       |     [01;36m[K^~~~~~~~~~~[m[K
[6.127s] [01m[K/usr/include/c++/13/bits/unique_ptr.h:1084:5:[m[K [01;36m[Knote: [m[K  template argument deduction/substitution failed:
[6.127s] [01m[K/home/vasee22/igus-coffee-moveit/src/igus_rebel_ros2/igus_rebel/src/tasks/task_pick_portafilter.cpp:84:68:[m[K [01;31m[Kerror: [m[Ktemplate argument 1 is invalid
[6.127s]    84 |       auto stage = [01;31m[Kstd::make_unique<mtc::stages::GenerateGraspPose>("generate holder grasp")[m[K;
[6.128s]       |                    [01;31m[K~~~~~~~~~~~~~~~~~~~~~~~~~~~~~~~~~~~~~~~~~~~~~~~~^~~~~~~~~~~~~~~~~~~~~~~~~[m[K
[6.128s] [01m[K/usr/include/c++/13/bits/unique_ptr.h:1094:5:[m[K [01;36m[Knote: [m[Kcandidate: ‘[01m[Ktemplate<class _Tp, class ... _Args> std::__detail::__invalid_make_unique_t<_Tp> std::[01;32m[Kmake_unique[m[K(_Args&& ...)[m[K’ (deleted)
[6.128s]  1094 |     [01;36m[Kmake_unique[m[K(_Args&&...) = delete;
[6.128s]       |     [01;36m[K^~~~~~~~~~~[m[K
[6.128s] [01m[K/usr/include/c++/13/bits/unique_ptr.h:1094:5:[m[K [01;36m[Knote: [m[K  template argument deduction/substitution failed:
[6.128s] [01m[K/home/vasee22/igus-coffee-moveit/src/igus_rebel_ros2/igus_rebel/src/tasks/task_pick_portafilter.cpp:84:68:[m[K [01;31m[Kerror: [m[Ktemplate argument 1 is invalid
[6.128s]    84 |       auto stage = [01;31m[Kstd::make_unique<mtc::stages::GenerateGraspPose>("generate holder grasp")[m[K;
[6.128s]       |                    [01;31m[K~~~~~~~~~~~~~~~~~~~~~~~~~~~~~~~~~~~~~~~~~~~~~~~~^~~~~~~~~~~~~~~~~~~~~~~~~[m[K
[6.143s] [01m[K/home/vasee22/igus-coffee-moveit/src/igus_rebel_ros2/igus_rebel/src/tasks/task_pick_portafilter.cpp:102:44:[m[K [01;31m[Kerror: [m[K‘[01m[Kstages[m[K’ is not a member of ‘[01m[Kmtc[m[K’; did you mean ‘[01m[KStage[m[K’?
[6.144s]   102 |       auto wrapper = std::make_unique<mtc::[01;31m[Kstages[m[K::ComputeIK>("holder grasp IK", std::move(stage));
[6.144s]       |                                            [01;31m[K^~~~~~[m[K
[6.144s]       |                                            [32m[KStage[m[K
[6.144s] [01m[K/home/vasee22/igus-coffee-moveit/src/igus_rebel_ros2/igus_rebel/src/tasks/task_pick_portafilter.cpp:102:27:[m[K [01;31m[Kerror: [m[Kparse error in template argument list
[6.144s]   102 |       auto wrapper = std::[01;31m[Kmake_unique<mtc::stages::ComputeIK>[m[K("holder grasp IK", std::move(stage));
[6.144s]       |                           [01;31m[K^~~~~~~~~~~~~~~~~~~~~~~~~~~~~~~~~~~[m[K
[6.144s] [01m[K/home/vasee22/igus-coffee-moveit/src/igus_rebel_ros2/igus_rebel/src/tasks/task_pick_portafilter.cpp:115:42:[m[K [01;31m[Kerror: [m[K‘[01m[Kstages[m[K’ is not a member of ‘[01m[Kmtc[m[K’; did you mean ‘[01m[KStage[m[K’?
[6.144s]   115 |       auto stage = std::make_unique<mtc::[01;31m[Kstages[m[K::ModifyPlanningScene>("maintain allowed collisions");
[6.144s]       |                                          [01;31m[K^~~~~~[m[K
[6.145s]       |                                          [32m[KStage[m[K
[6.145s] [01m[K/home/vasee22/igus-coffee-moveit/src/igus_rebel_ros2/igus_rebel/src/tasks/task_pick_portafilter.cpp:115:25:[m[K [01;31m[Kerror: [m[Kparse error in template argument list
[6.145s]   115 |       auto stage = std::[01;31m[Kmake_unique<mtc::stages::ModifyPlanningScene>[m[K("maintain allowed collisions");
[6.145s]       |                         [01;31m[K^~~~~~~~~~~~~~~~~~~~~~~~~~~~~~~~~~~~~~~~~~~~~[m[K
[6.145s] [01m[K/home/vasee22/igus-coffee-moveit/src/igus_rebel_ros2/igus_rebel/src/tasks/task_pick_portafilter.cpp:115:70:[m[K [01;31m[Kerror: [m[Kno matching function for call to ‘[01m[Kmake_unique<<expression error> >(const char [28])[m[K’
[6.145s]   115 |       auto stage = [01;31m[Kstd::make_unique<mtc::stages::ModifyPlanningScene>("maintain allowed collisions")[m[K;
[6.145s]       |                    [01;31m[K~~~~~~~~~~~~~~~~~~~~~~~~~~~~~~~~~~~~~~~~~~~~~~~~~~^~~~~~~~~~~~~~~~~~~~~~~~~~~~~~~[m[K
[6.145s] [01m[K/usr/include/c++/13/bits/unique_ptr.h:1069:5:[m[K [01;36m[Knote: [m[Kcandidate: ‘[01m[Ktemplate<class _Tp, class ... _Args> std::__detail::__unique_ptr_t<_Tp> std::[01;32m[Kmake_unique[m[K(_Args&& ...)[m[K’
[6.145s]  1069 |     [01;36m[Kmake_unique[m[K(_Args&&... __args)
[6.145s]       |     [01;36m[K^~~~~~~~~~~[m[K
[6.145s] [01m[K/usr/include/c++/13/bits/unique_ptr.h:1069:5:[m[K [01;36m[Knote: [m[K  template argument deduction/substitution failed:
[6.145s] [01m[K/home/vasee22/igus-coffee-moveit/src/igus_rebel_ros2/igus_rebel/src/tasks/task_pick_portafilter.cpp:115:70:[m[K [01;31m[Kerror: [m[Ktemplate argument 1 is invalid
[6.145s]   115 |       auto stage = [01;31m[Kstd::make_unique<mtc::stages::ModifyPlanningScene>("maintain allowed collisions")[m[K;
[6.145s]       |                    [01;31m[K~~~~~~~~~~~~~~~~~~~~~~~~~~~~~~~~~~~~~~~~~~~~~~~~~~^~~~~~~~~~~~~~~~~~~~~~~~~~~~~~~[m[K
[6.146s] [01m[K/usr/include/c++/13/bits/unique_ptr.h:1084:5:[m[K [01;36m[Knote: [m[Kcandidate: ‘[01m[Ktemplate<class _Tp> std::__detail::__unique_ptr_array_t<_Tp> std::[01;32m[Kmake_unique[m[K(size_t)[m[K’
[6.146s]  1084 |     [01;36m[Kmake_unique[m[K(size_t __num)
[6.146s]       |     [01;36m[K^~~~~~~~~~~[m[K
[6.146s] [01m[K/usr/include/c++/13/bits/unique_ptr.h:1084:5:[m[K [01;36m[Knote: [m[K  template argument deduction/substitution failed:
[6.146s] [01m[K/home/vasee22/igus-coffee-moveit/src/igus_rebel_ros2/igus_rebel/src/tasks/task_pick_portafilter.cpp:115:70:[m[K [01;31m[Kerror: [m[Ktemplate argument 1 is invalid
[6.146s]   115 |       auto stage = [01;31m[Kstd::make_unique<mtc::stages::ModifyPlanningScene>("maintain allowed collisions")[m[K;
[6.146s]       |                    [01;31m[K~~~~~~~~~~~~~~~~~~~~~~~~~~~~~~~~~~~~~~~~~~~~~~~~~~^~~~~~~~~~~~~~~~~~~~~~~~~~~~~~~[m[K
[6.146s] [01m[K/usr/include/c++/13/bits/unique_ptr.h:1094:5:[m[K [01;36m[Knote: [m[Kcandidate: ‘[01m[Ktemplate<class _Tp, class ... _Args> std::__detail::__invalid_make_unique_t<_Tp> std::[01;32m[Kmake_unique[m[K(_Args&& ...)[m[K’ (deleted)
[6.146s]  1094 |     [01;36m[Kmake_unique[m[K(_Args&&...) = delete;
[6.146s]       |     [01;36m[K^~~~~~~~~~~[m[K
[6.146s] [01m[K/usr/include/c++/13/bits/unique_ptr.h:1094:5:[m[K [01;36m[Knote: [m[K  template argument deduction/substitution failed:
[6.146s] [01m[K/home/vasee22/igus-coffee-moveit/src/igus_rebel_ros2/igus_rebel/src/tasks/task_pick_portafilter.cpp:115:70:[m[K [01;31m[Kerror: [m[Ktemplate argument 1 is invalid
[6.146s]   115 |       auto stage = [01;31m[Kstd::make_unique<mtc::stages::ModifyPlanningScene>("maintain allowed collisions")[m[K;
[6.146s]       |                    [01;31m[K~~~~~~~~~~~~~~~~~~~~~~~~~~~~~~~~~~~~~~~~~~~~~~~~~~^~~~~~~~~~~~~~~~~~~~~~~~~~~~~~~[m[K
[6.146s] [01m[K/home/vasee22/igus-coffee-moveit/src/igus_rebel_ros2/igus_rebel/src/tasks/task_pick_portafilter.cpp:123:42:[m[K [01;31m[Kerror: [m[K‘[01m[Kstages[m[K’ is not a member of ‘[01m[Kmtc[m[K’; did you mean ‘[01m[KStage[m[K’?
[6.146s]   123 |       auto stage = std::make_unique<mtc::[01;31m[Kstages[m[K::MoveRelative>("twist lock", sampling_planner);
[6.146s]       |                                          [01;31m[K^~~~~~[m[K
[6.146s]       |                                          [32m[KStage[m[K
[6.146s] [01m[K/home/vasee22/igus-coffee-moveit/src/igus_rebel_ros2/igus_rebel/src/tasks/task_pick_portafilter.cpp:123:25:[m[K [01;31m[Kerror: [m[Kparse error in template argument list
[6.146s]   123 |       auto stage = std::[01;31m[Kmake_unique<mtc::stages::MoveRelative>[m[K("twist lock", sampling_planner);
[6.146s]       |                         [01;31m[K^~~~~~~~~~~~~~~~~~~~~~~~~~~~~~~~~~~~~~[m[K
[6.146s] [01m[K/home/vasee22/igus-coffee-moveit/src/igus_rebel_ros2/igus_rebel/src/tasks/task_pick_portafilter.cpp:136:42:[m[K [01;31m[Kerror: [m[K‘[01m[Kstages[m[K’ is not a member of ‘[01m[Kmtc[m[K’; did you mean ‘[01m[KStage[m[K’?
[6.146s]   136 |       auto stage = std::make_unique<mtc::[01;31m[Kstages[m[K::ModifyPlanningScene>("allow holder/tool_station for attach");
[6.146s]       |                                          [01;31m[K^~~~~~[m[K
[6.146s]       |                                          [32m[KStage[m[K
[6.147s] [01m[K/home/vasee22/igus-coffee-moveit/src/igus_rebel_ros2/igus_rebel/src/tasks/task_pick_portafilter.cpp:136:25:[m[K [01;31m[Kerror: [m[Kparse error in template argument list
[6.147s]   136 |       auto stage = std::[01;31m[Kmake_unique<mtc::stages::ModifyPlanningScene>[m[K("allow holder/tool_station for attach");
[6.147s]       |                         [01;31m[K^~~~~~~~~~~~~~~~~~~~~~~~~~~~~~~~~~~~~~~~~~~~~[m[K
[6.147s] [01m[K/home/vasee22/igus-coffee-moveit/src/igus_rebel_ros2/igus_rebel/src/tasks/task_pick_portafilter.cpp:136:70:[m[K [01;31m[Kerror: [m[Kno matching function for call to ‘[01m[Kmake_unique<<expression error> >(const char [37])[m[K’
[6.147s]   136 |       auto stage = [01;31m[Kstd::make_unique<mtc::stages::ModifyPlanningScene>("allow holder/tool_station for attach")[m[K;
[6.147s]       |                    [01;31m[K~~~~~~~~~~~~~~~~~~~~~~~~~~~~~~~~~~~~~~~~~~~~~~~~~~^~~~~~~~~~~~~~~~~~~~~~~~~~~~~~~~~~~~~~~~[m[K
[6.147s] [01m[K/usr/include/c++/13/bits/unique_ptr.h:1069:5:[m[K [01;36m[Knote: [m[Kcandidate: ‘[01m[Ktemplate<class _Tp, class ... _Args> std::__detail::__unique_ptr_t<_Tp> std::[01;32m[Kmake_unique[m[K(_Args&& ...)[m[K’
[6.147s]  1069 |     [01;36m[Kmake_unique[m[K(_Args&&... __args)
[6.147s]       |     [01;36m[K^~~~~~~~~~~[m[K
[6.147s] [01m[K/usr/include/c++/13/bits/unique_ptr.h:1069:5:[m[K [01;36m[Knote: [m[K  template argument deduction/substitution failed:
[6.147s] [01m[K/home/vasee22/igus-coffee-moveit/src/igus_rebel_ros2/igus_rebel/src/tasks/task_pick_portafilter.cpp:136:70:[m[K [01;31m[Kerror: [m[Ktemplate argument 1 is invalid
[6.147s]   136 |       auto stage = [01;31m[Kstd::make_unique<mtc::stages::ModifyPlanningScene>("allow holder/tool_station for attach")[m[K;
[6.147s]       |                    [01;31m[K~~~~~~~~~~~~~~~~~~~~~~~~~~~~~~~~~~~~~~~~~~~~~~~~~~^~~~~~~~~~~~~~~~~~~~~~~~~~~~~~~~~~~~~~~~[m[K
[6.147s] [01m[K/usr/include/c++/13/bits/unique_ptr.h:1084:5:[m[K [01;36m[Knote: [m[Kcandidate: ‘[01m[Ktemplate<class _Tp> std::__detail::__unique_ptr_array_t<_Tp> std::[01;32m[Kmake_unique[m[K(size_t)[m[K’
[6.148s]  1084 |     [01;36m[Kmake_unique[m[K(size_t __num)
[6.148s]       |     [01;36m[K^~~~~~~~~~~[m[K
[6.148s] [01m[K/usr/include/c++/13/bits/unique_ptr.h:1084:5:[m[K [01;36m[Knote: [m[K  template argument deduction/substitution failed:
[6.148s] [01m[K/home/vasee22/igus-coffee-moveit/src/igus_rebel_ros2/igus_rebel/src/tasks/task_pick_portafilter.cpp:136:70:[m[K [01;31m[Kerror: [m[Ktemplate argument 1 is invalid
[6.148s]   136 |       auto stage = [01;31m[Kstd::make_unique<mtc::stages::ModifyPlanningScene>("allow holder/tool_station for attach")[m[K;
[6.148s]       |                    [01;31m[K~~~~~~~~~~~~~~~~~~~~~~~~~~~~~~~~~~~~~~~~~~~~~~~~~~^~~~~~~~~~~~~~~~~~~~~~~~~~~~~~~~~~~~~~~~[m[K
[6.148s] [01m[K/usr/include/c++/13/bits/unique_ptr.h:1094:5:[m[K [01;36m[Knote: [m[Kcandidate: ‘[01m[Ktemplate<class _Tp, class ... _Args> std::__detail::__invalid_make_unique_t<_Tp> std::[01;32m[Kmake_unique[m[K(_Args&& ...)[m[K’ (deleted)
[6.148s]  1094 |     [01;36m[Kmake_unique[m[K(_Args&&...) = delete;
[6.148s]       |     [01;36m[K^~~~~~~~~~~[m[K
[6.148s] [01m[K/usr/include/c++/13/bits/unique_ptr.h:1094:5:[m[K [01;36m[Knote: [m[K  template argument deduction/substitution failed:
[6.148s] [01m[K/home/vasee22/igus-coffee-moveit/src/igus_rebel_ros2/igus_rebel/src/tasks/task_pick_portafilter.cpp:136:70:[m[K [01;31m[Kerror: [m[Ktemplate argument 1 is invalid
[6.148s]   136 |       auto stage = [01;31m[Kstd::make_unique<mtc::stages::ModifyPlanningScene>("allow holder/tool_station for attach")[m[K;
[6.148s]       |                    [01;31m[K~~~~~~~~~~~~~~~~~~~~~~~~~~~~~~~~~~~~~~~~~~~~~~~~~~^~~~~~~~~~~~~~~~~~~~~~~~~~~~~~~~~~~~~~~~[m[K
[6.148s] [01m[K/home/vasee22/igus-coffee-moveit/src/igus_rebel_ros2/igus_rebel/src/tasks/task_pick_portafilter.cpp:143:42:[m[K [01;31m[Kerror: [m[K‘[01m[Kstages[m[K’ is not a member of ‘[01m[Kmtc[m[K’; did you mean ‘[01m[KStage[m[K’?
[6.148s]   143 |       auto stage = std::make_unique<mtc::[01;31m[Kstages[m[K::ModifyPlanningScene>("attach cup holder");
[6.148s]       |                                          [01;31m[K^~~~~~[m[K
[6.148s]       |                                          [32m[KStage[m[K
[6.148s] [01m[K/home/vasee22/igus-coffee-moveit/src/igus_rebel_ros2/igus_rebel/src/tasks/task_pick_portafilter.cpp:143:25:[m[K [01;31m[Kerror: [m[Kparse error in template argument list
[6.148s]   143 |       auto stage = std::[01;31m[Kmake_unique<mtc::stages::ModifyPlanningScene>[m[K("attach cup holder");
[6.148s]       |                         [01;31m[K^~~~~~~~~~~~~~~~~~~~~~~~~~~~~~~~~~~~~~~~~~~~~[m[K
[6.148s] [01m[K/home/vasee22/igus-coffee-moveit/src/igus_rebel_ros2/igus_rebel/src/tasks/task_pick_portafilter.cpp:143:70:[m[K [01;31m[Kerror: [m[Kno matching function for call to ‘[01m[Kmake_unique<<expression error> >(const char [18])[m[K’
[6.148s]   143 |       auto stage = [01;31m[Kstd::make_unique<mtc::stages::ModifyPlanningScene>("attach cup holder")[m[K;
[6.148s]       |                    [01;31m[K~~~~~~~~~~~~~~~~~~~~~~~~~~~~~~~~~~~~~~~~~~~~~~~~~~^~~~~~~~~~~~~~~~~~~~~[m[K
[6.148s] [01m[K/usr/include/c++/13/bits/unique_ptr.h:1069:5:[m[K [01;36m[Knote: [m[Kcandidate: ‘[01m[Ktemplate<class _Tp, class ... _Args> std::__detail::__unique_ptr_t<_Tp> std::[01;32m[Kmake_unique[m[K(_Args&& ...)[m[K’
[6.149s]  1069 |     [01;36m[Kmake_unique[m[K(_Args&&... __args)
[6.149s]       |     [01;36m[K^~~~~~~~~~~[m[K
[6.149s] [01m[K/usr/include/c++/13/bits/unique_ptr.h:1069:5:[m[K [01;36m[Knote: [m[K  template argument deduction/substitution failed:
[6.149s] [01m[K/home/vasee22/igus-coffee-moveit/src/igus_rebel_ros2/igus_rebel/src/tasks/task_pick_portafilter.cpp:143:70:[m[K [01;31m[Kerror: [m[Ktemplate argument 1 is invalid
[6.149s]   143 |       auto stage = [01;31m[Kstd::make_unique<mtc::stages::ModifyPlanningScene>("attach cup holder")[m[K;
[6.149s]       |                    [01;31m[K~~~~~~~~~~~~~~~~~~~~~~~~~~~~~~~~~~~~~~~~~~~~~~~~~~^~~~~~~~~~~~~~~~~~~~~[m[K
[6.149s] [01m[K/usr/include/c++/13/bits/unique_ptr.h:1084:5:[m[K [01;36m[Knote: [m[Kcandidate: ‘[01m[Ktemplate<class _Tp> std::__detail::__unique_ptr_array_t<_Tp> std::[01;32m[Kmake_unique[m[K(size_t)[m[K’
[6.149s]  1084 |     [01;36m[Kmake_unique[m[K(size_t __num)
[6.149s]       |     [01;36m[K^~~~~~~~~~~[m[K
[6.149s] [01m[K/usr/include/c++/13/bits/unique_ptr.h:1084:5:[m[K [01;36m[Knote: [m[K  template argument deduction/substitution failed:
[6.149s] [01m[K/home/vasee22/igus-coffee-moveit/src/igus_rebel_ros2/igus_rebel/src/tasks/task_pick_portafilter.cpp:143:70:[m[K [01;31m[Kerror: [m[Ktemplate argument 1 is invalid
[6.149s]   143 |       auto stage = [01;31m[Kstd::make_unique<mtc::stages::ModifyPlanningScene>("attach cup holder")[m[K;
[6.149s]       |                    [01;31m[K~~~~~~~~~~~~~~~~~~~~~~~~~~~~~~~~~~~~~~~~~~~~~~~~~~^~~~~~~~~~~~~~~~~~~~~[m[K
[6.149s] [01m[K/usr/include/c++/13/bits/unique_ptr.h:1094:5:[m[K [01;36m[Knote: [m[Kcandidate: ‘[01m[Ktemplate<class _Tp, class ... _Args> std::__detail::__invalid_make_unique_t<_Tp> std::[01;32m[Kmake_unique[m[K(_Args&& ...)[m[K’ (deleted)
[6.149s]  1094 |     [01;36m[Kmake_unique[m[K(_Args&&...) = delete;
[6.149s]       |     [01;36m[K^~~~~~~~~~~[m[K
[6.149s] [01m[K/usr/include/c++/13/bits/unique_ptr.h:1094:5:[m[K [01;36m[Knote: [m[K  template argument deduction/substitution failed:
[6.149s] [01m[K/home/vasee22/igus-coffee-moveit/src/igus_rebel_ros2/igus_rebel/src/tasks/task_pick_portafilter.cpp:143:70:[m[K [01;31m[Kerror: [m[Ktemplate argument 1 is invalid
[6.149s]   143 |       auto stage = [01;31m[Kstd::make_unique<mtc::stages::ModifyPlanningScene>("attach cup holder")[m[K;
[6.149s]       |                    [01;31m[K~~~~~~~~~~~~~~~~~~~~~~~~~~~~~~~~~~~~~~~~~~~~~~~~~~^~~~~~~~~~~~~~~~~~~~~[m[K
[6.149s] [01m[K/home/vasee22/igus-coffee-moveit/src/igus_rebel_ros2/igus_rebel/src/tasks/task_pick_portafilter.cpp:150:43:[m[K [01;31m[Kerror: [m[K‘[01m[Kstages[m[K’ is not a member of ‘[01m[Kmtc[m[K’; did you mean ‘[01m[KStage[m[K’?
[6.149s]   150 |        auto stage = std::make_unique<mtc::[01;31m[Kstages[m[K::MoveRelative>("retreat", cartesian_planner);
[6.149s]       |                                           [01;31m[K^~~~~~[m[K
[6.150s]       |                                           [32m[KStage[m[K
[6.150s] [01m[K/home/vasee22/igus-coffee-moveit/src/igus_rebel_ros2/igus_rebel/src/tasks/task_pick_portafilter.cpp:150:26:[m[K [01;31m[Kerror: [m[Kparse error in template argument list
[6.150s]   150 |        auto stage = std::[01;31m[Kmake_unique<mtc::stages::MoveRelative>[m[K("retreat", cartesian_planner);
[6.150s]       |                          [01;31m[K^~~~~~~~~~~~~~~~~~~~~~~~~~~~~~~~~~~~~~[m[K
[6.150s] [01m[K/home/vasee22/igus-coffee-moveit/src/igus_rebel_ros2/igus_rebel/src/tasks/task_pick_portafilter.cpp:155:28:[m[K [01;31m[Kerror: [m[K‘[01m[KVector3Stamped[m[K’ is not a member of ‘[01m[Kgeometry_msgs::msg[m[K’
[6.150s]   155 |        geometry_msgs::msg::[01;31m[KVector3Stamped[m[K vec;
[6.150s]       |                            [01;31m[K^~~~~~~~~~~~~~[m[K
[6.154s] [01m[K/home/vasee22/igus-coffee-moveit/src/igus_rebel_ros2/igus_rebel/src/tasks/task_pick_portafilter.cpp:156:8:[m[K [01;31m[Kerror: [m[K‘[01m[Kvec[m[K’ was not declared in this scope
[6.154s]   156 |        [01;31m[Kvec[m[K.header.frame_id = "world";
[6.154s]       |        [01;31m[K^~~[m[K
[7.338s] [01m[K/home/vasee22/igus-coffee-moveit/src/igus_rebel_ros2/igus_rebel/src/pick_and_place.cpp:[m[K In member function ‘[01m[Kmoveit::task_constructor::Task SimpleTask::[01;32m[KcreateDetachPortafilterFromGrinder[m[K()[m[K’:
[7.338s] [01m[K/home/vasee22/igus-coffee-moveit/src/igus_rebel_ros2/igus_rebel/src/pick_and_place.cpp:594:15:[m[K [01;35m[Kwarning: [m[Kvariable ‘[01m[Kcurrent_state_ptr[m[K’ set but not used [[01;35m[K]8;;https://gcc.gnu.org/onlinedocs/gcc/Warning-Options.html#index-Wunused-but-set-variable-Wunused-but-set-variable]8;;[m[K]
[7.338s]   594 |   mtc::Stage* [01;35m[Kcurrent_state_ptr[m[K = nullptr;
[7.338s]       |               [01;35m[K^~~~~~~~~~~~~~~~~[m[K
[7.355s] [01m[K/home/vasee22/igus-coffee-moveit/src/igus_rebel_ros2/igus_rebel/src/pick_and_place.cpp:[m[K In member function ‘[01m[Kmoveit::task_constructor::Task SimpleTask::[01;32m[KcreateMoveToCoffeeMachine[m[K()[m[K’:
[7.355s] [01m[K/home/vasee22/igus-coffee-moveit/src/igus_rebel_ros2/igus_rebel/src/pick_and_place.cpp:948:14:[m[K [01;35m[Kwarning: [m[Kvariable ‘[01m[Kcurrent_state_ptr[m[K’ set but not used [[01;35m[K]8;;https://gcc.gnu.org/onlinedocs/gcc/Warning-Options.html#index-Wunused-but-set-variable-Wunused-but-set-variable]8;;[m[K]
[7.355s]   948 |  mtc::Stage* [01;35m[Kcurrent_state_ptr[m[K = nullptr;
[7.355s]       |              [01;35m[K^~~~~~~~~~~~~~~~~[m[K
[7.359s] [01m[K/home/vasee22/igus-coffee-moveit/src/igus_rebel_ros2/igus_rebel/src/pick_and_place.cpp:[m[K In member function ‘[01m[Kmoveit::task_constructor::Task SimpleTask::[01;32m[KcreatePressLeftButtonTask[m[K()[m[K’:
[7.359s] [01m[K/home/vasee22/igus-coffee-moveit/src/igus_rebel_ros2/igus_rebel/src/pick_and_place.cpp:1147:15:[m[K [01;35m[Kwarning: [m[Kunused variable ‘[01m[KPRESS_DEPTH[m[K’ [[01;35m[K]8;;https://gcc.gnu.org/onlinedocs/gcc/Warning-Options.html#index-Wunused-variable-Wunused-variable]8;;[m[K]
[7.359s]  1147 |  const double [01;35m[KPRESS_DEPTH[m[K       = 0.00005;
[7.359s]       |               [01;35m[K^~~~~~~~~~~[m[K
[7.359s] [01m[K/home/vasee22/igus-coffee-moveit/src/igus_rebel_ros2/igus_rebel/src/pick_and_place.cpp:1161:14:[m[K [01;35m[Kwarning: [m[Kvariable ‘[01m[Kcurrent_state_ptr[m[K’ set but not used [[01;35m[K]8;;https://gcc.gnu.org/onlinedocs/gcc/Warning-Options.html#index-Wunused-but-set-variable-Wunused-but-set-variable]8;;[m[K]
[7.359s]  1161 |  mtc::Stage* [01;35m[Kcurrent_state_ptr[m[K = nullptr;
[7.359s]       |              [01;35m[K^~~~~~~~~~~~~~~~~[m[K
[7.362s] [01m[K/home/vasee22/igus-coffee-moveit/src/igus_rebel_ros2/igus_rebel/src/pick_and_place.cpp:[m[K In member function ‘[01m[Kmoveit::task_constructor::Task SimpleTask::[01;32m[KcreatePressMiddleButtonTask[m[K()[m[K’:
[7.362s] [01m[K/home/vasee22/igus-coffee-moveit/src/igus_rebel_ros2/igus_rebel/src/pick_and_place.cpp:1300:15:[m[K [01;35m[Kwarning: [m[Kunused variable ‘[01m[KPRESS_DEPTH[m[K’ [[01;35m[K]8;;https://gcc.gnu.org/onlinedocs/gcc/Warning-Options.html#index-Wunused-variable-Wunused-variable]8;;[m[K]
[7.362s]  1300 |  const double [01;35m[KPRESS_DEPTH[m[K       = 0.00005;   // 2cm push (tunable)
[7.363s]       |               [01;35m[K^~~~~~~~~~~[m[K
[7.363s] [01m[K/home/vasee22/igus-coffee-moveit/src/igus_rebel_ros2/igus_rebel/src/pick_and_place.cpp:1308:14:[m[K [01;35m[Kwarning: [m[Kvariable ‘[01m[Kcurrent_state_ptr[m[K’ set but not used [[01;35m[K]8;;https://gcc.gnu.org/onlinedocs/gcc/Warning-Options.html#index-Wunused-but-set-variable-Wunused-but-set-variable]8;;[m[K]
[7.363s]  1308 |  mtc::Stage* [01;35m[Kcurrent_state_ptr[m[K = nullptr;
[7.363s]       |              [01;35m[K^~~~~~~~~~~~~~~~~[m[K
[7.384s] [01m[K/home/vasee22/igus-coffee-moveit/src/igus_rebel_ros2/igus_rebel/src/pick_and_place.cpp:[m[K In member function ‘[01m[Kmoveit::task_constructor::Task SimpleTask::[01;32m[KcreatePickCupFromMachineTask[m[K()[m[K’:
[7.384s] [01m[K/home/vasee22/igus-coffee-moveit/src/igus_rebel_ros2/igus_rebel/src/pick_and_place.cpp:1930:16:[m[K [01;35m[Kwarning: [m[Kunused variable ‘[01m[KGRIPPER_BELOW_CUP[m[K’ [[01;35m[K]8;;https://gcc.gnu.org/onlinedocs/gcc/Warning-Options.html#index-Wunused-variable-Wunused-variable]8;;[m[K]
[7.384s]  1930 |   const double [01;35m[KGRIPPER_BELOW_CUP[m[K = 0.05;
[7.384s]       |                [01;35m[K^~~~~~~~~~~~~~~~~[m[K
[7.384s] [01m[K/home/vasee22/igus-coffee-moveit/src/igus_rebel_ros2/igus_rebel/src/pick_and_place.cpp:1941:15:[m[K [01;35m[Kwarning: [m[Kvariable ‘[01m[Kcurrent_state_ptr[m[K’ set but not used [[01;35m[K]8;;https://gcc.gnu.org/onlinedocs/gcc/Warning-Options.html#index-Wunused-but-set-variable-Wunused-but-set-variable]8;;[m[K]
[7.384s]  1941 |   mtc::Stage* [01;35m[Kcurrent_state_ptr[m[K = nullptr;
[7.384s]       |               [01;35m[K^~~~~~~~~~~~~~~~~[m[K
[8.436s] gmake[2]: *** [CMakeFiles/pick_and_place.dir/build.make:90: CMakeFiles/pick_and_place.dir/src/tasks/task_pick_portafilter.cpp.o] Error 1
[8.436s] gmake[2]: *** Waiting for unfinished jobs....
[12.458s] gmake[1]: *** [CMakeFiles/Makefile2:223: CMakeFiles/pick_and_place.dir/all] Error 2
[12.459s] gmake: *** [Makefile:146: all] Error 2
[12.462s] Invoked command in '/home/vasee22/igus-coffee-moveit/build/igus_rebel' returned '2': CMAKE_PREFIX_PATH=/home/vasee22/igus-coffee-moveit/install/igus_rebel_msgs:/home/vasee22/igus-coffee-moveit/install/igus_rebel:/home/vasee22/igus-coffee-moveit/install/igus_rebel_moveit_config:/home/vasee22/igus-coffee-moveit/install/igus_rebel_description:/home/vasee22/COAR-ROS2-Workspace-mai/install/moveit_task_constructor_demo:/home/vasee22/COAR-ROS2-Workspace-mai/install/moveit_task_constructor_visualization:/home/vasee22/COAR-ROS2-Workspace-mai/install/moveit_task_constructor_capabilities:/home/vasee22/COAR-ROS2-Workspace-mai/install/igus_rebel:/home/vasee22/COAR-ROS2-Workspace-mai/install/moveit_task_constructor_core:/home/vasee22/COAR-ROS2-Workspace-mai/install/rviz_marker_tools:/home/vasee22/COAR-ROS2-Workspace-mai/install/moveit_task_constructor_msgs:/home/vasee22/COAR-ROS2-Workspace-mai/install/igus_rebel_msgs:/home/vasee22/COAR-ROS2-Workspace-mai/install/igus_rebel_moveit_config:/home/vasee22/COAR-ROS2-Workspace-mai/install/igus_rebel_description:/opt/ros/jazzy/opt/gz_sim_vendor:/opt/ros/jazzy/opt/gz_sensors_vendor:/opt/ros/jazzy/opt/gz_physics_vendor:/opt/ros/jazzy/opt/sdformat_vendor:/opt/ros/jazzy/opt/gz_gui_vendor:/opt/ros/jazzy/opt/gz_transport_vendor:/opt/ros/jazzy/opt/gz_rendering_vendor:/opt/ros/jazzy/opt/gz_plugin_vendor:/opt/ros/jazzy/opt/gz_fuel_tools_vendor:/opt/ros/jazzy/opt/gz_msgs_vendor:/opt/ros/jazzy/opt/gz_common_vendor:/opt/ros/jazzy/opt/gz_math_vendor:/opt/ros/jazzy/opt/gz_utils_vendor:/opt/ros/jazzy/opt/gz_tools_vendor:/opt/ros/jazzy/opt/gz_ogre_next_vendor:/opt/ros/jazzy/opt/gz_dartsim_vendor:/opt/ros/jazzy/opt/gz_cmake_vendor:/home/vasee22/igus-coffee-moveit/install/modbus_ros:/home/vasee22/COAR-ROS2-Workspace-mai/install/modbus_ros:/opt/ros/jazzy DEBUGINFOD_URLS=https://debuginfod.ubuntu.com LD_LIBRARY_PATH=/home/vasee22/igus-coffee-moveit/install/igus_rebel_msgs/lib:/home/vasee22/igus-coffee-moveit/install/igus_rebel/lib:/home/vasee22/COAR-ROS2-Workspace-mai/install/moveit_task_constructor_demo/lib:/home/vasee22/COAR-ROS2-Workspace-mai/install/moveit_task_constructor_visualization/lib:/home/vasee22/COAR-ROS2-Workspace-mai/install/moveit_task_constructor_capabilities/lib:/home/vasee22/COAR-ROS2-Workspace-mai/install/igus_rebel/lib:/home/vasee22/COAR-ROS2-Workspace-mai/install/moveit_task_constructor_core/lib:/home/vasee22/COAR-ROS2-Workspace-mai/install/rviz_marker_tools/lib:/home/vasee22/COAR-ROS2-Workspace-mai/install/moveit_task_constructor_msgs/lib:/home/vasee22/COAR-ROS2-Workspace-mai/install/igus_rebel_msgs/lib:/opt/ros/jazzy/opt/gz_sim_vendor/lib:/opt/ros/jazzy/opt/gz_sensors_vendor/lib:/opt/ros/jazzy/opt/gz_physics_vendor/lib:/opt/ros/jazzy/opt/sdformat_vendor/lib:/opt/ros/jazzy/opt/rviz_ogre_vendor/lib:/opt/ros/jazzy/lib/x86_64-linux-gnu:/opt/ros/jazzy/opt/gz_gui_vendor/lib:/opt/ros/jazzy/opt/gz_transport_vendor/lib:/opt/ros/jazzy/opt/gz_rendering_vendor/lib:/opt/ros/jazzy/opt/gz_plugin_vendor/lib:/opt/ros/jazzy/opt/gz_fuel_tools_vendor/lib:/opt/ros/jazzy/opt/gz_msgs_vendor/lib:/opt/ros/jazzy/opt/gz_common_vendor/lib:/opt/ros/jazzy/opt/gz_math_vendor/lib:/opt/ros/jazzy/opt/gz_utils_vendor/lib:/opt/ros/jazzy/opt/gz_tools_vendor/lib:/opt/ros/jazzy/opt/gz_ogre_next_vendor/lib:/opt/ros/jazzy/opt/gz_dartsim_vendor/lib:/opt/ros/jazzy/opt/gz_cmake_vendor/lib:/opt/ros/jazzy/lib PYTHONPATH=/home/vasee22/igus-coffee-moveit/install/igus_rebel_msgs/lib/python3.12/site-packages:/home/vasee22/igus-coffee-moveit/install/modbus_ros/lib/python3.12/site-packages:/home/vasee22/COAR-ROS2-Workspace-mai/install/moveit_task_constructor_core/lib/python3.12/site-packages:/home/vasee22/COAR-ROS2-Workspace-mai/install/moveit_task_constructor_msgs/lib/python3.12/site-packages:/home/vasee22/COAR-ROS2-Workspace-mai/install/modbus_ros/lib/python3.12/site-packages:/home/vasee22/COAR-ROS2-Workspace-mai/install/igus_rebel_msgs/lib/python3.12/site-packages:/opt/ros/jazzy/lib/python3.12/site-packages /usr/bin/cmake --build /home/vasee22/igus-coffee-moveit/build/igus_rebel -- -j24 -l24
