[0.019s] Invoking command in '/home/vasee22/igus-coffee-moveit/build/igus_rebel_description': CMAKE_PREFIX_PATH=${CMAKE_PREFIX_PATH}:/home/vasee22/igus-coffee-moveit/install/modbus_ros:/home/vasee22/COAR-ROS2-Workspace-mai/install/modbus_ros:/opt/ros/jazzy DEBUGINFOD_URLS=https://debuginfod.ubuntu.com /usr/bin/cmake /home/vasee22/igus-coffee-moveit/src/igus_rebel_ros2/igus_rebel_description -DCMAKE_INSTALL_PREFIX=/home/vasee22/igus-coffee-moveit/install/igus_rebel_description
[0.142s] -- The C compiler identification is GNU 13.3.0
[0.228s] -- The CXX compiler identification is GNU 13.3.0
[0.253s] -- Detecting C compiler ABI info
[0.386s] -- Detecting C compiler ABI info - done
[0.399s] -- Check for working C compiler: /usr/bin/cc - skipped
[0.400s] -- Detecting C compile features
[0.400s] -- Detecting C compile features - done
[0.412s] -- Detecting CXX compiler ABI info
[0.556s] -- Detecting CXX compiler ABI info - done
[0.571s] -- Check for working CXX compiler: /usr/bin/c++ - skipped
[0.571s] -- Detecting CXX compile features
[0.571s] -- Detecting CXX compile features - done
[0.585s] -- Found ament_cmake: 2.5.6 (/opt/ros/jazzy/share/ament_cmake/cmake)
[0.826s] -- Found Python3: /usr/bin/python3 (found version "3.12.3") found components: Interpreter 
[1.038s] -- Found ament_lint_auto: 0.17.5 (/opt/ros/jazzy/share/ament_lint_auto/cmake)
[1.191s] -- Added test 'lint_cmake' to check CMake code style
[1.196s] -- Added test 'xmllint' to check XML markup files
[1.198s] -- Configuring done (1.2s)
[1.201s] -- Generating done (0.0s)
[1.203s] -- Build files have been written to: /home/vasee22/igus-coffee-moveit/build/igus_rebel_description
[1.210s] Invoked command in '/home/vasee22/igus-coffee-moveit/build/igus_rebel_description' returned '0': CMAKE_PREFIX_PATH=${CMAKE_PREFIX_PATH}:/home/vasee22/igus-coffee-moveit/install/modbus_ros:/home/vasee22/COAR-ROS2-Workspace-mai/install/modbus_ros:/opt/ros/jazzy DEBUGINFOD_URLS=https://debuginfod.ubuntu.com /usr/bin/cmake /home/vasee22/igus-coffee-moveit/src/igus_rebel_ros2/igus_rebel_description -DCMAKE_INSTALL_PREFIX=/home/vasee22/igus-coffee-moveit/install/igus_rebel_description
[1.211s] Invoking command in '/home/vasee22/igus-coffee-moveit/build/igus_rebel_description': CMAKE_PREFIX_PATH=${CMAKE_PREFIX_PATH}:/home/vasee22/igus-coffee-moveit/install/modbus_ros:/home/vasee22/COAR-ROS2-Workspace-mai/install/modbus_ros:/opt/ros/jazzy DEBUGINFOD_URLS=https://debuginfod.ubuntu.com /usr/bin/cmake --build /home/vasee22/igus-coffee-moveit/build/igus_rebel_description -- -j24 -l24
[1.270s] Invoked command in '/home/vasee22/igus-coffee-moveit/build/igus_rebel_description' returned '0': CMAKE_PREFIX_PATH=${CMAKE_PREFIX_PATH}:/home/vasee22/igus-coffee-moveit/install/modbus_ros:/home/vasee22/COAR-ROS2-Workspace-mai/install/modbus_ros:/opt/ros/jazzy DEBUGINFOD_URLS=https://debuginfod.ubuntu.com /usr/bin/cmake --build /home/vasee22/igus-coffee-moveit/build/igus_rebel_description -- -j24 -l24
[1.284s] Invoking command in '/home/vasee22/igus-coffee-moveit/build/igus_rebel_description': CMAKE_PREFIX_PATH=${CMAKE_PREFIX_PATH}:/home/vasee22/igus-coffee-moveit/install/modbus_ros:/home/vasee22/COAR-ROS2-Workspace-mai/install/modbus_ros:/opt/ros/jazzy DEBUGINFOD_URLS=https://debuginfod.ubuntu.com /usr/bin/cmake --install /home/vasee22/igus-coffee-moveit/build/igus_rebel_description
[1.295s] -- Install configuration: ""
[1.295s] -- Installing: /home/vasee22/igus-coffee-moveit/install/igus_rebel_description/share/igus_rebel_description/launch
[1.295s] -- Installing: /home/vasee22/igus-coffee-moveit/install/igus_rebel_description/share/igus_rebel_description/launch/display.launch.archive
[1.296s] -- Installing: /home/vasee22/igus-coffee-moveit/install/igus_rebel_description/share/igus_rebel_description/launch/igus_rebel_robot.launch.archive
[1.296s] -- Installing: /home/vasee22/igus-coffee-moveit/install/igus_rebel_description/share/igus_rebel_description/meshes
[1.296s] -- Installing: /home/vasee22/igus-coffee-moveit/install/igus_rebel_description/share/igus_rebel_description/meshes/CoffeeMachine.stl
[1.296s] -- Installing: /home/vasee22/igus-coffee-moveit/install/igus_rebel_description/share/igus_rebel_description/meshes/CoffeeCupHolder.stl
[1.296s] -- Installing: /home/vasee22/igus-coffee-moveit/install/igus_rebel_description/share/igus_rebel_description/meshes/Coffee Grinder.stl
[1.296s] -- Installing: /home/vasee22/igus-coffee-moveit/install/igus_rebel_description/share/igus_rebel_description/meshes/coffee_cup.stl
[1.296s] -- Installing: /home/vasee22/igus-coffee-moveit/install/igus_rebel_description/share/igus_rebel_description/meshes/robolink_rebel
[1.297s] -- Installing: /home/vasee22/igus-coffee-moveit/install/igus_rebel_description/share/igus_rebel_description/meshes/robolink_rebel/Diffuse Map.001.png
[1.297s] -- Installing: /home/vasee22/igus-coffee-moveit/install/igus_rebel_description/share/igus_rebel_description/meshes/robolink_rebel/Robolink_RebeL_002_2.dae
[1.299s] -- Installing: /home/vasee22/igus-coffee-moveit/install/igus_rebel_description/share/igus_rebel_description/meshes/robolink_rebel/Robolink_RebeL_001.dae
[1.301s] -- Installing: /home/vasee22/igus-coffee-moveit/install/igus_rebel_description/share/igus_rebel_description/meshes/robolink_rebel/Robolink_RebeL_004.dae
[1.308s] -- Installing: /home/vasee22/igus-coffee-moveit/install/igus_rebel_description/share/igus_rebel_description/meshes/robolink_rebel/Robolink_RebeL_005.stl
[1.309s] -- Installing: /home/vasee22/igus-coffee-moveit/install/igus_rebel_description/share/igus_rebel_description/meshes/robolink_rebel/Robolink_RebeL_002.stl
[1.310s] -- Installing: /home/vasee22/igus-coffee-moveit/install/igus_rebel_description/share/igus_rebel_description/meshes/robolink_rebel/Robolink_RebeL_002_1.stl
[1.311s] -- Installing: /home/vasee22/igus-coffee-moveit/install/igus_rebel_description/share/igus_rebel_description/meshes/robolink_rebel/Diffuse Map.004.png
[1.311s] -- Installing: /home/vasee22/igus-coffee-moveit/install/igus_rebel_description/share/igus_rebel_description/meshes/robolink_rebel/Robolink_RebeL_003.stl
[1.312s] -- Installing: /home/vasee22/igus-coffee-moveit/install/igus_rebel_description/share/igus_rebel_description/meshes/robolink_rebel/Diffuse Map.005.png
[1.312s] -- Installing: /home/vasee22/igus-coffee-moveit/install/igus_rebel_description/share/igus_rebel_description/meshes/robolink_rebel/Robolink_RebeL_000.stl
[1.312s] -- Installing: /home/vasee22/igus-coffee-moveit/install/igus_rebel_description/share/igus_rebel_description/meshes/robolink_rebel/Diffuse Map.003.png
[1.313s] -- Installing: /home/vasee22/igus-coffee-moveit/install/igus_rebel_description/share/igus_rebel_description/meshes/robolink_rebel/Robolink_RebeL_002_0.dae
[1.315s] -- Installing: /home/vasee22/igus-coffee-moveit/install/igus_rebel_description/share/igus_rebel_description/meshes/robolink_rebel/Robolink_RebeL_005.dae
[1.320s] -- Installing: /home/vasee22/igus-coffee-moveit/install/igus_rebel_description/share/igus_rebel_description/meshes/robolink_rebel/Diffuse Map.png
[1.320s] -- Installing: /home/vasee22/igus-coffee-moveit/install/igus_rebel_description/share/igus_rebel_description/meshes/robolink_rebel/Diffuse Map.006.png
[1.320s] -- Installing: /home/vasee22/igus-coffee-moveit/install/igus_rebel_description/share/igus_rebel_description/meshes/robolink_rebel/Robolink_RebeL_004.stl
[1.321s] -- Installing: /home/vasee22/igus-coffee-moveit/install/igus_rebel_description/share/igus_rebel_description/meshes/robolink_rebel/Robolink_RebeL_000.dae
[1.322s] -- Installing: /home/vasee22/igus-coffee-moveit/install/igus_rebel_description/share/igus_rebel_description/meshes/robolink_rebel/Robolink_RebeL_006.stl
[1.322s] -- Installing: /home/vasee22/igus-coffee-moveit/install/igus_rebel_description/share/igus_rebel_description/meshes/robolink_rebel/Robolink_RebeL_001.stl
[1.322s] -- Installing: /home/vasee22/igus-coffee-moveit/install/igus_rebel_description/share/igus_rebel_description/meshes/robolink_rebel/Robolink_RebeL_006.dae
[1.324s] -- Installing: /home/vasee22/igus-coffee-moveit/install/igus_rebel_description/share/igus_rebel_description/meshes/robolink_rebel/Robolink_RebeL_002_2.stl
[1.325s] -- Installing: /home/vasee22/igus-coffee-moveit/install/igus_rebel_description/share/igus_rebel_description/meshes/robolink_rebel/Robolink_RebeL_003.dae
[1.333s] -- Installing: /home/vasee22/igus-coffee-moveit/install/igus_rebel_description/share/igus_rebel_description/meshes/robolink_rebel/Robolink_RebeL_002_0.stl
[1.334s] -- Installing: /home/vasee22/igus-coffee-moveit/install/igus_rebel_description/share/igus_rebel_description/meshes/robolink_rebel/Robolink_RebeL_002_1.dae
[1.335s] -- Installing: /home/vasee22/igus-coffee-moveit/install/igus_rebel_description/share/igus_rebel_description/meshes/robolink_rebel/Diffuse Map.002.png
[1.335s] -- Installing: /home/vasee22/igus-coffee-moveit/install/igus_rebel_description/share/igus_rebel_description/meshes/Portafilter.stl
[1.336s] -- Installing: /home/vasee22/igus-coffee-moveit/install/igus_rebel_description/share/igus_rebel_description/meshes/robolink_rebel2
[1.336s] -- Installing: /home/vasee22/igus-coffee-moveit/install/igus_rebel_description/share/igus_rebel_description/meshes/robolink_rebel2/base_link.stl
[1.345s] -- Installing: /home/vasee22/igus-coffee-moveit/install/igus_rebel_description/share/igus_rebel_description/meshes/robolink_rebel2/simplified_link6.stl
[1.345s] -- Installing: /home/vasee22/igus-coffee-moveit/install/igus_rebel_description/share/igus_rebel_description/meshes/robolink_rebel2/simplified_base_link.stl
[1.346s] -- Installing: /home/vasee22/igus-coffee-moveit/install/igus_rebel_description/share/igus_rebel_description/meshes/robolink_rebel2/motor3.stl
[1.357s] -- Installing: /home/vasee22/igus-coffee-moveit/install/igus_rebel_description/share/igus_rebel_description/meshes/robolink_rebel2/simplified_motor1.stl
[1.358s] -- Installing: /home/vasee22/igus-coffee-moveit/install/igus_rebel_description/share/igus_rebel_description/meshes/robolink_rebel2/link4.stl
[1.366s] -- Installing: /home/vasee22/igus-coffee-moveit/install/igus_rebel_description/share/igus_rebel_description/meshes/robolink_rebel2/motor5.stl
[1.368s] -- Installing: /home/vasee22/igus-coffee-moveit/install/igus_rebel_description/share/igus_rebel_description/meshes/robolink_rebel2/link3.stl
[1.379s] -- Installing: /home/vasee22/igus-coffee-moveit/install/igus_rebel_description/share/igus_rebel_description/meshes/robolink_rebel2/simplified_motor2.stl
[1.380s] -- Installing: /home/vasee22/igus-coffee-moveit/install/igus_rebel_description/share/igus_rebel_description/meshes/robolink_rebel2/link6.stl
[1.382s] -- Installing: /home/vasee22/igus-coffee-moveit/install/igus_rebel_description/share/igus_rebel_description/meshes/robolink_rebel2/simplified_link1.stl
[1.383s] -- Installing: /home/vasee22/igus-coffee-moveit/install/igus_rebel_description/share/igus_rebel_description/meshes/robolink_rebel2/vacuum_gripper.stl
[1.399s] -- Installing: /home/vasee22/igus-coffee-moveit/install/igus_rebel_description/share/igus_rebel_description/meshes/robolink_rebel2/IGUS7AXIS_1000.dae
[1.475s] -- Installing: /home/vasee22/igus-coffee-moveit/install/igus_rebel_description/share/igus_rebel_description/meshes/robolink_rebel2/simplified_link3.stl
[1.477s] -- Installing: /home/vasee22/igus-coffee-moveit/install/igus_rebel_description/share/igus_rebel_description/meshes/robolink_rebel2/link1.stl
[1.486s] -- Installing: /home/vasee22/igus-coffee-moveit/install/igus_rebel_description/share/igus_rebel_description/meshes/robolink_rebel2/simplified_link5.stl
[1.488s] -- Installing: /home/vasee22/igus-coffee-moveit/install/igus_rebel_description/share/igus_rebel_description/meshes/robolink_rebel2/simplified_motor3.stl
[1.489s] -- Installing: /home/vasee22/igus-coffee-moveit/install/igus_rebel_description/share/igus_rebel_description/meshes/robolink_rebel2/link2.stl
[1.518s] -- Installing: /home/vasee22/igus-coffee-moveit/install/igus_rebel_description/share/igus_rebel_description/meshes/robolink_rebel2/simplified_link2.stl
[1.522s] -- Installing: /home/vasee22/igus-coffee-moveit/install/igus_rebel_description/share/igus_rebel_description/meshes/robolink_rebel2/motor4.stl
[1.531s] -- Installing: /home/vasee22/igus-coffee-moveit/install/igus_rebel_description/share/igus_rebel_description/meshes/robolink_rebel2/simplified_motor5.stl
[1.531s] -- Installing: /home/vasee22/igus-coffee-moveit/install/igus_rebel_description/share/igus_rebel_description/meshes/robolink_rebel2/simplified_link4.stl
[1.533s] -- Installing: /home/vasee22/igus-coffee-moveit/install/igus_rebel_description/share/igus_rebel_description/meshes/robolink_rebel2/link5.stl
[1.543s] -- Installing: /home/vasee22/igus-coffee-moveit/install/igus_rebel_description/share/igus_rebel_description/meshes/robolink_rebel2/motor2.stl
[1.575s] -- Installing: /home/vasee22/igus-coffee-moveit/install/igus_rebel_description/share/igus_rebel_description/meshes/robolink_rebel2/IGUS7AXIS_1000.stl
[1.641s] -- Installing: /home/vasee22/igus-coffee-moveit/install/igus_rebel_description/share/igus_rebel_description/meshes/robolink_rebel2/CylinderJoint.stl
[1.641s] -- Installing: /home/vasee22/igus-coffee-moveit/install/igus_rebel_description/share/igus_rebel_description/meshes/robolink_rebel2/motor1.stl
[1.651s] -- Installing: /home/vasee22/igus-coffee-moveit/install/igus_rebel_description/share/igus_rebel_description/meshes/robolink_rebel2/Igus_7thaxis.dae
[1.670s] -- Installing: /home/vasee22/igus-coffee-moveit/install/igus_rebel_description/share/igus_rebel_description/meshes/robolink_rebel2/collisionMesh.stl
[1.671s] -- Installing: /home/vasee22/igus-coffee-moveit/install/igus_rebel_description/share/igus_rebel_description/meshes/robolink_rebel2/simplified_motor4.stl
[1.672s] -- Installing: /home/vasee22/igus-coffee-moveit/install/igus_rebel_description/share/igus_rebel_description/meshes/DeliveryStation.stl
[1.672s] -- Installing: /home/vasee22/igus-coffee-moveit/install/igus_rebel_description/share/igus_rebel_description/meshes/Tool Station.stl
[1.673s] -- Installing: /home/vasee22/igus-coffee-moveit/install/igus_rebel_description/share/igus_rebel_description/meshes1
[1.673s] -- Installing: /home/vasee22/igus-coffee-moveit/install/igus_rebel_description/share/igus_rebel_description/meshes1/robolink_rebel
[1.673s] -- Installing: /home/vasee22/igus-coffee-moveit/install/igus_rebel_description/share/igus_rebel_description/meshes1/robolink_rebel/Robolink_RebeL_002_2.dae
[1.675s] -- Installing: /home/vasee22/igus-coffee-moveit/install/igus_rebel_description/share/igus_rebel_description/meshes1/robolink_rebel/Robolink_RebeL_001.dae
[1.677s] -- Installing: /home/vasee22/igus-coffee-moveit/install/igus_rebel_description/share/igus_rebel_description/meshes1/robolink_rebel/Diffuse_Map.png
[1.677s] -- Installing: /home/vasee22/igus-coffee-moveit/install/igus_rebel_description/share/igus_rebel_description/meshes1/robolink_rebel/Robolink_RebeL_004.dae
[1.684s] -- Installing: /home/vasee22/igus-coffee-moveit/install/igus_rebel_description/share/igus_rebel_description/meshes1/robolink_rebel/Diffuse_Map.003.png
[1.684s] -- Installing: /home/vasee22/igus-coffee-moveit/install/igus_rebel_description/share/igus_rebel_description/meshes1/robolink_rebel/Robolink_RebeL_005.stl
[1.685s] -- Installing: /home/vasee22/igus-coffee-moveit/install/igus_rebel_description/share/igus_rebel_description/meshes1/robolink_rebel/Robolink_RebeL_002.stl
[1.687s] -- Installing: /home/vasee22/igus-coffee-moveit/install/igus_rebel_description/share/igus_rebel_description/meshes1/robolink_rebel/Robolink_RebeL_002_1.stl
[1.687s] -- Installing: /home/vasee22/igus-coffee-moveit/install/igus_rebel_description/share/igus_rebel_description/meshes1/robolink_rebel/Robolink_RebeL_003.stl
[1.689s] -- Installing: /home/vasee22/igus-coffee-moveit/install/igus_rebel_description/share/igus_rebel_description/meshes1/robolink_rebel/Robolink_RebeL_000.stl
[1.689s] -- Installing: /home/vasee22/igus-coffee-moveit/install/igus_rebel_description/share/igus_rebel_description/meshes1/robolink_rebel/Diffuse_Map.006.png
[1.689s] -- Installing: /home/vasee22/igus-coffee-moveit/install/igus_rebel_description/share/igus_rebel_description/meshes1/robolink_rebel/Robolink_RebeL_002_0.dae
[1.692s] -- Installing: /home/vasee22/igus-coffee-moveit/install/igus_rebel_description/share/igus_rebel_description/meshes1/robolink_rebel/Robolink_RebeL_005.dae
[1.696s] -- Installing: /home/vasee22/igus-coffee-moveit/install/igus_rebel_description/share/igus_rebel_description/meshes1/robolink_rebel/Diffuse_Map.002.png
[1.696s] -- Installing: /home/vasee22/igus-coffee-moveit/install/igus_rebel_description/share/igus_rebel_description/meshes1/robolink_rebel/Diffuse_Map.005.png
[1.697s] -- Installing: /home/vasee22/igus-coffee-moveit/install/igus_rebel_description/share/igus_rebel_description/meshes1/robolink_rebel/Robolink_RebeL_004.stl
[1.698s] -- Installing: /home/vasee22/igus-coffee-moveit/install/igus_rebel_description/share/igus_rebel_description/meshes1/robolink_rebel/Diffuse_Map.001.png
[1.698s] -- Installing: /home/vasee22/igus-coffee-moveit/install/igus_rebel_description/share/igus_rebel_description/meshes1/robolink_rebel/Robolink_RebeL_000.dae
[1.698s] -- Installing: /home/vasee22/igus-coffee-moveit/install/igus_rebel_description/share/igus_rebel_description/meshes1/robolink_rebel/Robolink_RebeL_006.stl
[1.699s] -- Installing: /home/vasee22/igus-coffee-moveit/install/igus_rebel_description/share/igus_rebel_description/meshes1/robolink_rebel/Robolink_RebeL_001.stl
[1.699s] -- Installing: /home/vasee22/igus-coffee-moveit/install/igus_rebel_description/share/igus_rebel_description/meshes1/robolink_rebel/Robolink_RebeL_006.dae
[1.701s] -- Installing: /home/vasee22/igus-coffee-moveit/install/igus_rebel_description/share/igus_rebel_description/meshes1/robolink_rebel/Diffuse_Map.004.png
[1.702s] -- Installing: /home/vasee22/igus-coffee-moveit/install/igus_rebel_description/share/igus_rebel_description/meshes1/robolink_rebel/Robolink_RebeL_002_2.stl
[1.702s] -- Installing: /home/vasee22/igus-coffee-moveit/install/igus_rebel_description/share/igus_rebel_description/meshes1/robolink_rebel/Robolink_RebeL_003.dae
[1.710s] -- Installing: /home/vasee22/igus-coffee-moveit/install/igus_rebel_description/share/igus_rebel_description/meshes1/robolink_rebel/Igus_7thaxis.dae
[1.729s] -- Installing: /home/vasee22/igus-coffee-moveit/install/igus_rebel_description/share/igus_rebel_description/meshes1/robolink_rebel/Robolink_RebeL_002_0.stl
[1.730s] -- Installing: /home/vasee22/igus-coffee-moveit/install/igus_rebel_description/share/igus_rebel_description/meshes1/robolink_rebel/Robolink_RebeL_002_1.dae
[1.731s] -- Installing: /home/vasee22/igus-coffee-moveit/install/igus_rebel_description/share/igus_rebel_description/urdf
[1.731s] -- Installing: /home/vasee22/igus-coffee-moveit/install/igus_rebel_description/share/igus_rebel_description/urdf/igus_rebel2.urdf
[1.731s] -- Installing: /home/vasee22/igus-coffee-moveit/install/igus_rebel_description/share/igus_rebel_description/urdf/igus_rebel2.control.xacro
[1.731s] -- Installing: /home/vasee22/igus-coffee-moveit/install/igus_rebel_description/share/igus_rebel_description/urdf/igus_rebel_robot.urdf.xacro
[1.731s] -- Installing: /home/vasee22/igus-coffee-moveit/install/igus_rebel_description/share/igus_rebel_description/urdf/igus_robt.urdf
[1.732s] -- Installing: /home/vasee22/igus-coffee-moveit/install/igus_rebel_description/share/igus_rebel_description/urdf/igus_rebel.control.xacro
[1.732s] -- Installing: /home/vasee22/igus-coffee-moveit/install/igus_rebel_description/share/igus_rebel_description/urdf/igus_rebel_robot2.urdf.xacro
[1.732s] -- Installing: /home/vasee22/igus-coffee-moveit/install/igus_rebel_description/share/igus_rebel_description/urdf/igus_rebel.urdf
[1.732s] -- Installing: /home/vasee22/igus-coffee-moveit/install/igus_rebel_description/share/igus_rebel_description/urdf/igus_rebel_ros1.urdf
[1.732s] -- Installing: /home/vasee22/igus-coffee-moveit/install/igus_rebel_description/share/igus_rebel_description/urdf1
[1.732s] -- Installing: /home/vasee22/igus-coffee-moveit/install/igus_rebel_description/share/igus_rebel_description/urdf1/igus_rebel_robot.urdf.xacro
[1.732s] -- Installing: /home/vasee22/igus-coffee-moveit/install/igus_rebel_description/share/igus_rebel_description/urdf1/igus_rebel.control.xacro
[1.732s] -- Installing: /home/vasee22/igus-coffee-moveit/install/igus_rebel_description/share/igus_rebel_description/urdf1/igus_rebel.urdf
[1.732s] -- Installing: /home/vasee22/igus-coffee-moveit/install/igus_rebel_description/share/ament_index/resource_index/package_run_dependencies/igus_rebel_description
[1.732s] -- Installing: /home/vasee22/igus-coffee-moveit/install/igus_rebel_description/share/ament_index/resource_index/parent_prefix_path/igus_rebel_description
[1.732s] -- Installing: /home/vasee22/igus-coffee-moveit/install/igus_rebel_description/share/igus_rebel_description/environment/ament_prefix_path.sh
[1.732s] -- Installing: /home/vasee22/igus-coffee-moveit/install/igus_rebel_description/share/igus_rebel_description/environment/ament_prefix_path.dsv
[1.732s] -- Installing: /home/vasee22/igus-coffee-moveit/install/igus_rebel_description/share/igus_rebel_description/environment/path.sh
[1.732s] -- Installing: /home/vasee22/igus-coffee-moveit/install/igus_rebel_description/share/igus_rebel_description/environment/path.dsv
[1.733s] -- Installing: /home/vasee22/igus-coffee-moveit/install/igus_rebel_description/share/igus_rebel_description/local_setup.bash
[1.733s] -- Installing: /home/vasee22/igus-coffee-moveit/install/igus_rebel_description/share/igus_rebel_description/local_setup.sh
[1.733s] -- Installing: /home/vasee22/igus-coffee-moveit/install/igus_rebel_description/share/igus_rebel_description/local_setup.zsh
[1.733s] -- Installing: /home/vasee22/igus-coffee-moveit/install/igus_rebel_description/share/igus_rebel_description/local_setup.dsv
[1.734s] -- Installing: /home/vasee22/igus-coffee-moveit/install/igus_rebel_description/share/igus_rebel_description/package.dsv
[1.734s] -- Installing: /home/vasee22/igus-coffee-moveit/install/igus_rebel_description/share/ament_index/resource_index/packages/igus_rebel_description
[1.734s] -- Installing: /home/vasee22/igus-coffee-moveit/install/igus_rebel_description/share/igus_rebel_description/cmake/igus_rebel_descriptionConfig.cmake
[1.734s] -- Installing: /home/vasee22/igus-coffee-moveit/install/igus_rebel_description/share/igus_rebel_description/cmake/igus_rebel_descriptionConfig-version.cmake
[1.734s] -- Installing: /home/vasee22/igus-coffee-moveit/install/igus_rebel_description/share/igus_rebel_description/package.xml
[1.737s] Invoked command in '/home/vasee22/igus-coffee-moveit/build/igus_rebel_description' returned '0': CMAKE_PREFIX_PATH=${CMAKE_PREFIX_PATH}:/home/vasee22/igus-coffee-moveit/install/modbus_ros:/home/vasee22/COAR-ROS2-Workspace-mai/install/modbus_ros:/opt/ros/jazzy DEBUGINFOD_URLS=https://debuginfod.ubuntu.com /usr/bin/cmake --install /home/vasee22/igus-coffee-moveit/build/igus_rebel_description
