[0.013s] Invoking command in '/home/vasee22/igus-coffee-moveit/build/igus_rebel_msgs': CMAKE_PREFIX_PATH=${CMAKE_PREFIX_PATH}:/home/vasee22/COAR-ROS2-Workspace-mai/install/modbus_ros:/opt/ros/jazzy DEBUGINFOD_URLS=https://debuginfod.ubuntu.com /usr/bin/cmake --build /home/vasee22/igus-coffee-moveit/build/igus_rebel_msgs -- -j24 -l24
[0.083s] [  2%] Built target igus_rebel_msgs__rs
[0.086s] [  4%] Built target igus_rebel_msgs__rosidl_generator_type_description
[0.100s] [  4%] Built target ament_cmake_python_copy_igus_rebel_msgs
[0.104s] [  6%] Built target igus_rebel_msgs__cpp
[0.111s] [ 24%] Built target igus_rebel_msgs__rosidl_generator_c
[0.128s] [ 33%] Built target igus_rebel_msgs__rosidl_typesupport_introspection_c
[0.132s] [ 42%] Built target igus_rebel_msgs__rosidl_typesupport_c
[0.134s] [ 53%] Built target igus_rebel_msgs__rosidl_typesupport_fastrtps_cpp
[0.134s] [ 60%] Built target igus_rebel_msgs__rosidl_typesupport_fastrtps_c
[0.135s] [ 77%] Built target igus_rebel_msgs__rosidl_typesupport_introspection_cpp
[0.135s] [ 77%] Built target igus_rebel_msgs__rosidl_typesupport_cpp
[0.154s] [ 77%] Built target igus_rebel_msgs
[0.172s] [ 80%] Built target igus_rebel_msgs__py
[0.199s] [ 86%] Built target igus_rebel_msgs__rosidl_generator_py
[0.220s] [ 91%] Built target igus_rebel_msgs_s__rosidl_typesupport_introspection_c
[0.222s] [100%] Built target igus_rebel_msgs_s__rosidl_typesupport_fastrtps_c
[0.222s] [100%] Built target igus_rebel_msgs_s__rosidl_typesupport_c
[0.272s] running egg_info
[0.291s] writing igus_rebel_msgs.egg-info/PKG-INFO
[0.291s] writing dependency_links to igus_rebel_msgs.egg-info/dependency_links.txt
[0.291s] writing top-level names to igus_rebel_msgs.egg-info/top_level.txt
[0.328s] reading manifest file 'igus_rebel_msgs.egg-info/SOURCES.txt'
[0.329s] writing manifest file 'igus_rebel_msgs.egg-info/SOURCES.txt'
[0.347s] [100%] Built target ament_cmake_python_build_igus_rebel_msgs_egg
[0.357s] Invoked command in '/home/vasee22/igus-coffee-moveit/build/igus_rebel_msgs' returned '0': CMAKE_PREFIX_PATH=${CMAKE_PREFIX_PATH}:/home/vasee22/COAR-ROS2-Workspace-mai/install/modbus_ros:/opt/ros/jazzy DEBUGINFOD_URLS=https://debuginfod.ubuntu.com /usr/bin/cmake --build /home/vasee22/igus-coffee-moveit/build/igus_rebel_msgs -- -j24 -l24
[0.359s] Invoking command in '/home/vasee22/igus-coffee-moveit/build/igus_rebel_msgs': CMAKE_PREFIX_PATH=${CMAKE_PREFIX_PATH}:/home/vasee22/COAR-ROS2-Workspace-mai/install/modbus_ros:/opt/ros/jazzy DEBUGINFOD_URLS=https://debuginfod.ubuntu.com /usr/bin/cmake --install /home/vasee22/igus-coffee-moveit/build/igus_rebel_msgs
[0.367s] -- Install configuration: ""
[0.367s] -- Up-to-date: /home/vasee22/igus-coffee-moveit/install/igus_rebel_msgs/share/ament_index/resource_index/rosidl_interfaces/igus_rebel_msgs
[0.367s] -- Up-to-date: /home/vasee22/igus-coffee-moveit/install/igus_rebel_msgs/share/igus_rebel_msgs/msg/DigitalOutput.json
[0.368s] -- Up-to-date: /home/vasee22/igus-coffee-moveit/install/igus_rebel_msgs/share/igus_rebel_msgs/srv/SetDigitalOutput.json
[0.368s] -- Up-to-date: /home/vasee22/igus-coffee-moveit/install/igus_rebel_msgs/include/igus_rebel_msgs/igus_rebel_msgs
[0.368s] -- Up-to-date: /home/vasee22/igus-coffee-moveit/install/igus_rebel_msgs/include/igus_rebel_msgs/igus_rebel_msgs/msg
[0.368s] -- Up-to-date: /home/vasee22/igus-coffee-moveit/install/igus_rebel_msgs/include/igus_rebel_msgs/igus_rebel_msgs/msg/digital_output.h
[0.368s] -- Up-to-date: /home/vasee22/igus-coffee-moveit/install/igus_rebel_msgs/include/igus_rebel_msgs/igus_rebel_msgs/msg/rosidl_generator_c__visibility_control.h
[0.368s] -- Up-to-date: /home/vasee22/igus-coffee-moveit/install/igus_rebel_msgs/include/igus_rebel_msgs/igus_rebel_msgs/msg/detail
[0.368s] -- Up-to-date: /home/vasee22/igus-coffee-moveit/install/igus_rebel_msgs/include/igus_rebel_msgs/igus_rebel_msgs/msg/detail/digital_output__type_support.h
[0.368s] -- Up-to-date: /home/vasee22/igus-coffee-moveit/install/igus_rebel_msgs/include/igus_rebel_msgs/igus_rebel_msgs/msg/detail/digital_output__description.c
[0.368s] -- Up-to-date: /home/vasee22/igus-coffee-moveit/install/igus_rebel_msgs/include/igus_rebel_msgs/igus_rebel_msgs/msg/detail/digital_output__type_support.c
[0.369s] -- Up-to-date: /home/vasee22/igus-coffee-moveit/install/igus_rebel_msgs/include/igus_rebel_msgs/igus_rebel_msgs/msg/detail/digital_output__functions.c
[0.369s] -- Up-to-date: /home/vasee22/igus-coffee-moveit/install/igus_rebel_msgs/include/igus_rebel_msgs/igus_rebel_msgs/msg/detail/digital_output__functions.h
[0.369s] -- Up-to-date: /home/vasee22/igus-coffee-moveit/install/igus_rebel_msgs/include/igus_rebel_msgs/igus_rebel_msgs/msg/detail/digital_output__struct.h
[0.369s] -- Up-to-date: /home/vasee22/igus-coffee-moveit/install/igus_rebel_msgs/include/igus_rebel_msgs/igus_rebel_msgs/srv
[0.369s] -- Up-to-date: /home/vasee22/igus-coffee-moveit/install/igus_rebel_msgs/include/igus_rebel_msgs/igus_rebel_msgs/srv/set_digital_output.h
[0.369s] -- Up-to-date: /home/vasee22/igus-coffee-moveit/install/igus_rebel_msgs/include/igus_rebel_msgs/igus_rebel_msgs/srv/detail
[0.369s] -- Up-to-date: /home/vasee22/igus-coffee-moveit/install/igus_rebel_msgs/include/igus_rebel_msgs/igus_rebel_msgs/srv/detail/set_digital_output__type_support.c
[0.369s] -- Up-to-date: /home/vasee22/igus-coffee-moveit/install/igus_rebel_msgs/include/igus_rebel_msgs/igus_rebel_msgs/srv/detail/set_digital_output__description.c
[0.369s] -- Up-to-date: /home/vasee22/igus-coffee-moveit/install/igus_rebel_msgs/include/igus_rebel_msgs/igus_rebel_msgs/srv/detail/set_digital_output__struct.h
[0.369s] -- Up-to-date: /home/vasee22/igus-coffee-moveit/install/igus_rebel_msgs/include/igus_rebel_msgs/igus_rebel_msgs/srv/detail/set_digital_output__functions.h
[0.369s] -- Up-to-date: /home/vasee22/igus-coffee-moveit/install/igus_rebel_msgs/include/igus_rebel_msgs/igus_rebel_msgs/srv/detail/set_digital_output__type_support.h
[0.369s] -- Up-to-date: /home/vasee22/igus-coffee-moveit/install/igus_rebel_msgs/include/igus_rebel_msgs/igus_rebel_msgs/srv/detail/set_digital_output__functions.c
[0.370s] -- Up-to-date: /home/vasee22/igus-coffee-moveit/install/igus_rebel_msgs/share/igus_rebel_msgs/environment/library_path.sh
[0.370s] -- Up-to-date: /home/vasee22/igus-coffee-moveit/install/igus_rebel_msgs/share/igus_rebel_msgs/environment/library_path.dsv
[0.370s] -- Up-to-date: /home/vasee22/igus-coffee-moveit/install/igus_rebel_msgs/lib/libigus_rebel_msgs__rosidl_generator_c.so
[0.370s] -- Up-to-date: /home/vasee22/igus-coffee-moveit/install/igus_rebel_msgs/include/igus_rebel_msgs/igus_rebel_msgs
[0.370s] -- Up-to-date: /home/vasee22/igus-coffee-moveit/install/igus_rebel_msgs/include/igus_rebel_msgs/igus_rebel_msgs/msg
[0.370s] -- Up-to-date: /home/vasee22/igus-coffee-moveit/install/igus_rebel_msgs/include/igus_rebel_msgs/igus_rebel_msgs/msg/rosidl_typesupport_fastrtps_c__visibility_control.h
[0.370s] -- Up-to-date: /home/vasee22/igus-coffee-moveit/install/igus_rebel_msgs/include/igus_rebel_msgs/igus_rebel_msgs/msg/detail
[0.370s] -- Up-to-date: /home/vasee22/igus-coffee-moveit/install/igus_rebel_msgs/include/igus_rebel_msgs/igus_rebel_msgs/msg/detail/digital_output__rosidl_typesupport_fastrtps_c.h
[0.370s] -- Up-to-date: /home/vasee22/igus-coffee-moveit/install/igus_rebel_msgs/include/igus_rebel_msgs/igus_rebel_msgs/srv
[0.370s] -- Up-to-date: /home/vasee22/igus-coffee-moveit/install/igus_rebel_msgs/include/igus_rebel_msgs/igus_rebel_msgs/srv/detail
[0.370s] -- Up-to-date: /home/vasee22/igus-coffee-moveit/install/igus_rebel_msgs/include/igus_rebel_msgs/igus_rebel_msgs/srv/detail/set_digital_output__rosidl_typesupport_fastrtps_c.h
[0.370s] -- Up-to-date: /home/vasee22/igus-coffee-moveit/install/igus_rebel_msgs/lib/libigus_rebel_msgs__rosidl_typesupport_fastrtps_c.so
[0.370s] -- Up-to-date: /home/vasee22/igus-coffee-moveit/install/igus_rebel_msgs/include/igus_rebel_msgs/igus_rebel_msgs
[0.370s] -- Up-to-date: /home/vasee22/igus-coffee-moveit/install/igus_rebel_msgs/include/igus_rebel_msgs/igus_rebel_msgs/msg
[0.370s] -- Up-to-date: /home/vasee22/igus-coffee-moveit/install/igus_rebel_msgs/include/igus_rebel_msgs/igus_rebel_msgs/msg/detail
[0.370s] -- Up-to-date: /home/vasee22/igus-coffee-moveit/install/igus_rebel_msgs/include/igus_rebel_msgs/igus_rebel_msgs/msg/detail/digital_output__struct.hpp
[0.370s] -- Up-to-date: /home/vasee22/igus-coffee-moveit/install/igus_rebel_msgs/include/igus_rebel_msgs/igus_rebel_msgs/msg/detail/digital_output__type_support.hpp
[0.370s] -- Up-to-date: /home/vasee22/igus-coffee-moveit/install/igus_rebel_msgs/include/igus_rebel_msgs/igus_rebel_msgs/msg/detail/digital_output__builder.hpp
[0.370s] -- Up-to-date: /home/vasee22/igus-coffee-moveit/install/igus_rebel_msgs/include/igus_rebel_msgs/igus_rebel_msgs/msg/detail/digital_output__traits.hpp
[0.370s] -- Up-to-date: /home/vasee22/igus-coffee-moveit/install/igus_rebel_msgs/include/igus_rebel_msgs/igus_rebel_msgs/msg/digital_output.hpp
[0.370s] -- Up-to-date: /home/vasee22/igus-coffee-moveit/install/igus_rebel_msgs/include/igus_rebel_msgs/igus_rebel_msgs/msg/rosidl_generator_cpp__visibility_control.hpp
[0.370s] -- Up-to-date: /home/vasee22/igus-coffee-moveit/install/igus_rebel_msgs/include/igus_rebel_msgs/igus_rebel_msgs/srv
[0.370s] -- Up-to-date: /home/vasee22/igus-coffee-moveit/install/igus_rebel_msgs/include/igus_rebel_msgs/igus_rebel_msgs/srv/set_digital_output.hpp
[0.370s] -- Up-to-date: /home/vasee22/igus-coffee-moveit/install/igus_rebel_msgs/include/igus_rebel_msgs/igus_rebel_msgs/srv/detail
[0.370s] -- Up-to-date: /home/vasee22/igus-coffee-moveit/install/igus_rebel_msgs/include/igus_rebel_msgs/igus_rebel_msgs/srv/detail/set_digital_output__type_support.hpp
[0.370s] -- Up-to-date: /home/vasee22/igus-coffee-moveit/install/igus_rebel_msgs/include/igus_rebel_msgs/igus_rebel_msgs/srv/detail/set_digital_output__builder.hpp
[0.370s] -- Up-to-date: /home/vasee22/igus-coffee-moveit/install/igus_rebel_msgs/include/igus_rebel_msgs/igus_rebel_msgs/srv/detail/set_digital_output__struct.hpp
[0.370s] -- Up-to-date: /home/vasee22/igus-coffee-moveit/install/igus_rebel_msgs/include/igus_rebel_msgs/igus_rebel_msgs/srv/detail/set_digital_output__traits.hpp
[0.370s] -- Up-to-date: /home/vasee22/igus-coffee-moveit/install/igus_rebel_msgs/include/igus_rebel_msgs/igus_rebel_msgs
[0.370s] -- Up-to-date: /home/vasee22/igus-coffee-moveit/install/igus_rebel_msgs/include/igus_rebel_msgs/igus_rebel_msgs/msg
[0.370s] -- Up-to-date: /home/vasee22/igus-coffee-moveit/install/igus_rebel_msgs/include/igus_rebel_msgs/igus_rebel_msgs/msg/rosidl_typesupport_fastrtps_cpp__visibility_control.h
[0.370s] -- Up-to-date: /home/vasee22/igus-coffee-moveit/install/igus_rebel_msgs/include/igus_rebel_msgs/igus_rebel_msgs/msg/detail
[0.370s] -- Up-to-date: /home/vasee22/igus-coffee-moveit/install/igus_rebel_msgs/include/igus_rebel_msgs/igus_rebel_msgs/msg/detail/dds_fastrtps
[0.371s] -- Up-to-date: /home/vasee22/igus-coffee-moveit/install/igus_rebel_msgs/include/igus_rebel_msgs/igus_rebel_msgs/msg/detail/digital_output__rosidl_typesupport_fastrtps_cpp.hpp
[0.371s] -- Up-to-date: /home/vasee22/igus-coffee-moveit/install/igus_rebel_msgs/include/igus_rebel_msgs/igus_rebel_msgs/srv
[0.371s] -- Up-to-date: /home/vasee22/igus-coffee-moveit/install/igus_rebel_msgs/include/igus_rebel_msgs/igus_rebel_msgs/srv/detail
[0.371s] -- Up-to-date: /home/vasee22/igus-coffee-moveit/install/igus_rebel_msgs/include/igus_rebel_msgs/igus_rebel_msgs/srv/detail/set_digital_output__rosidl_typesupport_fastrtps_cpp.hpp
[0.371s] -- Up-to-date: /home/vasee22/igus-coffee-moveit/install/igus_rebel_msgs/include/igus_rebel_msgs/igus_rebel_msgs/srv/detail/dds_fastrtps
[0.371s] -- Up-to-date: /home/vasee22/igus-coffee-moveit/install/igus_rebel_msgs/lib/libigus_rebel_msgs__rosidl_typesupport_fastrtps_cpp.so
[0.371s] -- Up-to-date: /home/vasee22/igus-coffee-moveit/install/igus_rebel_msgs/include/igus_rebel_msgs/igus_rebel_msgs
[0.371s] -- Up-to-date: /home/vasee22/igus-coffee-moveit/install/igus_rebel_msgs/include/igus_rebel_msgs/igus_rebel_msgs/msg
[0.371s] -- Up-to-date: /home/vasee22/igus-coffee-moveit/install/igus_rebel_msgs/include/igus_rebel_msgs/igus_rebel_msgs/msg/rosidl_typesupport_introspection_c__visibility_control.h
[0.371s] -- Up-to-date: /home/vasee22/igus-coffee-moveit/install/igus_rebel_msgs/include/igus_rebel_msgs/igus_rebel_msgs/msg/detail
[0.371s] -- Up-to-date: /home/vasee22/igus-coffee-moveit/install/igus_rebel_msgs/include/igus_rebel_msgs/igus_rebel_msgs/msg/detail/digital_output__type_support.c
[0.371s] -- Up-to-date: /home/vasee22/igus-coffee-moveit/install/igus_rebel_msgs/include/igus_rebel_msgs/igus_rebel_msgs/msg/detail/digital_output__rosidl_typesupport_introspection_c.h
[0.371s] -- Up-to-date: /home/vasee22/igus-coffee-moveit/install/igus_rebel_msgs/include/igus_rebel_msgs/igus_rebel_msgs/srv
[0.371s] -- Up-to-date: /home/vasee22/igus-coffee-moveit/install/igus_rebel_msgs/include/igus_rebel_msgs/igus_rebel_msgs/srv/detail
[0.371s] -- Up-to-date: /home/vasee22/igus-coffee-moveit/install/igus_rebel_msgs/include/igus_rebel_msgs/igus_rebel_msgs/srv/detail/set_digital_output__type_support.c
[0.371s] -- Up-to-date: /home/vasee22/igus-coffee-moveit/install/igus_rebel_msgs/include/igus_rebel_msgs/igus_rebel_msgs/srv/detail/set_digital_output__rosidl_typesupport_introspection_c.h
[0.371s] -- Up-to-date: /home/vasee22/igus-coffee-moveit/install/igus_rebel_msgs/lib/libigus_rebel_msgs__rosidl_typesupport_introspection_c.so
[0.371s] -- Up-to-date: /home/vasee22/igus-coffee-moveit/install/igus_rebel_msgs/lib/libigus_rebel_msgs__rosidl_typesupport_c.so
[0.371s] -- Up-to-date: /home/vasee22/igus-coffee-moveit/install/igus_rebel_msgs/include/igus_rebel_msgs/igus_rebel_msgs
[0.371s] -- Up-to-date: /home/vasee22/igus-coffee-moveit/install/igus_rebel_msgs/include/igus_rebel_msgs/igus_rebel_msgs/msg
[0.371s] -- Up-to-date: /home/vasee22/igus-coffee-moveit/install/igus_rebel_msgs/include/igus_rebel_msgs/igus_rebel_msgs/msg/detail
[0.371s] -- Up-to-date: /home/vasee22/igus-coffee-moveit/install/igus_rebel_msgs/include/igus_rebel_msgs/igus_rebel_msgs/msg/detail/digital_output__rosidl_typesupport_introspection_cpp.hpp
[0.371s] -- Up-to-date: /home/vasee22/igus-coffee-moveit/install/igus_rebel_msgs/include/igus_rebel_msgs/igus_rebel_msgs/msg/detail/digital_output__type_support.cpp
[0.372s] -- Up-to-date: /home/vasee22/igus-coffee-moveit/install/igus_rebel_msgs/include/igus_rebel_msgs/igus_rebel_msgs/srv
[0.372s] -- Up-to-date: /home/vasee22/igus-coffee-moveit/install/igus_rebel_msgs/include/igus_rebel_msgs/igus_rebel_msgs/srv/detail
[0.372s] -- Up-to-date: /home/vasee22/igus-coffee-moveit/install/igus_rebel_msgs/include/igus_rebel_msgs/igus_rebel_msgs/srv/detail/set_digital_output__rosidl_typesupport_introspection_cpp.hpp
[0.372s] -- Up-to-date: /home/vasee22/igus-coffee-moveit/install/igus_rebel_msgs/include/igus_rebel_msgs/igus_rebel_msgs/srv/detail/set_digital_output__type_support.cpp
[0.372s] -- Up-to-date: /home/vasee22/igus-coffee-moveit/install/igus_rebel_msgs/lib/libigus_rebel_msgs__rosidl_typesupport_introspection_cpp.so
[0.372s] -- Up-to-date: /home/vasee22/igus-coffee-moveit/install/igus_rebel_msgs/lib/libigus_rebel_msgs__rosidl_typesupport_cpp.so
[0.372s] -- Up-to-date: /home/vasee22/igus-coffee-moveit/install/igus_rebel_msgs/share/igus_rebel_msgs/environment/pythonpath.sh
[0.372s] -- Up-to-date: /home/vasee22/igus-coffee-moveit/install/igus_rebel_msgs/share/igus_rebel_msgs/environment/pythonpath.dsv
[0.372s] -- Up-to-date: /home/vasee22/igus-coffee-moveit/install/igus_rebel_msgs/lib/python3.12/site-packages/igus_rebel_msgs-0.0.0-py3.12.egg-info
[0.372s] -- Installing: /home/vasee22/igus-coffee-moveit/install/igus_rebel_msgs/lib/python3.12/site-packages/igus_rebel_msgs-0.0.0-py3.12.egg-info/top_level.txt
[0.372s] -- Installing: /home/vasee22/igus-coffee-moveit/install/igus_rebel_msgs/lib/python3.12/site-packages/igus_rebel_msgs-0.0.0-py3.12.egg-info/dependency_links.txt
[0.372s] -- Installing: /home/vasee22/igus-coffee-moveit/install/igus_rebel_msgs/lib/python3.12/site-packages/igus_rebel_msgs-0.0.0-py3.12.egg-info/SOURCES.txt
[0.372s] -- Installing: /home/vasee22/igus-coffee-moveit/install/igus_rebel_msgs/lib/python3.12/site-packages/igus_rebel_msgs-0.0.0-py3.12.egg-info/PKG-INFO
[0.372s] -- Up-to-date: /home/vasee22/igus-coffee-moveit/install/igus_rebel_msgs/lib/python3.12/site-packages/igus_rebel_msgs
[0.372s] -- Up-to-date: /home/vasee22/igus-coffee-moveit/install/igus_rebel_msgs/lib/python3.12/site-packages/igus_rebel_msgs/__init__.py
[0.372s] -- Up-to-date: /home/vasee22/igus-coffee-moveit/install/igus_rebel_msgs/lib/python3.12/site-packages/igus_rebel_msgs/_igus_rebel_msgs_s.ep.rosidl_typesupport_introspection_c.c
[0.372s] -- Up-to-date: /home/vasee22/igus-coffee-moveit/install/igus_rebel_msgs/lib/python3.12/site-packages/igus_rebel_msgs/msg
[0.372s] -- Up-to-date: /home/vasee22/igus-coffee-moveit/install/igus_rebel_msgs/lib/python3.12/site-packages/igus_rebel_msgs/msg/__init__.py
[0.372s] -- Up-to-date: /home/vasee22/igus-coffee-moveit/install/igus_rebel_msgs/lib/python3.12/site-packages/igus_rebel_msgs/msg/_digital_output_s.c
[0.372s] -- Up-to-date: /home/vasee22/igus-coffee-moveit/install/igus_rebel_msgs/lib/python3.12/site-packages/igus_rebel_msgs/msg/_digital_output.py
[0.372s] -- Up-to-date: /home/vasee22/igus-coffee-moveit/install/igus_rebel_msgs/lib/python3.12/site-packages/igus_rebel_msgs/igus_rebel_msgs_s__rosidl_typesupport_introspection_c.so
[0.372s] -- Up-to-date: /home/vasee22/igus-coffee-moveit/install/igus_rebel_msgs/lib/python3.12/site-packages/igus_rebel_msgs/srv
[0.372s] -- Up-to-date: /home/vasee22/igus-coffee-moveit/install/igus_rebel_msgs/lib/python3.12/site-packages/igus_rebel_msgs/srv/__init__.py
[0.372s] -- Up-to-date: /home/vasee22/igus-coffee-moveit/install/igus_rebel_msgs/lib/python3.12/site-packages/igus_rebel_msgs/srv/_set_digital_output_s.c
[0.372s] -- Up-to-date: /home/vasee22/igus-coffee-moveit/install/igus_rebel_msgs/lib/python3.12/site-packages/igus_rebel_msgs/srv/_set_digital_output.py
[0.372s] -- Up-to-date: /home/vasee22/igus-coffee-moveit/install/igus_rebel_msgs/lib/python3.12/site-packages/igus_rebel_msgs/igus_rebel_msgs_s__rosidl_typesupport_fastrtps_c.so
[0.372s] -- Up-to-date: /home/vasee22/igus-coffee-moveit/install/igus_rebel_msgs/lib/python3.12/site-packages/igus_rebel_msgs/_igus_rebel_msgs_s.ep.rosidl_typesupport_c.c
[0.372s] -- Up-to-date: /home/vasee22/igus-coffee-moveit/install/igus_rebel_msgs/lib/python3.12/site-packages/igus_rebel_msgs/_igus_rebel_msgs_s.ep.rosidl_typesupport_fastrtps_c.c
[0.372s] -- Up-to-date: /home/vasee22/igus-coffee-moveit/install/igus_rebel_msgs/lib/python3.12/site-packages/igus_rebel_msgs/igus_rebel_msgs_s__rosidl_typesupport_c.so
[0.398s] Listing '/home/vasee22/igus-coffee-moveit/install/igus_rebel_msgs/lib/python3.12/site-packages/igus_rebel_msgs'...
[0.398s] Listing '/home/vasee22/igus-coffee-moveit/install/igus_rebel_msgs/lib/python3.12/site-packages/igus_rebel_msgs/msg'...
[0.398s] Listing '/home/vasee22/igus-coffee-moveit/install/igus_rebel_msgs/lib/python3.12/site-packages/igus_rebel_msgs/srv'...
[0.402s] -- Up-to-date: /home/vasee22/igus-coffee-moveit/install/igus_rebel_msgs/lib/python3.12/site-packages/igus_rebel_msgs/igus_rebel_msgs_s__rosidl_typesupport_fastrtps_c.so
[0.403s] -- Up-to-date: /home/vasee22/igus-coffee-moveit/install/igus_rebel_msgs/lib/python3.12/site-packages/igus_rebel_msgs/igus_rebel_msgs_s__rosidl_typesupport_introspection_c.so
[0.404s] -- Up-to-date: /home/vasee22/igus-coffee-moveit/install/igus_rebel_msgs/lib/python3.12/site-packages/igus_rebel_msgs/igus_rebel_msgs_s__rosidl_typesupport_c.so
[0.406s] -- Up-to-date: /home/vasee22/igus-coffee-moveit/install/igus_rebel_msgs/lib/libigus_rebel_msgs__rosidl_generator_py.so
[0.407s] -- Up-to-date: /home/vasee22/igus-coffee-moveit/install/igus_rebel_msgs/share/ament_index/resource_index/rust_packages/igus_rebel_msgs
[0.407s] -- Up-to-date: /home/vasee22/igus-coffee-moveit/install/igus_rebel_msgs/share/igus_rebel_msgs/rust
[0.407s] -- Up-to-date: /home/vasee22/igus-coffee-moveit/install/igus_rebel_msgs/share/igus_rebel_msgs/rust/src
[0.407s] -- Up-to-date: /home/vasee22/igus-coffee-moveit/install/igus_rebel_msgs/share/igus_rebel_msgs/rust/src/lib.rs
[0.407s] -- Up-to-date: /home/vasee22/igus-coffee-moveit/install/igus_rebel_msgs/share/igus_rebel_msgs/rust/src/msg.rs
[0.407s] -- Up-to-date: /home/vasee22/igus-coffee-moveit/install/igus_rebel_msgs/share/igus_rebel_msgs/rust/src/srv.rs
[0.407s] -- Up-to-date: /home/vasee22/igus-coffee-moveit/install/igus_rebel_msgs/share/igus_rebel_msgs/rust/src/msg
[0.407s] -- Up-to-date: /home/vasee22/igus-coffee-moveit/install/igus_rebel_msgs/share/igus_rebel_msgs/rust/src/msg/rmw.rs
[0.407s] -- Up-to-date: /home/vasee22/igus-coffee-moveit/install/igus_rebel_msgs/share/igus_rebel_msgs/rust/src/srv
[0.407s] -- Up-to-date: /home/vasee22/igus-coffee-moveit/install/igus_rebel_msgs/share/igus_rebel_msgs/rust/src/srv/rmw.rs
[0.407s] -- Up-to-date: /home/vasee22/igus-coffee-moveit/install/igus_rebel_msgs/share/igus_rebel_msgs/rust/Cargo.toml
[0.407s] -- Up-to-date: /home/vasee22/igus-coffee-moveit/install/igus_rebel_msgs/share/igus_rebel_msgs/rust/build.rs
[0.407s] -- Up-to-date: /home/vasee22/igus-coffee-moveit/install/igus_rebel_msgs/share/igus_rebel_msgs/msg/DigitalOutput.idl
[0.407s] -- Up-to-date: /home/vasee22/igus-coffee-moveit/install/igus_rebel_msgs/share/igus_rebel_msgs/srv/SetDigitalOutput.idl
[0.407s] -- Up-to-date: /home/vasee22/igus-coffee-moveit/install/igus_rebel_msgs/share/igus_rebel_msgs/msg/DigitalOutput.msg
[0.407s] -- Up-to-date: /home/vasee22/igus-coffee-moveit/install/igus_rebel_msgs/share/igus_rebel_msgs/srv/SetDigitalOutput.srv
[0.407s] -- Up-to-date: /home/vasee22/igus-coffee-moveit/install/igus_rebel_msgs/share/ament_index/resource_index/package_run_dependencies/igus_rebel_msgs
[0.407s] -- Up-to-date: /home/vasee22/igus-coffee-moveit/install/igus_rebel_msgs/share/ament_index/resource_index/parent_prefix_path/igus_rebel_msgs
[0.407s] -- Up-to-date: /home/vasee22/igus-coffee-moveit/install/igus_rebel_msgs/share/igus_rebel_msgs/environment/ament_prefix_path.sh
[0.407s] -- Up-to-date: /home/vasee22/igus-coffee-moveit/install/igus_rebel_msgs/share/igus_rebel_msgs/environment/ament_prefix_path.dsv
[0.407s] -- Up-to-date: /home/vasee22/igus-coffee-moveit/install/igus_rebel_msgs/share/igus_rebel_msgs/environment/path.sh
[0.407s] -- Up-to-date: /home/vasee22/igus-coffee-moveit/install/igus_rebel_msgs/share/igus_rebel_msgs/environment/path.dsv
[0.407s] -- Up-to-date: /home/vasee22/igus-coffee-moveit/install/igus_rebel_msgs/share/igus_rebel_msgs/local_setup.bash
[0.407s] -- Up-to-date: /home/vasee22/igus-coffee-moveit/install/igus_rebel_msgs/share/igus_rebel_msgs/local_setup.sh
[0.407s] -- Up-to-date: /home/vasee22/igus-coffee-moveit/install/igus_rebel_msgs/share/igus_rebel_msgs/local_setup.zsh
[0.407s] -- Up-to-date: /home/vasee22/igus-coffee-moveit/install/igus_rebel_msgs/share/igus_rebel_msgs/local_setup.dsv
[0.407s] -- Installing: /home/vasee22/igus-coffee-moveit/install/igus_rebel_msgs/share/igus_rebel_msgs/package.dsv
[0.407s] -- Up-to-date: /home/vasee22/igus-coffee-moveit/install/igus_rebel_msgs/share/ament_index/resource_index/packages/igus_rebel_msgs
[0.408s] -- Up-to-date: /home/vasee22/igus-coffee-moveit/install/igus_rebel_msgs/share/igus_rebel_msgs/cmake/export_igus_rebel_msgs__rosidl_generator_cExport.cmake
[0.408s] -- Up-to-date: /home/vasee22/igus-coffee-moveit/install/igus_rebel_msgs/share/igus_rebel_msgs/cmake/export_igus_rebel_msgs__rosidl_generator_cExport-noconfig.cmake
[0.408s] -- Up-to-date: /home/vasee22/igus-coffee-moveit/install/igus_rebel_msgs/share/igus_rebel_msgs/cmake/export_igus_rebel_msgs__rosidl_typesupport_fastrtps_cExport.cmake
[0.408s] -- Up-to-date: /home/vasee22/igus-coffee-moveit/install/igus_rebel_msgs/share/igus_rebel_msgs/cmake/export_igus_rebel_msgs__rosidl_typesupport_fastrtps_cExport-noconfig.cmake
[0.408s] -- Up-to-date: /home/vasee22/igus-coffee-moveit/install/igus_rebel_msgs/share/igus_rebel_msgs/cmake/export_igus_rebel_msgs__rosidl_generator_cppExport.cmake
[0.408s] -- Up-to-date: /home/vasee22/igus-coffee-moveit/install/igus_rebel_msgs/share/igus_rebel_msgs/cmake/export_igus_rebel_msgs__rosidl_typesupport_fastrtps_cppExport.cmake
[0.409s] -- Up-to-date: /home/vasee22/igus-coffee-moveit/install/igus_rebel_msgs/share/igus_rebel_msgs/cmake/export_igus_rebel_msgs__rosidl_typesupport_fastrtps_cppExport-noconfig.cmake
[0.409s] -- Up-to-date: /home/vasee22/igus-coffee-moveit/install/igus_rebel_msgs/share/igus_rebel_msgs/cmake/igus_rebel_msgs__rosidl_typesupport_introspection_cExport.cmake
[0.409s] -- Up-to-date: /home/vasee22/igus-coffee-moveit/install/igus_rebel_msgs/share/igus_rebel_msgs/cmake/igus_rebel_msgs__rosidl_typesupport_introspection_cExport-noconfig.cmake
[0.409s] -- Up-to-date: /home/vasee22/igus-coffee-moveit/install/igus_rebel_msgs/share/igus_rebel_msgs/cmake/igus_rebel_msgs__rosidl_typesupport_cExport.cmake
[0.409s] -- Up-to-date: /home/vasee22/igus-coffee-moveit/install/igus_rebel_msgs/share/igus_rebel_msgs/cmake/igus_rebel_msgs__rosidl_typesupport_cExport-noconfig.cmake
[0.409s] -- Up-to-date: /home/vasee22/igus-coffee-moveit/install/igus_rebel_msgs/share/igus_rebel_msgs/cmake/igus_rebel_msgs__rosidl_typesupport_introspection_cppExport.cmake
[0.409s] -- Up-to-date: /home/vasee22/igus-coffee-moveit/install/igus_rebel_msgs/share/igus_rebel_msgs/cmake/igus_rebel_msgs__rosidl_typesupport_introspection_cppExport-noconfig.cmake
[0.409s] -- Up-to-date: /home/vasee22/igus-coffee-moveit/install/igus_rebel_msgs/share/igus_rebel_msgs/cmake/igus_rebel_msgs__rosidl_typesupport_cppExport.cmake
[0.409s] -- Up-to-date: /home/vasee22/igus-coffee-moveit/install/igus_rebel_msgs/share/igus_rebel_msgs/cmake/igus_rebel_msgs__rosidl_typesupport_cppExport-noconfig.cmake
[0.409s] -- Up-to-date: /home/vasee22/igus-coffee-moveit/install/igus_rebel_msgs/share/igus_rebel_msgs/cmake/export_igus_rebel_msgs__rosidl_generator_pyExport.cmake
[0.409s] -- Up-to-date: /home/vasee22/igus-coffee-moveit/install/igus_rebel_msgs/share/igus_rebel_msgs/cmake/export_igus_rebel_msgs__rosidl_generator_pyExport-noconfig.cmake
[0.409s] -- Up-to-date: /home/vasee22/igus-coffee-moveit/install/igus_rebel_msgs/share/igus_rebel_msgs/cmake/rosidl_cmake-extras.cmake
[0.409s] -- Up-to-date: /home/vasee22/igus-coffee-moveit/install/igus_rebel_msgs/share/igus_rebel_msgs/cmake/ament_cmake_export_dependencies-extras.cmake
[0.409s] -- Up-to-date: /home/vasee22/igus-coffee-moveit/install/igus_rebel_msgs/share/igus_rebel_msgs/cmake/ament_cmake_export_include_directories-extras.cmake
[0.409s] -- Up-to-date: /home/vasee22/igus-coffee-moveit/install/igus_rebel_msgs/share/igus_rebel_msgs/cmake/ament_cmake_export_libraries-extras.cmake
[0.409s] -- Up-to-date: /home/vasee22/igus-coffee-moveit/install/igus_rebel_msgs/share/igus_rebel_msgs/cmake/ament_cmake_export_targets-extras.cmake
[0.409s] -- Up-to-date: /home/vasee22/igus-coffee-moveit/install/igus_rebel_msgs/share/igus_rebel_msgs/cmake/rosidl_cmake_export_typesupport_targets-extras.cmake
[0.409s] -- Up-to-date: /home/vasee22/igus-coffee-moveit/install/igus_rebel_msgs/share/igus_rebel_msgs/cmake/rosidl_cmake_export_typesupport_libraries-extras.cmake
[0.409s] -- Up-to-date: /home/vasee22/igus-coffee-moveit/install/igus_rebel_msgs/share/igus_rebel_msgs/cmake/igus_rebel_msgsConfig.cmake
[0.409s] -- Up-to-date: /home/vasee22/igus-coffee-moveit/install/igus_rebel_msgs/share/igus_rebel_msgs/cmake/igus_rebel_msgsConfig-version.cmake
[0.409s] -- Up-to-date: /home/vasee22/igus-coffee-moveit/install/igus_rebel_msgs/share/igus_rebel_msgs/package.xml
[0.411s] Invoked command in '/home/vasee22/igus-coffee-moveit/build/igus_rebel_msgs' returned '0': CMAKE_PREFIX_PATH=${CMAKE_PREFIX_PATH}:/home/vasee22/COAR-ROS2-Workspace-mai/install/modbus_ros:/opt/ros/jazzy DEBUGINFOD_URLS=https://debuginfod.ubuntu.com /usr/bin/cmake --install /home/vasee22/igus-coffee-moveit/build/igus_rebel_msgs
