[0.222s] DEBUG:colcon:Command line arguments: ['/usr/bin/colcon', 'build']
[0.222s] DEBUG:colcon:Parsed command line arguments: Namespace(log_base=None, log_level=None, verb_name='build', build_base='build', install_base='install', merge_install=False, symlink_install=False, test_result_base=None, continue_on_error=False, executor='parallel', parallel_workers=24, event_handlers=None, ignore_user_meta=False, metas=['./colcon.meta'], base_paths=['.'], packages_ignore=None, packages_ignore_regex=None, paths=None, packages_up_to=None, packages_up_to_regex=None, packages_above=None, packages_above_and_dependencies=None, packages_above_depth=None, packages_select_by_dep=None, packages_skip_by_dep=None, packages_skip_up_to=None, packages_select_build_failed=False, packages_skip_build_finished=False, packages_select_test_failures=False, packages_skip_test_passed=False, packages_select=None, packages_skip=None, packages_select_regex=None, packages_skip_regex=None, packages_start=None, packages_end=None, allow_overriding=[], cmake_args=None, cmake_target=None, cmake_target_skip_unavailable=False, cmake_clean_cache=False, cmake_clean_first=False, cmake_force_configure=False, ament_cmake_args=None, catkin_cmake_args=None, catkin_skip_building_tests=False, mixin_files=None, mixin=None, verb_parser=<colcon_mixin.mixin.mixin_argument.MixinArgumentDecorator object at 0x74d345751070>, verb_extension=<colcon_core.verb.build.BuildVerb object at 0x74d345943d40>, main=<bound method BuildVerb.main of <colcon_core.verb.build.BuildVerb object at 0x74d345943d40>>, mixin_verb=('build',))
[0.273s] Level 1:colcon.colcon_core.package_discovery:discover_packages(colcon_meta) check parameters
[0.273s] Level 1:colcon.colcon_core.package_discovery:discover_packages(recursive) check parameters
[0.273s] Level 1:colcon.colcon_core.package_discovery:discover_packages(ignore) check parameters
[0.273s] Level 1:colcon.colcon_core.package_discovery:discover_packages(path) check parameters
[0.273s] Level 1:colcon.colcon_core.package_discovery:discover_packages(colcon_meta) discover
[0.273s] Level 1:colcon.colcon_core.package_discovery:discover_packages(recursive) discover
[0.273s] INFO:colcon.colcon_core.package_discovery:Crawling recursively for packages in '/home/vasee22/igus-coffee-moveit'
[0.274s] Level 1:colcon.colcon_core.package_identification:_identify(.) by extensions ['ignore', 'ignore_ament_install']
[0.274s] Level 1:colcon.colcon_core.package_identification:_identify(.) by extension 'ignore'
[0.274s] Level 1:colcon.colcon_core.package_identification:_identify(.) by extension 'ignore_ament_install'
[0.274s] Level 1:colcon.colcon_core.package_identification:_identify(.) by extensions ['colcon_pkg']
[0.274s] Level 1:colcon.colcon_core.package_identification:_identify(.) by extension 'colcon_pkg'
[0.274s] Level 1:colcon.colcon_core.package_identification:_identify(.) by extensions ['colcon_meta']
[0.274s] Level 1:colcon.colcon_core.package_identification:_identify(.) by extension 'colcon_meta'
[0.274s] Level 1:colcon.colcon_core.package_identification:_identify(.) by extensions ['ros']
[0.274s] Level 1:colcon.colcon_core.package_identification:_identify(.) by extension 'ros'
[0.309s] Level 1:colcon.colcon_core.package_identification:_identify(.) by extensions ['cmake', 'python']
[0.309s] Level 1:colcon.colcon_core.package_identification:_identify(.) by extension 'cmake'
[0.309s] Level 1:colcon.colcon_core.package_identification:_identify(.) by extension 'python'
[0.309s] Level 1:colcon.colcon_core.package_identification:_identify(.) by extensions ['python_setup_py']
[0.309s] Level 1:colcon.colcon_core.package_identification:_identify(.) by extension 'python_setup_py'
[0.309s] Level 1:colcon.colcon_core.package_identification:_identify(build) by extensions ['ignore', 'ignore_ament_install']
[0.309s] Level 1:colcon.colcon_core.package_identification:_identify(build) by extension 'ignore'
[0.309s] Level 1:colcon.colcon_core.package_identification:_identify(build) ignored
[0.309s] Level 1:colcon.colcon_core.package_identification:_identify(install) by extensions ['ignore', 'ignore_ament_install']
[0.310s] Level 1:colcon.colcon_core.package_identification:_identify(install) by extension 'ignore'
[0.310s] Level 1:colcon.colcon_core.package_identification:_identify(install) ignored
[0.310s] Level 1:colcon.colcon_core.package_identification:_identify(log) by extensions ['ignore', 'ignore_ament_install']
[0.310s] Level 1:colcon.colcon_core.package_identification:_identify(log) by extension 'ignore'
[0.310s] Level 1:colcon.colcon_core.package_identification:_identify(log) ignored
[0.310s] Level 1:colcon.colcon_core.package_identification:_identify(ros2_env) by extensions ['ignore', 'ignore_ament_install']
[0.310s] Level 1:colcon.colcon_core.package_identification:_identify(ros2_env) by extension 'ignore'
[0.310s] Level 1:colcon.colcon_core.package_identification:_identify(ros2_env) by extension 'ignore_ament_install'
[0.310s] Level 1:colcon.colcon_core.package_identification:_identify(ros2_env) by extensions ['colcon_pkg']
[0.310s] Level 1:colcon.colcon_core.package_identification:_identify(ros2_env) by extension 'colcon_pkg'
[0.310s] Level 1:colcon.colcon_core.package_identification:_identify(ros2_env) by extensions ['colcon_meta']
[0.310s] Level 1:colcon.colcon_core.package_identification:_identify(ros2_env) by extension 'colcon_meta'
[0.310s] Level 1:colcon.colcon_core.package_identification:_identify(ros2_env) by extensions ['ros']
[0.310s] Level 1:colcon.colcon_core.package_identification:_identify(ros2_env) by extension 'ros'
[0.311s] Level 1:colcon.colcon_core.package_identification:_identify(ros2_env) by extensions ['cmake', 'python']
[0.311s] Level 1:colcon.colcon_core.package_identification:_identify(ros2_env) by extension 'cmake'
[0.311s] Level 1:colcon.colcon_core.package_identification:_identify(ros2_env) by extension 'python'
[0.311s] Level 1:colcon.colcon_core.package_identification:_identify(ros2_env) by extensions ['python_setup_py']
[0.311s] Level 1:colcon.colcon_core.package_identification:_identify(ros2_env) by extension 'python_setup_py'
[0.311s] Level 1:colcon.colcon_core.package_identification:_identify(simattack1) by extensions ['ignore', 'ignore_ament_install']
[0.311s] Level 1:colcon.colcon_core.package_identification:_identify(simattack1) by extension 'ignore'
[0.311s] Level 1:colcon.colcon_core.package_identification:_identify(simattack1) by extension 'ignore_ament_install'
[0.311s] Level 1:colcon.colcon_core.package_identification:_identify(simattack1) by extensions ['colcon_pkg']
[0.311s] Level 1:colcon.colcon_core.package_identification:_identify(simattack1) by extension 'colcon_pkg'
[0.311s] Level 1:colcon.colcon_core.package_identification:_identify(simattack1) by extensions ['colcon_meta']
[0.311s] Level 1:colcon.colcon_core.package_identification:_identify(simattack1) by extension 'colcon_meta'
[0.311s] Level 1:colcon.colcon_core.package_identification:_identify(simattack1) by extensions ['ros']
[0.311s] Level 1:colcon.colcon_core.package_identification:_identify(simattack1) by extension 'ros'
[0.311s] Level 1:colcon.colcon_core.package_identification:_identify(simattack1) by extensions ['cmake', 'python']
[0.311s] Level 1:colcon.colcon_core.package_identification:_identify(simattack1) by extension 'cmake'
[0.311s] Level 1:colcon.colcon_core.package_identification:_identify(simattack1) by extension 'python'
[0.311s] Level 1:colcon.colcon_core.package_identification:_identify(simattack1) by extensions ['python_setup_py']
[0.311s] Level 1:colcon.colcon_core.package_identification:_identify(simattack1) by extension 'python_setup_py'
[0.312s] Level 1:colcon.colcon_core.package_identification:_identify(simattack2) by extensions ['ignore', 'ignore_ament_install']
[0.312s] Level 1:colcon.colcon_core.package_identification:_identify(simattack2) by extension 'ignore'
[0.312s] Level 1:colcon.colcon_core.package_identification:_identify(simattack2) by extension 'ignore_ament_install'
[0.312s] Level 1:colcon.colcon_core.package_identification:_identify(simattack2) by extensions ['colcon_pkg']
[0.312s] Level 1:colcon.colcon_core.package_identification:_identify(simattack2) by extension 'colcon_pkg'
[0.312s] Level 1:colcon.colcon_core.package_identification:_identify(simattack2) by extensions ['colcon_meta']
[0.312s] Level 1:colcon.colcon_core.package_identification:_identify(simattack2) by extension 'colcon_meta'
[0.312s] Level 1:colcon.colcon_core.package_identification:_identify(simattack2) by extensions ['ros']
[0.312s] Level 1:colcon.colcon_core.package_identification:_identify(simattack2) by extension 'ros'
[0.312s] Level 1:colcon.colcon_core.package_identification:_identify(simattack2) by extensions ['cmake', 'python']
[0.312s] Level 1:colcon.colcon_core.package_identification:_identify(simattack2) by extension 'cmake'
[0.312s] Level 1:colcon.colcon_core.package_identification:_identify(simattack2) by extension 'python'
[0.312s] Level 1:colcon.colcon_core.package_identification:_identify(simattack2) by extensions ['python_setup_py']
[0.312s] Level 1:colcon.colcon_core.package_identification:_identify(simattack2) by extension 'python_setup_py'
[0.312s] Level 1:colcon.colcon_core.package_identification:_identify(src) by extensions ['ignore', 'ignore_ament_install']
[0.312s] Level 1:colcon.colcon_core.package_identification:_identify(src) by extension 'ignore'
[0.312s] Level 1:colcon.colcon_core.package_identification:_identify(src) by extension 'ignore_ament_install'
[0.313s] Level 1:colcon.colcon_core.package_identification:_identify(src) by extensions ['colcon_pkg']
[0.313s] Level 1:colcon.colcon_core.package_identification:_identify(src) by extension 'colcon_pkg'
[0.313s] Level 1:colcon.colcon_core.package_identification:_identify(src) by extensions ['colcon_meta']
[0.313s] Level 1:colcon.colcon_core.package_identification:_identify(src) by extension 'colcon_meta'
[0.313s] Level 1:colcon.colcon_core.package_identification:_identify(src) by extensions ['ros']
[0.313s] Level 1:colcon.colcon_core.package_identification:_identify(src) by extension 'ros'
[0.313s] Level 1:colcon.colcon_core.package_identification:_identify(src) by extensions ['cmake', 'python']
[0.313s] Level 1:colcon.colcon_core.package_identification:_identify(src) by extension 'cmake'
[0.313s] Level 1:colcon.colcon_core.package_identification:_identify(src) by extension 'python'
[0.313s] Level 1:colcon.colcon_core.package_identification:_identify(src) by extensions ['python_setup_py']
[0.313s] Level 1:colcon.colcon_core.package_identification:_identify(src) by extension 'python_setup_py'
[0.313s] Level 1:colcon.colcon_core.package_identification:_identify(src/igus_rebel_ros2) by extensions ['ignore', 'ignore_ament_install']
[0.313s] Level 1:colcon.colcon_core.package_identification:_identify(src/igus_rebel_ros2) by extension 'ignore'
[0.313s] Level 1:colcon.colcon_core.package_identification:_identify(src/igus_rebel_ros2) by extension 'ignore_ament_install'
[0.313s] Level 1:colcon.colcon_core.package_identification:_identify(src/igus_rebel_ros2) by extensions ['colcon_pkg']
[0.313s] Level 1:colcon.colcon_core.package_identification:_identify(src/igus_rebel_ros2) by extension 'colcon_pkg'
[0.313s] Level 1:colcon.colcon_core.package_identification:_identify(src/igus_rebel_ros2) by extensions ['colcon_meta']
[0.313s] Level 1:colcon.colcon_core.package_identification:_identify(src/igus_rebel_ros2) by extension 'colcon_meta'
[0.313s] Level 1:colcon.colcon_core.package_identification:_identify(src/igus_rebel_ros2) by extensions ['ros']
[0.313s] Level 1:colcon.colcon_core.package_identification:_identify(src/igus_rebel_ros2) by extension 'ros'
[0.314s] Level 1:colcon.colcon_core.package_identification:_identify(src/igus_rebel_ros2) by extensions ['cmake', 'python']
[0.314s] Level 1:colcon.colcon_core.package_identification:_identify(src/igus_rebel_ros2) by extension 'cmake'
[0.314s] Level 1:colcon.colcon_core.package_identification:_identify(src/igus_rebel_ros2) by extension 'python'
[0.314s] Level 1:colcon.colcon_core.package_identification:_identify(src/igus_rebel_ros2) by extensions ['python_setup_py']
[0.314s] Level 1:colcon.colcon_core.package_identification:_identify(src/igus_rebel_ros2) by extension 'python_setup_py'
[0.314s] Level 1:colcon.colcon_core.package_identification:_identify(src/igus_rebel_ros2/igus_rebel) by extensions ['ignore', 'ignore_ament_install']
[0.314s] Level 1:colcon.colcon_core.package_identification:_identify(src/igus_rebel_ros2/igus_rebel) by extension 'ignore'
[0.314s] Level 1:colcon.colcon_core.package_identification:_identify(src/igus_rebel_ros2/igus_rebel) by extension 'ignore_ament_install'
[0.314s] Level 1:colcon.colcon_core.package_identification:_identify(src/igus_rebel_ros2/igus_rebel) by extensions ['colcon_pkg']
[0.314s] Level 1:colcon.colcon_core.package_identification:_identify(src/igus_rebel_ros2/igus_rebel) by extension 'colcon_pkg'
[0.314s] Level 1:colcon.colcon_core.package_identification:_identify(src/igus_rebel_ros2/igus_rebel) by extensions ['colcon_meta']
[0.314s] Level 1:colcon.colcon_core.package_identification:_identify(src/igus_rebel_ros2/igus_rebel) by extension 'colcon_meta'
[0.314s] Level 1:colcon.colcon_core.package_identification:_identify(src/igus_rebel_ros2/igus_rebel) by extensions ['ros']
[0.314s] Level 1:colcon.colcon_core.package_identification:_identify(src/igus_rebel_ros2/igus_rebel) by extension 'ros'
[0.319s] DEBUG:colcon.colcon_core.package_identification:Package 'src/igus_rebel_ros2/igus_rebel' with type 'ros.ament_cmake' and name 'igus_rebel'
[0.320s] Level 1:colcon.colcon_core.package_identification:_identify(src/igus_rebel_ros2/igus_rebel_description) by extensions ['ignore', 'ignore_ament_install']
[0.320s] Level 1:colcon.colcon_core.package_identification:_identify(src/igus_rebel_ros2/igus_rebel_description) by extension 'ignore'
[0.320s] Level 1:colcon.colcon_core.package_identification:_identify(src/igus_rebel_ros2/igus_rebel_description) by extension 'ignore_ament_install'
[0.320s] Level 1:colcon.colcon_core.package_identification:_identify(src/igus_rebel_ros2/igus_rebel_description) by extensions ['colcon_pkg']
[0.320s] Level 1:colcon.colcon_core.package_identification:_identify(src/igus_rebel_ros2/igus_rebel_description) by extension 'colcon_pkg'
[0.320s] Level 1:colcon.colcon_core.package_identification:_identify(src/igus_rebel_ros2/igus_rebel_description) by extensions ['colcon_meta']
[0.320s] Level 1:colcon.colcon_core.package_identification:_identify(src/igus_rebel_ros2/igus_rebel_description) by extension 'colcon_meta'
[0.320s] Level 1:colcon.colcon_core.package_identification:_identify(src/igus_rebel_ros2/igus_rebel_description) by extensions ['ros']
[0.320s] Level 1:colcon.colcon_core.package_identification:_identify(src/igus_rebel_ros2/igus_rebel_description) by extension 'ros'
[0.321s] DEBUG:colcon.colcon_core.package_identification:Package 'src/igus_rebel_ros2/igus_rebel_description' with type 'ros.ament_cmake' and name 'igus_rebel_description'
[0.321s] Level 1:colcon.colcon_core.package_identification:_identify(src/igus_rebel_ros2/igus_rebel_moveit_config) by extensions ['ignore', 'ignore_ament_install']
[0.321s] Level 1:colcon.colcon_core.package_identification:_identify(src/igus_rebel_ros2/igus_rebel_moveit_config) by extension 'ignore'
[0.321s] Level 1:colcon.colcon_core.package_identification:_identify(src/igus_rebel_ros2/igus_rebel_moveit_config) by extension 'ignore_ament_install'
[0.321s] Level 1:colcon.colcon_core.package_identification:_identify(src/igus_rebel_ros2/igus_rebel_moveit_config) by extensions ['colcon_pkg']
[0.321s] Level 1:colcon.colcon_core.package_identification:_identify(src/igus_rebel_ros2/igus_rebel_moveit_config) by extension 'colcon_pkg'
[0.321s] Level 1:colcon.colcon_core.package_identification:_identify(src/igus_rebel_ros2/igus_rebel_moveit_config) by extensions ['colcon_meta']
[0.321s] Level 1:colcon.colcon_core.package_identification:_identify(src/igus_rebel_ros2/igus_rebel_moveit_config) by extension 'colcon_meta'
[0.321s] Level 1:colcon.colcon_core.package_identification:_identify(src/igus_rebel_ros2/igus_rebel_moveit_config) by extensions ['ros']
[0.322s] Level 1:colcon.colcon_core.package_identification:_identify(src/igus_rebel_ros2/igus_rebel_moveit_config) by extension 'ros'
[0.322s] DEBUG:colcon.colcon_core.package_identification:Package 'src/igus_rebel_ros2/igus_rebel_moveit_config' with type 'ros.ament_cmake' and name 'igus_rebel_moveit_config'
[0.323s] Level 1:colcon.colcon_core.package_identification:_identify(src/igus_rebel_ros2/igus_rebel_msgs) by extensions ['ignore', 'ignore_ament_install']
[0.323s] Level 1:colcon.colcon_core.package_identification:_identify(src/igus_rebel_ros2/igus_rebel_msgs) by extension 'ignore'
[0.323s] Level 1:colcon.colcon_core.package_identification:_identify(src/igus_rebel_ros2/igus_rebel_msgs) by extension 'ignore_ament_install'
[0.323s] Level 1:colcon.colcon_core.package_identification:_identify(src/igus_rebel_ros2/igus_rebel_msgs) by extensions ['colcon_pkg']
[0.323s] Level 1:colcon.colcon_core.package_identification:_identify(src/igus_rebel_ros2/igus_rebel_msgs) by extension 'colcon_pkg'
[0.323s] Level 1:colcon.colcon_core.package_identification:_identify(src/igus_rebel_ros2/igus_rebel_msgs) by extensions ['colcon_meta']
[0.323s] Level 1:colcon.colcon_core.package_identification:_identify(src/igus_rebel_ros2/igus_rebel_msgs) by extension 'colcon_meta'
[0.323s] Level 1:colcon.colcon_core.package_identification:_identify(src/igus_rebel_ros2/igus_rebel_msgs) by extensions ['ros']
[0.323s] Level 1:colcon.colcon_core.package_identification:_identify(src/igus_rebel_ros2/igus_rebel_msgs) by extension 'ros'
[0.324s] DEBUG:colcon.colcon_core.package_identification:Package 'src/igus_rebel_ros2/igus_rebel_msgs' with type 'ros.ament_cmake' and name 'igus_rebel_msgs'
[0.324s] Level 1:colcon.colcon_core.package_identification:_identify(src/modbus_ros) by extensions ['ignore', 'ignore_ament_install']
[0.324s] Level 1:colcon.colcon_core.package_identification:_identify(src/modbus_ros) by extension 'ignore'
[0.324s] Level 1:colcon.colcon_core.package_identification:_identify(src/modbus_ros) by extension 'ignore_ament_install'
[0.324s] Level 1:colcon.colcon_core.package_identification:_identify(src/modbus_ros) by extensions ['colcon_pkg']
[0.324s] Level 1:colcon.colcon_core.package_identification:_identify(src/modbus_ros) by extension 'colcon_pkg'
[0.324s] Level 1:colcon.colcon_core.package_identification:_identify(src/modbus_ros) by extensions ['colcon_meta']
[0.324s] Level 1:colcon.colcon_core.package_identification:_identify(src/modbus_ros) by extension 'colcon_meta'
[0.324s] Level 1:colcon.colcon_core.package_identification:_identify(src/modbus_ros) by extensions ['ros']
[0.324s] Level 1:colcon.colcon_core.package_identification:_identify(src/modbus_ros) by extension 'ros'
[0.325s] DEBUG:colcon.colcon_core.package_identification:Package 'src/modbus_ros' with type 'ros.ament_python' and name 'modbus_ros'
[0.325s] Level 1:colcon.colcon_core.package_discovery:discover_packages(recursive) using defaults
[0.325s] Level 1:colcon.colcon_core.package_discovery:discover_packages(ignore) discover
[0.325s] Level 1:colcon.colcon_core.package_discovery:discover_packages(ignore) using defaults
[0.325s] Level 1:colcon.colcon_core.package_discovery:discover_packages(path) discover
[0.325s] Level 1:colcon.colcon_core.package_discovery:discover_packages(path) using defaults
[0.351s] Level 1:colcon.colcon_core.package_discovery:discover_packages(prefix_path) check parameters
[0.351s] Level 1:colcon.colcon_core.package_discovery:discover_packages(prefix_path) discover
[0.356s] DEBUG:colcon.colcon_installed_package_information.package_discovery:Found 5 installed packages in /home/vasee22/igus-coffee-moveit/install
[0.357s] DEBUG:colcon.colcon_installed_package_information.package_discovery:Found 11 installed packages in /home/vasee22/COAR-ROS2-Workspace-mai/install
[0.360s] DEBUG:colcon.colcon_installed_package_information.package_discovery:Found 553 installed packages in /opt/ros/jazzy
[0.362s] Level 1:colcon.colcon_core.package_discovery:discover_packages(prefix_path) using defaults
[0.486s] Level 5:colcon.colcon_core.verb:set package 'igus_rebel_description' build argument 'cmake_args' from command line to 'None'
[0.486s] Level 5:colcon.colcon_core.verb:set package 'igus_rebel_description' build argument 'cmake_target' from command line to 'None'
[0.486s] Level 5:colcon.colcon_core.verb:set package 'igus_rebel_description' build argument 'cmake_target_skip_unavailable' from command line to 'False'
[0.486s] Level 5:colcon.colcon_core.verb:set package 'igus_rebel_description' build argument 'cmake_clean_cache' from command line to 'False'
[0.486s] Level 5:colcon.colcon_core.verb:set package 'igus_rebel_description' build argument 'cmake_clean_first' from command line to 'False'
[0.486s] Level 5:colcon.colcon_core.verb:set package 'igus_rebel_description' build argument 'cmake_force_configure' from command line to 'False'
[0.486s] Level 5:colcon.colcon_core.verb:set package 'igus_rebel_description' build argument 'ament_cmake_args' from command line to 'None'
[0.486s] Level 5:colcon.colcon_core.verb:set package 'igus_rebel_description' build argument 'catkin_cmake_args' from command line to 'None'
[0.486s] Level 5:colcon.colcon_core.verb:set package 'igus_rebel_description' build argument 'catkin_skip_building_tests' from command line to 'False'
[0.486s] DEBUG:colcon.colcon_core.verb:Building package 'igus_rebel_description' with the following arguments: {'ament_cmake_args': None, 'build_base': '/home/vasee22/igus-coffee-moveit/build/igus_rebel_description', 'catkin_cmake_args': None, 'catkin_skip_building_tests': False, 'cmake_args': None, 'cmake_clean_cache': False, 'cmake_clean_first': False, 'cmake_force_configure': False, 'cmake_target': None, 'cmake_target_skip_unavailable': False, 'install_base': '/home/vasee22/igus-coffee-moveit/install/igus_rebel_description', 'merge_install': False, 'path': '/home/vasee22/igus-coffee-moveit/src/igus_rebel_ros2/igus_rebel_description', 'symlink_install': False, 'test_result_base': None}
[0.486s] Level 5:colcon.colcon_core.verb:set package 'igus_rebel_msgs' build argument 'cmake_args' from command line to 'None'
[0.486s] Level 5:colcon.colcon_core.verb:set package 'igus_rebel_msgs' build argument 'cmake_target' from command line to 'None'
[0.486s] Level 5:colcon.colcon_core.verb:set package 'igus_rebel_msgs' build argument 'cmake_target_skip_unavailable' from command line to 'False'
[0.487s] Level 5:colcon.colcon_core.verb:set package 'igus_rebel_msgs' build argument 'cmake_clean_cache' from command line to 'False'
[0.487s] Level 5:colcon.colcon_core.verb:set package 'igus_rebel_msgs' build argument 'cmake_clean_first' from command line to 'False'
[0.487s] Level 5:colcon.colcon_core.verb:set package 'igus_rebel_msgs' build argument 'cmake_force_configure' from command line to 'False'
[0.487s] Level 5:colcon.colcon_core.verb:set package 'igus_rebel_msgs' build argument 'ament_cmake_args' from command line to 'None'
[0.487s] Level 5:colcon.colcon_core.verb:set package 'igus_rebel_msgs' build argument 'catkin_cmake_args' from command line to 'None'
[0.487s] Level 5:colcon.colcon_core.verb:set package 'igus_rebel_msgs' build argument 'catkin_skip_building_tests' from command line to 'False'
[0.487s] DEBUG:colcon.colcon_core.verb:Building package 'igus_rebel_msgs' with the following arguments: {'ament_cmake_args': None, 'build_base': '/home/vasee22/igus-coffee-moveit/build/igus_rebel_msgs', 'catkin_cmake_args': None, 'catkin_skip_building_tests': False, 'cmake_args': None, 'cmake_clean_cache': False, 'cmake_clean_first': False, 'cmake_force_configure': False, 'cmake_target': None, 'cmake_target_skip_unavailable': False, 'install_base': '/home/vasee22/igus-coffee-moveit/install/igus_rebel_msgs', 'merge_install': False, 'path': '/home/vasee22/igus-coffee-moveit/src/igus_rebel_ros2/igus_rebel_msgs', 'symlink_install': False, 'test_result_base': None}
[0.487s] Level 5:colcon.colcon_core.verb:set package 'modbus_ros' build argument 'cmake_args' from command line to 'None'
[0.487s] Level 5:colcon.colcon_core.verb:set package 'modbus_ros' build argument 'cmake_target' from command line to 'None'
[0.487s] Level 5:colcon.colcon_core.verb:set package 'modbus_ros' build argument 'cmake_target_skip_unavailable' from command line to 'False'
[0.487s] Level 5:colcon.colcon_core.verb:set package 'modbus_ros' build argument 'cmake_clean_cache' from command line to 'False'
[0.487s] Level 5:colcon.colcon_core.verb:set package 'modbus_ros' build argument 'cmake_clean_first' from command line to 'False'
[0.487s] Level 5:colcon.colcon_core.verb:set package 'modbus_ros' build argument 'cmake_force_configure' from command line to 'False'
[0.487s] Level 5:colcon.colcon_core.verb:set package 'modbus_ros' build argument 'ament_cmake_args' from command line to 'None'
[0.487s] Level 5:colcon.colcon_core.verb:set package 'modbus_ros' build argument 'catkin_cmake_args' from command line to 'None'
[0.487s] Level 5:colcon.colcon_core.verb:set package 'modbus_ros' build argument 'catkin_skip_building_tests' from command line to 'False'
[0.487s] DEBUG:colcon.colcon_core.verb:Building package 'modbus_ros' with the following arguments: {'ament_cmake_args': None, 'build_base': '/home/vasee22/igus-coffee-moveit/build/modbus_ros', 'catkin_cmake_args': None, 'catkin_skip_building_tests': False, 'cmake_args': None, 'cmake_clean_cache': False, 'cmake_clean_first': False, 'cmake_force_configure': False, 'cmake_target': None, 'cmake_target_skip_unavailable': False, 'install_base': '/home/vasee22/igus-coffee-moveit/install/modbus_ros', 'merge_install': False, 'path': '/home/vasee22/igus-coffee-moveit/src/modbus_ros', 'symlink_install': False, 'test_result_base': None}
[0.488s] Level 5:colcon.colcon_core.verb:set package 'igus_rebel' build argument 'cmake_args' from command line to 'None'
[0.488s] Level 5:colcon.colcon_core.verb:set package 'igus_rebel' build argument 'cmake_target' from command line to 'None'
[0.488s] Level 5:colcon.colcon_core.verb:set package 'igus_rebel' build argument 'cmake_target_skip_unavailable' from command line to 'False'
[0.488s] Level 5:colcon.colcon_core.verb:set package 'igus_rebel' build argument 'cmake_clean_cache' from command line to 'False'
[0.488s] Level 5:colcon.colcon_core.verb:set package 'igus_rebel' build argument 'cmake_clean_first' from command line to 'False'
[0.488s] Level 5:colcon.colcon_core.verb:set package 'igus_rebel' build argument 'cmake_force_configure' from command line to 'False'
[0.488s] Level 5:colcon.colcon_core.verb:set package 'igus_rebel' build argument 'ament_cmake_args' from command line to 'None'
[0.488s] Level 5:colcon.colcon_core.verb:set package 'igus_rebel' build argument 'catkin_cmake_args' from command line to 'None'
[0.488s] Level 5:colcon.colcon_core.verb:set package 'igus_rebel' build argument 'catkin_skip_building_tests' from command line to 'False'
[0.488s] DEBUG:colcon.colcon_core.verb:Building package 'igus_rebel' with the following arguments: {'ament_cmake_args': None, 'build_base': '/home/vasee22/igus-coffee-moveit/build/igus_rebel', 'catkin_cmake_args': None, 'catkin_skip_building_tests': False, 'cmake_args': None, 'cmake_clean_cache': False, 'cmake_clean_first': False, 'cmake_force_configure': False, 'cmake_target': None, 'cmake_target_skip_unavailable': False, 'install_base': '/home/vasee22/igus-coffee-moveit/install/igus_rebel', 'merge_install': False, 'path': '/home/vasee22/igus-coffee-moveit/src/igus_rebel_ros2/igus_rebel', 'symlink_install': False, 'test_result_base': None}
[0.488s] Level 5:colcon.colcon_core.verb:set package 'igus_rebel_moveit_config' build argument 'cmake_args' from command line to 'None'
[0.488s] Level 5:colcon.colcon_core.verb:set package 'igus_rebel_moveit_config' build argument 'cmake_target' from command line to 'None'
[0.488s] Level 5:colcon.colcon_core.verb:set package 'igus_rebel_moveit_config' build argument 'cmake_target_skip_unavailable' from command line to 'False'
[0.488s] Level 5:colcon.colcon_core.verb:set package 'igus_rebel_moveit_config' build argument 'cmake_clean_cache' from command line to 'False'
[0.488s] Level 5:colcon.colcon_core.verb:set package 'igus_rebel_moveit_config' build argument 'cmake_clean_first' from command line to 'False'
[0.488s] Level 5:colcon.colcon_core.verb:set package 'igus_rebel_moveit_config' build argument 'cmake_force_configure' from command line to 'False'
[0.488s] Level 5:colcon.colcon_core.verb:set package 'igus_rebel_moveit_config' build argument 'ament_cmake_args' from command line to 'None'
[0.488s] Level 5:colcon.colcon_core.verb:set package 'igus_rebel_moveit_config' build argument 'catkin_cmake_args' from command line to 'None'
[0.488s] Level 5:colcon.colcon_core.verb:set package 'igus_rebel_moveit_config' build argument 'catkin_skip_building_tests' from command line to 'False'
[0.488s] DEBUG:colcon.colcon_core.verb:Building package 'igus_rebel_moveit_config' with the following arguments: {'ament_cmake_args': None, 'build_base': '/home/vasee22/igus-coffee-moveit/build/igus_rebel_moveit_config', 'catkin_cmake_args': None, 'catkin_skip_building_tests': False, 'cmake_args': None, 'cmake_clean_cache': False, 'cmake_clean_first': False, 'cmake_force_configure': False, 'cmake_target': None, 'cmake_target_skip_unavailable': False, 'install_base': '/home/vasee22/igus-coffee-moveit/install/igus_rebel_moveit_config', 'merge_install': False, 'path': '/home/vasee22/igus-coffee-moveit/src/igus_rebel_ros2/igus_rebel_moveit_config', 'symlink_install': False, 'test_result_base': None}
[0.489s] INFO:colcon.colcon_core.executor:Executing jobs using 'parallel' executor
[0.490s] DEBUG:colcon.colcon_parallel_executor.executor.parallel:run_until_complete
[0.490s] INFO:colcon.colcon_ros.task.ament_cmake.build:Building ROS package in '/home/vasee22/igus-coffee-moveit/src/igus_rebel_ros2/igus_rebel_description' with build type 'ament_cmake'
[0.490s] INFO:colcon.colcon_cmake.task.cmake.build:Building CMake package in '/home/vasee22/igus-coffee-moveit/src/igus_rebel_ros2/igus_rebel_description'
[0.493s] INFO:colcon.colcon_core.plugin_system:Skipping extension 'colcon_core.shell.bat': Not used on non-Windows systems
[0.493s] INFO:colcon.colcon_core.shell:Skip shell extension 'powershell' for command environment: Not usable outside of PowerShell
[0.493s] DEBUG:colcon.colcon_core.shell:Skip shell extension 'dsv' for command environment
[0.501s] INFO:colcon.colcon_ros.task.ament_cmake.build:Building ROS package in '/home/vasee22/igus-coffee-moveit/src/igus_rebel_ros2/igus_rebel_msgs' with build type 'ament_cmake'
[0.501s] INFO:colcon.colcon_cmake.task.cmake.build:Building CMake package in '/home/vasee22/igus-coffee-moveit/src/igus_rebel_ros2/igus_rebel_msgs'
[0.501s] INFO:colcon.colcon_core.shell:Skip shell extension 'powershell' for command environment: Not usable outside of PowerShell
[0.501s] DEBUG:colcon.colcon_core.shell:Skip shell extension 'dsv' for command environment
[0.507s] INFO:colcon.colcon_ros.task.ament_python.build:Building ROS package in '/home/vasee22/igus-coffee-moveit/src/modbus_ros' with build type 'ament_python'
[0.508s] Level 1:colcon.colcon_core.shell:create_environment_hook('modbus_ros', 'ament_prefix_path')
[0.508s] INFO:colcon.colcon_core.shell:Creating environment hook '/home/vasee22/igus-coffee-moveit/install/modbus_ros/share/modbus_ros/hook/ament_prefix_path.ps1'
[0.509s] INFO:colcon.colcon_core.shell:Creating environment descriptor '/home/vasee22/igus-coffee-moveit/install/modbus_ros/share/modbus_ros/hook/ament_prefix_path.dsv'
[0.509s] INFO:colcon.colcon_core.shell:Creating environment hook '/home/vasee22/igus-coffee-moveit/install/modbus_ros/share/modbus_ros/hook/ament_prefix_path.sh'
[0.510s] INFO:colcon.colcon_core.shell:Skip shell extension 'powershell' for command environment: Not usable outside of PowerShell
[0.510s] DEBUG:colcon.colcon_core.shell:Skip shell extension 'dsv' for command environment
[0.522s] DEBUG:colcon.colcon_core.event_handler.log_command:Invoking command in '/home/vasee22/igus-coffee-moveit/build/igus_rebel_description': CMAKE_PREFIX_PATH=${CMAKE_PREFIX_PATH}:/home/vasee22/igus-coffee-moveit/install/modbus_ros:/home/vasee22/COAR-ROS2-Workspace-mai/install/modbus_ros:/opt/ros/jazzy DEBUGINFOD_URLS=https://debuginfod.ubuntu.com /usr/bin/cmake --build /home/vasee22/igus-coffee-moveit/build/igus_rebel_description -- -j24 -l24
[0.524s] DEBUG:colcon.colcon_core.event_handler.log_command:Invoking command in '/home/vasee22/igus-coffee-moveit/build/igus_rebel_msgs': CMAKE_PREFIX_PATH=${CMAKE_PREFIX_PATH}:/home/vasee22/igus-coffee-moveit/install/modbus_ros:/home/vasee22/COAR-ROS2-Workspace-mai/install/modbus_ros:/opt/ros/jazzy DEBUGINFOD_URLS=https://debuginfod.ubuntu.com /usr/bin/cmake --build /home/vasee22/igus-coffee-moveit/build/igus_rebel_msgs -- -j24 -l24
[0.775s] INFO:colcon.colcon_core.task.python.build:Building Python package in '/home/vasee22/igus-coffee-moveit/src/modbus_ros'
[0.775s] INFO:colcon.colcon_core.shell:Skip shell extension 'powershell' for command environment: Not usable outside of PowerShell
[0.775s] DEBUG:colcon.colcon_core.shell:Skip shell extension 'dsv' for command environment
[0.781s] DEBUG:colcon.colcon_core.event_handler.log_command:Invoked command in '/home/vasee22/igus-coffee-moveit/build/igus_rebel_description' returned '0': CMAKE_PREFIX_PATH=${CMAKE_PREFIX_PATH}:/home/vasee22/igus-coffee-moveit/install/modbus_ros:/home/vasee22/COAR-ROS2-Workspace-mai/install/modbus_ros:/opt/ros/jazzy DEBUGINFOD_URLS=https://debuginfod.ubuntu.com /usr/bin/cmake --build /home/vasee22/igus-coffee-moveit/build/igus_rebel_description -- -j24 -l24
[0.797s] DEBUG:colcon.colcon_core.event_handler.log_command:Invoking command in '/home/vasee22/igus-coffee-moveit/build/igus_rebel_description': CMAKE_PREFIX_PATH=${CMAKE_PREFIX_PATH}:/home/vasee22/igus-coffee-moveit/install/modbus_ros:/home/vasee22/COAR-ROS2-Workspace-mai/install/modbus_ros:/opt/ros/jazzy DEBUGINFOD_URLS=https://debuginfod.ubuntu.com /usr/bin/cmake --install /home/vasee22/igus-coffee-moveit/build/igus_rebel_description
[0.818s] Level 1:colcon.colcon_core.environment:create_environment_scripts_only(igus_rebel_description)
[0.819s] DEBUG:colcon.colcon_core.event_handler.log_command:Invoked command in '/home/vasee22/igus-coffee-moveit/build/igus_rebel_description' returned '0': CMAKE_PREFIX_PATH=${CMAKE_PREFIX_PATH}:/home/vasee22/igus-coffee-moveit/install/modbus_ros:/home/vasee22/COAR-ROS2-Workspace-mai/install/modbus_ros:/opt/ros/jazzy DEBUGINFOD_URLS=https://debuginfod.ubuntu.com /usr/bin/cmake --install /home/vasee22/igus-coffee-moveit/build/igus_rebel_description
[0.821s] Level 1:colcon.colcon_core.environment:checking '/home/vasee22/igus-coffee-moveit/install/igus_rebel_description' for CMake module files
[0.821s] Level 1:colcon.colcon_core.environment:checking '/home/vasee22/igus-coffee-moveit/install/igus_rebel_description' for CMake config files
[0.822s] Level 1:colcon.colcon_core.shell:create_environment_hook('igus_rebel_description', 'cmake_prefix_path')
[0.822s] INFO:colcon.colcon_core.shell:Creating environment hook '/home/vasee22/igus-coffee-moveit/install/igus_rebel_description/share/igus_rebel_description/hook/cmake_prefix_path.ps1'
[0.822s] INFO:colcon.colcon_core.shell:Creating environment descriptor '/home/vasee22/igus-coffee-moveit/install/igus_rebel_description/share/igus_rebel_description/hook/cmake_prefix_path.dsv'
[0.822s] INFO:colcon.colcon_core.shell:Creating environment hook '/home/vasee22/igus-coffee-moveit/install/igus_rebel_description/share/igus_rebel_description/hook/cmake_prefix_path.sh'
[0.823s] Level 1:colcon.colcon_core.environment:checking '/home/vasee22/igus-coffee-moveit/install/igus_rebel_description/bin'
[0.823s] Level 1:colcon.colcon_core.environment:checking '/home/vasee22/igus-coffee-moveit/install/igus_rebel_description/lib/pkgconfig/igus_rebel_description.pc'
[0.823s] Level 1:colcon.colcon_core.environment:checking '/home/vasee22/igus-coffee-moveit/install/igus_rebel_description/lib/python3.12/site-packages'
[0.824s] Level 1:colcon.colcon_core.environment:checking '/home/vasee22/igus-coffee-moveit/install/igus_rebel_description/bin'
[0.824s] INFO:colcon.colcon_core.shell:Creating package script '/home/vasee22/igus-coffee-moveit/install/igus_rebel_description/share/igus_rebel_description/package.ps1'
[0.825s] INFO:colcon.colcon_core.shell:Creating package descriptor '/home/vasee22/igus-coffee-moveit/install/igus_rebel_description/share/igus_rebel_description/package.dsv'
[0.825s] INFO:colcon.colcon_core.shell:Creating package script '/home/vasee22/igus-coffee-moveit/install/igus_rebel_description/share/igus_rebel_description/package.sh'
[0.825s] INFO:colcon.colcon_core.shell:Creating package script '/home/vasee22/igus-coffee-moveit/install/igus_rebel_description/share/igus_rebel_description/package.bash'
[0.826s] INFO:colcon.colcon_core.shell:Creating package script '/home/vasee22/igus-coffee-moveit/install/igus_rebel_description/share/igus_rebel_description/package.zsh'
[0.826s] Level 1:colcon.colcon_core.environment:create_file_with_runtime_dependencies(/home/vasee22/igus-coffee-moveit/install/igus_rebel_description/share/colcon-core/packages/igus_rebel_description)
[0.827s] Level 1:colcon.colcon_core.environment:create_environment_scripts_only(igus_rebel_description)
[0.827s] Level 1:colcon.colcon_core.environment:checking '/home/vasee22/igus-coffee-moveit/install/igus_rebel_description' for CMake module files
[0.827s] Level 1:colcon.colcon_core.environment:checking '/home/vasee22/igus-coffee-moveit/install/igus_rebel_description' for CMake config files
[0.827s] Level 1:colcon.colcon_core.shell:create_environment_hook('igus_rebel_description', 'cmake_prefix_path')
[0.827s] INFO:colcon.colcon_core.shell:Creating environment hook '/home/vasee22/igus-coffee-moveit/install/igus_rebel_description/share/igus_rebel_description/hook/cmake_prefix_path.ps1'
[0.828s] INFO:colcon.colcon_core.shell:Creating environment descriptor '/home/vasee22/igus-coffee-moveit/install/igus_rebel_description/share/igus_rebel_description/hook/cmake_prefix_path.dsv'
[0.828s] INFO:colcon.colcon_core.shell:Creating environment hook '/home/vasee22/igus-coffee-moveit/install/igus_rebel_description/share/igus_rebel_description/hook/cmake_prefix_path.sh'
[0.828s] Level 1:colcon.colcon_core.environment:checking '/home/vasee22/igus-coffee-moveit/install/igus_rebel_description/bin'
[0.828s] Level 1:colcon.colcon_core.environment:checking '/home/vasee22/igus-coffee-moveit/install/igus_rebel_description/lib/pkgconfig/igus_rebel_description.pc'
[0.829s] Level 1:colcon.colcon_core.environment:checking '/home/vasee22/igus-coffee-moveit/install/igus_rebel_description/lib/python3.12/site-packages'
[0.829s] Level 1:colcon.colcon_core.environment:checking '/home/vasee22/igus-coffee-moveit/install/igus_rebel_description/bin'
[0.829s] INFO:colcon.colcon_core.shell:Creating package script '/home/vasee22/igus-coffee-moveit/install/igus_rebel_description/share/igus_rebel_description/package.ps1'
[0.829s] INFO:colcon.colcon_core.shell:Creating package descriptor '/home/vasee22/igus-coffee-moveit/install/igus_rebel_description/share/igus_rebel_description/package.dsv'
[0.830s] INFO:colcon.colcon_core.shell:Creating package script '/home/vasee22/igus-coffee-moveit/install/igus_rebel_description/share/igus_rebel_description/package.sh'
[0.830s] INFO:colcon.colcon_core.shell:Creating package script '/home/vasee22/igus-coffee-moveit/install/igus_rebel_description/share/igus_rebel_description/package.bash'
[0.830s] INFO:colcon.colcon_core.shell:Creating package script '/home/vasee22/igus-coffee-moveit/install/igus_rebel_description/share/igus_rebel_description/package.zsh'
[0.831s] Level 1:colcon.colcon_core.environment:create_file_with_runtime_dependencies(/home/vasee22/igus-coffee-moveit/install/igus_rebel_description/share/colcon-core/packages/igus_rebel_description)
[0.831s] INFO:colcon.colcon_ros.task.ament_cmake.build:Building ROS package in '/home/vasee22/igus-coffee-moveit/src/igus_rebel_ros2/igus_rebel_moveit_config' with build type 'ament_cmake'
[0.831s] INFO:colcon.colcon_cmake.task.cmake.build:Building CMake package in '/home/vasee22/igus-coffee-moveit/src/igus_rebel_ros2/igus_rebel_moveit_config'
[0.831s] INFO:colcon.colcon_core.shell:Skip shell extension 'powershell' for command environment: Not usable outside of PowerShell
[0.831s] DEBUG:colcon.colcon_core.shell:Skip shell extension 'dsv' for command environment
[0.843s] DEBUG:colcon.colcon_core.event_handler.log_command:Invoking command in '/home/vasee22/igus-coffee-moveit/build/igus_rebel_moveit_config': CMAKE_PREFIX_PATH=/home/vasee22/igus-coffee-moveit/install/igus_rebel_description:/home/vasee22/igus-coffee-moveit/install/igus_rebel:/home/vasee22/igus-coffee-moveit/install/igus_rebel_msgs:/home/vasee22/igus-coffee-moveit/install/igus_rebel_moveit_config:/home/vasee22/COAR-ROS2-Workspace-mai/install/moveit_task_constructor_demo:/home/vasee22/COAR-ROS2-Workspace-mai/install/moveit_task_constructor_visualization:/home/vasee22/COAR-ROS2-Workspace-mai/install/moveit_task_constructor_capabilities:/home/vasee22/COAR-ROS2-Workspace-mai/install/igus_rebel:/home/vasee22/COAR-ROS2-Workspace-mai/install/moveit_task_constructor_core:/home/vasee22/COAR-ROS2-Workspace-mai/install/rviz_marker_tools:/home/vasee22/COAR-ROS2-Workspace-mai/install/moveit_task_constructor_msgs:/home/vasee22/COAR-ROS2-Workspace-mai/install/igus_rebel_msgs:/home/vasee22/COAR-ROS2-Workspace-mai/install/igus_rebel_moveit_config:/home/vasee22/COAR-ROS2-Workspace-mai/install/igus_rebel_description:/opt/ros/jazzy/opt/gz_sim_vendor:/opt/ros/jazzy/opt/gz_sensors_vendor:/opt/ros/jazzy/opt/gz_physics_vendor:/opt/ros/jazzy/opt/sdformat_vendor:/opt/ros/jazzy/opt/gz_gui_vendor:/opt/ros/jazzy/opt/gz_transport_vendor:/opt/ros/jazzy/opt/gz_rendering_vendor:/opt/ros/jazzy/opt/gz_plugin_vendor:/opt/ros/jazzy/opt/gz_fuel_tools_vendor:/opt/ros/jazzy/opt/gz_msgs_vendor:/opt/ros/jazzy/opt/gz_common_vendor:/opt/ros/jazzy/opt/gz_math_vendor:/opt/ros/jazzy/opt/gz_utils_vendor:/opt/ros/jazzy/opt/gz_tools_vendor:/opt/ros/jazzy/opt/gz_ogre_next_vendor:/opt/ros/jazzy/opt/gz_dartsim_vendor:/opt/ros/jazzy/opt/gz_cmake_vendor:/home/vasee22/igus-coffee-moveit/install/modbus_ros:/home/vasee22/COAR-ROS2-Workspace-mai/install/modbus_ros:/opt/ros/jazzy DEBUGINFOD_URLS=https://debuginfod.ubuntu.com /usr/bin/cmake --build /home/vasee22/igus-coffee-moveit/build/igus_rebel_moveit_config -- -j24 -l24
[0.911s] DEBUG:colcon.colcon_core.event_handler.log_command:Invoked command in '/home/vasee22/igus-coffee-moveit/build/igus_rebel_moveit_config' returned '0': CMAKE_PREFIX_PATH=/home/vasee22/igus-coffee-moveit/install/igus_rebel_description:/home/vasee22/igus-coffee-moveit/install/igus_rebel:/home/vasee22/igus-coffee-moveit/install/igus_rebel_msgs:/home/vasee22/igus-coffee-moveit/install/igus_rebel_moveit_config:/home/vasee22/COAR-ROS2-Workspace-mai/install/moveit_task_constructor_demo:/home/vasee22/COAR-ROS2-Workspace-mai/install/moveit_task_constructor_visualization:/home/vasee22/COAR-ROS2-Workspace-mai/install/moveit_task_constructor_capabilities:/home/vasee22/COAR-ROS2-Workspace-mai/install/igus_rebel:/home/vasee22/COAR-ROS2-Workspace-mai/install/moveit_task_constructor_core:/home/vasee22/COAR-ROS2-Workspace-mai/install/rviz_marker_tools:/home/vasee22/COAR-ROS2-Workspace-mai/install/moveit_task_constructor_msgs:/home/vasee22/COAR-ROS2-Workspace-mai/install/igus_rebel_msgs:/home/vasee22/COAR-ROS2-Workspace-mai/install/igus_rebel_moveit_config:/home/vasee22/COAR-ROS2-Workspace-mai/install/igus_rebel_description:/opt/ros/jazzy/opt/gz_sim_vendor:/opt/ros/jazzy/opt/gz_sensors_vendor:/opt/ros/jazzy/opt/gz_physics_vendor:/opt/ros/jazzy/opt/sdformat_vendor:/opt/ros/jazzy/opt/gz_gui_vendor:/opt/ros/jazzy/opt/gz_transport_vendor:/opt/ros/jazzy/opt/gz_rendering_vendor:/opt/ros/jazzy/opt/gz_plugin_vendor:/opt/ros/jazzy/opt/gz_fuel_tools_vendor:/opt/ros/jazzy/opt/gz_msgs_vendor:/opt/ros/jazzy/opt/gz_common_vendor:/opt/ros/jazzy/opt/gz_math_vendor:/opt/ros/jazzy/opt/gz_utils_vendor:/opt/ros/jazzy/opt/gz_tools_vendor:/opt/ros/jazzy/opt/gz_ogre_next_vendor:/opt/ros/jazzy/opt/gz_dartsim_vendor:/opt/ros/jazzy/opt/gz_cmake_vendor:/home/vasee22/igus-coffee-moveit/install/modbus_ros:/home/vasee22/COAR-ROS2-Workspace-mai/install/modbus_ros:/opt/ros/jazzy DEBUGINFOD_URLS=https://debuginfod.ubuntu.com /usr/bin/cmake --build /home/vasee22/igus-coffee-moveit/build/igus_rebel_moveit_config -- -j24 -l24
[0.911s] DEBUG:colcon.colcon_core.event_handler.log_command:Invoking command in '/home/vasee22/igus-coffee-moveit/build/igus_rebel_moveit_config': CMAKE_PREFIX_PATH=/home/vasee22/igus-coffee-moveit/install/igus_rebel_description:/home/vasee22/igus-coffee-moveit/install/igus_rebel:/home/vasee22/igus-coffee-moveit/install/igus_rebel_msgs:/home/vasee22/igus-coffee-moveit/install/igus_rebel_moveit_config:/home/vasee22/COAR-ROS2-Workspace-mai/install/moveit_task_constructor_demo:/home/vasee22/COAR-ROS2-Workspace-mai/install/moveit_task_constructor_visualization:/home/vasee22/COAR-ROS2-Workspace-mai/install/moveit_task_constructor_capabilities:/home/vasee22/COAR-ROS2-Workspace-mai/install/igus_rebel:/home/vasee22/COAR-ROS2-Workspace-mai/install/moveit_task_constructor_core:/home/vasee22/COAR-ROS2-Workspace-mai/install/rviz_marker_tools:/home/vasee22/COAR-ROS2-Workspace-mai/install/moveit_task_constructor_msgs:/home/vasee22/COAR-ROS2-Workspace-mai/install/igus_rebel_msgs:/home/vasee22/COAR-ROS2-Workspace-mai/install/igus_rebel_moveit_config:/home/vasee22/COAR-ROS2-Workspace-mai/install/igus_rebel_description:/opt/ros/jazzy/opt/gz_sim_vendor:/opt/ros/jazzy/opt/gz_sensors_vendor:/opt/ros/jazzy/opt/gz_physics_vendor:/opt/ros/jazzy/opt/sdformat_vendor:/opt/ros/jazzy/opt/gz_gui_vendor:/opt/ros/jazzy/opt/gz_transport_vendor:/opt/ros/jazzy/opt/gz_rendering_vendor:/opt/ros/jazzy/opt/gz_plugin_vendor:/opt/ros/jazzy/opt/gz_fuel_tools_vendor:/opt/ros/jazzy/opt/gz_msgs_vendor:/opt/ros/jazzy/opt/gz_common_vendor:/opt/ros/jazzy/opt/gz_math_vendor:/opt/ros/jazzy/opt/gz_utils_vendor:/opt/ros/jazzy/opt/gz_tools_vendor:/opt/ros/jazzy/opt/gz_ogre_next_vendor:/opt/ros/jazzy/opt/gz_dartsim_vendor:/opt/ros/jazzy/opt/gz_cmake_vendor:/home/vasee22/igus-coffee-moveit/install/modbus_ros:/home/vasee22/COAR-ROS2-Workspace-mai/install/modbus_ros:/opt/ros/jazzy DEBUGINFOD_URLS=https://debuginfod.ubuntu.com /usr/bin/cmake --install /home/vasee22/igus-coffee-moveit/build/igus_rebel_moveit_config
[0.927s] Level 1:colcon.colcon_core.environment:create_environment_scripts_only(igus_rebel_moveit_config)
[0.928s] Level 1:colcon.colcon_core.environment:checking '/home/vasee22/igus-coffee-moveit/install/igus_rebel_moveit_config' for CMake module files
[0.928s] DEBUG:colcon.colcon_core.event_handler.log_command:Invoked command in '/home/vasee22/igus-coffee-moveit/build/igus_rebel_moveit_config' returned '0': CMAKE_PREFIX_PATH=/home/vasee22/igus-coffee-moveit/install/igus_rebel_description:/home/vasee22/igus-coffee-moveit/install/igus_rebel:/home/vasee22/igus-coffee-moveit/install/igus_rebel_msgs:/home/vasee22/igus-coffee-moveit/install/igus_rebel_moveit_config:/home/vasee22/COAR-ROS2-Workspace-mai/install/moveit_task_constructor_demo:/home/vasee22/COAR-ROS2-Workspace-mai/install/moveit_task_constructor_visualization:/home/vasee22/COAR-ROS2-Workspace-mai/install/moveit_task_constructor_capabilities:/home/vasee22/COAR-ROS2-Workspace-mai/install/igus_rebel:/home/vasee22/COAR-ROS2-Workspace-mai/install/moveit_task_constructor_core:/home/vasee22/COAR-ROS2-Workspace-mai/install/rviz_marker_tools:/home/vasee22/COAR-ROS2-Workspace-mai/install/moveit_task_constructor_msgs:/home/vasee22/COAR-ROS2-Workspace-mai/install/igus_rebel_msgs:/home/vasee22/COAR-ROS2-Workspace-mai/install/igus_rebel_moveit_config:/home/vasee22/COAR-ROS2-Workspace-mai/install/igus_rebel_description:/opt/ros/jazzy/opt/gz_sim_vendor:/opt/ros/jazzy/opt/gz_sensors_vendor:/opt/ros/jazzy/opt/gz_physics_vendor:/opt/ros/jazzy/opt/sdformat_vendor:/opt/ros/jazzy/opt/gz_gui_vendor:/opt/ros/jazzy/opt/gz_transport_vendor:/opt/ros/jazzy/opt/gz_rendering_vendor:/opt/ros/jazzy/opt/gz_plugin_vendor:/opt/ros/jazzy/opt/gz_fuel_tools_vendor:/opt/ros/jazzy/opt/gz_msgs_vendor:/opt/ros/jazzy/opt/gz_common_vendor:/opt/ros/jazzy/opt/gz_math_vendor:/opt/ros/jazzy/opt/gz_utils_vendor:/opt/ros/jazzy/opt/gz_tools_vendor:/opt/ros/jazzy/opt/gz_ogre_next_vendor:/opt/ros/jazzy/opt/gz_dartsim_vendor:/opt/ros/jazzy/opt/gz_cmake_vendor:/home/vasee22/igus-coffee-moveit/install/modbus_ros:/home/vasee22/COAR-ROS2-Workspace-mai/install/modbus_ros:/opt/ros/jazzy DEBUGINFOD_URLS=https://debuginfod.ubuntu.com /usr/bin/cmake --install /home/vasee22/igus-coffee-moveit/build/igus_rebel_moveit_config
[0.929s] Level 1:colcon.colcon_core.environment:checking '/home/vasee22/igus-coffee-moveit/install/igus_rebel_moveit_config' for CMake config files
[0.929s] Level 1:colcon.colcon_core.shell:create_environment_hook('igus_rebel_moveit_config', 'cmake_prefix_path')
[0.929s] INFO:colcon.colcon_core.shell:Creating environment hook '/home/vasee22/igus-coffee-moveit/install/igus_rebel_moveit_config/share/igus_rebel_moveit_config/hook/cmake_prefix_path.ps1'
[0.930s] INFO:colcon.colcon_core.shell:Creating environment descriptor '/home/vasee22/igus-coffee-moveit/install/igus_rebel_moveit_config/share/igus_rebel_moveit_config/hook/cmake_prefix_path.dsv'
[0.931s] INFO:colcon.colcon_core.shell:Creating environment hook '/home/vasee22/igus-coffee-moveit/install/igus_rebel_moveit_config/share/igus_rebel_moveit_config/hook/cmake_prefix_path.sh'
[0.931s] Level 1:colcon.colcon_core.environment:checking '/home/vasee22/igus-coffee-moveit/install/igus_rebel_moveit_config/bin'
[0.931s] Level 1:colcon.colcon_core.environment:checking '/home/vasee22/igus-coffee-moveit/install/igus_rebel_moveit_config/lib/pkgconfig/igus_rebel_moveit_config.pc'
[0.932s] Level 1:colcon.colcon_core.environment:checking '/home/vasee22/igus-coffee-moveit/install/igus_rebel_moveit_config/lib/python3.12/site-packages'
[0.932s] Level 1:colcon.colcon_core.environment:checking '/home/vasee22/igus-coffee-moveit/install/igus_rebel_moveit_config/bin'
[0.933s] INFO:colcon.colcon_core.shell:Creating package script '/home/vasee22/igus-coffee-moveit/install/igus_rebel_moveit_config/share/igus_rebel_moveit_config/package.ps1'
[0.933s] INFO:colcon.colcon_core.shell:Creating package descriptor '/home/vasee22/igus-coffee-moveit/install/igus_rebel_moveit_config/share/igus_rebel_moveit_config/package.dsv'
[0.934s] INFO:colcon.colcon_core.shell:Creating package script '/home/vasee22/igus-coffee-moveit/install/igus_rebel_moveit_config/share/igus_rebel_moveit_config/package.sh'
[0.934s] INFO:colcon.colcon_core.shell:Creating package script '/home/vasee22/igus-coffee-moveit/install/igus_rebel_moveit_config/share/igus_rebel_moveit_config/package.bash'
[0.935s] INFO:colcon.colcon_core.shell:Creating package script '/home/vasee22/igus-coffee-moveit/install/igus_rebel_moveit_config/share/igus_rebel_moveit_config/package.zsh'
[0.935s] Level 1:colcon.colcon_core.environment:create_file_with_runtime_dependencies(/home/vasee22/igus-coffee-moveit/install/igus_rebel_moveit_config/share/colcon-core/packages/igus_rebel_moveit_config)
[0.936s] Level 1:colcon.colcon_core.environment:create_environment_scripts_only(igus_rebel_moveit_config)
[0.936s] Level 1:colcon.colcon_core.environment:checking '/home/vasee22/igus-coffee-moveit/install/igus_rebel_moveit_config' for CMake module files
[0.936s] Level 1:colcon.colcon_core.environment:checking '/home/vasee22/igus-coffee-moveit/install/igus_rebel_moveit_config' for CMake config files
[0.937s] Level 1:colcon.colcon_core.shell:create_environment_hook('igus_rebel_moveit_config', 'cmake_prefix_path')
[0.937s] INFO:colcon.colcon_core.shell:Creating environment hook '/home/vasee22/igus-coffee-moveit/install/igus_rebel_moveit_config/share/igus_rebel_moveit_config/hook/cmake_prefix_path.ps1'
[0.938s] INFO:colcon.colcon_core.shell:Creating environment descriptor '/home/vasee22/igus-coffee-moveit/install/igus_rebel_moveit_config/share/igus_rebel_moveit_config/hook/cmake_prefix_path.dsv'
[0.938s] INFO:colcon.colcon_core.shell:Creating environment hook '/home/vasee22/igus-coffee-moveit/install/igus_rebel_moveit_config/share/igus_rebel_moveit_config/hook/cmake_prefix_path.sh'
[0.939s] Level 1:colcon.colcon_core.environment:checking '/home/vasee22/igus-coffee-moveit/install/igus_rebel_moveit_config/bin'
[0.939s] Level 1:colcon.colcon_core.environment:checking '/home/vasee22/igus-coffee-moveit/install/igus_rebel_moveit_config/lib/pkgconfig/igus_rebel_moveit_config.pc'
[0.939s] Level 1:colcon.colcon_core.environment:checking '/home/vasee22/igus-coffee-moveit/install/igus_rebel_moveit_config/lib/python3.12/site-packages'
[0.939s] Level 1:colcon.colcon_core.environment:checking '/home/vasee22/igus-coffee-moveit/install/igus_rebel_moveit_config/bin'
[0.940s] INFO:colcon.colcon_core.shell:Creating package script '/home/vasee22/igus-coffee-moveit/install/igus_rebel_moveit_config/share/igus_rebel_moveit_config/package.ps1'
[0.941s] INFO:colcon.colcon_core.shell:Creating package descriptor '/home/vasee22/igus-coffee-moveit/install/igus_rebel_moveit_config/share/igus_rebel_moveit_config/package.dsv'
[0.941s] INFO:colcon.colcon_core.shell:Creating package script '/home/vasee22/igus-coffee-moveit/install/igus_rebel_moveit_config/share/igus_rebel_moveit_config/package.sh'
[0.942s] INFO:colcon.colcon_core.shell:Creating package script '/home/vasee22/igus-coffee-moveit/install/igus_rebel_moveit_config/share/igus_rebel_moveit_config/package.bash'
[0.942s] INFO:colcon.colcon_core.shell:Creating package script '/home/vasee22/igus-coffee-moveit/install/igus_rebel_moveit_config/share/igus_rebel_moveit_config/package.zsh'
[0.943s] Level 1:colcon.colcon_core.environment:create_file_with_runtime_dependencies(/home/vasee22/igus-coffee-moveit/install/igus_rebel_moveit_config/share/colcon-core/packages/igus_rebel_moveit_config)
[1.017s] DEBUG:colcon.colcon_core.event_handler.log_command:Invoked command in '/home/vasee22/igus-coffee-moveit/build/igus_rebel_msgs' returned '0': CMAKE_PREFIX_PATH=${CMAKE_PREFIX_PATH}:/home/vasee22/igus-coffee-moveit/install/modbus_ros:/home/vasee22/COAR-ROS2-Workspace-mai/install/modbus_ros:/opt/ros/jazzy DEBUGINFOD_URLS=https://debuginfod.ubuntu.com /usr/bin/cmake --build /home/vasee22/igus-coffee-moveit/build/igus_rebel_msgs -- -j24 -l24
[1.019s] DEBUG:colcon.colcon_core.event_handler.log_command:Invoking command in '/home/vasee22/igus-coffee-moveit/build/igus_rebel_msgs': CMAKE_PREFIX_PATH=${CMAKE_PREFIX_PATH}:/home/vasee22/igus-coffee-moveit/install/modbus_ros:/home/vasee22/COAR-ROS2-Workspace-mai/install/modbus_ros:/opt/ros/jazzy DEBUGINFOD_URLS=https://debuginfod.ubuntu.com /usr/bin/cmake --install /home/vasee22/igus-coffee-moveit/build/igus_rebel_msgs
[1.108s] Level 1:colcon.colcon_core.environment:create_environment_scripts_only(igus_rebel_msgs)
[1.108s] Level 1:colcon.colcon_core.environment:checking '/home/vasee22/igus-coffee-moveit/install/igus_rebel_msgs' for CMake module files
[1.110s] DEBUG:colcon.colcon_core.event_handler.log_command:Invoked command in '/home/vasee22/igus-coffee-moveit/build/igus_rebel_msgs' returned '0': CMAKE_PREFIX_PATH=${CMAKE_PREFIX_PATH}:/home/vasee22/igus-coffee-moveit/install/modbus_ros:/home/vasee22/COAR-ROS2-Workspace-mai/install/modbus_ros:/opt/ros/jazzy DEBUGINFOD_URLS=https://debuginfod.ubuntu.com /usr/bin/cmake --install /home/vasee22/igus-coffee-moveit/build/igus_rebel_msgs
[1.110s] Level 1:colcon.colcon_core.environment:checking '/home/vasee22/igus-coffee-moveit/install/igus_rebel_msgs' for CMake config files
[1.111s] Level 1:colcon.colcon_core.shell:create_environment_hook('igus_rebel_msgs', 'cmake_prefix_path')
[1.111s] INFO:colcon.colcon_core.shell:Creating environment hook '/home/vasee22/igus-coffee-moveit/install/igus_rebel_msgs/share/igus_rebel_msgs/hook/cmake_prefix_path.ps1'
[1.112s] INFO:colcon.colcon_core.shell:Creating environment descriptor '/home/vasee22/igus-coffee-moveit/install/igus_rebel_msgs/share/igus_rebel_msgs/hook/cmake_prefix_path.dsv'
[1.112s] INFO:colcon.colcon_core.shell:Creating environment hook '/home/vasee22/igus-coffee-moveit/install/igus_rebel_msgs/share/igus_rebel_msgs/hook/cmake_prefix_path.sh'
[1.113s] Level 1:colcon.colcon_core.environment:checking '/home/vasee22/igus-coffee-moveit/install/igus_rebel_msgs/lib'
[1.113s] Level 1:colcon.colcon_core.shell:create_environment_hook('igus_rebel_msgs', 'ld_library_path_lib')
[1.114s] INFO:colcon.colcon_core.shell:Creating environment hook '/home/vasee22/igus-coffee-moveit/install/igus_rebel_msgs/share/igus_rebel_msgs/hook/ld_library_path_lib.ps1'
[1.114s] INFO:colcon.colcon_core.shell:Creating environment descriptor '/home/vasee22/igus-coffee-moveit/install/igus_rebel_msgs/share/igus_rebel_msgs/hook/ld_library_path_lib.dsv'
[1.114s] INFO:colcon.colcon_core.shell:Creating environment hook '/home/vasee22/igus-coffee-moveit/install/igus_rebel_msgs/share/igus_rebel_msgs/hook/ld_library_path_lib.sh'
[1.115s] Level 1:colcon.colcon_core.environment:checking '/home/vasee22/igus-coffee-moveit/install/igus_rebel_msgs/bin'
[1.115s] Level 1:colcon.colcon_core.environment:checking '/home/vasee22/igus-coffee-moveit/install/igus_rebel_msgs/lib/pkgconfig/igus_rebel_msgs.pc'
[1.115s] Level 1:colcon.colcon_core.environment:checking '/home/vasee22/igus-coffee-moveit/install/igus_rebel_msgs/lib/python3.12/site-packages'
[1.115s] Level 1:colcon.colcon_core.shell:create_environment_hook('igus_rebel_msgs', 'pythonpath')
[1.116s] INFO:colcon.colcon_core.shell:Creating environment hook '/home/vasee22/igus-coffee-moveit/install/igus_rebel_msgs/share/igus_rebel_msgs/hook/pythonpath.ps1'
[1.116s] INFO:colcon.colcon_core.shell:Creating environment descriptor '/home/vasee22/igus-coffee-moveit/install/igus_rebel_msgs/share/igus_rebel_msgs/hook/pythonpath.dsv'
[1.116s] INFO:colcon.colcon_core.shell:Creating environment hook '/home/vasee22/igus-coffee-moveit/install/igus_rebel_msgs/share/igus_rebel_msgs/hook/pythonpath.sh'
[1.117s] Level 1:colcon.colcon_core.environment:checking '/home/vasee22/igus-coffee-moveit/install/igus_rebel_msgs/bin'
[1.117s] INFO:colcon.colcon_core.shell:Creating package script '/home/vasee22/igus-coffee-moveit/install/igus_rebel_msgs/share/igus_rebel_msgs/package.ps1'
[1.118s] INFO:colcon.colcon_core.shell:Creating package descriptor '/home/vasee22/igus-coffee-moveit/install/igus_rebel_msgs/share/igus_rebel_msgs/package.dsv'
[1.119s] INFO:colcon.colcon_core.shell:Creating package script '/home/vasee22/igus-coffee-moveit/install/igus_rebel_msgs/share/igus_rebel_msgs/package.sh'
[1.119s] INFO:colcon.colcon_core.shell:Creating package script '/home/vasee22/igus-coffee-moveit/install/igus_rebel_msgs/share/igus_rebel_msgs/package.bash'
[1.120s] INFO:colcon.colcon_core.shell:Creating package script '/home/vasee22/igus-coffee-moveit/install/igus_rebel_msgs/share/igus_rebel_msgs/package.zsh'
[1.120s] Level 1:colcon.colcon_core.environment:create_file_with_runtime_dependencies(/home/vasee22/igus-coffee-moveit/install/igus_rebel_msgs/share/colcon-core/packages/igus_rebel_msgs)
[1.121s] Level 1:colcon.colcon_core.environment:create_environment_scripts_only(igus_rebel_msgs)
[1.121s] Level 1:colcon.colcon_core.environment:checking '/home/vasee22/igus-coffee-moveit/install/igus_rebel_msgs' for CMake module files
[1.121s] Level 1:colcon.colcon_core.environment:checking '/home/vasee22/igus-coffee-moveit/install/igus_rebel_msgs' for CMake config files
[1.122s] Level 1:colcon.colcon_core.shell:create_environment_hook('igus_rebel_msgs', 'cmake_prefix_path')
[1.122s] INFO:colcon.colcon_core.shell:Creating environment hook '/home/vasee22/igus-coffee-moveit/install/igus_rebel_msgs/share/igus_rebel_msgs/hook/cmake_prefix_path.ps1'
[1.123s] INFO:colcon.colcon_core.shell:Creating environment descriptor '/home/vasee22/igus-coffee-moveit/install/igus_rebel_msgs/share/igus_rebel_msgs/hook/cmake_prefix_path.dsv'
[1.123s] INFO:colcon.colcon_core.shell:Creating environment hook '/home/vasee22/igus-coffee-moveit/install/igus_rebel_msgs/share/igus_rebel_msgs/hook/cmake_prefix_path.sh'
[1.124s] Level 1:colcon.colcon_core.environment:checking '/home/vasee22/igus-coffee-moveit/install/igus_rebel_msgs/lib'
[1.124s] Level 1:colcon.colcon_core.shell:create_environment_hook('igus_rebel_msgs', 'ld_library_path_lib')
[1.124s] INFO:colcon.colcon_core.shell:Creating environment hook '/home/vasee22/igus-coffee-moveit/install/igus_rebel_msgs/share/igus_rebel_msgs/hook/ld_library_path_lib.ps1'
[1.124s] INFO:colcon.colcon_core.shell:Creating environment descriptor '/home/vasee22/igus-coffee-moveit/install/igus_rebel_msgs/share/igus_rebel_msgs/hook/ld_library_path_lib.dsv'
[1.125s] INFO:colcon.colcon_core.shell:Creating environment hook '/home/vasee22/igus-coffee-moveit/install/igus_rebel_msgs/share/igus_rebel_msgs/hook/ld_library_path_lib.sh'
[1.125s] Level 1:colcon.colcon_core.environment:checking '/home/vasee22/igus-coffee-moveit/install/igus_rebel_msgs/bin'
[1.125s] Level 1:colcon.colcon_core.environment:checking '/home/vasee22/igus-coffee-moveit/install/igus_rebel_msgs/lib/pkgconfig/igus_rebel_msgs.pc'
[1.125s] Level 1:colcon.colcon_core.environment:checking '/home/vasee22/igus-coffee-moveit/install/igus_rebel_msgs/lib/python3.12/site-packages'
[1.126s] Level 1:colcon.colcon_core.shell:create_environment_hook('igus_rebel_msgs', 'pythonpath')
[1.126s] INFO:colcon.colcon_core.shell:Creating environment hook '/home/vasee22/igus-coffee-moveit/install/igus_rebel_msgs/share/igus_rebel_msgs/hook/pythonpath.ps1'
[1.126s] INFO:colcon.colcon_core.shell:Creating environment descriptor '/home/vasee22/igus-coffee-moveit/install/igus_rebel_msgs/share/igus_rebel_msgs/hook/pythonpath.dsv'
[1.126s] INFO:colcon.colcon_core.shell:Creating environment hook '/home/vasee22/igus-coffee-moveit/install/igus_rebel_msgs/share/igus_rebel_msgs/hook/pythonpath.sh'
[1.127s] Level 1:colcon.colcon_core.environment:checking '/home/vasee22/igus-coffee-moveit/install/igus_rebel_msgs/bin'
[1.127s] INFO:colcon.colcon_core.shell:Creating package script '/home/vasee22/igus-coffee-moveit/install/igus_rebel_msgs/share/igus_rebel_msgs/package.ps1'
[1.128s] INFO:colcon.colcon_core.shell:Creating package descriptor '/home/vasee22/igus-coffee-moveit/install/igus_rebel_msgs/share/igus_rebel_msgs/package.dsv'
[1.129s] INFO:colcon.colcon_core.shell:Creating package script '/home/vasee22/igus-coffee-moveit/install/igus_rebel_msgs/share/igus_rebel_msgs/package.sh'
[1.130s] INFO:colcon.colcon_core.shell:Creating package script '/home/vasee22/igus-coffee-moveit/install/igus_rebel_msgs/share/igus_rebel_msgs/package.bash'
[1.130s] INFO:colcon.colcon_core.shell:Creating package script '/home/vasee22/igus-coffee-moveit/install/igus_rebel_msgs/share/igus_rebel_msgs/package.zsh'
[1.131s] Level 1:colcon.colcon_core.environment:create_file_with_runtime_dependencies(/home/vasee22/igus-coffee-moveit/install/igus_rebel_msgs/share/colcon-core/packages/igus_rebel_msgs)
[1.131s] INFO:colcon.colcon_ros.task.ament_cmake.build:Building ROS package in '/home/vasee22/igus-coffee-moveit/src/igus_rebel_ros2/igus_rebel' with build type 'ament_cmake'
[1.131s] INFO:colcon.colcon_cmake.task.cmake.build:Building CMake package in '/home/vasee22/igus-coffee-moveit/src/igus_rebel_ros2/igus_rebel'
[1.132s] INFO:colcon.colcon_core.shell:Skip shell extension 'powershell' for command environment: Not usable outside of PowerShell
[1.132s] DEBUG:colcon.colcon_core.shell:Skip shell extension 'dsv' for command environment
[1.149s] DEBUG:colcon.colcon_core.event_handler.log_command:Invoking command in '/home/vasee22/igus-coffee-moveit/build/igus_rebel': CMAKE_PREFIX_PATH=/home/vasee22/igus-coffee-moveit/install/igus_rebel_msgs:/home/vasee22/igus-coffee-moveit/install/igus_rebel:/home/vasee22/igus-coffee-moveit/install/igus_rebel_moveit_config:/home/vasee22/igus-coffee-moveit/install/igus_rebel_description:/home/vasee22/COAR-ROS2-Workspace-mai/install/moveit_task_constructor_demo:/home/vasee22/COAR-ROS2-Workspace-mai/install/moveit_task_constructor_visualization:/home/vasee22/COAR-ROS2-Workspace-mai/install/moveit_task_constructor_capabilities:/home/vasee22/COAR-ROS2-Workspace-mai/install/igus_rebel:/home/vasee22/COAR-ROS2-Workspace-mai/install/moveit_task_constructor_core:/home/vasee22/COAR-ROS2-Workspace-mai/install/rviz_marker_tools:/home/vasee22/COAR-ROS2-Workspace-mai/install/moveit_task_constructor_msgs:/home/vasee22/COAR-ROS2-Workspace-mai/install/igus_rebel_msgs:/home/vasee22/COAR-ROS2-Workspace-mai/install/igus_rebel_moveit_config:/home/vasee22/COAR-ROS2-Workspace-mai/install/igus_rebel_description:/opt/ros/jazzy/opt/gz_sim_vendor:/opt/ros/jazzy/opt/gz_sensors_vendor:/opt/ros/jazzy/opt/gz_physics_vendor:/opt/ros/jazzy/opt/sdformat_vendor:/opt/ros/jazzy/opt/gz_gui_vendor:/opt/ros/jazzy/opt/gz_transport_vendor:/opt/ros/jazzy/opt/gz_rendering_vendor:/opt/ros/jazzy/opt/gz_plugin_vendor:/opt/ros/jazzy/opt/gz_fuel_tools_vendor:/opt/ros/jazzy/opt/gz_msgs_vendor:/opt/ros/jazzy/opt/gz_common_vendor:/opt/ros/jazzy/opt/gz_math_vendor:/opt/ros/jazzy/opt/gz_utils_vendor:/opt/ros/jazzy/opt/gz_tools_vendor:/opt/ros/jazzy/opt/gz_ogre_next_vendor:/opt/ros/jazzy/opt/gz_dartsim_vendor:/opt/ros/jazzy/opt/gz_cmake_vendor:/home/vasee22/igus-coffee-moveit/install/modbus_ros:/home/vasee22/COAR-ROS2-Workspace-mai/install/modbus_ros:/opt/ros/jazzy DEBUGINFOD_URLS=https://debuginfod.ubuntu.com LD_LIBRARY_PATH=/home/vasee22/igus-coffee-moveit/install/igus_rebel_msgs/lib:/home/vasee22/igus-coffee-moveit/install/igus_rebel/lib:/home/vasee22/COAR-ROS2-Workspace-mai/install/moveit_task_constructor_demo/lib:/home/vasee22/COAR-ROS2-Workspace-mai/install/moveit_task_constructor_visualization/lib:/home/vasee22/COAR-ROS2-Workspace-mai/install/moveit_task_constructor_capabilities/lib:/home/vasee22/COAR-ROS2-Workspace-mai/install/igus_rebel/lib:/home/vasee22/COAR-ROS2-Workspace-mai/install/moveit_task_constructor_core/lib:/home/vasee22/COAR-ROS2-Workspace-mai/install/rviz_marker_tools/lib:/home/vasee22/COAR-ROS2-Workspace-mai/install/moveit_task_constructor_msgs/lib:/home/vasee22/COAR-ROS2-Workspace-mai/install/igus_rebel_msgs/lib:/opt/ros/jazzy/opt/gz_sim_vendor/lib:/opt/ros/jazzy/opt/gz_sensors_vendor/lib:/opt/ros/jazzy/opt/gz_physics_vendor/lib:/opt/ros/jazzy/opt/sdformat_vendor/lib:/opt/ros/jazzy/opt/rviz_ogre_vendor/lib:/opt/ros/jazzy/lib/x86_64-linux-gnu:/opt/ros/jazzy/opt/gz_gui_vendor/lib:/opt/ros/jazzy/opt/gz_transport_vendor/lib:/opt/ros/jazzy/opt/gz_rendering_vendor/lib:/opt/ros/jazzy/opt/gz_plugin_vendor/lib:/opt/ros/jazzy/opt/gz_fuel_tools_vendor/lib:/opt/ros/jazzy/opt/gz_msgs_vendor/lib:/opt/ros/jazzy/opt/gz_common_vendor/lib:/opt/ros/jazzy/opt/gz_math_vendor/lib:/opt/ros/jazzy/opt/gz_utils_vendor/lib:/opt/ros/jazzy/opt/gz_tools_vendor/lib:/opt/ros/jazzy/opt/gz_ogre_next_vendor/lib:/opt/ros/jazzy/opt/gz_dartsim_vendor/lib:/opt/ros/jazzy/opt/gz_cmake_vendor/lib:/opt/ros/jazzy/lib PYTHONPATH=/home/vasee22/igus-coffee-moveit/install/igus_rebel_msgs/lib/python3.12/site-packages:/home/vasee22/igus-coffee-moveit/install/modbus_ros/lib/python3.12/site-packages:/home/vasee22/COAR-ROS2-Workspace-mai/install/moveit_task_constructor_core/lib/python3.12/site-packages:/home/vasee22/COAR-ROS2-Workspace-mai/install/moveit_task_constructor_msgs/lib/python3.12/site-packages:/home/vasee22/COAR-ROS2-Workspace-mai/install/modbus_ros/lib/python3.12/site-packages:/home/vasee22/COAR-ROS2-Workspace-mai/install/igus_rebel_msgs/lib/python3.12/site-packages:/opt/ros/jazzy/lib/python3.12/site-packages /usr/bin/cmake --build /home/vasee22/igus-coffee-moveit/build/igus_rebel -- -j24 -l24
[1.473s] DEBUG:colcon.colcon_core.event_handler.log_command:Invoking command in '/home/vasee22/igus-coffee-moveit/src/modbus_ros': DEBUGINFOD_URLS=https://debuginfod.ubuntu.com PYTHONPATH=/home/vasee22/igus-coffee-moveit/build/modbus_ros/prefix_override:/usr/lib/python3/dist-packages/colcon_core/task/python/colcon_distutils_commands:/home/vasee22/igus-coffee-moveit/install/modbus_ros/lib/python3.12/site-packages:${PYTHONPATH} /usr/bin/python3 -W ignore:setup.py install is deprecated -W ignore:easy_install command is deprecated setup.py egg_info --egg-base ../../build/modbus_ros build --build-base /home/vasee22/igus-coffee-moveit/build/modbus_ros/build install --record /home/vasee22/igus-coffee-moveit/build/modbus_ros/install.log --single-version-externally-managed install_data
[2.082s] Level 1:colcon.colcon_core.environment:checking '/home/vasee22/igus-coffee-moveit/install/modbus_ros' for CMake module files
[2.083s] DEBUG:colcon.colcon_core.event_handler.log_command:Invoked command in '/home/vasee22/igus-coffee-moveit/src/modbus_ros' returned '0': DEBUGINFOD_URLS=https://debuginfod.ubuntu.com PYTHONPATH=/home/vasee22/igus-coffee-moveit/build/modbus_ros/prefix_override:/usr/lib/python3/dist-packages/colcon_core/task/python/colcon_distutils_commands:/home/vasee22/igus-coffee-moveit/install/modbus_ros/lib/python3.12/site-packages:${PYTHONPATH} /usr/bin/python3 -W ignore:setup.py install is deprecated -W ignore:easy_install command is deprecated setup.py egg_info --egg-base ../../build/modbus_ros build --build-base /home/vasee22/igus-coffee-moveit/build/modbus_ros/build install --record /home/vasee22/igus-coffee-moveit/build/modbus_ros/install.log --single-version-externally-managed install_data
[2.084s] Level 1:colcon.colcon_core.environment:checking '/home/vasee22/igus-coffee-moveit/install/modbus_ros' for CMake config files
[2.085s] Level 1:colcon.colcon_core.environment:checking '/home/vasee22/igus-coffee-moveit/install/modbus_ros/lib'
[2.085s] Level 1:colcon.colcon_core.environment:checking '/home/vasee22/igus-coffee-moveit/install/modbus_ros/bin'
[2.085s] Level 1:colcon.colcon_core.environment:checking '/home/vasee22/igus-coffee-moveit/install/modbus_ros/lib/pkgconfig/modbus_ros.pc'
[2.085s] Level 1:colcon.colcon_core.environment:checking '/home/vasee22/igus-coffee-moveit/install/modbus_ros/lib/python3.12/site-packages'
[2.085s] Level 1:colcon.colcon_core.shell:create_environment_hook('modbus_ros', 'pythonpath')
[2.086s] INFO:colcon.colcon_core.shell:Creating environment hook '/home/vasee22/igus-coffee-moveit/install/modbus_ros/share/modbus_ros/hook/pythonpath.ps1'
[2.086s] INFO:colcon.colcon_core.shell:Creating environment descriptor '/home/vasee22/igus-coffee-moveit/install/modbus_ros/share/modbus_ros/hook/pythonpath.dsv'
[2.087s] INFO:colcon.colcon_core.shell:Creating environment hook '/home/vasee22/igus-coffee-moveit/install/modbus_ros/share/modbus_ros/hook/pythonpath.sh'
[2.088s] Level 1:colcon.colcon_core.environment:checking '/home/vasee22/igus-coffee-moveit/install/modbus_ros/bin'
[2.088s] Level 1:colcon.colcon_core.environment:create_environment_scripts_only(modbus_ros)
[2.088s] INFO:colcon.colcon_core.shell:Creating package script '/home/vasee22/igus-coffee-moveit/install/modbus_ros/share/modbus_ros/package.ps1'
[2.089s] INFO:colcon.colcon_core.shell:Creating package descriptor '/home/vasee22/igus-coffee-moveit/install/modbus_ros/share/modbus_ros/package.dsv'
[2.090s] INFO:colcon.colcon_core.shell:Creating package script '/home/vasee22/igus-coffee-moveit/install/modbus_ros/share/modbus_ros/package.sh'
[2.090s] INFO:colcon.colcon_core.shell:Creating package script '/home/vasee22/igus-coffee-moveit/install/modbus_ros/share/modbus_ros/package.bash'
[2.091s] INFO:colcon.colcon_core.shell:Creating package script '/home/vasee22/igus-coffee-moveit/install/modbus_ros/share/modbus_ros/package.zsh'
[2.091s] Level 1:colcon.colcon_core.environment:create_file_with_runtime_dependencies(/home/vasee22/igus-coffee-moveit/install/modbus_ros/share/colcon-core/packages/modbus_ros)
[10.695s] DEBUG:colcon.colcon_core.event_handler.log_command:Invoked command in '/home/vasee22/igus-coffee-moveit/build/igus_rebel' returned '0': CMAKE_PREFIX_PATH=/home/vasee22/igus-coffee-moveit/install/igus_rebel_msgs:/home/vasee22/igus-coffee-moveit/install/igus_rebel:/home/vasee22/igus-coffee-moveit/install/igus_rebel_moveit_config:/home/vasee22/igus-coffee-moveit/install/igus_rebel_description:/home/vasee22/COAR-ROS2-Workspace-mai/install/moveit_task_constructor_demo:/home/vasee22/COAR-ROS2-Workspace-mai/install/moveit_task_constructor_visualization:/home/vasee22/COAR-ROS2-Workspace-mai/install/moveit_task_constructor_capabilities:/home/vasee22/COAR-ROS2-Workspace-mai/install/igus_rebel:/home/vasee22/COAR-ROS2-Workspace-mai/install/moveit_task_constructor_core:/home/vasee22/COAR-ROS2-Workspace-mai/install/rviz_marker_tools:/home/vasee22/COAR-ROS2-Workspace-mai/install/moveit_task_constructor_msgs:/home/vasee22/COAR-ROS2-Workspace-mai/install/igus_rebel_msgs:/home/vasee22/COAR-ROS2-Workspace-mai/install/igus_rebel_moveit_config:/home/vasee22/COAR-ROS2-Workspace-mai/install/igus_rebel_description:/opt/ros/jazzy/opt/gz_sim_vendor:/opt/ros/jazzy/opt/gz_sensors_vendor:/opt/ros/jazzy/opt/gz_physics_vendor:/opt/ros/jazzy/opt/sdformat_vendor:/opt/ros/jazzy/opt/gz_gui_vendor:/opt/ros/jazzy/opt/gz_transport_vendor:/opt/ros/jazzy/opt/gz_rendering_vendor:/opt/ros/jazzy/opt/gz_plugin_vendor:/opt/ros/jazzy/opt/gz_fuel_tools_vendor:/opt/ros/jazzy/opt/gz_msgs_vendor:/opt/ros/jazzy/opt/gz_common_vendor:/opt/ros/jazzy/opt/gz_math_vendor:/opt/ros/jazzy/opt/gz_utils_vendor:/opt/ros/jazzy/opt/gz_tools_vendor:/opt/ros/jazzy/opt/gz_ogre_next_vendor:/opt/ros/jazzy/opt/gz_dartsim_vendor:/opt/ros/jazzy/opt/gz_cmake_vendor:/home/vasee22/igus-coffee-moveit/install/modbus_ros:/home/vasee22/COAR-ROS2-Workspace-mai/install/modbus_ros:/opt/ros/jazzy DEBUGINFOD_URLS=https://debuginfod.ubuntu.com LD_LIBRARY_PATH=/home/vasee22/igus-coffee-moveit/install/igus_rebel_msgs/lib:/home/vasee22/igus-coffee-moveit/install/igus_rebel/lib:/home/vasee22/COAR-ROS2-Workspace-mai/install/moveit_task_constructor_demo/lib:/home/vasee22/COAR-ROS2-Workspace-mai/install/moveit_task_constructor_visualization/lib:/home/vasee22/COAR-ROS2-Workspace-mai/install/moveit_task_constructor_capabilities/lib:/home/vasee22/COAR-ROS2-Workspace-mai/install/igus_rebel/lib:/home/vasee22/COAR-ROS2-Workspace-mai/install/moveit_task_constructor_core/lib:/home/vasee22/COAR-ROS2-Workspace-mai/install/rviz_marker_tools/lib:/home/vasee22/COAR-ROS2-Workspace-mai/install/moveit_task_constructor_msgs/lib:/home/vasee22/COAR-ROS2-Workspace-mai/install/igus_rebel_msgs/lib:/opt/ros/jazzy/opt/gz_sim_vendor/lib:/opt/ros/jazzy/opt/gz_sensors_vendor/lib:/opt/ros/jazzy/opt/gz_physics_vendor/lib:/opt/ros/jazzy/opt/sdformat_vendor/lib:/opt/ros/jazzy/opt/rviz_ogre_vendor/lib:/opt/ros/jazzy/lib/x86_64-linux-gnu:/opt/ros/jazzy/opt/gz_gui_vendor/lib:/opt/ros/jazzy/opt/gz_transport_vendor/lib:/opt/ros/jazzy/opt/gz_rendering_vendor/lib:/opt/ros/jazzy/opt/gz_plugin_vendor/lib:/opt/ros/jazzy/opt/gz_fuel_tools_vendor/lib:/opt/ros/jazzy/opt/gz_msgs_vendor/lib:/opt/ros/jazzy/opt/gz_common_vendor/lib:/opt/ros/jazzy/opt/gz_math_vendor/lib:/opt/ros/jazzy/opt/gz_utils_vendor/lib:/opt/ros/jazzy/opt/gz_tools_vendor/lib:/opt/ros/jazzy/opt/gz_ogre_next_vendor/lib:/opt/ros/jazzy/opt/gz_dartsim_vendor/lib:/opt/ros/jazzy/opt/gz_cmake_vendor/lib:/opt/ros/jazzy/lib PYTHONPATH=/home/vasee22/igus-coffee-moveit/install/igus_rebel_msgs/lib/python3.12/site-packages:/home/vasee22/igus-coffee-moveit/install/modbus_ros/lib/python3.12/site-packages:/home/vasee22/COAR-ROS2-Workspace-mai/install/moveit_task_constructor_core/lib/python3.12/site-packages:/home/vasee22/COAR-ROS2-Workspace-mai/install/moveit_task_constructor_msgs/lib/python3.12/site-packages:/home/vasee22/COAR-ROS2-Workspace-mai/install/modbus_ros/lib/python3.12/site-packages:/home/vasee22/COAR-ROS2-Workspace-mai/install/igus_rebel_msgs/lib/python3.12/site-packages:/opt/ros/jazzy/lib/python3.12/site-packages /usr/bin/cmake --build /home/vasee22/igus-coffee-moveit/build/igus_rebel -- -j24 -l24
[10.698s] DEBUG:colcon.colcon_core.event_handler.log_command:Invoking command in '/home/vasee22/igus-coffee-moveit/build/igus_rebel': CMAKE_PREFIX_PATH=/home/vasee22/igus-coffee-moveit/install/igus_rebel_msgs:/home/vasee22/igus-coffee-moveit/install/igus_rebel:/home/vasee22/igus-coffee-moveit/install/igus_rebel_moveit_config:/home/vasee22/igus-coffee-moveit/install/igus_rebel_description:/home/vasee22/COAR-ROS2-Workspace-mai/install/moveit_task_constructor_demo:/home/vasee22/COAR-ROS2-Workspace-mai/install/moveit_task_constructor_visualization:/home/vasee22/COAR-ROS2-Workspace-mai/install/moveit_task_constructor_capabilities:/home/vasee22/COAR-ROS2-Workspace-mai/install/igus_rebel:/home/vasee22/COAR-ROS2-Workspace-mai/install/moveit_task_constructor_core:/home/vasee22/COAR-ROS2-Workspace-mai/install/rviz_marker_tools:/home/vasee22/COAR-ROS2-Workspace-mai/install/moveit_task_constructor_msgs:/home/vasee22/COAR-ROS2-Workspace-mai/install/igus_rebel_msgs:/home/vasee22/COAR-ROS2-Workspace-mai/install/igus_rebel_moveit_config:/home/vasee22/COAR-ROS2-Workspace-mai/install/igus_rebel_description:/opt/ros/jazzy/opt/gz_sim_vendor:/opt/ros/jazzy/opt/gz_sensors_vendor:/opt/ros/jazzy/opt/gz_physics_vendor:/opt/ros/jazzy/opt/sdformat_vendor:/opt/ros/jazzy/opt/gz_gui_vendor:/opt/ros/jazzy/opt/gz_transport_vendor:/opt/ros/jazzy/opt/gz_rendering_vendor:/opt/ros/jazzy/opt/gz_plugin_vendor:/opt/ros/jazzy/opt/gz_fuel_tools_vendor:/opt/ros/jazzy/opt/gz_msgs_vendor:/opt/ros/jazzy/opt/gz_common_vendor:/opt/ros/jazzy/opt/gz_math_vendor:/opt/ros/jazzy/opt/gz_utils_vendor:/opt/ros/jazzy/opt/gz_tools_vendor:/opt/ros/jazzy/opt/gz_ogre_next_vendor:/opt/ros/jazzy/opt/gz_dartsim_vendor:/opt/ros/jazzy/opt/gz_cmake_vendor:/home/vasee22/igus-coffee-moveit/install/modbus_ros:/home/vasee22/COAR-ROS2-Workspace-mai/install/modbus_ros:/opt/ros/jazzy DEBUGINFOD_URLS=https://debuginfod.ubuntu.com LD_LIBRARY_PATH=/home/vasee22/igus-coffee-moveit/install/igus_rebel_msgs/lib:/home/vasee22/igus-coffee-moveit/install/igus_rebel/lib:/home/vasee22/COAR-ROS2-Workspace-mai/install/moveit_task_constructor_demo/lib:/home/vasee22/COAR-ROS2-Workspace-mai/install/moveit_task_constructor_visualization/lib:/home/vasee22/COAR-ROS2-Workspace-mai/install/moveit_task_constructor_capabilities/lib:/home/vasee22/COAR-ROS2-Workspace-mai/install/igus_rebel/lib:/home/vasee22/COAR-ROS2-Workspace-mai/install/moveit_task_constructor_core/lib:/home/vasee22/COAR-ROS2-Workspace-mai/install/rviz_marker_tools/lib:/home/vasee22/COAR-ROS2-Workspace-mai/install/moveit_task_constructor_msgs/lib:/home/vasee22/COAR-ROS2-Workspace-mai/install/igus_rebel_msgs/lib:/opt/ros/jazzy/opt/gz_sim_vendor/lib:/opt/ros/jazzy/opt/gz_sensors_vendor/lib:/opt/ros/jazzy/opt/gz_physics_vendor/lib:/opt/ros/jazzy/opt/sdformat_vendor/lib:/opt/ros/jazzy/opt/rviz_ogre_vendor/lib:/opt/ros/jazzy/lib/x86_64-linux-gnu:/opt/ros/jazzy/opt/gz_gui_vendor/lib:/opt/ros/jazzy/opt/gz_transport_vendor/lib:/opt/ros/jazzy/opt/gz_rendering_vendor/lib:/opt/ros/jazzy/opt/gz_plugin_vendor/lib:/opt/ros/jazzy/opt/gz_fuel_tools_vendor/lib:/opt/ros/jazzy/opt/gz_msgs_vendor/lib:/opt/ros/jazzy/opt/gz_common_vendor/lib:/opt/ros/jazzy/opt/gz_math_vendor/lib:/opt/ros/jazzy/opt/gz_utils_vendor/lib:/opt/ros/jazzy/opt/gz_tools_vendor/lib:/opt/ros/jazzy/opt/gz_ogre_next_vendor/lib:/opt/ros/jazzy/opt/gz_dartsim_vendor/lib:/opt/ros/jazzy/opt/gz_cmake_vendor/lib:/opt/ros/jazzy/lib PYTHONPATH=/home/vasee22/igus-coffee-moveit/install/igus_rebel_msgs/lib/python3.12/site-packages:/home/vasee22/igus-coffee-moveit/install/modbus_ros/lib/python3.12/site-packages:/home/vasee22/COAR-ROS2-Workspace-mai/install/moveit_task_constructor_core/lib/python3.12/site-packages:/home/vasee22/COAR-ROS2-Workspace-mai/install/moveit_task_constructor_msgs/lib/python3.12/site-packages:/home/vasee22/COAR-ROS2-Workspace-mai/install/modbus_ros/lib/python3.12/site-packages:/home/vasee22/COAR-ROS2-Workspace-mai/install/igus_rebel_msgs/lib/python3.12/site-packages:/opt/ros/jazzy/lib/python3.12/site-packages /usr/bin/cmake --install /home/vasee22/igus-coffee-moveit/build/igus_rebel
[10.724s] Level 1:colcon.colcon_core.environment:create_environment_scripts_only(igus_rebel)
[10.725s] Level 1:colcon.colcon_core.environment:checking '/home/vasee22/igus-coffee-moveit/install/igus_rebel' for CMake module files
[10.726s] DEBUG:colcon.colcon_core.event_handler.log_command:Invoked command in '/home/vasee22/igus-coffee-moveit/build/igus_rebel' returned '0': CMAKE_PREFIX_PATH=/home/vasee22/igus-coffee-moveit/install/igus_rebel_msgs:/home/vasee22/igus-coffee-moveit/install/igus_rebel:/home/vasee22/igus-coffee-moveit/install/igus_rebel_moveit_config:/home/vasee22/igus-coffee-moveit/install/igus_rebel_description:/home/vasee22/COAR-ROS2-Workspace-mai/install/moveit_task_constructor_demo:/home/vasee22/COAR-ROS2-Workspace-mai/install/moveit_task_constructor_visualization:/home/vasee22/COAR-ROS2-Workspace-mai/install/moveit_task_constructor_capabilities:/home/vasee22/COAR-ROS2-Workspace-mai/install/igus_rebel:/home/vasee22/COAR-ROS2-Workspace-mai/install/moveit_task_constructor_core:/home/vasee22/COAR-ROS2-Workspace-mai/install/rviz_marker_tools:/home/vasee22/COAR-ROS2-Workspace-mai/install/moveit_task_constructor_msgs:/home/vasee22/COAR-ROS2-Workspace-mai/install/igus_rebel_msgs:/home/vasee22/COAR-ROS2-Workspace-mai/install/igus_rebel_moveit_config:/home/vasee22/COAR-ROS2-Workspace-mai/install/igus_rebel_description:/opt/ros/jazzy/opt/gz_sim_vendor:/opt/ros/jazzy/opt/gz_sensors_vendor:/opt/ros/jazzy/opt/gz_physics_vendor:/opt/ros/jazzy/opt/sdformat_vendor:/opt/ros/jazzy/opt/gz_gui_vendor:/opt/ros/jazzy/opt/gz_transport_vendor:/opt/ros/jazzy/opt/gz_rendering_vendor:/opt/ros/jazzy/opt/gz_plugin_vendor:/opt/ros/jazzy/opt/gz_fuel_tools_vendor:/opt/ros/jazzy/opt/gz_msgs_vendor:/opt/ros/jazzy/opt/gz_common_vendor:/opt/ros/jazzy/opt/gz_math_vendor:/opt/ros/jazzy/opt/gz_utils_vendor:/opt/ros/jazzy/opt/gz_tools_vendor:/opt/ros/jazzy/opt/gz_ogre_next_vendor:/opt/ros/jazzy/opt/gz_dartsim_vendor:/opt/ros/jazzy/opt/gz_cmake_vendor:/home/vasee22/igus-coffee-moveit/install/modbus_ros:/home/vasee22/COAR-ROS2-Workspace-mai/install/modbus_ros:/opt/ros/jazzy DEBUGINFOD_URLS=https://debuginfod.ubuntu.com LD_LIBRARY_PATH=/home/vasee22/igus-coffee-moveit/install/igus_rebel_msgs/lib:/home/vasee22/igus-coffee-moveit/install/igus_rebel/lib:/home/vasee22/COAR-ROS2-Workspace-mai/install/moveit_task_constructor_demo/lib:/home/vasee22/COAR-ROS2-Workspace-mai/install/moveit_task_constructor_visualization/lib:/home/vasee22/COAR-ROS2-Workspace-mai/install/moveit_task_constructor_capabilities/lib:/home/vasee22/COAR-ROS2-Workspace-mai/install/igus_rebel/lib:/home/vasee22/COAR-ROS2-Workspace-mai/install/moveit_task_constructor_core/lib:/home/vasee22/COAR-ROS2-Workspace-mai/install/rviz_marker_tools/lib:/home/vasee22/COAR-ROS2-Workspace-mai/install/moveit_task_constructor_msgs/lib:/home/vasee22/COAR-ROS2-Workspace-mai/install/igus_rebel_msgs/lib:/opt/ros/jazzy/opt/gz_sim_vendor/lib:/opt/ros/jazzy/opt/gz_sensors_vendor/lib:/opt/ros/jazzy/opt/gz_physics_vendor/lib:/opt/ros/jazzy/opt/sdformat_vendor/lib:/opt/ros/jazzy/opt/rviz_ogre_vendor/lib:/opt/ros/jazzy/lib/x86_64-linux-gnu:/opt/ros/jazzy/opt/gz_gui_vendor/lib:/opt/ros/jazzy/opt/gz_transport_vendor/lib:/opt/ros/jazzy/opt/gz_rendering_vendor/lib:/opt/ros/jazzy/opt/gz_plugin_vendor/lib:/opt/ros/jazzy/opt/gz_fuel_tools_vendor/lib:/opt/ros/jazzy/opt/gz_msgs_vendor/lib:/opt/ros/jazzy/opt/gz_common_vendor/lib:/opt/ros/jazzy/opt/gz_math_vendor/lib:/opt/ros/jazzy/opt/gz_utils_vendor/lib:/opt/ros/jazzy/opt/gz_tools_vendor/lib:/opt/ros/jazzy/opt/gz_ogre_next_vendor/lib:/opt/ros/jazzy/opt/gz_dartsim_vendor/lib:/opt/ros/jazzy/opt/gz_cmake_vendor/lib:/opt/ros/jazzy/lib PYTHONPATH=/home/vasee22/igus-coffee-moveit/install/igus_rebel_msgs/lib/python3.12/site-packages:/home/vasee22/igus-coffee-moveit/install/modbus_ros/lib/python3.12/site-packages:/home/vasee22/COAR-ROS2-Workspace-mai/install/moveit_task_constructor_core/lib/python3.12/site-packages:/home/vasee22/COAR-ROS2-Workspace-mai/install/moveit_task_constructor_msgs/lib/python3.12/site-packages:/home/vasee22/COAR-ROS2-Workspace-mai/install/modbus_ros/lib/python3.12/site-packages:/home/vasee22/COAR-ROS2-Workspace-mai/install/igus_rebel_msgs/lib/python3.12/site-packages:/opt/ros/jazzy/lib/python3.12/site-packages /usr/bin/cmake --install /home/vasee22/igus-coffee-moveit/build/igus_rebel
[10.726s] Level 1:colcon.colcon_core.environment:checking '/home/vasee22/igus-coffee-moveit/install/igus_rebel' for CMake config files
[10.727s] Level 1:colcon.colcon_core.shell:create_environment_hook('igus_rebel', 'cmake_prefix_path')
[10.727s] INFO:colcon.colcon_core.shell:Creating environment hook '/home/vasee22/igus-coffee-moveit/install/igus_rebel/share/igus_rebel/hook/cmake_prefix_path.ps1'
[10.728s] INFO:colcon.colcon_core.shell:Creating environment descriptor '/home/vasee22/igus-coffee-moveit/install/igus_rebel/share/igus_rebel/hook/cmake_prefix_path.dsv'
[10.728s] INFO:colcon.colcon_core.shell:Creating environment hook '/home/vasee22/igus-coffee-moveit/install/igus_rebel/share/igus_rebel/hook/cmake_prefix_path.sh'
[10.729s] Level 1:colcon.colcon_core.environment:checking '/home/vasee22/igus-coffee-moveit/install/igus_rebel/lib'
[10.729s] Level 1:colcon.colcon_core.shell:create_environment_hook('igus_rebel', 'ld_library_path_lib')
[10.729s] INFO:colcon.colcon_core.shell:Creating environment hook '/home/vasee22/igus-coffee-moveit/install/igus_rebel/share/igus_rebel/hook/ld_library_path_lib.ps1'
[10.730s] INFO:colcon.colcon_core.shell:Creating environment descriptor '/home/vasee22/igus-coffee-moveit/install/igus_rebel/share/igus_rebel/hook/ld_library_path_lib.dsv'
[10.730s] INFO:colcon.colcon_core.shell:Creating environment hook '/home/vasee22/igus-coffee-moveit/install/igus_rebel/share/igus_rebel/hook/ld_library_path_lib.sh'
[10.731s] Level 1:colcon.colcon_core.environment:checking '/home/vasee22/igus-coffee-moveit/install/igus_rebel/bin'
[10.731s] Level 1:colcon.colcon_core.environment:checking '/home/vasee22/igus-coffee-moveit/install/igus_rebel/lib/pkgconfig/igus_rebel.pc'
[10.731s] Level 1:colcon.colcon_core.environment:checking '/home/vasee22/igus-coffee-moveit/install/igus_rebel/lib/python3.12/site-packages'
[10.732s] Level 1:colcon.colcon_core.environment:checking '/home/vasee22/igus-coffee-moveit/install/igus_rebel/bin'
[10.732s] INFO:colcon.colcon_core.shell:Creating package script '/home/vasee22/igus-coffee-moveit/install/igus_rebel/share/igus_rebel/package.ps1'
[10.733s] INFO:colcon.colcon_core.shell:Creating package descriptor '/home/vasee22/igus-coffee-moveit/install/igus_rebel/share/igus_rebel/package.dsv'
[10.733s] INFO:colcon.colcon_core.shell:Creating package script '/home/vasee22/igus-coffee-moveit/install/igus_rebel/share/igus_rebel/package.sh'
[10.734s] INFO:colcon.colcon_core.shell:Creating package script '/home/vasee22/igus-coffee-moveit/install/igus_rebel/share/igus_rebel/package.bash'
[10.734s] INFO:colcon.colcon_core.shell:Creating package script '/home/vasee22/igus-coffee-moveit/install/igus_rebel/share/igus_rebel/package.zsh'
[10.735s] Level 1:colcon.colcon_core.environment:create_file_with_runtime_dependencies(/home/vasee22/igus-coffee-moveit/install/igus_rebel/share/colcon-core/packages/igus_rebel)
[10.736s] Level 1:colcon.colcon_core.environment:create_environment_scripts_only(igus_rebel)
[10.736s] Level 1:colcon.colcon_core.environment:checking '/home/vasee22/igus-coffee-moveit/install/igus_rebel' for CMake module files
[10.736s] Level 1:colcon.colcon_core.environment:checking '/home/vasee22/igus-coffee-moveit/install/igus_rebel' for CMake config files
[10.737s] Level 1:colcon.colcon_core.shell:create_environment_hook('igus_rebel', 'cmake_prefix_path')
[10.737s] INFO:colcon.colcon_core.shell:Creating environment hook '/home/vasee22/igus-coffee-moveit/install/igus_rebel/share/igus_rebel/hook/cmake_prefix_path.ps1'
[10.738s] INFO:colcon.colcon_core.shell:Creating environment descriptor '/home/vasee22/igus-coffee-moveit/install/igus_rebel/share/igus_rebel/hook/cmake_prefix_path.dsv'
[10.738s] INFO:colcon.colcon_core.shell:Creating environment hook '/home/vasee22/igus-coffee-moveit/install/igus_rebel/share/igus_rebel/hook/cmake_prefix_path.sh'
[10.739s] Level 1:colcon.colcon_core.environment:checking '/home/vasee22/igus-coffee-moveit/install/igus_rebel/lib'
[10.739s] Level 1:colcon.colcon_core.shell:create_environment_hook('igus_rebel', 'ld_library_path_lib')
[10.740s] INFO:colcon.colcon_core.shell:Creating environment hook '/home/vasee22/igus-coffee-moveit/install/igus_rebel/share/igus_rebel/hook/ld_library_path_lib.ps1'
[10.740s] INFO:colcon.colcon_core.shell:Creating environment descriptor '/home/vasee22/igus-coffee-moveit/install/igus_rebel/share/igus_rebel/hook/ld_library_path_lib.dsv'
[10.741s] INFO:colcon.colcon_core.shell:Creating environment hook '/home/vasee22/igus-coffee-moveit/install/igus_rebel/share/igus_rebel/hook/ld_library_path_lib.sh'
[10.741s] Level 1:colcon.colcon_core.environment:checking '/home/vasee22/igus-coffee-moveit/install/igus_rebel/bin'
[10.741s] Level 1:colcon.colcon_core.environment:checking '/home/vasee22/igus-coffee-moveit/install/igus_rebel/lib/pkgconfig/igus_rebel.pc'
[10.742s] Level 1:colcon.colcon_core.environment:checking '/home/vasee22/igus-coffee-moveit/install/igus_rebel/lib/python3.12/site-packages'
[10.742s] Level 1:colcon.colcon_core.environment:checking '/home/vasee22/igus-coffee-moveit/install/igus_rebel/bin'
[10.742s] INFO:colcon.colcon_core.shell:Creating package script '/home/vasee22/igus-coffee-moveit/install/igus_rebel/share/igus_rebel/package.ps1'
[10.743s] INFO:colcon.colcon_core.shell:Creating package descriptor '/home/vasee22/igus-coffee-moveit/install/igus_rebel/share/igus_rebel/package.dsv'
[10.744s] INFO:colcon.colcon_core.shell:Creating package script '/home/vasee22/igus-coffee-moveit/install/igus_rebel/share/igus_rebel/package.sh'
[10.745s] INFO:colcon.colcon_core.shell:Creating package script '/home/vasee22/igus-coffee-moveit/install/igus_rebel/share/igus_rebel/package.bash'
[10.745s] INFO:colcon.colcon_core.shell:Creating package script '/home/vasee22/igus-coffee-moveit/install/igus_rebel/share/igus_rebel/package.zsh'
[10.746s] Level 1:colcon.colcon_core.environment:create_file_with_runtime_dependencies(/home/vasee22/igus-coffee-moveit/install/igus_rebel/share/colcon-core/packages/igus_rebel)
[10.746s] DEBUG:colcon.colcon_parallel_executor.executor.parallel:closing loop
[10.746s] DEBUG:colcon.colcon_parallel_executor.executor.parallel:loop closed
[10.747s] DEBUG:colcon.colcon_parallel_executor.executor.parallel:run_until_complete finished with '0'
[10.747s] DEBUG:colcon.colcon_core.event_reactor:joining thread
[10.757s] INFO:colcon.colcon_core.plugin_system:Skipping extension 'colcon_notification.desktop_notification.terminal_notifier': Not used on non-Darwin systems
[10.757s] INFO:colcon.colcon_core.plugin_system:Skipping extension 'colcon_notification.desktop_notification.win32': Not used on non-Windows systems
[10.757s] INFO:colcon.colcon_notification.desktop_notification:Sending desktop notification using 'notify2'
[10.789s] DEBUG:colcon.colcon_core.event_reactor:joined thread
[10.790s] INFO:colcon.colcon_core.shell:Creating prefix script '/home/vasee22/igus-coffee-moveit/install/local_setup.ps1'
[10.791s] INFO:colcon.colcon_core.shell:Creating prefix util module '/home/vasee22/igus-coffee-moveit/install/_local_setup_util_ps1.py'
[10.793s] INFO:colcon.colcon_core.shell:Creating prefix chain script '/home/vasee22/igus-coffee-moveit/install/setup.ps1'
[10.795s] INFO:colcon.colcon_core.shell:Creating prefix script '/home/vasee22/igus-coffee-moveit/install/local_setup.sh'
[10.796s] INFO:colcon.colcon_core.shell:Creating prefix util module '/home/vasee22/igus-coffee-moveit/install/_local_setup_util_sh.py'
[10.797s] INFO:colcon.colcon_core.shell:Creating prefix chain script '/home/vasee22/igus-coffee-moveit/install/setup.sh'
[10.799s] INFO:colcon.colcon_core.shell:Creating prefix script '/home/vasee22/igus-coffee-moveit/install/local_setup.bash'
[10.800s] INFO:colcon.colcon_core.shell:Creating prefix chain script '/home/vasee22/igus-coffee-moveit/install/setup.bash'
[10.802s] INFO:colcon.colcon_core.shell:Creating prefix script '/home/vasee22/igus-coffee-moveit/install/local_setup.zsh'
[10.803s] INFO:colcon.colcon_core.shell:Creating prefix chain script '/home/vasee22/igus-coffee-moveit/install/setup.zsh'
