[  2%] Built target igus_rebel_msgs__rs
[  4%] Built target igus_rebel_msgs__rosidl_generator_type_description
[  4%] Built target ament_cmake_python_copy_igus_rebel_msgs
[  6%] Built target igus_rebel_msgs__cpp
[  8%] [32mBuilding C object CMakeFiles/igus_rebel_msgs__rosidl_generator_c.dir/rosidl_generator_c/igus_rebel_msgs/msg/detail/digital_output__type_support.c.o[0m
[ 11%] [32mBuilding C object CMakeFiles/igus_rebel_msgs__rosidl_generator_c.dir/rosidl_generator_c/igus_rebel_msgs/srv/detail/set_digital_output__description.c.o[0m
[ 13%] [32mBuilding C object CMakeFiles/igus_rebel_msgs__rosidl_generator_c.dir/rosidl_generator_c/igus_rebel_msgs/srv/detail/set_digital_output__type_support.c.o[0m
[ 15%] [32m[1mLinking C shared library libigus_rebel_msgs__rosidl_generator_c.so[0m
[ 24%] Built target igus_rebel_msgs__rosidl_generator_c
[ 37%] [32m[1mLinking CXX shared library libigus_rebel_msgs__rosidl_typesupport_cpp.so[0m
[ 37%] [32m[1mLinking CXX shared library libigus_rebel_msgs__rosidl_typesupport_introspection_cpp.so[0m
[ 37%] [32m[1mLinking CXX shared library libigus_rebel_msgs__rosidl_typesupport_fastrtps_c.so[0m
[ 37%] [32m[1mLinking CXX shared library libigus_rebel_msgs__rosidl_typesupport_fastrtps_cpp.so[0m
[ 37%] [32m[1mLinking C shared library libigus_rebel_msgs__rosidl_typesupport_introspection_c.so[0m
[ 37%] [32m[1mLinking CXX shared library libigus_rebel_msgs__rosidl_typesupport_c.so[0m
[ 44%] Built target igus_rebel_msgs__rosidl_typesupport_introspection_c
[ 51%] Built target igus_rebel_msgs__rosidl_typesupport_c
running egg_info
[ 77%] Built target igus_rebel_msgs__rosidl_typesupport_cpp
[ 77%] Built target igus_rebel_msgs__rosidl_typesupport_fastrtps_cpp
[ 77%] Built target igus_rebel_msgs__rosidl_typesupport_fastrtps_c
[ 77%] Built target igus_rebel_msgs__rosidl_typesupport_introspection_cpp
writing igus_rebel_msgs.egg-info/PKG-INFO
writing dependency_links to igus_rebel_msgs.egg-info/dependency_links.txt
writing top-level names to igus_rebel_msgs.egg-info/top_level.txt
[ 77%] Built target igus_rebel_msgs
[ 80%] Built target igus_rebel_msgs__py
reading manifest file 'igus_rebel_msgs.egg-info/SOURCES.txt'
writing manifest file 'igus_rebel_msgs.egg-info/SOURCES.txt'
[ 82%] [32m[1mLinking C shared library libigus_rebel_msgs__rosidl_generator_py.so[0m
[ 82%] Built target ament_cmake_python_build_igus_rebel_msgs_egg
[ 86%] Built target igus_rebel_msgs__rosidl_generator_py
[ 93%] [32m[1mLinking C shared module rosidl_generator_py/igus_rebel_msgs/igus_rebel_msgs_s__rosidl_typesupport_fastrtps_c.so[0m
[ 93%] [32m[1mLinking C shared module rosidl_generator_py/igus_rebel_msgs/igus_rebel_msgs_s__rosidl_typesupport_c.so[0m
[ 93%] [32m[1mLinking C shared module rosidl_generator_py/igus_rebel_msgs/igus_rebel_msgs_s__rosidl_typesupport_introspection_c.so[0m
[100%] Built target igus_rebel_msgs_s__rosidl_typesupport_fastrtps_c
[100%] Built target igus_rebel_msgs_s__rosidl_typesupport_introspection_c
[100%] Built target igus_rebel_msgs_s__rosidl_typesupport_c
-- Install configuration: ""
-- Installing: /home/vasee22/igus-coffee-moveit/install/igus_rebel_msgs/share/ament_index/resource_index/rosidl_interfaces/igus_rebel_msgs
-- Installing: /home/vasee22/igus-coffee-moveit/install/igus_rebel_msgs/share/igus_rebel_msgs/msg/DigitalOutput.json
-- Installing: /home/vasee22/igus-coffee-moveit/install/igus_rebel_msgs/share/igus_rebel_msgs/srv/SetDigitalOutput.json
-- Up-to-date: /home/vasee22/igus-coffee-moveit/install/igus_rebel_msgs/include/igus_rebel_msgs/igus_rebel_msgs
-- Up-to-date: /home/vasee22/igus-coffee-moveit/install/igus_rebel_msgs/include/igus_rebel_msgs/igus_rebel_msgs/msg
-- Installing: /home/vasee22/igus-coffee-moveit/install/igus_rebel_msgs/include/igus_rebel_msgs/igus_rebel_msgs/msg/digital_output.h
-- Installing: /home/vasee22/igus-coffee-moveit/install/igus_rebel_msgs/include/igus_rebel_msgs/igus_rebel_msgs/msg/rosidl_generator_c__visibility_control.h
-- Up-to-date: /home/vasee22/igus-coffee-moveit/install/igus_rebel_msgs/include/igus_rebel_msgs/igus_rebel_msgs/msg/detail
-- Installing: /home/vasee22/igus-coffee-moveit/install/igus_rebel_msgs/include/igus_rebel_msgs/igus_rebel_msgs/msg/detail/digital_output__type_support.h
-- Installing: /home/vasee22/igus-coffee-moveit/install/igus_rebel_msgs/include/igus_rebel_msgs/igus_rebel_msgs/msg/detail/digital_output__description.c
-- Installing: /home/vasee22/igus-coffee-moveit/install/igus_rebel_msgs/include/igus_rebel_msgs/igus_rebel_msgs/msg/detail/digital_output__type_support.c
-- Installing: /home/vasee22/igus-coffee-moveit/install/igus_rebel_msgs/include/igus_rebel_msgs/igus_rebel_msgs/msg/detail/digital_output__functions.c
-- Installing: /home/vasee22/igus-coffee-moveit/install/igus_rebel_msgs/include/igus_rebel_msgs/igus_rebel_msgs/msg/detail/digital_output__functions.h
-- Installing: /home/vasee22/igus-coffee-moveit/install/igus_rebel_msgs/include/igus_rebel_msgs/igus_rebel_msgs/msg/detail/digital_output__struct.h
-- Up-to-date: /home/vasee22/igus-coffee-moveit/install/igus_rebel_msgs/include/igus_rebel_msgs/igus_rebel_msgs/srv
-- Installing: /home/vasee22/igus-coffee-moveit/install/igus_rebel_msgs/include/igus_rebel_msgs/igus_rebel_msgs/srv/set_digital_output.h
-- Up-to-date: /home/vasee22/igus-coffee-moveit/install/igus_rebel_msgs/include/igus_rebel_msgs/igus_rebel_msgs/srv/detail
-- Installing: /home/vasee22/igus-coffee-moveit/install/igus_rebel_msgs/include/igus_rebel_msgs/igus_rebel_msgs/srv/detail/set_digital_output__type_support.c
-- Installing: /home/vasee22/igus-coffee-moveit/install/igus_rebel_msgs/include/igus_rebel_msgs/igus_rebel_msgs/srv/detail/set_digital_output__description.c
-- Installing: /home/vasee22/igus-coffee-moveit/install/igus_rebel_msgs/include/igus_rebel_msgs/igus_rebel_msgs/srv/detail/set_digital_output__struct.h
-- Installing: /home/vasee22/igus-coffee-moveit/install/igus_rebel_msgs/include/igus_rebel_msgs/igus_rebel_msgs/srv/detail/set_digital_output__functions.h
-- Installing: /home/vasee22/igus-coffee-moveit/install/igus_rebel_msgs/include/igus_rebel_msgs/igus_rebel_msgs/srv/detail/set_digital_output__type_support.h
-- Installing: /home/vasee22/igus-coffee-moveit/install/igus_rebel_msgs/include/igus_rebel_msgs/igus_rebel_msgs/srv/detail/set_digital_output__functions.c
-- Installing: /home/vasee22/igus-coffee-moveit/install/igus_rebel_msgs/share/igus_rebel_msgs/environment/library_path.sh
-- Installing: /home/vasee22/igus-coffee-moveit/install/igus_rebel_msgs/share/igus_rebel_msgs/environment/library_path.dsv
-- Installing: /home/vasee22/igus-coffee-moveit/install/igus_rebel_msgs/lib/libigus_rebel_msgs__rosidl_generator_c.so
-- Set non-toolchain portion of runtime path of "/home/vasee22/igus-coffee-moveit/install/igus_rebel_msgs/lib/libigus_rebel_msgs__rosidl_generator_c.so" to ""
-- Up-to-date: /home/vasee22/igus-coffee-moveit/install/igus_rebel_msgs/include/igus_rebel_msgs/igus_rebel_msgs
-- Up-to-date: /home/vasee22/igus-coffee-moveit/install/igus_rebel_msgs/include/igus_rebel_msgs/igus_rebel_msgs/msg
-- Installing: /home/vasee22/igus-coffee-moveit/install/igus_rebel_msgs/include/igus_rebel_msgs/igus_rebel_msgs/msg/rosidl_typesupport_fastrtps_c__visibility_control.h
-- Up-to-date: /home/vasee22/igus-coffee-moveit/install/igus_rebel_msgs/include/igus_rebel_msgs/igus_rebel_msgs/msg/detail
-- Installing: /home/vasee22/igus-coffee-moveit/install/igus_rebel_msgs/include/igus_rebel_msgs/igus_rebel_msgs/msg/detail/digital_output__rosidl_typesupport_fastrtps_c.h
-- Up-to-date: /home/vasee22/igus-coffee-moveit/install/igus_rebel_msgs/include/igus_rebel_msgs/igus_rebel_msgs/srv
-- Up-to-date: /home/vasee22/igus-coffee-moveit/install/igus_rebel_msgs/include/igus_rebel_msgs/igus_rebel_msgs/srv/detail
-- Installing: /home/vasee22/igus-coffee-moveit/install/igus_rebel_msgs/include/igus_rebel_msgs/igus_rebel_msgs/srv/detail/set_digital_output__rosidl_typesupport_fastrtps_c.h
-- Installing: /home/vasee22/igus-coffee-moveit/install/igus_rebel_msgs/lib/libigus_rebel_msgs__rosidl_typesupport_fastrtps_c.so
-- Set non-toolchain portion of runtime path of "/home/vasee22/igus-coffee-moveit/install/igus_rebel_msgs/lib/libigus_rebel_msgs__rosidl_typesupport_fastrtps_c.so" to ""
-- Up-to-date: /home/vasee22/igus-coffee-moveit/install/igus_rebel_msgs/include/igus_rebel_msgs/igus_rebel_msgs
-- Up-to-date: /home/vasee22/igus-coffee-moveit/install/igus_rebel_msgs/include/igus_rebel_msgs/igus_rebel_msgs/msg
-- Up-to-date: /home/vasee22/igus-coffee-moveit/install/igus_rebel_msgs/include/igus_rebel_msgs/igus_rebel_msgs/msg/detail
-- Installing: /home/vasee22/igus-coffee-moveit/install/igus_rebel_msgs/include/igus_rebel_msgs/igus_rebel_msgs/msg/detail/digital_output__struct.hpp
-- Installing: /home/vasee22/igus-coffee-moveit/install/igus_rebel_msgs/include/igus_rebel_msgs/igus_rebel_msgs/msg/detail/digital_output__type_support.hpp
-- Installing: /home/vasee22/igus-coffee-moveit/install/igus_rebel_msgs/include/igus_rebel_msgs/igus_rebel_msgs/msg/detail/digital_output__builder.hpp
-- Installing: /home/vasee22/igus-coffee-moveit/install/igus_rebel_msgs/include/igus_rebel_msgs/igus_rebel_msgs/msg/detail/digital_output__traits.hpp
-- Installing: /home/vasee22/igus-coffee-moveit/install/igus_rebel_msgs/include/igus_rebel_msgs/igus_rebel_msgs/msg/digital_output.hpp
-- Installing: /home/vasee22/igus-coffee-moveit/install/igus_rebel_msgs/include/igus_rebel_msgs/igus_rebel_msgs/msg/rosidl_generator_cpp__visibility_control.hpp
-- Up-to-date: /home/vasee22/igus-coffee-moveit/install/igus_rebel_msgs/include/igus_rebel_msgs/igus_rebel_msgs/srv
-- Installing: /home/vasee22/igus-coffee-moveit/install/igus_rebel_msgs/include/igus_rebel_msgs/igus_rebel_msgs/srv/set_digital_output.hpp
-- Up-to-date: /home/vasee22/igus-coffee-moveit/install/igus_rebel_msgs/include/igus_rebel_msgs/igus_rebel_msgs/srv/detail
-- Installing: /home/vasee22/igus-coffee-moveit/install/igus_rebel_msgs/include/igus_rebel_msgs/igus_rebel_msgs/srv/detail/set_digital_output__type_support.hpp
-- Installing: /home/vasee22/igus-coffee-moveit/install/igus_rebel_msgs/include/igus_rebel_msgs/igus_rebel_msgs/srv/detail/set_digital_output__builder.hpp
-- Installing: /home/vasee22/igus-coffee-moveit/install/igus_rebel_msgs/include/igus_rebel_msgs/igus_rebel_msgs/srv/detail/set_digital_output__struct.hpp
-- Installing: /home/vasee22/igus-coffee-moveit/install/igus_rebel_msgs/include/igus_rebel_msgs/igus_rebel_msgs/srv/detail/set_digital_output__traits.hpp
-- Up-to-date: /home/vasee22/igus-coffee-moveit/install/igus_rebel_msgs/include/igus_rebel_msgs/igus_rebel_msgs
-- Up-to-date: /home/vasee22/igus-coffee-moveit/install/igus_rebel_msgs/include/igus_rebel_msgs/igus_rebel_msgs/msg
-- Installing: /home/vasee22/igus-coffee-moveit/install/igus_rebel_msgs/include/igus_rebel_msgs/igus_rebel_msgs/msg/rosidl_typesupport_fastrtps_cpp__visibility_control.h
-- Up-to-date: /home/vasee22/igus-coffee-moveit/install/igus_rebel_msgs/include/igus_rebel_msgs/igus_rebel_msgs/msg/detail
-- Up-to-date: /home/vasee22/igus-coffee-moveit/install/igus_rebel_msgs/include/igus_rebel_msgs/igus_rebel_msgs/msg/detail/dds_fastrtps
-- Installing: /home/vasee22/igus-coffee-moveit/install/igus_rebel_msgs/include/igus_rebel_msgs/igus_rebel_msgs/msg/detail/digital_output__rosidl_typesupport_fastrtps_cpp.hpp
-- Up-to-date: /home/vasee22/igus-coffee-moveit/install/igus_rebel_msgs/include/igus_rebel_msgs/igus_rebel_msgs/srv
-- Up-to-date: /home/vasee22/igus-coffee-moveit/install/igus_rebel_msgs/include/igus_rebel_msgs/igus_rebel_msgs/srv/detail
-- Installing: /home/vasee22/igus-coffee-moveit/install/igus_rebel_msgs/include/igus_rebel_msgs/igus_rebel_msgs/srv/detail/set_digital_output__rosidl_typesupport_fastrtps_cpp.hpp
-- Up-to-date: /home/vasee22/igus-coffee-moveit/install/igus_rebel_msgs/include/igus_rebel_msgs/igus_rebel_msgs/srv/detail/dds_fastrtps
-- Installing: /home/vasee22/igus-coffee-moveit/install/igus_rebel_msgs/lib/libigus_rebel_msgs__rosidl_typesupport_fastrtps_cpp.so
-- Set non-toolchain portion of runtime path of "/home/vasee22/igus-coffee-moveit/install/igus_rebel_msgs/lib/libigus_rebel_msgs__rosidl_typesupport_fastrtps_cpp.so" to ""
-- Up-to-date: /home/vasee22/igus-coffee-moveit/install/igus_rebel_msgs/include/igus_rebel_msgs/igus_rebel_msgs
-- Up-to-date: /home/vasee22/igus-coffee-moveit/install/igus_rebel_msgs/include/igus_rebel_msgs/igus_rebel_msgs/msg
-- Installing: /home/vasee22/igus-coffee-moveit/install/igus_rebel_msgs/include/igus_rebel_msgs/igus_rebel_msgs/msg/rosidl_typesupport_introspection_c__visibility_control.h
-- Up-to-date: /home/vasee22/igus-coffee-moveit/install/igus_rebel_msgs/include/igus_rebel_msgs/igus_rebel_msgs/msg/detail
-- Installing: /home/vasee22/igus-coffee-moveit/install/igus_rebel_msgs/include/igus_rebel_msgs/igus_rebel_msgs/msg/detail/digital_output__type_support.c
-- Installing: /home/vasee22/igus-coffee-moveit/install/igus_rebel_msgs/include/igus_rebel_msgs/igus_rebel_msgs/msg/detail/digital_output__rosidl_typesupport_introspection_c.h
-- Up-to-date: /home/vasee22/igus-coffee-moveit/install/igus_rebel_msgs/include/igus_rebel_msgs/igus_rebel_msgs/srv
-- Up-to-date: /home/vasee22/igus-coffee-moveit/install/igus_rebel_msgs/include/igus_rebel_msgs/igus_rebel_msgs/srv/detail
-- Installing: /home/vasee22/igus-coffee-moveit/install/igus_rebel_msgs/include/igus_rebel_msgs/igus_rebel_msgs/srv/detail/set_digital_output__type_support.c
-- Installing: /home/vasee22/igus-coffee-moveit/install/igus_rebel_msgs/include/igus_rebel_msgs/igus_rebel_msgs/srv/detail/set_digital_output__rosidl_typesupport_introspection_c.h
-- Installing: /home/vasee22/igus-coffee-moveit/install/igus_rebel_msgs/lib/libigus_rebel_msgs__rosidl_typesupport_introspection_c.so
-- Set non-toolchain portion of runtime path of "/home/vasee22/igus-coffee-moveit/install/igus_rebel_msgs/lib/libigus_rebel_msgs__rosidl_typesupport_introspection_c.so" to ""
-- Installing: /home/vasee22/igus-coffee-moveit/install/igus_rebel_msgs/lib/libigus_rebel_msgs__rosidl_typesupport_c.so
-- Set non-toolchain portion of runtime path of "/home/vasee22/igus-coffee-moveit/install/igus_rebel_msgs/lib/libigus_rebel_msgs__rosidl_typesupport_c.so" to ""
-- Up-to-date: /home/vasee22/igus-coffee-moveit/install/igus_rebel_msgs/include/igus_rebel_msgs/igus_rebel_msgs
-- Up-to-date: /home/vasee22/igus-coffee-moveit/install/igus_rebel_msgs/include/igus_rebel_msgs/igus_rebel_msgs/msg
-- Up-to-date: /home/vasee22/igus-coffee-moveit/install/igus_rebel_msgs/include/igus_rebel_msgs/igus_rebel_msgs/msg/detail
-- Installing: /home/vasee22/igus-coffee-moveit/install/igus_rebel_msgs/include/igus_rebel_msgs/igus_rebel_msgs/msg/detail/digital_output__rosidl_typesupport_introspection_cpp.hpp
-- Installing: /home/vasee22/igus-coffee-moveit/install/igus_rebel_msgs/include/igus_rebel_msgs/igus_rebel_msgs/msg/detail/digital_output__type_support.cpp
-- Up-to-date: /home/vasee22/igus-coffee-moveit/install/igus_rebel_msgs/include/igus_rebel_msgs/igus_rebel_msgs/srv
-- Up-to-date: /home/vasee22/igus-coffee-moveit/install/igus_rebel_msgs/include/igus_rebel_msgs/igus_rebel_msgs/srv/detail
-- Installing: /home/vasee22/igus-coffee-moveit/install/igus_rebel_msgs/include/igus_rebel_msgs/igus_rebel_msgs/srv/detail/set_digital_output__rosidl_typesupport_introspection_cpp.hpp
-- Installing: /home/vasee22/igus-coffee-moveit/install/igus_rebel_msgs/include/igus_rebel_msgs/igus_rebel_msgs/srv/detail/set_digital_output__type_support.cpp
-- Installing: /home/vasee22/igus-coffee-moveit/install/igus_rebel_msgs/lib/libigus_rebel_msgs__rosidl_typesupport_introspection_cpp.so
-- Set non-toolchain portion of runtime path of "/home/vasee22/igus-coffee-moveit/install/igus_rebel_msgs/lib/libigus_rebel_msgs__rosidl_typesupport_introspection_cpp.so" to ""
-- Installing: /home/vasee22/igus-coffee-moveit/install/igus_rebel_msgs/lib/libigus_rebel_msgs__rosidl_typesupport_cpp.so
-- Set non-toolchain portion of runtime path of "/home/vasee22/igus-coffee-moveit/install/igus_rebel_msgs/lib/libigus_rebel_msgs__rosidl_typesupport_cpp.so" to ""
-- Installing: /home/vasee22/igus-coffee-moveit/install/igus_rebel_msgs/share/igus_rebel_msgs/environment/pythonpath.sh
-- Installing: /home/vasee22/igus-coffee-moveit/install/igus_rebel_msgs/share/igus_rebel_msgs/environment/pythonpath.dsv
-- Up-to-date: /home/vasee22/igus-coffee-moveit/install/igus_rebel_msgs/lib/python3.12/site-packages/igus_rebel_msgs-0.0.0-py3.12.egg-info
-- Installing: /home/vasee22/igus-coffee-moveit/install/igus_rebel_msgs/lib/python3.12/site-packages/igus_rebel_msgs-0.0.0-py3.12.egg-info/top_level.txt
-- Installing: /home/vasee22/igus-coffee-moveit/install/igus_rebel_msgs/lib/python3.12/site-packages/igus_rebel_msgs-0.0.0-py3.12.egg-info/dependency_links.txt
-- Installing: /home/vasee22/igus-coffee-moveit/install/igus_rebel_msgs/lib/python3.12/site-packages/igus_rebel_msgs-0.0.0-py3.12.egg-info/SOURCES.txt
-- Installing: /home/vasee22/igus-coffee-moveit/install/igus_rebel_msgs/lib/python3.12/site-packages/igus_rebel_msgs-0.0.0-py3.12.egg-info/PKG-INFO
-- Up-to-date: /home/vasee22/igus-coffee-moveit/install/igus_rebel_msgs/lib/python3.12/site-packages/igus_rebel_msgs
-- Installing: /home/vasee22/igus-coffee-moveit/install/igus_rebel_msgs/lib/python3.12/site-packages/igus_rebel_msgs/__init__.py
-- Installing: /home/vasee22/igus-coffee-moveit/install/igus_rebel_msgs/lib/python3.12/site-packages/igus_rebel_msgs/_igus_rebel_msgs_s.ep.rosidl_typesupport_introspection_c.c
-- Up-to-date: /home/vasee22/igus-coffee-moveit/install/igus_rebel_msgs/lib/python3.12/site-packages/igus_rebel_msgs/msg
-- Installing: /home/vasee22/igus-coffee-moveit/install/igus_rebel_msgs/lib/python3.12/site-packages/igus_rebel_msgs/msg/__init__.py
-- Installing: /home/vasee22/igus-coffee-moveit/install/igus_rebel_msgs/lib/python3.12/site-packages/igus_rebel_msgs/msg/_digital_output_s.c
-- Installing: /home/vasee22/igus-coffee-moveit/install/igus_rebel_msgs/lib/python3.12/site-packages/igus_rebel_msgs/msg/_digital_output.py
-- Installing: /home/vasee22/igus-coffee-moveit/install/igus_rebel_msgs/lib/python3.12/site-packages/igus_rebel_msgs/igus_rebel_msgs_s__rosidl_typesupport_introspection_c.so
-- Up-to-date: /home/vasee22/igus-coffee-moveit/install/igus_rebel_msgs/lib/python3.12/site-packages/igus_rebel_msgs/srv
-- Installing: /home/vasee22/igus-coffee-moveit/install/igus_rebel_msgs/lib/python3.12/site-packages/igus_rebel_msgs/srv/__init__.py
-- Installing: /home/vasee22/igus-coffee-moveit/install/igus_rebel_msgs/lib/python3.12/site-packages/igus_rebel_msgs/srv/_set_digital_output_s.c
-- Installing: /home/vasee22/igus-coffee-moveit/install/igus_rebel_msgs/lib/python3.12/site-packages/igus_rebel_msgs/srv/_set_digital_output.py
-- Installing: /home/vasee22/igus-coffee-moveit/install/igus_rebel_msgs/lib/python3.12/site-packages/igus_rebel_msgs/igus_rebel_msgs_s__rosidl_typesupport_fastrtps_c.so
-- Installing: /home/vasee22/igus-coffee-moveit/install/igus_rebel_msgs/lib/python3.12/site-packages/igus_rebel_msgs/_igus_rebel_msgs_s.ep.rosidl_typesupport_c.c
-- Installing: /home/vasee22/igus-coffee-moveit/install/igus_rebel_msgs/lib/python3.12/site-packages/igus_rebel_msgs/_igus_rebel_msgs_s.ep.rosidl_typesupport_fastrtps_c.c
-- Installing: /home/vasee22/igus-coffee-moveit/install/igus_rebel_msgs/lib/python3.12/site-packages/igus_rebel_msgs/igus_rebel_msgs_s__rosidl_typesupport_c.so
Listing '/home/vasee22/igus-coffee-moveit/install/igus_rebel_msgs/lib/python3.12/site-packages/igus_rebel_msgs'...
Listing '/home/vasee22/igus-coffee-moveit/install/igus_rebel_msgs/lib/python3.12/site-packages/igus_rebel_msgs/msg'...
Listing '/home/vasee22/igus-coffee-moveit/install/igus_rebel_msgs/lib/python3.12/site-packages/igus_rebel_msgs/srv'...
-- Installing: /home/vasee22/igus-coffee-moveit/install/igus_rebel_msgs/lib/python3.12/site-packages/igus_rebel_msgs/igus_rebel_msgs_s__rosidl_typesupport_fastrtps_c.so
-- Set non-toolchain portion of runtime path of "/home/vasee22/igus-coffee-moveit/install/igus_rebel_msgs/lib/python3.12/site-packages/igus_rebel_msgs/igus_rebel_msgs_s__rosidl_typesupport_fastrtps_c.so" to ""
-- Installing: /home/vasee22/igus-coffee-moveit/install/igus_rebel_msgs/lib/python3.12/site-packages/igus_rebel_msgs/igus_rebel_msgs_s__rosidl_typesupport_introspection_c.so
-- Set non-toolchain portion of runtime path of "/home/vasee22/igus-coffee-moveit/install/igus_rebel_msgs/lib/python3.12/site-packages/igus_rebel_msgs/igus_rebel_msgs_s__rosidl_typesupport_introspection_c.so" to ""
-- Installing: /home/vasee22/igus-coffee-moveit/install/igus_rebel_msgs/lib/python3.12/site-packages/igus_rebel_msgs/igus_rebel_msgs_s__rosidl_typesupport_c.so
-- Set non-toolchain portion of runtime path of "/home/vasee22/igus-coffee-moveit/install/igus_rebel_msgs/lib/python3.12/site-packages/igus_rebel_msgs/igus_rebel_msgs_s__rosidl_typesupport_c.so" to ""
-- Installing: /home/vasee22/igus-coffee-moveit/install/igus_rebel_msgs/lib/libigus_rebel_msgs__rosidl_generator_py.so
-- Set non-toolchain portion of runtime path of "/home/vasee22/igus-coffee-moveit/install/igus_rebel_msgs/lib/libigus_rebel_msgs__rosidl_generator_py.so" to ""
-- Installing: /home/vasee22/igus-coffee-moveit/install/igus_rebel_msgs/share/ament_index/resource_index/rust_packages/igus_rebel_msgs
-- Up-to-date: /home/vasee22/igus-coffee-moveit/install/igus_rebel_msgs/share/igus_rebel_msgs/rust
-- Up-to-date: /home/vasee22/igus-coffee-moveit/install/igus_rebel_msgs/share/igus_rebel_msgs/rust/src
-- Installing: /home/vasee22/igus-coffee-moveit/install/igus_rebel_msgs/share/igus_rebel_msgs/rust/src/lib.rs
-- Installing: /home/vasee22/igus-coffee-moveit/install/igus_rebel_msgs/share/igus_rebel_msgs/rust/src/msg.rs
-- Installing: /home/vasee22/igus-coffee-moveit/install/igus_rebel_msgs/share/igus_rebel_msgs/rust/src/srv.rs
-- Up-to-date: /home/vasee22/igus-coffee-moveit/install/igus_rebel_msgs/share/igus_rebel_msgs/rust/src/msg
-- Installing: /home/vasee22/igus-coffee-moveit/install/igus_rebel_msgs/share/igus_rebel_msgs/rust/src/msg/rmw.rs
-- Up-to-date: /home/vasee22/igus-coffee-moveit/install/igus_rebel_msgs/share/igus_rebel_msgs/rust/src/srv
-- Installing: /home/vasee22/igus-coffee-moveit/install/igus_rebel_msgs/share/igus_rebel_msgs/rust/src/srv/rmw.rs
-- Installing: /home/vasee22/igus-coffee-moveit/install/igus_rebel_msgs/share/igus_rebel_msgs/rust/Cargo.toml
-- Installing: /home/vasee22/igus-coffee-moveit/install/igus_rebel_msgs/share/igus_rebel_msgs/rust/build.rs
-- Installing: /home/vasee22/igus-coffee-moveit/install/igus_rebel_msgs/share/igus_rebel_msgs/msg/DigitalOutput.idl
-- Installing: /home/vasee22/igus-coffee-moveit/install/igus_rebel_msgs/share/igus_rebel_msgs/srv/SetDigitalOutput.idl
-- Installing: /home/vasee22/igus-coffee-moveit/install/igus_rebel_msgs/share/igus_rebel_msgs/msg/DigitalOutput.msg
-- Installing: /home/vasee22/igus-coffee-moveit/install/igus_rebel_msgs/share/igus_rebel_msgs/srv/SetDigitalOutput.srv
-- Installing: /home/vasee22/igus-coffee-moveit/install/igus_rebel_msgs/share/ament_index/resource_index/package_run_dependencies/igus_rebel_msgs
-- Installing: /home/vasee22/igus-coffee-moveit/install/igus_rebel_msgs/share/ament_index/resource_index/parent_prefix_path/igus_rebel_msgs
-- Installing: /home/vasee22/igus-coffee-moveit/install/igus_rebel_msgs/share/igus_rebel_msgs/environment/ament_prefix_path.sh
-- Installing: /home/vasee22/igus-coffee-moveit/install/igus_rebel_msgs/share/igus_rebel_msgs/environment/ament_prefix_path.dsv
-- Installing: /home/vasee22/igus-coffee-moveit/install/igus_rebel_msgs/share/igus_rebel_msgs/environment/path.sh
-- Installing: /home/vasee22/igus-coffee-moveit/install/igus_rebel_msgs/share/igus_rebel_msgs/environment/path.dsv
-- Installing: /home/vasee22/igus-coffee-moveit/install/igus_rebel_msgs/share/igus_rebel_msgs/local_setup.bash
-- Installing: /home/vasee22/igus-coffee-moveit/install/igus_rebel_msgs/share/igus_rebel_msgs/local_setup.sh
-- Installing: /home/vasee22/igus-coffee-moveit/install/igus_rebel_msgs/share/igus_rebel_msgs/local_setup.zsh
-- Installing: /home/vasee22/igus-coffee-moveit/install/igus_rebel_msgs/share/igus_rebel_msgs/local_setup.dsv
-- Installing: /home/vasee22/igus-coffee-moveit/install/igus_rebel_msgs/share/igus_rebel_msgs/package.dsv
-- Installing: /home/vasee22/igus-coffee-moveit/install/igus_rebel_msgs/share/ament_index/resource_index/packages/igus_rebel_msgs
-- Installing: /home/vasee22/igus-coffee-moveit/install/igus_rebel_msgs/share/igus_rebel_msgs/cmake/export_igus_rebel_msgs__rosidl_generator_cExport.cmake
-- Installing: /home/vasee22/igus-coffee-moveit/install/igus_rebel_msgs/share/igus_rebel_msgs/cmake/export_igus_rebel_msgs__rosidl_generator_cExport-noconfig.cmake
-- Installing: /home/vasee22/igus-coffee-moveit/install/igus_rebel_msgs/share/igus_rebel_msgs/cmake/export_igus_rebel_msgs__rosidl_typesupport_fastrtps_cExport.cmake
-- Installing: /home/vasee22/igus-coffee-moveit/install/igus_rebel_msgs/share/igus_rebel_msgs/cmake/export_igus_rebel_msgs__rosidl_typesupport_fastrtps_cExport-noconfig.cmake
-- Installing: /home/vasee22/igus-coffee-moveit/install/igus_rebel_msgs/share/igus_rebel_msgs/cmake/export_igus_rebel_msgs__rosidl_generator_cppExport.cmake
-- Installing: /home/vasee22/igus-coffee-moveit/install/igus_rebel_msgs/share/igus_rebel_msgs/cmake/export_igus_rebel_msgs__rosidl_typesupport_fastrtps_cppExport.cmake
-- Installing: /home/vasee22/igus-coffee-moveit/install/igus_rebel_msgs/share/igus_rebel_msgs/cmake/export_igus_rebel_msgs__rosidl_typesupport_fastrtps_cppExport-noconfig.cmake
-- Installing: /home/vasee22/igus-coffee-moveit/install/igus_rebel_msgs/share/igus_rebel_msgs/cmake/igus_rebel_msgs__rosidl_typesupport_introspection_cExport.cmake
-- Installing: /home/vasee22/igus-coffee-moveit/install/igus_rebel_msgs/share/igus_rebel_msgs/cmake/igus_rebel_msgs__rosidl_typesupport_introspection_cExport-noconfig.cmake
-- Installing: /home/vasee22/igus-coffee-moveit/install/igus_rebel_msgs/share/igus_rebel_msgs/cmake/igus_rebel_msgs__rosidl_typesupport_cExport.cmake
-- Installing: /home/vasee22/igus-coffee-moveit/install/igus_rebel_msgs/share/igus_rebel_msgs/cmake/igus_rebel_msgs__rosidl_typesupport_cExport-noconfig.cmake
-- Installing: /home/vasee22/igus-coffee-moveit/install/igus_rebel_msgs/share/igus_rebel_msgs/cmake/igus_rebel_msgs__rosidl_typesupport_introspection_cppExport.cmake
-- Installing: /home/vasee22/igus-coffee-moveit/install/igus_rebel_msgs/share/igus_rebel_msgs/cmake/igus_rebel_msgs__rosidl_typesupport_introspection_cppExport-noconfig.cmake
-- Installing: /home/vasee22/igus-coffee-moveit/install/igus_rebel_msgs/share/igus_rebel_msgs/cmake/igus_rebel_msgs__rosidl_typesupport_cppExport.cmake
-- Installing: /home/vasee22/igus-coffee-moveit/install/igus_rebel_msgs/share/igus_rebel_msgs/cmake/igus_rebel_msgs__rosidl_typesupport_cppExport-noconfig.cmake
-- Installing: /home/vasee22/igus-coffee-moveit/install/igus_rebel_msgs/share/igus_rebel_msgs/cmake/export_igus_rebel_msgs__rosidl_generator_pyExport.cmake
-- Installing: /home/vasee22/igus-coffee-moveit/install/igus_rebel_msgs/share/igus_rebel_msgs/cmake/export_igus_rebel_msgs__rosidl_generator_pyExport-noconfig.cmake
-- Installing: /home/vasee22/igus-coffee-moveit/install/igus_rebel_msgs/share/igus_rebel_msgs/cmake/rosidl_cmake-extras.cmake
-- Installing: /home/vasee22/igus-coffee-moveit/install/igus_rebel_msgs/share/igus_rebel_msgs/cmake/ament_cmake_export_dependencies-extras.cmake
-- Installing: /home/vasee22/igus-coffee-moveit/install/igus_rebel_msgs/share/igus_rebel_msgs/cmake/ament_cmake_export_include_directories-extras.cmake
-- Installing: /home/vasee22/igus-coffee-moveit/install/igus_rebel_msgs/share/igus_rebel_msgs/cmake/ament_cmake_export_libraries-extras.cmake
-- Installing: /home/vasee22/igus-coffee-moveit/install/igus_rebel_msgs/share/igus_rebel_msgs/cmake/ament_cmake_export_targets-extras.cmake
-- Installing: /home/vasee22/igus-coffee-moveit/install/igus_rebel_msgs/share/igus_rebel_msgs/cmake/rosidl_cmake_export_typesupport_targets-extras.cmake
-- Installing: /home/vasee22/igus-coffee-moveit/install/igus_rebel_msgs/share/igus_rebel_msgs/cmake/rosidl_cmake_export_typesupport_libraries-extras.cmake
-- Installing: /home/vasee22/igus-coffee-moveit/install/igus_rebel_msgs/share/igus_rebel_msgs/cmake/igus_rebel_msgsConfig.cmake
-- Installing: /home/vasee22/igus-coffee-moveit/install/igus_rebel_msgs/share/igus_rebel_msgs/cmake/igus_rebel_msgsConfig-version.cmake
-- Installing: /home/vasee22/igus-coffee-moveit/install/igus_rebel_msgs/share/igus_rebel_msgs/package.xml
