[ 66%] Built target random_pose_node
[ 66%] Built target igus_moveit
[ 66%] Built target igus_rail_moveit
[ 83%] Built target igus_rebel
[ 91%] [32mBuilding CXX object CMakeFiles/pick_and_place.dir/src/pick_and_place.cpp.o[0m
In file included from [01m[K/home/vasee22/igus-coffee-moveit/src/igus_rebel_ros2/igus_rebel/src/pick_and_place.cpp:9[m[K:
[01m[K/opt/ros/jazzy/include/moveit_core/moveit/collision_detection/collision_matrix.h:50:77:[m[K [01;36m[Knote: [m[K‘[01m[K#pragma message: .h header is obsolete. Please use the .hpp header instead.[m[K’
   50 | #pragma message(".h header is obsolete. Please use the .hpp header instead."[01;36m[K)[m[K
      |                                                                             [01;36m[K^[m[K
[01m[K/home/vasee22/igus-coffee-moveit/src/igus_rebel_ros2/igus_rebel/src/pick_and_place.cpp:[m[K In member function ‘[01m[Kmoveit::task_constructor::Task SimpleTask::[01;32m[KcreateTask[m[K()[m[K’:
[01m[K/home/vasee22/igus-coffee-moveit/src/igus_rebel_ros2/igus_rebel/src/pick_and_place.cpp:681:1:[m[K [01;31m[Kerror: [m[Ka function-definition is not allowed here before ‘[01m[K{[m[K’ token
  681 | [01;31m[K{[m[K
      | [01;31m[K^[m[K
[01m[K/home/vasee22/igus-coffee-moveit/src/igus_rebel_ros2/igus_rebel/src/pick_and_place.cpp:701:2:[m[K [01;31m[Kerror: [m[Kexpected ‘[01m[K}[m[K’ at end of input
  701 | }
      |  [01;31m[K^[m[K
[01m[K/home/vasee22/igus-coffee-moveit/src/igus_rebel_ros2/igus_rebel/src/pick_and_place.cpp:398:1:[m[K [01;36m[Knote: [m[Kto match this ‘[01m[K{[m[K’
  398 | [01;36m[K{[m[K
      | [01;36m[K^[m[K
gmake[2]: *** [CMakeFiles/pick_and_place.dir/build.make:76: CMakeFiles/pick_and_place.dir/src/pick_and_place.cpp.o] Error 1
gmake[1]: *** [CMakeFiles/Makefile2:223: CMakeFiles/pick_and_place.dir/all] Error 2
gmake: *** [Makefile:146: all] Error 2
