[0.481s] Invoking command in '/home/vasee22/igus-coffee-moveit/src/modbus_ros': DEBUGINFOD_URLS=https://debuginfod.ubuntu.com PYTHONPATH=/home/vasee22/igus-coffee-moveit/build/modbus_ros/prefix_override:/usr/lib/python3/dist-packages/colcon_core/task/python/colcon_distutils_commands:/home/vasee22/igus-coffee-moveit/install/modbus_ros/lib/python3.12/site-packages:${PYTHONPATH} /usr/bin/python3 -W ignore:setup.py install is deprecated -W ignore:easy_install command is deprecated setup.py egg_info --egg-base ../../build/modbus_ros build --build-base /home/vasee22/igus-coffee-moveit/build/modbus_ros/build install --record /home/vasee22/igus-coffee-moveit/build/modbus_ros/install.log --single-version-externally-managed install_data
[0.647s] running egg_info
[0.647s] creating ../../build/modbus_ros/modbus_ros.egg-info
[0.660s] writing ../../build/modbus_ros/modbus_ros.egg-info/PKG-INFO
[0.660s] writing dependency_links to ../../build/modbus_ros/modbus_ros.egg-info/dependency_links.txt
[0.660s] writing entry points to ../../build/modbus_ros/modbus_ros.egg-info/entry_points.txt
[0.660s] writing requirements to ../../build/modbus_ros/modbus_ros.egg-info/requires.txt
[0.660s] writing top-level names to ../../build/modbus_ros/modbus_ros.egg-info/top_level.txt
[0.660s] writing manifest file '../../build/modbus_ros/modbus_ros.egg-info/SOURCES.txt'
[0.685s] reading manifest file '../../build/modbus_ros/modbus_ros.egg-info/SOURCES.txt'
[0.685s] writing manifest file '../../build/modbus_ros/modbus_ros.egg-info/SOURCES.txt'
[0.685s] running build
[0.685s] running build_py
[0.685s] creating /home/vasee22/igus-coffee-moveit/build/modbus_ros/build
[0.685s] creating /home/vasee22/igus-coffee-moveit/build/modbus_ros/build/lib
[0.685s] creating /home/vasee22/igus-coffee-moveit/build/modbus_ros/build/lib/modbus_ros
[0.686s] copying modbus_ros/__init__.py -> /home/vasee22/igus-coffee-moveit/build/modbus_ros/build/lib/modbus_ros
[0.686s] copying modbus_ros/modbus_publisher.py -> /home/vasee22/igus-coffee-moveit/build/modbus_ros/build/lib/modbus_ros
[0.686s] running install
[0.689s] running install_lib
[0.701s] creating /home/vasee22/igus-coffee-moveit/install/modbus_ros/lib/python3.12/site-packages/modbus_ros
[0.701s] copying /home/vasee22/igus-coffee-moveit/build/modbus_ros/build/lib/modbus_ros/__init__.py -> /home/vasee22/igus-coffee-moveit/install/modbus_ros/lib/python3.12/site-packages/modbus_ros
[0.701s] copying /home/vasee22/igus-coffee-moveit/build/modbus_ros/build/lib/modbus_ros/modbus_publisher.py -> /home/vasee22/igus-coffee-moveit/install/modbus_ros/lib/python3.12/site-packages/modbus_ros
[0.702s] byte-compiling /home/vasee22/igus-coffee-moveit/install/modbus_ros/lib/python3.12/site-packages/modbus_ros/__init__.py to __init__.cpython-312.pyc
[0.702s] byte-compiling /home/vasee22/igus-coffee-moveit/install/modbus_ros/lib/python3.12/site-packages/modbus_ros/modbus_publisher.py to modbus_publisher.cpython-312.pyc
[0.702s] running install_data
[0.702s] creating /home/vasee22/igus-coffee-moveit/install/modbus_ros/share/ament_index
[0.702s] creating /home/vasee22/igus-coffee-moveit/install/modbus_ros/share/ament_index/resource_index
[0.702s] creating /home/vasee22/igus-coffee-moveit/install/modbus_ros/share/ament_index/resource_index/packages
[0.702s] copying resource/modbus_ros -> /home/vasee22/igus-coffee-moveit/install/modbus_ros/share/ament_index/resource_index/packages
[0.702s] copying package.xml -> /home/vasee22/igus-coffee-moveit/install/modbus_ros/share/modbus_ros
[0.702s] running install_egg_info
[0.716s] Copying ../../build/modbus_ros/modbus_ros.egg-info to /home/vasee22/igus-coffee-moveit/install/modbus_ros/lib/python3.12/site-packages/modbus_ros-0.0.0-py3.12.egg-info
[0.716s] running install_scripts
[0.799s] Installing modbus_publisher script to /home/vasee22/igus-coffee-moveit/install/modbus_ros/lib/modbus_ros
[0.799s] writing list of installed files to '/home/vasee22/igus-coffee-moveit/build/modbus_ros/install.log'
[0.816s] Invoked command in '/home/vasee22/igus-coffee-moveit/src/modbus_ros' returned '0': DEBUGINFOD_URLS=https://debuginfod.ubuntu.com PYTHONPATH=/home/vasee22/igus-coffee-moveit/build/modbus_ros/prefix_override:/usr/lib/python3/dist-packages/colcon_core/task/python/colcon_distutils_commands:/home/vasee22/igus-coffee-moveit/install/modbus_ros/lib/python3.12/site-packages:${PYTHONPATH} /usr/bin/python3 -W ignore:setup.py install is deprecated -W ignore:easy_install command is deprecated setup.py egg_info --egg-base ../../build/modbus_ros build --build-base /home/vasee22/igus-coffee-moveit/build/modbus_ros/build install --record /home/vasee22/igus-coffee-moveit/build/modbus_ros/install.log --single-version-externally-managed install_data
