[0.018s] Invoking command in '/home/vasee22/igus-coffee-moveit/build/igus_rebel_msgs': CMAKE_PREFIX_PATH=${CMAKE_PREFIX_PATH}:/home/vasee22/igus-coffee-moveit/install/modbus_ros:/home/vasee22/COAR-ROS2-Workspace-mai/install/modbus_ros:/opt/ros/jazzy DEBUGINFOD_URLS=https://debuginfod.ubuntu.com /usr/bin/cmake --build /home/vasee22/igus-coffee-moveit/build/igus_rebel_msgs -- -j24 -l24
[0.088s] [  2%] Built target igus_rebel_msgs__rs
[0.089s] [  4%] Built target igus_rebel_msgs__rosidl_generator_type_description
[0.102s] [  4%] Built target ament_cmake_python_copy_igus_rebel_msgs
[0.117s] [  6%] Built target igus_rebel_msgs__cpp
[0.121s] [ 11%] [32mBuilding C object CMakeFiles/igus_rebel_msgs__rosidl_generator_c.dir/rosidl_generator_c/igus_rebel_msgs/msg/detail/digital_output__type_support.c.o[0m
[0.121s] [ 11%] [32mBuilding C object CMakeFiles/igus_rebel_msgs__rosidl_generator_c.dir/rosidl_generator_c/igus_rebel_msgs/srv/detail/set_digital_output__description.c.o[0m
[0.122s] [ 13%] [32mBuilding C object CMakeFiles/igus_rebel_msgs__rosidl_generator_c.dir/rosidl_generator_c/igus_rebel_msgs/srv/detail/set_digital_output__type_support.c.o[0m
[0.188s] [ 15%] [32m[1mLinking C shared library libigus_rebel_msgs__rosidl_generator_c.so[0m
[0.241s] [ 24%] Built target igus_rebel_msgs__rosidl_generator_c
[0.276s] [ 37%] [32m[1mLinking CXX shared library libigus_rebel_msgs__rosidl_typesupport_fastrtps_cpp.so[0m
[0.277s] [ 37%] [32m[1mLinking C shared library libigus_rebel_msgs__rosidl_typesupport_introspection_c.so[0m
[0.277s] [ 37%] [32m[1mLinking CXX shared library libigus_rebel_msgs__rosidl_typesupport_c.so[0m
[0.277s] [ 37%] [32m[1mLinking CXX shared library libigus_rebel_msgs__rosidl_typesupport_cpp.so[0m
[0.277s] [ 37%] [32m[1mLinking CXX shared library libigus_rebel_msgs__rosidl_typesupport_fastrtps_c.so[0m
[0.277s] [ 37%] [32m[1mLinking CXX shared library libigus_rebel_msgs__rosidl_typesupport_introspection_cpp.so[0m
[0.327s] [ 44%] Built target igus_rebel_msgs__rosidl_typesupport_introspection_c
[0.342s] [ 51%] Built target igus_rebel_msgs__rosidl_typesupport_c
[0.373s] running egg_info
[0.390s] [ 71%] Built target igus_rebel_msgs__rosidl_typesupport_fastrtps_c
[0.390s] [ 71%] Built target igus_rebel_msgs__rosidl_typesupport_cpp
[0.390s] [ 71%] Built target igus_rebel_msgs__rosidl_typesupport_introspection_cpp
[0.392s] [ 77%] Built target igus_rebel_msgs__rosidl_typesupport_fastrtps_cpp
[0.397s] writing igus_rebel_msgs.egg-info/PKG-INFO
[0.397s] writing dependency_links to igus_rebel_msgs.egg-info/dependency_links.txt
[0.397s] writing top-level names to igus_rebel_msgs.egg-info/top_level.txt
[0.423s] [ 77%] Built target igus_rebel_msgs
[0.453s] [ 80%] Built target igus_rebel_msgs__py
[0.466s] reading manifest file 'igus_rebel_msgs.egg-info/SOURCES.txt'
[0.466s] writing manifest file 'igus_rebel_msgs.egg-info/SOURCES.txt'
[0.490s] [ 82%] [32m[1mLinking C shared library libigus_rebel_msgs__rosidl_generator_py.so[0m
[0.498s] [ 82%] Built target ament_cmake_python_build_igus_rebel_msgs_egg
[0.551s] [ 86%] Built target igus_rebel_msgs__rosidl_generator_py
[0.588s] [ 93%] [32m[1mLinking C shared module rosidl_generator_py/igus_rebel_msgs/igus_rebel_msgs_s__rosidl_typesupport_c.so[0m
[0.588s] [ 93%] [32m[1mLinking C shared module rosidl_generator_py/igus_rebel_msgs/igus_rebel_msgs_s__rosidl_typesupport_introspection_c.so[0m
[0.588s] [ 93%] [32m[1mLinking C shared module rosidl_generator_py/igus_rebel_msgs/igus_rebel_msgs_s__rosidl_typesupport_fastrtps_c.so[0m
[0.633s] [100%] Built target igus_rebel_msgs_s__rosidl_typesupport_c
[0.633s] [100%] Built target igus_rebel_msgs_s__rosidl_typesupport_introspection_c
[0.633s] [100%] Built target igus_rebel_msgs_s__rosidl_typesupport_fastrtps_c
[0.650s] Invoked command in '/home/vasee22/igus-coffee-moveit/build/igus_rebel_msgs' returned '0': CMAKE_PREFIX_PATH=${CMAKE_PREFIX_PATH}:/home/vasee22/igus-coffee-moveit/install/modbus_ros:/home/vasee22/COAR-ROS2-Workspace-mai/install/modbus_ros:/opt/ros/jazzy DEBUGINFOD_URLS=https://debuginfod.ubuntu.com /usr/bin/cmake --build /home/vasee22/igus-coffee-moveit/build/igus_rebel_msgs -- -j24 -l24
[0.651s] Invoking command in '/home/vasee22/igus-coffee-moveit/build/igus_rebel_msgs': CMAKE_PREFIX_PATH=${CMAKE_PREFIX_PATH}:/home/vasee22/igus-coffee-moveit/install/modbus_ros:/home/vasee22/COAR-ROS2-Workspace-mai/install/modbus_ros:/opt/ros/jazzy DEBUGINFOD_URLS=https://debuginfod.ubuntu.com /usr/bin/cmake --install /home/vasee22/igus-coffee-moveit/build/igus_rebel_msgs
[0.665s] -- Install configuration: ""
[0.665s] -- Up-to-date: /home/vasee22/igus-coffee-moveit/install/igus_rebel_msgs/share/ament_index/resource_index/rosidl_interfaces/igus_rebel_msgs
[0.666s] -- Up-to-date: /home/vasee22/igus-coffee-moveit/install/igus_rebel_msgs/share/igus_rebel_msgs/msg/DigitalOutput.json
[0.666s] -- Up-to-date: /home/vasee22/igus-coffee-moveit/install/igus_rebel_msgs/share/igus_rebel_msgs/srv/SetDigitalOutput.json
[0.666s] -- Up-to-date: /home/vasee22/igus-coffee-moveit/install/igus_rebel_msgs/include/igus_rebel_msgs/igus_rebel_msgs
[0.666s] -- Up-to-date: /home/vasee22/igus-coffee-moveit/install/igus_rebel_msgs/include/igus_rebel_msgs/igus_rebel_msgs/msg
[0.666s] -- Up-to-date: /home/vasee22/igus-coffee-moveit/install/igus_rebel_msgs/include/igus_rebel_msgs/igus_rebel_msgs/msg/digital_output.h
[0.666s] -- Up-to-date: /home/vasee22/igus-coffee-moveit/install/igus_rebel_msgs/include/igus_rebel_msgs/igus_rebel_msgs/msg/rosidl_generator_c__visibility_control.h
[0.666s] -- Up-to-date: /home/vasee22/igus-coffee-moveit/install/igus_rebel_msgs/include/igus_rebel_msgs/igus_rebel_msgs/msg/detail
[0.666s] -- Up-to-date: /home/vasee22/igus-coffee-moveit/install/igus_rebel_msgs/include/igus_rebel_msgs/igus_rebel_msgs/msg/detail/digital_output__type_support.h
[0.667s] -- Up-to-date: /home/vasee22/igus-coffee-moveit/install/igus_rebel_msgs/include/igus_rebel_msgs/igus_rebel_msgs/msg/detail/digital_output__description.c
[0.667s] -- Up-to-date: /home/vasee22/igus-coffee-moveit/install/igus_rebel_msgs/include/igus_rebel_msgs/igus_rebel_msgs/msg/detail/digital_output__type_support.c
[0.667s] -- Up-to-date: /home/vasee22/igus-coffee-moveit/install/igus_rebel_msgs/include/igus_rebel_msgs/igus_rebel_msgs/msg/detail/digital_output__functions.c
[0.667s] -- Up-to-date: /home/vasee22/igus-coffee-moveit/install/igus_rebel_msgs/include/igus_rebel_msgs/igus_rebel_msgs/msg/detail/digital_output__functions.h
[0.667s] -- Up-to-date: /home/vasee22/igus-coffee-moveit/install/igus_rebel_msgs/include/igus_rebel_msgs/igus_rebel_msgs/msg/detail/digital_output__struct.h
[0.667s] -- Up-to-date: /home/vasee22/igus-coffee-moveit/install/igus_rebel_msgs/include/igus_rebel_msgs/igus_rebel_msgs/srv
[0.667s] -- Up-to-date: /home/vasee22/igus-coffee-moveit/install/igus_rebel_msgs/include/igus_rebel_msgs/igus_rebel_msgs/srv/set_digital_output.h
[0.667s] -- Up-to-date: /home/vasee22/igus-coffee-moveit/install/igus_rebel_msgs/include/igus_rebel_msgs/igus_rebel_msgs/srv/detail
[0.667s] -- Up-to-date: /home/vasee22/igus-coffee-moveit/install/igus_rebel_msgs/include/igus_rebel_msgs/igus_rebel_msgs/srv/detail/set_digital_output__type_support.c
[0.667s] -- Up-to-date: /home/vasee22/igus-coffee-moveit/install/igus_rebel_msgs/include/igus_rebel_msgs/igus_rebel_msgs/srv/detail/set_digital_output__description.c
[0.668s] -- Up-to-date: /home/vasee22/igus-coffee-moveit/install/igus_rebel_msgs/include/igus_rebel_msgs/igus_rebel_msgs/srv/detail/set_digital_output__struct.h
[0.668s] -- Up-to-date: /home/vasee22/igus-coffee-moveit/install/igus_rebel_msgs/include/igus_rebel_msgs/igus_rebel_msgs/srv/detail/set_digital_output__functions.h
[0.668s] -- Up-to-date: /home/vasee22/igus-coffee-moveit/install/igus_rebel_msgs/include/igus_rebel_msgs/igus_rebel_msgs/srv/detail/set_digital_output__type_support.h
[0.668s] -- Up-to-date: /home/vasee22/igus-coffee-moveit/install/igus_rebel_msgs/include/igus_rebel_msgs/igus_rebel_msgs/srv/detail/set_digital_output__functions.c
[0.668s] -- Up-to-date: /home/vasee22/igus-coffee-moveit/install/igus_rebel_msgs/share/igus_rebel_msgs/environment/library_path.sh
[0.668s] -- Up-to-date: /home/vasee22/igus-coffee-moveit/install/igus_rebel_msgs/share/igus_rebel_msgs/environment/library_path.dsv
[0.668s] -- Installing: /home/vasee22/igus-coffee-moveit/install/igus_rebel_msgs/lib/libigus_rebel_msgs__rosidl_generator_c.so
[0.668s] -- Set non-toolchain portion of runtime path of "/home/vasee22/igus-coffee-moveit/install/igus_rebel_msgs/lib/libigus_rebel_msgs__rosidl_generator_c.so" to ""
[0.668s] -- Up-to-date: /home/vasee22/igus-coffee-moveit/install/igus_rebel_msgs/include/igus_rebel_msgs/igus_rebel_msgs
[0.668s] -- Up-to-date: /home/vasee22/igus-coffee-moveit/install/igus_rebel_msgs/include/igus_rebel_msgs/igus_rebel_msgs/msg
[0.669s] -- Up-to-date: /home/vasee22/igus-coffee-moveit/install/igus_rebel_msgs/include/igus_rebel_msgs/igus_rebel_msgs/msg/rosidl_typesupport_fastrtps_c__visibility_control.h
[0.669s] -- Up-to-date: /home/vasee22/igus-coffee-moveit/install/igus_rebel_msgs/include/igus_rebel_msgs/igus_rebel_msgs/msg/detail
[0.669s] -- Up-to-date: /home/vasee22/igus-coffee-moveit/install/igus_rebel_msgs/include/igus_rebel_msgs/igus_rebel_msgs/msg/detail/digital_output__rosidl_typesupport_fastrtps_c.h
[0.669s] -- Up-to-date: /home/vasee22/igus-coffee-moveit/install/igus_rebel_msgs/include/igus_rebel_msgs/igus_rebel_msgs/srv
[0.669s] -- Up-to-date: /home/vasee22/igus-coffee-moveit/install/igus_rebel_msgs/include/igus_rebel_msgs/igus_rebel_msgs/srv/detail
[0.669s] -- Up-to-date: /home/vasee22/igus-coffee-moveit/install/igus_rebel_msgs/include/igus_rebel_msgs/igus_rebel_msgs/srv/detail/set_digital_output__rosidl_typesupport_fastrtps_c.h
[0.669s] -- Installing: /home/vasee22/igus-coffee-moveit/install/igus_rebel_msgs/lib/libigus_rebel_msgs__rosidl_typesupport_fastrtps_c.so
[0.669s] -- Set non-toolchain portion of runtime path of "/home/vasee22/igus-coffee-moveit/install/igus_rebel_msgs/lib/libigus_rebel_msgs__rosidl_typesupport_fastrtps_c.so" to ""
[0.669s] -- Up-to-date: /home/vasee22/igus-coffee-moveit/install/igus_rebel_msgs/include/igus_rebel_msgs/igus_rebel_msgs
[0.669s] -- Up-to-date: /home/vasee22/igus-coffee-moveit/install/igus_rebel_msgs/include/igus_rebel_msgs/igus_rebel_msgs/msg
[0.670s] -- Up-to-date: /home/vasee22/igus-coffee-moveit/install/igus_rebel_msgs/include/igus_rebel_msgs/igus_rebel_msgs/msg/detail
[0.670s] -- Up-to-date: /home/vasee22/igus-coffee-moveit/install/igus_rebel_msgs/include/igus_rebel_msgs/igus_rebel_msgs/msg/detail/digital_output__struct.hpp
[0.670s] -- Up-to-date: /home/vasee22/igus-coffee-moveit/install/igus_rebel_msgs/include/igus_rebel_msgs/igus_rebel_msgs/msg/detail/digital_output__type_support.hpp
[0.670s] -- Up-to-date: /home/vasee22/igus-coffee-moveit/install/igus_rebel_msgs/include/igus_rebel_msgs/igus_rebel_msgs/msg/detail/digital_output__builder.hpp
[0.670s] -- Up-to-date: /home/vasee22/igus-coffee-moveit/install/igus_rebel_msgs/include/igus_rebel_msgs/igus_rebel_msgs/msg/detail/digital_output__traits.hpp
[0.670s] -- Up-to-date: /home/vasee22/igus-coffee-moveit/install/igus_rebel_msgs/include/igus_rebel_msgs/igus_rebel_msgs/msg/digital_output.hpp
[0.670s] -- Up-to-date: /home/vasee22/igus-coffee-moveit/install/igus_rebel_msgs/include/igus_rebel_msgs/igus_rebel_msgs/msg/rosidl_generator_cpp__visibility_control.hpp
[0.670s] -- Up-to-date: /home/vasee22/igus-coffee-moveit/install/igus_rebel_msgs/include/igus_rebel_msgs/igus_rebel_msgs/srv
[0.670s] -- Up-to-date: /home/vasee22/igus-coffee-moveit/install/igus_rebel_msgs/include/igus_rebel_msgs/igus_rebel_msgs/srv/set_digital_output.hpp
[0.670s] -- Up-to-date: /home/vasee22/igus-coffee-moveit/install/igus_rebel_msgs/include/igus_rebel_msgs/igus_rebel_msgs/srv/detail
[0.671s] -- Up-to-date: /home/vasee22/igus-coffee-moveit/install/igus_rebel_msgs/include/igus_rebel_msgs/igus_rebel_msgs/srv/detail/set_digital_output__type_support.hpp
[0.671s] -- Up-to-date: /home/vasee22/igus-coffee-moveit/install/igus_rebel_msgs/include/igus_rebel_msgs/igus_rebel_msgs/srv/detail/set_digital_output__builder.hpp
[0.671s] -- Up-to-date: /home/vasee22/igus-coffee-moveit/install/igus_rebel_msgs/include/igus_rebel_msgs/igus_rebel_msgs/srv/detail/set_digital_output__struct.hpp
[0.671s] -- Up-to-date: /home/vasee22/igus-coffee-moveit/install/igus_rebel_msgs/include/igus_rebel_msgs/igus_rebel_msgs/srv/detail/set_digital_output__traits.hpp
[0.671s] -- Up-to-date: /home/vasee22/igus-coffee-moveit/install/igus_rebel_msgs/include/igus_rebel_msgs/igus_rebel_msgs
[0.671s] -- Up-to-date: /home/vasee22/igus-coffee-moveit/install/igus_rebel_msgs/include/igus_rebel_msgs/igus_rebel_msgs/msg
[0.671s] -- Up-to-date: /home/vasee22/igus-coffee-moveit/install/igus_rebel_msgs/include/igus_rebel_msgs/igus_rebel_msgs/msg/rosidl_typesupport_fastrtps_cpp__visibility_control.h
[0.671s] -- Up-to-date: /home/vasee22/igus-coffee-moveit/install/igus_rebel_msgs/include/igus_rebel_msgs/igus_rebel_msgs/msg/detail
[0.671s] -- Up-to-date: /home/vasee22/igus-coffee-moveit/install/igus_rebel_msgs/include/igus_rebel_msgs/igus_rebel_msgs/msg/detail/dds_fastrtps
[0.671s] -- Up-to-date: /home/vasee22/igus-coffee-moveit/install/igus_rebel_msgs/include/igus_rebel_msgs/igus_rebel_msgs/msg/detail/digital_output__rosidl_typesupport_fastrtps_cpp.hpp
[0.672s] -- Up-to-date: /home/vasee22/igus-coffee-moveit/install/igus_rebel_msgs/include/igus_rebel_msgs/igus_rebel_msgs/srv
[0.672s] -- Up-to-date: /home/vasee22/igus-coffee-moveit/install/igus_rebel_msgs/include/igus_rebel_msgs/igus_rebel_msgs/srv/detail
[0.672s] -- Up-to-date: /home/vasee22/igus-coffee-moveit/install/igus_rebel_msgs/include/igus_rebel_msgs/igus_rebel_msgs/srv/detail/set_digital_output__rosidl_typesupport_fastrtps_cpp.hpp
[0.672s] -- Up-to-date: /home/vasee22/igus-coffee-moveit/install/igus_rebel_msgs/include/igus_rebel_msgs/igus_rebel_msgs/srv/detail/dds_fastrtps
[0.672s] -- Installing: /home/vasee22/igus-coffee-moveit/install/igus_rebel_msgs/lib/libigus_rebel_msgs__rosidl_typesupport_fastrtps_cpp.so
[0.672s] -- Set non-toolchain portion of runtime path of "/home/vasee22/igus-coffee-moveit/install/igus_rebel_msgs/lib/libigus_rebel_msgs__rosidl_typesupport_fastrtps_cpp.so" to ""
[0.672s] -- Up-to-date: /home/vasee22/igus-coffee-moveit/install/igus_rebel_msgs/include/igus_rebel_msgs/igus_rebel_msgs
[0.672s] -- Up-to-date: /home/vasee22/igus-coffee-moveit/install/igus_rebel_msgs/include/igus_rebel_msgs/igus_rebel_msgs/msg
[0.672s] -- Up-to-date: /home/vasee22/igus-coffee-moveit/install/igus_rebel_msgs/include/igus_rebel_msgs/igus_rebel_msgs/msg/rosidl_typesupport_introspection_c__visibility_control.h
[0.672s] -- Up-to-date: /home/vasee22/igus-coffee-moveit/install/igus_rebel_msgs/include/igus_rebel_msgs/igus_rebel_msgs/msg/detail
[0.673s] -- Installing: /home/vasee22/igus-coffee-moveit/install/igus_rebel_msgs/include/igus_rebel_msgs/igus_rebel_msgs/msg/detail/digital_output__type_support.c
[0.673s] -- Up-to-date: /home/vasee22/igus-coffee-moveit/install/igus_rebel_msgs/include/igus_rebel_msgs/igus_rebel_msgs/msg/detail/digital_output__rosidl_typesupport_introspection_c.h
[0.673s] -- Up-to-date: /home/vasee22/igus-coffee-moveit/install/igus_rebel_msgs/include/igus_rebel_msgs/igus_rebel_msgs/srv
[0.673s] -- Up-to-date: /home/vasee22/igus-coffee-moveit/install/igus_rebel_msgs/include/igus_rebel_msgs/igus_rebel_msgs/srv/detail
[0.673s] -- Installing: /home/vasee22/igus-coffee-moveit/install/igus_rebel_msgs/include/igus_rebel_msgs/igus_rebel_msgs/srv/detail/set_digital_output__type_support.c
[0.673s] -- Up-to-date: /home/vasee22/igus-coffee-moveit/install/igus_rebel_msgs/include/igus_rebel_msgs/igus_rebel_msgs/srv/detail/set_digital_output__rosidl_typesupport_introspection_c.h
[0.673s] -- Installing: /home/vasee22/igus-coffee-moveit/install/igus_rebel_msgs/lib/libigus_rebel_msgs__rosidl_typesupport_introspection_c.so
[0.673s] -- Set non-toolchain portion of runtime path of "/home/vasee22/igus-coffee-moveit/install/igus_rebel_msgs/lib/libigus_rebel_msgs__rosidl_typesupport_introspection_c.so" to ""
[0.673s] -- Installing: /home/vasee22/igus-coffee-moveit/install/igus_rebel_msgs/lib/libigus_rebel_msgs__rosidl_typesupport_c.so
[0.673s] -- Set non-toolchain portion of runtime path of "/home/vasee22/igus-coffee-moveit/install/igus_rebel_msgs/lib/libigus_rebel_msgs__rosidl_typesupport_c.so" to ""
[0.674s] -- Up-to-date: /home/vasee22/igus-coffee-moveit/install/igus_rebel_msgs/include/igus_rebel_msgs/igus_rebel_msgs
[0.674s] -- Up-to-date: /home/vasee22/igus-coffee-moveit/install/igus_rebel_msgs/include/igus_rebel_msgs/igus_rebel_msgs/msg
[0.674s] -- Up-to-date: /home/vasee22/igus-coffee-moveit/install/igus_rebel_msgs/include/igus_rebel_msgs/igus_rebel_msgs/msg/detail
[0.674s] -- Up-to-date: /home/vasee22/igus-coffee-moveit/install/igus_rebel_msgs/include/igus_rebel_msgs/igus_rebel_msgs/msg/detail/digital_output__rosidl_typesupport_introspection_cpp.hpp
[0.674s] -- Up-to-date: /home/vasee22/igus-coffee-moveit/install/igus_rebel_msgs/include/igus_rebel_msgs/igus_rebel_msgs/msg/detail/digital_output__type_support.cpp
[0.674s] -- Up-to-date: /home/vasee22/igus-coffee-moveit/install/igus_rebel_msgs/include/igus_rebel_msgs/igus_rebel_msgs/srv
[0.674s] -- Up-to-date: /home/vasee22/igus-coffee-moveit/install/igus_rebel_msgs/include/igus_rebel_msgs/igus_rebel_msgs/srv/detail
[0.674s] -- Up-to-date: /home/vasee22/igus-coffee-moveit/install/igus_rebel_msgs/include/igus_rebel_msgs/igus_rebel_msgs/srv/detail/set_digital_output__rosidl_typesupport_introspection_cpp.hpp
[0.674s] -- Up-to-date: /home/vasee22/igus-coffee-moveit/install/igus_rebel_msgs/include/igus_rebel_msgs/igus_rebel_msgs/srv/detail/set_digital_output__type_support.cpp
[0.674s] -- Installing: /home/vasee22/igus-coffee-moveit/install/igus_rebel_msgs/lib/libigus_rebel_msgs__rosidl_typesupport_introspection_cpp.so
[0.675s] -- Set non-toolchain portion of runtime path of "/home/vasee22/igus-coffee-moveit/install/igus_rebel_msgs/lib/libigus_rebel_msgs__rosidl_typesupport_introspection_cpp.so" to ""
[0.675s] -- Installing: /home/vasee22/igus-coffee-moveit/install/igus_rebel_msgs/lib/libigus_rebel_msgs__rosidl_typesupport_cpp.so
[0.675s] -- Set non-toolchain portion of runtime path of "/home/vasee22/igus-coffee-moveit/install/igus_rebel_msgs/lib/libigus_rebel_msgs__rosidl_typesupport_cpp.so" to ""
[0.675s] -- Up-to-date: /home/vasee22/igus-coffee-moveit/install/igus_rebel_msgs/share/igus_rebel_msgs/environment/pythonpath.sh
[0.675s] -- Up-to-date: /home/vasee22/igus-coffee-moveit/install/igus_rebel_msgs/share/igus_rebel_msgs/environment/pythonpath.dsv
[0.675s] -- Up-to-date: /home/vasee22/igus-coffee-moveit/install/igus_rebel_msgs/lib/python3.12/site-packages/igus_rebel_msgs-0.0.0-py3.12.egg-info
[0.675s] -- Installing: /home/vasee22/igus-coffee-moveit/install/igus_rebel_msgs/lib/python3.12/site-packages/igus_rebel_msgs-0.0.0-py3.12.egg-info/top_level.txt
[0.675s] -- Installing: /home/vasee22/igus-coffee-moveit/install/igus_rebel_msgs/lib/python3.12/site-packages/igus_rebel_msgs-0.0.0-py3.12.egg-info/dependency_links.txt
[0.675s] -- Installing: /home/vasee22/igus-coffee-moveit/install/igus_rebel_msgs/lib/python3.12/site-packages/igus_rebel_msgs-0.0.0-py3.12.egg-info/SOURCES.txt
[0.675s] -- Installing: /home/vasee22/igus-coffee-moveit/install/igus_rebel_msgs/lib/python3.12/site-packages/igus_rebel_msgs-0.0.0-py3.12.egg-info/PKG-INFO
[0.675s] -- Up-to-date: /home/vasee22/igus-coffee-moveit/install/igus_rebel_msgs/lib/python3.12/site-packages/igus_rebel_msgs
[0.676s] -- Up-to-date: /home/vasee22/igus-coffee-moveit/install/igus_rebel_msgs/lib/python3.12/site-packages/igus_rebel_msgs/__init__.py
[0.676s] -- Up-to-date: /home/vasee22/igus-coffee-moveit/install/igus_rebel_msgs/lib/python3.12/site-packages/igus_rebel_msgs/_igus_rebel_msgs_s.ep.rosidl_typesupport_introspection_c.c
[0.676s] -- Up-to-date: /home/vasee22/igus-coffee-moveit/install/igus_rebel_msgs/lib/python3.12/site-packages/igus_rebel_msgs/msg
[0.676s] -- Up-to-date: /home/vasee22/igus-coffee-moveit/install/igus_rebel_msgs/lib/python3.12/site-packages/igus_rebel_msgs/msg/__init__.py
[0.676s] -- Up-to-date: /home/vasee22/igus-coffee-moveit/install/igus_rebel_msgs/lib/python3.12/site-packages/igus_rebel_msgs/msg/_digital_output_s.c
[0.676s] -- Up-to-date: /home/vasee22/igus-coffee-moveit/install/igus_rebel_msgs/lib/python3.12/site-packages/igus_rebel_msgs/msg/_digital_output.py
[0.676s] -- Installing: /home/vasee22/igus-coffee-moveit/install/igus_rebel_msgs/lib/python3.12/site-packages/igus_rebel_msgs/igus_rebel_msgs_s__rosidl_typesupport_introspection_c.so
[0.676s] -- Up-to-date: /home/vasee22/igus-coffee-moveit/install/igus_rebel_msgs/lib/python3.12/site-packages/igus_rebel_msgs/srv
[0.676s] -- Up-to-date: /home/vasee22/igus-coffee-moveit/install/igus_rebel_msgs/lib/python3.12/site-packages/igus_rebel_msgs/srv/__init__.py
[0.676s] -- Up-to-date: /home/vasee22/igus-coffee-moveit/install/igus_rebel_msgs/lib/python3.12/site-packages/igus_rebel_msgs/srv/_set_digital_output_s.c
[0.676s] -- Up-to-date: /home/vasee22/igus-coffee-moveit/install/igus_rebel_msgs/lib/python3.12/site-packages/igus_rebel_msgs/srv/_set_digital_output.py
[0.676s] -- Installing: /home/vasee22/igus-coffee-moveit/install/igus_rebel_msgs/lib/python3.12/site-packages/igus_rebel_msgs/igus_rebel_msgs_s__rosidl_typesupport_fastrtps_c.so
[0.677s] -- Up-to-date: /home/vasee22/igus-coffee-moveit/install/igus_rebel_msgs/lib/python3.12/site-packages/igus_rebel_msgs/_igus_rebel_msgs_s.ep.rosidl_typesupport_c.c
[0.677s] -- Up-to-date: /home/vasee22/igus-coffee-moveit/install/igus_rebel_msgs/lib/python3.12/site-packages/igus_rebel_msgs/_igus_rebel_msgs_s.ep.rosidl_typesupport_fastrtps_c.c
[0.677s] -- Installing: /home/vasee22/igus-coffee-moveit/install/igus_rebel_msgs/lib/python3.12/site-packages/igus_rebel_msgs/igus_rebel_msgs_s__rosidl_typesupport_c.so
[0.737s] Listing '/home/vasee22/igus-coffee-moveit/install/igus_rebel_msgs/lib/python3.12/site-packages/igus_rebel_msgs'...
[0.737s] Compiling '/home/vasee22/igus-coffee-moveit/install/igus_rebel_msgs/lib/python3.12/site-packages/igus_rebel_msgs/__init__.py'...
[0.737s] Listing '/home/vasee22/igus-coffee-moveit/install/igus_rebel_msgs/lib/python3.12/site-packages/igus_rebel_msgs/msg'...
[0.737s] Compiling '/home/vasee22/igus-coffee-moveit/install/igus_rebel_msgs/lib/python3.12/site-packages/igus_rebel_msgs/msg/__init__.py'...
[0.737s] Compiling '/home/vasee22/igus-coffee-moveit/install/igus_rebel_msgs/lib/python3.12/site-packages/igus_rebel_msgs/msg/_digital_output.py'...
[0.737s] Listing '/home/vasee22/igus-coffee-moveit/install/igus_rebel_msgs/lib/python3.12/site-packages/igus_rebel_msgs/srv'...
[0.737s] Compiling '/home/vasee22/igus-coffee-moveit/install/igus_rebel_msgs/lib/python3.12/site-packages/igus_rebel_msgs/srv/__init__.py'...
[0.737s] Compiling '/home/vasee22/igus-coffee-moveit/install/igus_rebel_msgs/lib/python3.12/site-packages/igus_rebel_msgs/srv/_set_digital_output.py'...
[0.746s] -- Installing: /home/vasee22/igus-coffee-moveit/install/igus_rebel_msgs/lib/python3.12/site-packages/igus_rebel_msgs/igus_rebel_msgs_s__rosidl_typesupport_fastrtps_c.so
[0.746s] -- Set non-toolchain portion of runtime path of "/home/vasee22/igus-coffee-moveit/install/igus_rebel_msgs/lib/python3.12/site-packages/igus_rebel_msgs/igus_rebel_msgs_s__rosidl_typesupport_fastrtps_c.so" to ""
[0.746s] -- Installing: /home/vasee22/igus-coffee-moveit/install/igus_rebel_msgs/lib/python3.12/site-packages/igus_rebel_msgs/igus_rebel_msgs_s__rosidl_typesupport_introspection_c.so
[0.746s] -- Set non-toolchain portion of runtime path of "/home/vasee22/igus-coffee-moveit/install/igus_rebel_msgs/lib/python3.12/site-packages/igus_rebel_msgs/igus_rebel_msgs_s__rosidl_typesupport_introspection_c.so" to ""
[0.746s] -- Installing: /home/vasee22/igus-coffee-moveit/install/igus_rebel_msgs/lib/python3.12/site-packages/igus_rebel_msgs/igus_rebel_msgs_s__rosidl_typesupport_c.so
[0.747s] -- Set non-toolchain portion of runtime path of "/home/vasee22/igus-coffee-moveit/install/igus_rebel_msgs/lib/python3.12/site-packages/igus_rebel_msgs/igus_rebel_msgs_s__rosidl_typesupport_c.so" to ""
[0.747s] -- Installing: /home/vasee22/igus-coffee-moveit/install/igus_rebel_msgs/lib/libigus_rebel_msgs__rosidl_generator_py.so
[0.747s] -- Set non-toolchain portion of runtime path of "/home/vasee22/igus-coffee-moveit/install/igus_rebel_msgs/lib/libigus_rebel_msgs__rosidl_generator_py.so" to ""
[0.747s] -- Up-to-date: /home/vasee22/igus-coffee-moveit/install/igus_rebel_msgs/share/ament_index/resource_index/rust_packages/igus_rebel_msgs
[0.747s] -- Up-to-date: /home/vasee22/igus-coffee-moveit/install/igus_rebel_msgs/share/igus_rebel_msgs/rust
[0.748s] -- Up-to-date: /home/vasee22/igus-coffee-moveit/install/igus_rebel_msgs/share/igus_rebel_msgs/rust/src
[0.748s] -- Up-to-date: /home/vasee22/igus-coffee-moveit/install/igus_rebel_msgs/share/igus_rebel_msgs/rust/src/lib.rs
[0.748s] -- Up-to-date: /home/vasee22/igus-coffee-moveit/install/igus_rebel_msgs/share/igus_rebel_msgs/rust/src/msg.rs
[0.748s] -- Up-to-date: /home/vasee22/igus-coffee-moveit/install/igus_rebel_msgs/share/igus_rebel_msgs/rust/src/srv.rs
[0.748s] -- Up-to-date: /home/vasee22/igus-coffee-moveit/install/igus_rebel_msgs/share/igus_rebel_msgs/rust/src/msg
[0.748s] -- Up-to-date: /home/vasee22/igus-coffee-moveit/install/igus_rebel_msgs/share/igus_rebel_msgs/rust/src/msg/rmw.rs
[0.749s] -- Up-to-date: /home/vasee22/igus-coffee-moveit/install/igus_rebel_msgs/share/igus_rebel_msgs/rust/src/srv
[0.749s] -- Up-to-date: /home/vasee22/igus-coffee-moveit/install/igus_rebel_msgs/share/igus_rebel_msgs/rust/src/srv/rmw.rs
[0.749s] -- Up-to-date: /home/vasee22/igus-coffee-moveit/install/igus_rebel_msgs/share/igus_rebel_msgs/rust/Cargo.toml
[0.749s] -- Up-to-date: /home/vasee22/igus-coffee-moveit/install/igus_rebel_msgs/share/igus_rebel_msgs/rust/build.rs
[0.749s] -- Up-to-date: /home/vasee22/igus-coffee-moveit/install/igus_rebel_msgs/share/igus_rebel_msgs/msg/DigitalOutput.idl
[0.749s] -- Up-to-date: /home/vasee22/igus-coffee-moveit/install/igus_rebel_msgs/share/igus_rebel_msgs/srv/SetDigitalOutput.idl
[0.749s] -- Up-to-date: /home/vasee22/igus-coffee-moveit/install/igus_rebel_msgs/share/igus_rebel_msgs/msg/DigitalOutput.msg
[0.749s] -- Up-to-date: /home/vasee22/igus-coffee-moveit/install/igus_rebel_msgs/share/igus_rebel_msgs/srv/SetDigitalOutput.srv
[0.749s] -- Up-to-date: /home/vasee22/igus-coffee-moveit/install/igus_rebel_msgs/share/ament_index/resource_index/package_run_dependencies/igus_rebel_msgs
[0.749s] -- Up-to-date: /home/vasee22/igus-coffee-moveit/install/igus_rebel_msgs/share/ament_index/resource_index/parent_prefix_path/igus_rebel_msgs
[0.749s] -- Up-to-date: /home/vasee22/igus-coffee-moveit/install/igus_rebel_msgs/share/igus_rebel_msgs/environment/ament_prefix_path.sh
[0.749s] -- Up-to-date: /home/vasee22/igus-coffee-moveit/install/igus_rebel_msgs/share/igus_rebel_msgs/environment/ament_prefix_path.dsv
[0.750s] -- Up-to-date: /home/vasee22/igus-coffee-moveit/install/igus_rebel_msgs/share/igus_rebel_msgs/environment/path.sh
[0.750s] -- Up-to-date: /home/vasee22/igus-coffee-moveit/install/igus_rebel_msgs/share/igus_rebel_msgs/environment/path.dsv
[0.750s] -- Up-to-date: /home/vasee22/igus-coffee-moveit/install/igus_rebel_msgs/share/igus_rebel_msgs/local_setup.bash
[0.750s] -- Up-to-date: /home/vasee22/igus-coffee-moveit/install/igus_rebel_msgs/share/igus_rebel_msgs/local_setup.sh
[0.750s] -- Up-to-date: /home/vasee22/igus-coffee-moveit/install/igus_rebel_msgs/share/igus_rebel_msgs/local_setup.zsh
[0.750s] -- Up-to-date: /home/vasee22/igus-coffee-moveit/install/igus_rebel_msgs/share/igus_rebel_msgs/local_setup.dsv
[0.750s] -- Installing: /home/vasee22/igus-coffee-moveit/install/igus_rebel_msgs/share/igus_rebel_msgs/package.dsv
[0.750s] -- Up-to-date: /home/vasee22/igus-coffee-moveit/install/igus_rebel_msgs/share/ament_index/resource_index/packages/igus_rebel_msgs
[0.750s] -- Up-to-date: /home/vasee22/igus-coffee-moveit/install/igus_rebel_msgs/share/igus_rebel_msgs/cmake/export_igus_rebel_msgs__rosidl_generator_cExport.cmake
[0.750s] -- Up-to-date: /home/vasee22/igus-coffee-moveit/install/igus_rebel_msgs/share/igus_rebel_msgs/cmake/export_igus_rebel_msgs__rosidl_generator_cExport-noconfig.cmake
[0.750s] -- Up-to-date: /home/vasee22/igus-coffee-moveit/install/igus_rebel_msgs/share/igus_rebel_msgs/cmake/export_igus_rebel_msgs__rosidl_typesupport_fastrtps_cExport.cmake
[0.750s] -- Up-to-date: /home/vasee22/igus-coffee-moveit/install/igus_rebel_msgs/share/igus_rebel_msgs/cmake/export_igus_rebel_msgs__rosidl_typesupport_fastrtps_cExport-noconfig.cmake
[0.751s] -- Up-to-date: /home/vasee22/igus-coffee-moveit/install/igus_rebel_msgs/share/igus_rebel_msgs/cmake/export_igus_rebel_msgs__rosidl_generator_cppExport.cmake
[0.752s] -- Up-to-date: /home/vasee22/igus-coffee-moveit/install/igus_rebel_msgs/share/igus_rebel_msgs/cmake/export_igus_rebel_msgs__rosidl_typesupport_fastrtps_cppExport.cmake
[0.753s] -- Up-to-date: /home/vasee22/igus-coffee-moveit/install/igus_rebel_msgs/share/igus_rebel_msgs/cmake/export_igus_rebel_msgs__rosidl_typesupport_fastrtps_cppExport-noconfig.cmake
[0.753s] -- Up-to-date: /home/vasee22/igus-coffee-moveit/install/igus_rebel_msgs/share/igus_rebel_msgs/cmake/igus_rebel_msgs__rosidl_typesupport_introspection_cExport.cmake
[0.753s] -- Up-to-date: /home/vasee22/igus-coffee-moveit/install/igus_rebel_msgs/share/igus_rebel_msgs/cmake/igus_rebel_msgs__rosidl_typesupport_introspection_cExport-noconfig.cmake
[0.754s] -- Up-to-date: /home/vasee22/igus-coffee-moveit/install/igus_rebel_msgs/share/igus_rebel_msgs/cmake/igus_rebel_msgs__rosidl_typesupport_cExport.cmake
[0.754s] -- Up-to-date: /home/vasee22/igus-coffee-moveit/install/igus_rebel_msgs/share/igus_rebel_msgs/cmake/igus_rebel_msgs__rosidl_typesupport_cExport-noconfig.cmake
[0.754s] -- Up-to-date: /home/vasee22/igus-coffee-moveit/install/igus_rebel_msgs/share/igus_rebel_msgs/cmake/igus_rebel_msgs__rosidl_typesupport_introspection_cppExport.cmake
[0.754s] -- Up-to-date: /home/vasee22/igus-coffee-moveit/install/igus_rebel_msgs/share/igus_rebel_msgs/cmake/igus_rebel_msgs__rosidl_typesupport_introspection_cppExport-noconfig.cmake
[0.754s] -- Up-to-date: /home/vasee22/igus-coffee-moveit/install/igus_rebel_msgs/share/igus_rebel_msgs/cmake/igus_rebel_msgs__rosidl_typesupport_cppExport.cmake
[0.754s] -- Up-to-date: /home/vasee22/igus-coffee-moveit/install/igus_rebel_msgs/share/igus_rebel_msgs/cmake/igus_rebel_msgs__rosidl_typesupport_cppExport-noconfig.cmake
[0.754s] -- Up-to-date: /home/vasee22/igus-coffee-moveit/install/igus_rebel_msgs/share/igus_rebel_msgs/cmake/export_igus_rebel_msgs__rosidl_generator_pyExport.cmake
[0.755s] -- Up-to-date: /home/vasee22/igus-coffee-moveit/install/igus_rebel_msgs/share/igus_rebel_msgs/cmake/export_igus_rebel_msgs__rosidl_generator_pyExport-noconfig.cmake
[0.755s] -- Up-to-date: /home/vasee22/igus-coffee-moveit/install/igus_rebel_msgs/share/igus_rebel_msgs/cmake/rosidl_cmake-extras.cmake
[0.755s] -- Up-to-date: /home/vasee22/igus-coffee-moveit/install/igus_rebel_msgs/share/igus_rebel_msgs/cmake/ament_cmake_export_dependencies-extras.cmake
[0.755s] -- Up-to-date: /home/vasee22/igus-coffee-moveit/install/igus_rebel_msgs/share/igus_rebel_msgs/cmake/ament_cmake_export_include_directories-extras.cmake
[0.755s] -- Up-to-date: /home/vasee22/igus-coffee-moveit/install/igus_rebel_msgs/share/igus_rebel_msgs/cmake/ament_cmake_export_libraries-extras.cmake
[0.755s] -- Up-to-date: /home/vasee22/igus-coffee-moveit/install/igus_rebel_msgs/share/igus_rebel_msgs/cmake/ament_cmake_export_targets-extras.cmake
[0.755s] -- Up-to-date: /home/vasee22/igus-coffee-moveit/install/igus_rebel_msgs/share/igus_rebel_msgs/cmake/rosidl_cmake_export_typesupport_targets-extras.cmake
[0.755s] -- Up-to-date: /home/vasee22/igus-coffee-moveit/install/igus_rebel_msgs/share/igus_rebel_msgs/cmake/rosidl_cmake_export_typesupport_libraries-extras.cmake
[0.756s] -- Up-to-date: /home/vasee22/igus-coffee-moveit/install/igus_rebel_msgs/share/igus_rebel_msgs/cmake/igus_rebel_msgsConfig.cmake
[0.756s] -- Up-to-date: /home/vasee22/igus-coffee-moveit/install/igus_rebel_msgs/share/igus_rebel_msgs/cmake/igus_rebel_msgsConfig-version.cmake
[0.756s] -- Up-to-date: /home/vasee22/igus-coffee-moveit/install/igus_rebel_msgs/share/igus_rebel_msgs/package.xml
[0.756s] Invoked command in '/home/vasee22/igus-coffee-moveit/build/igus_rebel_msgs' returned '0': CMAKE_PREFIX_PATH=${CMAKE_PREFIX_PATH}:/home/vasee22/igus-coffee-moveit/install/modbus_ros:/home/vasee22/COAR-ROS2-Workspace-mai/install/modbus_ros:/opt/ros/jazzy DEBUGINFOD_URLS=https://debuginfod.ubuntu.com /usr/bin/cmake --install /home/vasee22/igus-coffee-moveit/build/igus_rebel_msgs
