[0.006s] Invoking command in '/home/vasee22/igus-coffee-moveit/build/igus_rebel': CMAKE_PREFIX_PATH=/home/vasee22/igus-coffee-moveit/install/igus_rebel_msgs:/home/vasee22/igus-coffee-moveit/install/igus_rebel:/home/vasee22/igus-coffee-moveit/install/igus_rebel_moveit_config:/home/vasee22/igus-coffee-moveit/install/igus_rebel_description:/home/vasee22/COAR-ROS2-Workspace-mai/install/moveit_task_constructor_demo:/home/vasee22/COAR-ROS2-Workspace-mai/install/moveit_task_constructor_visualization:/home/vasee22/COAR-ROS2-Workspace-mai/install/moveit_task_constructor_capabilities:/home/vasee22/COAR-ROS2-Workspace-mai/install/igus_rebel:/home/vasee22/COAR-ROS2-Workspace-mai/install/moveit_task_constructor_core:/home/vasee22/COAR-ROS2-Workspace-mai/install/rviz_marker_tools:/home/vasee22/COAR-ROS2-Workspace-mai/install/moveit_task_constructor_msgs:/home/vasee22/COAR-ROS2-Workspace-mai/install/igus_rebel_msgs:/home/vasee22/COAR-ROS2-Workspace-mai/install/igus_rebel_moveit_config:/home/vasee22/COAR-ROS2-Workspace-mai/install/igus_rebel_description:/opt/ros/jazzy/opt/gz_sim_vendor:/opt/ros/jazzy/opt/gz_sensors_vendor:/opt/ros/jazzy/opt/gz_physics_vendor:/opt/ros/jazzy/opt/sdformat_vendor:/opt/ros/jazzy/opt/gz_gui_vendor:/opt/ros/jazzy/opt/gz_transport_vendor:/opt/ros/jazzy/opt/gz_rendering_vendor:/opt/ros/jazzy/opt/gz_plugin_vendor:/opt/ros/jazzy/opt/gz_fuel_tools_vendor:/opt/ros/jazzy/opt/gz_msgs_vendor:/opt/ros/jazzy/opt/gz_common_vendor:/opt/ros/jazzy/opt/gz_math_vendor:/opt/ros/jazzy/opt/gz_utils_vendor:/opt/ros/jazzy/opt/gz_tools_vendor:/opt/ros/jazzy/opt/gz_ogre_next_vendor:/opt/ros/jazzy/opt/gz_dartsim_vendor:/opt/ros/jazzy/opt/gz_cmake_vendor:/home/vasee22/igus-coffee-moveit/install/modbus_ros:/home/vasee22/COAR-ROS2-Workspace-mai/install/modbus_ros:/opt/ros/jazzy DEBUGINFOD_URLS=https://debuginfod.ubuntu.com LD_LIBRARY_PATH=/home/vasee22/igus-coffee-moveit/install/igus_rebel_msgs/lib:/home/vasee22/igus-coffee-moveit/install/igus_rebel/lib:/home/vasee22/COAR-ROS2-Workspace-mai/install/moveit_task_constructor_demo/lib:/home/vasee22/COAR-ROS2-Workspace-mai/install/moveit_task_constructor_visualization/lib:/home/vasee22/COAR-ROS2-Workspace-mai/install/moveit_task_constructor_capabilities/lib:/home/vasee22/COAR-ROS2-Workspace-mai/install/igus_rebel/lib:/home/vasee22/COAR-ROS2-Workspace-mai/install/moveit_task_constructor_core/lib:/home/vasee22/COAR-ROS2-Workspace-mai/install/rviz_marker_tools/lib:/home/vasee22/COAR-ROS2-Workspace-mai/install/moveit_task_constructor_msgs/lib:/home/vasee22/COAR-ROS2-Workspace-mai/install/igus_rebel_msgs/lib:/opt/ros/jazzy/opt/gz_sim_vendor/lib:/opt/ros/jazzy/opt/gz_sensors_vendor/lib:/opt/ros/jazzy/opt/gz_physics_vendor/lib:/opt/ros/jazzy/opt/sdformat_vendor/lib:/opt/ros/jazzy/opt/rviz_ogre_vendor/lib:/opt/ros/jazzy/lib/x86_64-linux-gnu:/opt/ros/jazzy/opt/gz_gui_vendor/lib:/opt/ros/jazzy/opt/gz_transport_vendor/lib:/opt/ros/jazzy/opt/gz_rendering_vendor/lib:/opt/ros/jazzy/opt/gz_plugin_vendor/lib:/opt/ros/jazzy/opt/gz_fuel_tools_vendor/lib:/opt/ros/jazzy/opt/gz_msgs_vendor/lib:/opt/ros/jazzy/opt/gz_common_vendor/lib:/opt/ros/jazzy/opt/gz_math_vendor/lib:/opt/ros/jazzy/opt/gz_utils_vendor/lib:/opt/ros/jazzy/opt/gz_tools_vendor/lib:/opt/ros/jazzy/opt/gz_ogre_next_vendor/lib:/opt/ros/jazzy/opt/gz_dartsim_vendor/lib:/opt/ros/jazzy/opt/gz_cmake_vendor/lib:/opt/ros/jazzy/lib PYTHONPATH=/home/vasee22/igus-coffee-moveit/install/igus_rebel_msgs/lib/python3.12/site-packages:/home/vasee22/igus-coffee-moveit/install/modbus_ros/lib/python3.12/site-packages:/home/vasee22/COAR-ROS2-Workspace-mai/install/moveit_task_constructor_core/lib/python3.12/site-packages:/home/vasee22/COAR-ROS2-Workspace-mai/install/moveit_task_constructor_msgs/lib/python3.12/site-packages:/home/vasee22/COAR-ROS2-Workspace-mai/install/modbus_ros/lib/python3.12/site-packages:/home/vasee22/COAR-ROS2-Workspace-mai/install/igus_rebel_msgs/lib/python3.12/site-packages:/opt/ros/jazzy/lib/python3.12/site-packages /usr/bin/cmake --build /home/vasee22/igus-coffee-moveit/build/igus_rebel -- -j24 -l24
[0.030s] -- Found ament_cmake: 2.5.5 (/opt/ros/jazzy/share/ament_cmake/cmake)
[0.170s] -- Found rclcpp: 28.1.16 (/opt/ros/jazzy/share/rclcpp/cmake)
[0.193s] -- Found rosidl_generator_c: 4.6.7 (/opt/ros/jazzy/share/rosidl_generator_c/cmake)
[0.199s] -- Found rosidl_generator_cpp: 4.6.7 (/opt/ros/jazzy/share/rosidl_generator_cpp/cmake)
[0.207s] -- Using all available rosidl_typesupport_c: rosidl_typesupport_fastrtps_c;rosidl_typesupport_introspection_c
[0.217s] -- Using all available rosidl_typesupport_cpp: rosidl_typesupport_fastrtps_cpp;rosidl_typesupport_introspection_cpp
[0.263s] -- Found rmw_implementation_cmake: 7.3.3 (/opt/ros/jazzy/share/rmw_implementation_cmake/cmake)
[0.264s] -- Found rmw_fastrtps_cpp: 8.4.3 (/opt/ros/jazzy/share/rmw_fastrtps_cpp/cmake)
[0.302s] -- Using RMW implementation 'rmw_fastrtps_cpp' as default
[0.341s] -- Found rclpy: 7.1.9 (/opt/ros/jazzy/share/rclpy/cmake)
[0.341s] -- Found std_msgs: 5.3.6 (/opt/ros/jazzy/share/std_msgs/cmake)
[0.348s] -- Found sensor_msgs: 5.3.6 (/opt/ros/jazzy/share/sensor_msgs/cmake)
[0.370s] -- Found igus_rebel_msgs: 0.0.0 (/home/vasee22/igus-coffee-moveit/install/igus_rebel_msgs/share/igus_rebel_msgs/cmake)
[0.377s] -- Found moveit_ros_planning_interface: 2.12.4 (/opt/ros/jazzy/share/moveit_ros_planning_interface/cmake)
[0.385s] -- Found Boost: /usr/lib/x86_64-linux-gnu/cmake/Boost-1.83.0/BoostConfig.cmake (found version "1.83.0") found components: date_time filesystem program_options system thread 
[0.507s] -- Found Boost: /usr/lib/x86_64-linux-gnu/cmake/Boost-1.83.0/BoostConfig.cmake (found version "1.83.0") found components: chrono date_time filesystem iostreams program_options regex serialization system thread 
[0.532s] -- Found parameter_traits: 0.6.0 (/opt/ros/jazzy/share/parameter_traits/cmake)
[0.536s] -- Found rclcpp_lifecycle: 28.1.16 (/opt/ros/jazzy/share/rclcpp_lifecycle/cmake)
[0.555s] -- Found Boost: /usr/lib/x86_64-linux-gnu/cmake/Boost-1.83.0/BoostConfig.cmake (found version "1.83.0") found components: filesystem 
[0.583s] -- Ensuring Eigen3 include directory is part of orocos-kdl CMake target
[0.661s] -- Found Boost: /usr/lib/x86_64-linux-gnu/cmake/Boost-1.83.0/BoostConfig.cmake (found version "1.83.0") found components: system filesystem date_time program_options thread chrono 
[0.689s] -- Found Boost: /usr/lib/x86_64-linux-gnu/cmake/Boost-1.83.0/BoostConfig.cmake (found version "1.83.0") found components: thread system filesystem regex date_time program_options 
[0.703s] -- Found Boost: /usr/lib/x86_64-linux-gnu/cmake/Boost-1.83.0/BoostConfig.cmake (found version "1.83.0") found components: system filesystem date_time program_options thread 
[0.728s] -- Found moveit_task_constructor_core: 0.1.4 (/home/vasee22/COAR-ROS2-Workspace-mai/install/moveit_task_constructor_core/share/moveit_task_constructor_core/cmake)
[0.768s] -- Found hardware_interface: 4.42.2 (/opt/ros/jazzy/share/hardware_interface/cmake)
[0.828s] -- Found ament_lint_auto: 0.17.4 (/opt/ros/jazzy/share/ament_lint_auto/cmake)
[0.888s] -- Added test 'cppcheck' to perform static code analysis on C / C++ code
[0.888s] -- Configured cppcheck include dirs: /home/vasee22/igus-coffee-moveit/src/igus_rebel_ros2/igus_rebel/include
[0.888s] -- Configured cppcheck exclude dirs and/or files: 
[0.888s] -- Added test 'flake8' to check Python code syntax and style conventions
[0.888s] -- Configured 'flake8' exclude dirs and/or files: 
[0.888s] -- Added test 'lint_cmake' to check CMake code style
[0.888s] -- Added test 'pep257' to check Python code against some of the docstring style conventions in PEP 257
[0.889s] -- Added test 'uncrustify' to check C / C++ code style
[0.889s] -- Configured uncrustify additional arguments: 
[0.889s] -- Added test 'xmllint' to check XML markup files
[0.890s] -- Configuring done (0.9s)
[0.943s] -- Generating done (0.0s)
[0.961s] -- Build files have been written to: /home/vasee22/igus-coffee-moveit/build/igus_rebel
[0.993s] [  7%] [32mBuilding CXX object CMakeFiles/setup_environment.dir/src/setup_environment.cpp.o[0m
[0.998s] [01m[K/home/vasee22/igus-coffee-moveit/src/igus_rebel_ros2/igus_rebel/src/setup_environment.cpp:1:10:[m[K [01;31m[Kfatal error: [m[Ksimple_task.hpp: No such file or directory
[0.998s]     1 | #include [01;31m[K"simple_task.hpp"[m[K  // or the header where SimpleTask is defined
[0.998s]       |          [01;31m[K^~~~~~~~~~~~~~~~~[m[K
[0.998s] compilation terminated.
[0.999s] gmake[2]: *** [CMakeFiles/setup_environment.dir/build.make:76: CMakeFiles/setup_environment.dir/src/setup_environment.cpp.o] Error 1
[0.999s] gmake[1]: *** [CMakeFiles/Makefile2:251: CMakeFiles/setup_environment.dir/all] Error 2
[0.999s] gmake[1]: *** Waiting for unfinished jobs....
[1.004s] [ 71%] Built target igus_rail_moveit
[1.004s] [ 71%] Built target igus_moveit
[1.004s] [ 71%] Built target random_pose_node
[1.004s] [ 78%] Built target igus_rebel
[1.006s] [ 85%] [32mBuilding CXX object CMakeFiles/pick_and_place.dir/src/pick_and_place.cpp.o[0m
[6.596s] [ 92%] [32m[1mLinking CXX executable pick_and_place[0m
[6.811s] /usr/bin/ld: CMakeFiles/pick_and_place.dir/src/pick_and_place.cpp.o: in function `SimpleTask::doTask()':
[6.811s] pick_and_place.cpp:(.text+0x227): undefined reference to `SimpleTask::setupPlanningScene()'
[6.825s] collect2: error: ld returned 1 exit status
[6.826s] gmake[2]: *** [CMakeFiles/pick_and_place.dir/build.make:387: pick_and_place] Error 1
[6.826s] gmake[1]: *** [CMakeFiles/Makefile2:225: CMakeFiles/pick_and_place.dir/all] Error 2
[6.827s] gmake: *** [Makefile:146: all] Error 2
[6.829s] Invoked command in '/home/vasee22/igus-coffee-moveit/build/igus_rebel' returned '2': CMAKE_PREFIX_PATH=/home/vasee22/igus-coffee-moveit/install/igus_rebel_msgs:/home/vasee22/igus-coffee-moveit/install/igus_rebel:/home/vasee22/igus-coffee-moveit/install/igus_rebel_moveit_config:/home/vasee22/igus-coffee-moveit/install/igus_rebel_description:/home/vasee22/COAR-ROS2-Workspace-mai/install/moveit_task_constructor_demo:/home/vasee22/COAR-ROS2-Workspace-mai/install/moveit_task_constructor_visualization:/home/vasee22/COAR-ROS2-Workspace-mai/install/moveit_task_constructor_capabilities:/home/vasee22/COAR-ROS2-Workspace-mai/install/igus_rebel:/home/vasee22/COAR-ROS2-Workspace-mai/install/moveit_task_constructor_core:/home/vasee22/COAR-ROS2-Workspace-mai/install/rviz_marker_tools:/home/vasee22/COAR-ROS2-Workspace-mai/install/moveit_task_constructor_msgs:/home/vasee22/COAR-ROS2-Workspace-mai/install/igus_rebel_msgs:/home/vasee22/COAR-ROS2-Workspace-mai/install/igus_rebel_moveit_config:/home/vasee22/COAR-ROS2-Workspace-mai/install/igus_rebel_description:/opt/ros/jazzy/opt/gz_sim_vendor:/opt/ros/jazzy/opt/gz_sensors_vendor:/opt/ros/jazzy/opt/gz_physics_vendor:/opt/ros/jazzy/opt/sdformat_vendor:/opt/ros/jazzy/opt/gz_gui_vendor:/opt/ros/jazzy/opt/gz_transport_vendor:/opt/ros/jazzy/opt/gz_rendering_vendor:/opt/ros/jazzy/opt/gz_plugin_vendor:/opt/ros/jazzy/opt/gz_fuel_tools_vendor:/opt/ros/jazzy/opt/gz_msgs_vendor:/opt/ros/jazzy/opt/gz_common_vendor:/opt/ros/jazzy/opt/gz_math_vendor:/opt/ros/jazzy/opt/gz_utils_vendor:/opt/ros/jazzy/opt/gz_tools_vendor:/opt/ros/jazzy/opt/gz_ogre_next_vendor:/opt/ros/jazzy/opt/gz_dartsim_vendor:/opt/ros/jazzy/opt/gz_cmake_vendor:/home/vasee22/igus-coffee-moveit/install/modbus_ros:/home/vasee22/COAR-ROS2-Workspace-mai/install/modbus_ros:/opt/ros/jazzy DEBUGINFOD_URLS=https://debuginfod.ubuntu.com LD_LIBRARY_PATH=/home/vasee22/igus-coffee-moveit/install/igus_rebel_msgs/lib:/home/vasee22/igus-coffee-moveit/install/igus_rebel/lib:/home/vasee22/COAR-ROS2-Workspace-mai/install/moveit_task_constructor_demo/lib:/home/vasee22/COAR-ROS2-Workspace-mai/install/moveit_task_constructor_visualization/lib:/home/vasee22/COAR-ROS2-Workspace-mai/install/moveit_task_constructor_capabilities/lib:/home/vasee22/COAR-ROS2-Workspace-mai/install/igus_rebel/lib:/home/vasee22/COAR-ROS2-Workspace-mai/install/moveit_task_constructor_core/lib:/home/vasee22/COAR-ROS2-Workspace-mai/install/rviz_marker_tools/lib:/home/vasee22/COAR-ROS2-Workspace-mai/install/moveit_task_constructor_msgs/lib:/home/vasee22/COAR-ROS2-Workspace-mai/install/igus_rebel_msgs/lib:/opt/ros/jazzy/opt/gz_sim_vendor/lib:/opt/ros/jazzy/opt/gz_sensors_vendor/lib:/opt/ros/jazzy/opt/gz_physics_vendor/lib:/opt/ros/jazzy/opt/sdformat_vendor/lib:/opt/ros/jazzy/opt/rviz_ogre_vendor/lib:/opt/ros/jazzy/lib/x86_64-linux-gnu:/opt/ros/jazzy/opt/gz_gui_vendor/lib:/opt/ros/jazzy/opt/gz_transport_vendor/lib:/opt/ros/jazzy/opt/gz_rendering_vendor/lib:/opt/ros/jazzy/opt/gz_plugin_vendor/lib:/opt/ros/jazzy/opt/gz_fuel_tools_vendor/lib:/opt/ros/jazzy/opt/gz_msgs_vendor/lib:/opt/ros/jazzy/opt/gz_common_vendor/lib:/opt/ros/jazzy/opt/gz_math_vendor/lib:/opt/ros/jazzy/opt/gz_utils_vendor/lib:/opt/ros/jazzy/opt/gz_tools_vendor/lib:/opt/ros/jazzy/opt/gz_ogre_next_vendor/lib:/opt/ros/jazzy/opt/gz_dartsim_vendor/lib:/opt/ros/jazzy/opt/gz_cmake_vendor/lib:/opt/ros/jazzy/lib PYTHONPATH=/home/vasee22/igus-coffee-moveit/install/igus_rebel_msgs/lib/python3.12/site-packages:/home/vasee22/igus-coffee-moveit/install/modbus_ros/lib/python3.12/site-packages:/home/vasee22/COAR-ROS2-Workspace-mai/install/moveit_task_constructor_core/lib/python3.12/site-packages:/home/vasee22/COAR-ROS2-Workspace-mai/install/moveit_task_constructor_msgs/lib/python3.12/site-packages:/home/vasee22/COAR-ROS2-Workspace-mai/install/modbus_ros/lib/python3.12/site-packages:/home/vasee22/COAR-ROS2-Workspace-mai/install/igus_rebel_msgs/lib/python3.12/site-packages:/opt/ros/jazzy/lib/python3.12/site-packages /usr/bin/cmake --build /home/vasee22/igus-coffee-moveit/build/igus_rebel -- -j24 -l24
