[0.021s] Invoking command in '/home/vasee22/igus-coffee-moveit/build/igus_rebel_msgs': CMAKE_PREFIX_PATH=${CMAKE_PREFIX_PATH}:/home/vasee22/igus-coffee-moveit/install/modbus_ros:/home/vasee22/COAR-ROS2-Workspace-mai/install/modbus_ros:/opt/ros/jazzy DEBUGINFOD_URLS=https://debuginfod.ubuntu.com /usr/bin/cmake --build /home/vasee22/igus-coffee-moveit/build/igus_rebel_msgs -- -j24 -l24
[0.094s] [  2%] Built target igus_rebel_msgs__rosidl_generator_type_description
[0.108s] [  2%] Built target ament_cmake_python_copy_igus_rebel_msgs
[0.123s] [  4%] Built target igus_rebel_msgs__cpp
[0.125s] [ 22%] Built target igus_rebel_msgs__rosidl_generator_c
[0.158s] [ 40%] Built target igus_rebel_msgs__rosidl_typesupport_cpp
[0.158s] [ 40%] Built target igus_rebel_msgs__rosidl_typesupport_introspection_c
[0.158s] [ 59%] Built target igus_rebel_msgs__rosidl_typesupport_c
[0.158s] [ 59%] Built target igus_rebel_msgs__rosidl_typesupport_fastrtps_c
[0.158s] [ 68%] Built target igus_rebel_msgs__rosidl_typesupport_fastrtps_cpp
[0.159s] [ 77%] Built target igus_rebel_msgs__rosidl_typesupport_introspection_cpp
[0.187s] [ 77%] Built target igus_rebel_msgs
[0.215s] [ 79%] Built target igus_rebel_msgs__py
[0.247s] [ 86%] Built target igus_rebel_msgs__rosidl_generator_py
[0.283s] [100%] Built target igus_rebel_msgs_s__rosidl_typesupport_c
[0.283s] [100%] Built target igus_rebel_msgs_s__rosidl_typesupport_introspection_c
[0.283s] [100%] Built target igus_rebel_msgs_s__rosidl_typesupport_fastrtps_c
[0.358s] running egg_info
[0.380s] writing igus_rebel_msgs.egg-info/PKG-INFO
[0.380s] writing dependency_links to igus_rebel_msgs.egg-info/dependency_links.txt
[0.380s] writing top-level names to igus_rebel_msgs.egg-info/top_level.txt
[0.443s] reading manifest file 'igus_rebel_msgs.egg-info/SOURCES.txt'
[0.445s] writing manifest file 'igus_rebel_msgs.egg-info/SOURCES.txt'
[0.476s] [100%] Built target ament_cmake_python_build_igus_rebel_msgs_egg
[0.494s] Invoked command in '/home/vasee22/igus-coffee-moveit/build/igus_rebel_msgs' returned '0': CMAKE_PREFIX_PATH=${CMAKE_PREFIX_PATH}:/home/vasee22/igus-coffee-moveit/install/modbus_ros:/home/vasee22/COAR-ROS2-Workspace-mai/install/modbus_ros:/opt/ros/jazzy DEBUGINFOD_URLS=https://debuginfod.ubuntu.com /usr/bin/cmake --build /home/vasee22/igus-coffee-moveit/build/igus_rebel_msgs -- -j24 -l24
[0.495s] Invoking command in '/home/vasee22/igus-coffee-moveit/build/igus_rebel_msgs': CMAKE_PREFIX_PATH=${CMAKE_PREFIX_PATH}:/home/vasee22/igus-coffee-moveit/install/modbus_ros:/home/vasee22/COAR-ROS2-Workspace-mai/install/modbus_ros:/opt/ros/jazzy DEBUGINFOD_URLS=https://debuginfod.ubuntu.com /usr/bin/cmake --install /home/vasee22/igus-coffee-moveit/build/igus_rebel_msgs
[0.508s] -- Install configuration: ""
[0.509s] -- Up-to-date: /home/vasee22/igus-coffee-moveit/install/igus_rebel_msgs/share/ament_index/resource_index/rosidl_interfaces/igus_rebel_msgs
[0.509s] -- Up-to-date: /home/vasee22/igus-coffee-moveit/install/igus_rebel_msgs/share/igus_rebel_msgs/msg/DigitalOutput.json
[0.509s] -- Up-to-date: /home/vasee22/igus-coffee-moveit/install/igus_rebel_msgs/share/igus_rebel_msgs/srv/SetDigitalOutput.json
[0.509s] -- Up-to-date: /home/vasee22/igus-coffee-moveit/install/igus_rebel_msgs/include/igus_rebel_msgs/igus_rebel_msgs
[0.509s] -- Up-to-date: /home/vasee22/igus-coffee-moveit/install/igus_rebel_msgs/include/igus_rebel_msgs/igus_rebel_msgs/msg
[0.509s] -- Up-to-date: /home/vasee22/igus-coffee-moveit/install/igus_rebel_msgs/include/igus_rebel_msgs/igus_rebel_msgs/msg/digital_output.h
[0.509s] -- Up-to-date: /home/vasee22/igus-coffee-moveit/install/igus_rebel_msgs/include/igus_rebel_msgs/igus_rebel_msgs/msg/rosidl_generator_c__visibility_control.h
[0.510s] -- Up-to-date: /home/vasee22/igus-coffee-moveit/install/igus_rebel_msgs/include/igus_rebel_msgs/igus_rebel_msgs/msg/detail
[0.510s] -- Up-to-date: /home/vasee22/igus-coffee-moveit/install/igus_rebel_msgs/include/igus_rebel_msgs/igus_rebel_msgs/msg/detail/digital_output__type_support.h
[0.510s] -- Up-to-date: /home/vasee22/igus-coffee-moveit/install/igus_rebel_msgs/include/igus_rebel_msgs/igus_rebel_msgs/msg/detail/digital_output__description.c
[0.510s] -- Up-to-date: /home/vasee22/igus-coffee-moveit/install/igus_rebel_msgs/include/igus_rebel_msgs/igus_rebel_msgs/msg/detail/digital_output__type_support.c
[0.510s] -- Up-to-date: /home/vasee22/igus-coffee-moveit/install/igus_rebel_msgs/include/igus_rebel_msgs/igus_rebel_msgs/msg/detail/digital_output__functions.c
[0.510s] -- Up-to-date: /home/vasee22/igus-coffee-moveit/install/igus_rebel_msgs/include/igus_rebel_msgs/igus_rebel_msgs/msg/detail/digital_output__functions.h
[0.510s] -- Up-to-date: /home/vasee22/igus-coffee-moveit/install/igus_rebel_msgs/include/igus_rebel_msgs/igus_rebel_msgs/msg/detail/digital_output__struct.h
[0.510s] -- Up-to-date: /home/vasee22/igus-coffee-moveit/install/igus_rebel_msgs/include/igus_rebel_msgs/igus_rebel_msgs/srv
[0.510s] -- Up-to-date: /home/vasee22/igus-coffee-moveit/install/igus_rebel_msgs/include/igus_rebel_msgs/igus_rebel_msgs/srv/set_digital_output.h
[0.510s] -- Up-to-date: /home/vasee22/igus-coffee-moveit/install/igus_rebel_msgs/include/igus_rebel_msgs/igus_rebel_msgs/srv/detail
[0.510s] -- Up-to-date: /home/vasee22/igus-coffee-moveit/install/igus_rebel_msgs/include/igus_rebel_msgs/igus_rebel_msgs/srv/detail/set_digital_output__type_support.c
[0.511s] -- Up-to-date: /home/vasee22/igus-coffee-moveit/install/igus_rebel_msgs/include/igus_rebel_msgs/igus_rebel_msgs/srv/detail/set_digital_output__description.c
[0.511s] -- Up-to-date: /home/vasee22/igus-coffee-moveit/install/igus_rebel_msgs/include/igus_rebel_msgs/igus_rebel_msgs/srv/detail/set_digital_output__struct.h
[0.511s] -- Up-to-date: /home/vasee22/igus-coffee-moveit/install/igus_rebel_msgs/include/igus_rebel_msgs/igus_rebel_msgs/srv/detail/set_digital_output__functions.h
[0.511s] -- Up-to-date: /home/vasee22/igus-coffee-moveit/install/igus_rebel_msgs/include/igus_rebel_msgs/igus_rebel_msgs/srv/detail/set_digital_output__type_support.h
[0.511s] -- Up-to-date: /home/vasee22/igus-coffee-moveit/install/igus_rebel_msgs/include/igus_rebel_msgs/igus_rebel_msgs/srv/detail/set_digital_output__functions.c
[0.511s] -- Up-to-date: /home/vasee22/igus-coffee-moveit/install/igus_rebel_msgs/share/igus_rebel_msgs/environment/library_path.sh
[0.511s] -- Up-to-date: /home/vasee22/igus-coffee-moveit/install/igus_rebel_msgs/share/igus_rebel_msgs/environment/library_path.dsv
[0.511s] -- Up-to-date: /home/vasee22/igus-coffee-moveit/install/igus_rebel_msgs/lib/libigus_rebel_msgs__rosidl_generator_c.so
[0.511s] -- Up-to-date: /home/vasee22/igus-coffee-moveit/install/igus_rebel_msgs/include/igus_rebel_msgs/igus_rebel_msgs
[0.511s] -- Up-to-date: /home/vasee22/igus-coffee-moveit/install/igus_rebel_msgs/include/igus_rebel_msgs/igus_rebel_msgs/msg
[0.511s] -- Up-to-date: /home/vasee22/igus-coffee-moveit/install/igus_rebel_msgs/include/igus_rebel_msgs/igus_rebel_msgs/msg/rosidl_typesupport_fastrtps_c__visibility_control.h
[0.512s] -- Up-to-date: /home/vasee22/igus-coffee-moveit/install/igus_rebel_msgs/include/igus_rebel_msgs/igus_rebel_msgs/msg/detail
[0.512s] -- Up-to-date: /home/vasee22/igus-coffee-moveit/install/igus_rebel_msgs/include/igus_rebel_msgs/igus_rebel_msgs/msg/detail/digital_output__rosidl_typesupport_fastrtps_c.h
[0.512s] -- Up-to-date: /home/vasee22/igus-coffee-moveit/install/igus_rebel_msgs/include/igus_rebel_msgs/igus_rebel_msgs/srv
[0.512s] -- Up-to-date: /home/vasee22/igus-coffee-moveit/install/igus_rebel_msgs/include/igus_rebel_msgs/igus_rebel_msgs/srv/detail
[0.512s] -- Up-to-date: /home/vasee22/igus-coffee-moveit/install/igus_rebel_msgs/include/igus_rebel_msgs/igus_rebel_msgs/srv/detail/set_digital_output__rosidl_typesupport_fastrtps_c.h
[0.512s] -- Up-to-date: /home/vasee22/igus-coffee-moveit/install/igus_rebel_msgs/lib/libigus_rebel_msgs__rosidl_typesupport_fastrtps_c.so
[0.512s] -- Up-to-date: /home/vasee22/igus-coffee-moveit/install/igus_rebel_msgs/include/igus_rebel_msgs/igus_rebel_msgs
[0.512s] -- Up-to-date: /home/vasee22/igus-coffee-moveit/install/igus_rebel_msgs/include/igus_rebel_msgs/igus_rebel_msgs/msg
[0.512s] -- Up-to-date: /home/vasee22/igus-coffee-moveit/install/igus_rebel_msgs/include/igus_rebel_msgs/igus_rebel_msgs/msg/detail
[0.512s] -- Up-to-date: /home/vasee22/igus-coffee-moveit/install/igus_rebel_msgs/include/igus_rebel_msgs/igus_rebel_msgs/msg/detail/digital_output__struct.hpp
[0.512s] -- Up-to-date: /home/vasee22/igus-coffee-moveit/install/igus_rebel_msgs/include/igus_rebel_msgs/igus_rebel_msgs/msg/detail/digital_output__type_support.hpp
[0.513s] -- Up-to-date: /home/vasee22/igus-coffee-moveit/install/igus_rebel_msgs/include/igus_rebel_msgs/igus_rebel_msgs/msg/detail/digital_output__builder.hpp
[0.513s] -- Up-to-date: /home/vasee22/igus-coffee-moveit/install/igus_rebel_msgs/include/igus_rebel_msgs/igus_rebel_msgs/msg/detail/digital_output__traits.hpp
[0.513s] -- Up-to-date: /home/vasee22/igus-coffee-moveit/install/igus_rebel_msgs/include/igus_rebel_msgs/igus_rebel_msgs/msg/digital_output.hpp
[0.513s] -- Up-to-date: /home/vasee22/igus-coffee-moveit/install/igus_rebel_msgs/include/igus_rebel_msgs/igus_rebel_msgs/msg/rosidl_generator_cpp__visibility_control.hpp
[0.513s] -- Up-to-date: /home/vasee22/igus-coffee-moveit/install/igus_rebel_msgs/include/igus_rebel_msgs/igus_rebel_msgs/srv
[0.513s] -- Up-to-date: /home/vasee22/igus-coffee-moveit/install/igus_rebel_msgs/include/igus_rebel_msgs/igus_rebel_msgs/srv/set_digital_output.hpp
[0.513s] -- Up-to-date: /home/vasee22/igus-coffee-moveit/install/igus_rebel_msgs/include/igus_rebel_msgs/igus_rebel_msgs/srv/detail
[0.513s] -- Up-to-date: /home/vasee22/igus-coffee-moveit/install/igus_rebel_msgs/include/igus_rebel_msgs/igus_rebel_msgs/srv/detail/set_digital_output__type_support.hpp
[0.513s] -- Up-to-date: /home/vasee22/igus-coffee-moveit/install/igus_rebel_msgs/include/igus_rebel_msgs/igus_rebel_msgs/srv/detail/set_digital_output__builder.hpp
[0.513s] -- Up-to-date: /home/vasee22/igus-coffee-moveit/install/igus_rebel_msgs/include/igus_rebel_msgs/igus_rebel_msgs/srv/detail/set_digital_output__struct.hpp
[0.513s] -- Up-to-date: /home/vasee22/igus-coffee-moveit/install/igus_rebel_msgs/include/igus_rebel_msgs/igus_rebel_msgs/srv/detail/set_digital_output__traits.hpp
[0.513s] -- Up-to-date: /home/vasee22/igus-coffee-moveit/install/igus_rebel_msgs/include/igus_rebel_msgs/igus_rebel_msgs
[0.513s] -- Up-to-date: /home/vasee22/igus-coffee-moveit/install/igus_rebel_msgs/include/igus_rebel_msgs/igus_rebel_msgs/msg
[0.514s] -- Up-to-date: /home/vasee22/igus-coffee-moveit/install/igus_rebel_msgs/include/igus_rebel_msgs/igus_rebel_msgs/msg/rosidl_typesupport_fastrtps_cpp__visibility_control.h
[0.514s] -- Up-to-date: /home/vasee22/igus-coffee-moveit/install/igus_rebel_msgs/include/igus_rebel_msgs/igus_rebel_msgs/msg/detail
[0.514s] -- Up-to-date: /home/vasee22/igus-coffee-moveit/install/igus_rebel_msgs/include/igus_rebel_msgs/igus_rebel_msgs/msg/detail/dds_fastrtps
[0.514s] -- Up-to-date: /home/vasee22/igus-coffee-moveit/install/igus_rebel_msgs/include/igus_rebel_msgs/igus_rebel_msgs/msg/detail/digital_output__rosidl_typesupport_fastrtps_cpp.hpp
[0.514s] -- Up-to-date: /home/vasee22/igus-coffee-moveit/install/igus_rebel_msgs/include/igus_rebel_msgs/igus_rebel_msgs/srv
[0.514s] -- Up-to-date: /home/vasee22/igus-coffee-moveit/install/igus_rebel_msgs/include/igus_rebel_msgs/igus_rebel_msgs/srv/detail
[0.514s] -- Up-to-date: /home/vasee22/igus-coffee-moveit/install/igus_rebel_msgs/include/igus_rebel_msgs/igus_rebel_msgs/srv/detail/set_digital_output__rosidl_typesupport_fastrtps_cpp.hpp
[0.514s] -- Up-to-date: /home/vasee22/igus-coffee-moveit/install/igus_rebel_msgs/include/igus_rebel_msgs/igus_rebel_msgs/srv/detail/dds_fastrtps
[0.514s] -- Up-to-date: /home/vasee22/igus-coffee-moveit/install/igus_rebel_msgs/lib/libigus_rebel_msgs__rosidl_typesupport_fastrtps_cpp.so
[0.514s] -- Up-to-date: /home/vasee22/igus-coffee-moveit/install/igus_rebel_msgs/include/igus_rebel_msgs/igus_rebel_msgs
[0.514s] -- Up-to-date: /home/vasee22/igus-coffee-moveit/install/igus_rebel_msgs/include/igus_rebel_msgs/igus_rebel_msgs/msg
[0.515s] -- Up-to-date: /home/vasee22/igus-coffee-moveit/install/igus_rebel_msgs/include/igus_rebel_msgs/igus_rebel_msgs/msg/rosidl_typesupport_introspection_c__visibility_control.h
[0.515s] -- Up-to-date: /home/vasee22/igus-coffee-moveit/install/igus_rebel_msgs/include/igus_rebel_msgs/igus_rebel_msgs/msg/detail
[0.515s] -- Up-to-date: /home/vasee22/igus-coffee-moveit/install/igus_rebel_msgs/include/igus_rebel_msgs/igus_rebel_msgs/msg/detail/digital_output__type_support.c
[0.515s] -- Up-to-date: /home/vasee22/igus-coffee-moveit/install/igus_rebel_msgs/include/igus_rebel_msgs/igus_rebel_msgs/msg/detail/digital_output__rosidl_typesupport_introspection_c.h
[0.515s] -- Up-to-date: /home/vasee22/igus-coffee-moveit/install/igus_rebel_msgs/include/igus_rebel_msgs/igus_rebel_msgs/srv
[0.515s] -- Up-to-date: /home/vasee22/igus-coffee-moveit/install/igus_rebel_msgs/include/igus_rebel_msgs/igus_rebel_msgs/srv/detail
[0.515s] -- Up-to-date: /home/vasee22/igus-coffee-moveit/install/igus_rebel_msgs/include/igus_rebel_msgs/igus_rebel_msgs/srv/detail/set_digital_output__type_support.c
[0.515s] -- Up-to-date: /home/vasee22/igus-coffee-moveit/install/igus_rebel_msgs/include/igus_rebel_msgs/igus_rebel_msgs/srv/detail/set_digital_output__rosidl_typesupport_introspection_c.h
[0.515s] -- Up-to-date: /home/vasee22/igus-coffee-moveit/install/igus_rebel_msgs/lib/libigus_rebel_msgs__rosidl_typesupport_introspection_c.so
[0.515s] -- Up-to-date: /home/vasee22/igus-coffee-moveit/install/igus_rebel_msgs/lib/libigus_rebel_msgs__rosidl_typesupport_c.so
[0.515s] -- Up-to-date: /home/vasee22/igus-coffee-moveit/install/igus_rebel_msgs/include/igus_rebel_msgs/igus_rebel_msgs
[0.515s] -- Up-to-date: /home/vasee22/igus-coffee-moveit/install/igus_rebel_msgs/include/igus_rebel_msgs/igus_rebel_msgs/msg
[0.515s] -- Up-to-date: /home/vasee22/igus-coffee-moveit/install/igus_rebel_msgs/include/igus_rebel_msgs/igus_rebel_msgs/msg/detail
[0.516s] -- Up-to-date: /home/vasee22/igus-coffee-moveit/install/igus_rebel_msgs/include/igus_rebel_msgs/igus_rebel_msgs/msg/detail/digital_output__rosidl_typesupport_introspection_cpp.hpp
[0.516s] -- Up-to-date: /home/vasee22/igus-coffee-moveit/install/igus_rebel_msgs/include/igus_rebel_msgs/igus_rebel_msgs/msg/detail/digital_output__type_support.cpp
[0.516s] -- Up-to-date: /home/vasee22/igus-coffee-moveit/install/igus_rebel_msgs/include/igus_rebel_msgs/igus_rebel_msgs/srv
[0.516s] -- Up-to-date: /home/vasee22/igus-coffee-moveit/install/igus_rebel_msgs/include/igus_rebel_msgs/igus_rebel_msgs/srv/detail
[0.516s] -- Up-to-date: /home/vasee22/igus-coffee-moveit/install/igus_rebel_msgs/include/igus_rebel_msgs/igus_rebel_msgs/srv/detail/set_digital_output__rosidl_typesupport_introspection_cpp.hpp
[0.516s] -- Up-to-date: /home/vasee22/igus-coffee-moveit/install/igus_rebel_msgs/include/igus_rebel_msgs/igus_rebel_msgs/srv/detail/set_digital_output__type_support.cpp
[0.516s] -- Up-to-date: /home/vasee22/igus-coffee-moveit/install/igus_rebel_msgs/lib/libigus_rebel_msgs__rosidl_typesupport_introspection_cpp.so
[0.516s] -- Up-to-date: /home/vasee22/igus-coffee-moveit/install/igus_rebel_msgs/lib/libigus_rebel_msgs__rosidl_typesupport_cpp.so
[0.516s] -- Up-to-date: /home/vasee22/igus-coffee-moveit/install/igus_rebel_msgs/share/igus_rebel_msgs/environment/pythonpath.sh
[0.516s] -- Up-to-date: /home/vasee22/igus-coffee-moveit/install/igus_rebel_msgs/share/igus_rebel_msgs/environment/pythonpath.dsv
[0.516s] -- Up-to-date: /home/vasee22/igus-coffee-moveit/install/igus_rebel_msgs/lib/python3.12/site-packages/igus_rebel_msgs-0.0.0-py3.12.egg-info
[0.516s] -- Installing: /home/vasee22/igus-coffee-moveit/install/igus_rebel_msgs/lib/python3.12/site-packages/igus_rebel_msgs-0.0.0-py3.12.egg-info/top_level.txt
[0.516s] -- Installing: /home/vasee22/igus-coffee-moveit/install/igus_rebel_msgs/lib/python3.12/site-packages/igus_rebel_msgs-0.0.0-py3.12.egg-info/dependency_links.txt
[0.516s] -- Installing: /home/vasee22/igus-coffee-moveit/install/igus_rebel_msgs/lib/python3.12/site-packages/igus_rebel_msgs-0.0.0-py3.12.egg-info/SOURCES.txt
[0.517s] -- Installing: /home/vasee22/igus-coffee-moveit/install/igus_rebel_msgs/lib/python3.12/site-packages/igus_rebel_msgs-0.0.0-py3.12.egg-info/PKG-INFO
[0.517s] -- Up-to-date: /home/vasee22/igus-coffee-moveit/install/igus_rebel_msgs/lib/python3.12/site-packages/igus_rebel_msgs
[0.517s] -- Up-to-date: /home/vasee22/igus-coffee-moveit/install/igus_rebel_msgs/lib/python3.12/site-packages/igus_rebel_msgs/__init__.py
[0.517s] -- Up-to-date: /home/vasee22/igus-coffee-moveit/install/igus_rebel_msgs/lib/python3.12/site-packages/igus_rebel_msgs/_igus_rebel_msgs_s.ep.rosidl_typesupport_introspection_c.c
[0.517s] -- Up-to-date: /home/vasee22/igus-coffee-moveit/install/igus_rebel_msgs/lib/python3.12/site-packages/igus_rebel_msgs/msg
[0.517s] -- Up-to-date: /home/vasee22/igus-coffee-moveit/install/igus_rebel_msgs/lib/python3.12/site-packages/igus_rebel_msgs/msg/__init__.py
[0.517s] -- Up-to-date: /home/vasee22/igus-coffee-moveit/install/igus_rebel_msgs/lib/python3.12/site-packages/igus_rebel_msgs/msg/_digital_output_s.c
[0.517s] -- Up-to-date: /home/vasee22/igus-coffee-moveit/install/igus_rebel_msgs/lib/python3.12/site-packages/igus_rebel_msgs/msg/_digital_output.py
[0.517s] -- Up-to-date: /home/vasee22/igus-coffee-moveit/install/igus_rebel_msgs/lib/python3.12/site-packages/igus_rebel_msgs/igus_rebel_msgs_s__rosidl_typesupport_introspection_c.so
[0.517s] -- Up-to-date: /home/vasee22/igus-coffee-moveit/install/igus_rebel_msgs/lib/python3.12/site-packages/igus_rebel_msgs/srv
[0.517s] -- Up-to-date: /home/vasee22/igus-coffee-moveit/install/igus_rebel_msgs/lib/python3.12/site-packages/igus_rebel_msgs/srv/__init__.py
[0.517s] -- Up-to-date: /home/vasee22/igus-coffee-moveit/install/igus_rebel_msgs/lib/python3.12/site-packages/igus_rebel_msgs/srv/_set_digital_output_s.c
[0.518s] -- Up-to-date: /home/vasee22/igus-coffee-moveit/install/igus_rebel_msgs/lib/python3.12/site-packages/igus_rebel_msgs/srv/_set_digital_output.py
[0.518s] -- Up-to-date: /home/vasee22/igus-coffee-moveit/install/igus_rebel_msgs/lib/python3.12/site-packages/igus_rebel_msgs/igus_rebel_msgs_s__rosidl_typesupport_fastrtps_c.so
[0.518s] -- Up-to-date: /home/vasee22/igus-coffee-moveit/install/igus_rebel_msgs/lib/python3.12/site-packages/igus_rebel_msgs/_igus_rebel_msgs_s.ep.rosidl_typesupport_c.c
[0.518s] -- Up-to-date: /home/vasee22/igus-coffee-moveit/install/igus_rebel_msgs/lib/python3.12/site-packages/igus_rebel_msgs/_igus_rebel_msgs_s.ep.rosidl_typesupport_fastrtps_c.c
[0.518s] -- Up-to-date: /home/vasee22/igus-coffee-moveit/install/igus_rebel_msgs/lib/python3.12/site-packages/igus_rebel_msgs/igus_rebel_msgs_s__rosidl_typesupport_c.so
[0.567s] Listing '/home/vasee22/igus-coffee-moveit/install/igus_rebel_msgs/lib/python3.12/site-packages/igus_rebel_msgs'...
[0.567s] Listing '/home/vasee22/igus-coffee-moveit/install/igus_rebel_msgs/lib/python3.12/site-packages/igus_rebel_msgs/msg'...
[0.567s] Listing '/home/vasee22/igus-coffee-moveit/install/igus_rebel_msgs/lib/python3.12/site-packages/igus_rebel_msgs/srv'...
[0.574s] -- Up-to-date: /home/vasee22/igus-coffee-moveit/install/igus_rebel_msgs/lib/python3.12/site-packages/igus_rebel_msgs/igus_rebel_msgs_s__rosidl_typesupport_fastrtps_c.so
[0.574s] -- Up-to-date: /home/vasee22/igus-coffee-moveit/install/igus_rebel_msgs/lib/python3.12/site-packages/igus_rebel_msgs/igus_rebel_msgs_s__rosidl_typesupport_introspection_c.so
[0.574s] -- Up-to-date: /home/vasee22/igus-coffee-moveit/install/igus_rebel_msgs/lib/python3.12/site-packages/igus_rebel_msgs/igus_rebel_msgs_s__rosidl_typesupport_c.so
[0.575s] -- Up-to-date: /home/vasee22/igus-coffee-moveit/install/igus_rebel_msgs/lib/libigus_rebel_msgs__rosidl_generator_py.so
[0.575s] -- Up-to-date: /home/vasee22/igus-coffee-moveit/install/igus_rebel_msgs/share/igus_rebel_msgs/msg/DigitalOutput.idl
[0.576s] -- Up-to-date: /home/vasee22/igus-coffee-moveit/install/igus_rebel_msgs/share/igus_rebel_msgs/srv/SetDigitalOutput.idl
[0.576s] -- Up-to-date: /home/vasee22/igus-coffee-moveit/install/igus_rebel_msgs/share/igus_rebel_msgs/msg/DigitalOutput.msg
[0.576s] -- Up-to-date: /home/vasee22/igus-coffee-moveit/install/igus_rebel_msgs/share/igus_rebel_msgs/srv/SetDigitalOutput.srv
[0.576s] -- Up-to-date: /home/vasee22/igus-coffee-moveit/install/igus_rebel_msgs/share/ament_index/resource_index/package_run_dependencies/igus_rebel_msgs
[0.576s] -- Up-to-date: /home/vasee22/igus-coffee-moveit/install/igus_rebel_msgs/share/ament_index/resource_index/parent_prefix_path/igus_rebel_msgs
[0.576s] -- Up-to-date: /home/vasee22/igus-coffee-moveit/install/igus_rebel_msgs/share/igus_rebel_msgs/environment/ament_prefix_path.sh
[0.576s] -- Up-to-date: /home/vasee22/igus-coffee-moveit/install/igus_rebel_msgs/share/igus_rebel_msgs/environment/ament_prefix_path.dsv
[0.576s] -- Up-to-date: /home/vasee22/igus-coffee-moveit/install/igus_rebel_msgs/share/igus_rebel_msgs/environment/path.sh
[0.577s] -- Up-to-date: /home/vasee22/igus-coffee-moveit/install/igus_rebel_msgs/share/igus_rebel_msgs/environment/path.dsv
[0.577s] -- Up-to-date: /home/vasee22/igus-coffee-moveit/install/igus_rebel_msgs/share/igus_rebel_msgs/local_setup.bash
[0.577s] -- Up-to-date: /home/vasee22/igus-coffee-moveit/install/igus_rebel_msgs/share/igus_rebel_msgs/local_setup.sh
[0.577s] -- Up-to-date: /home/vasee22/igus-coffee-moveit/install/igus_rebel_msgs/share/igus_rebel_msgs/local_setup.zsh
[0.577s] -- Up-to-date: /home/vasee22/igus-coffee-moveit/install/igus_rebel_msgs/share/igus_rebel_msgs/local_setup.dsv
[0.577s] -- Installing: /home/vasee22/igus-coffee-moveit/install/igus_rebel_msgs/share/igus_rebel_msgs/package.dsv
[0.577s] -- Up-to-date: /home/vasee22/igus-coffee-moveit/install/igus_rebel_msgs/share/ament_index/resource_index/packages/igus_rebel_msgs
[0.577s] -- Up-to-date: /home/vasee22/igus-coffee-moveit/install/igus_rebel_msgs/share/igus_rebel_msgs/cmake/export_igus_rebel_msgs__rosidl_generator_cExport.cmake
[0.577s] -- Up-to-date: /home/vasee22/igus-coffee-moveit/install/igus_rebel_msgs/share/igus_rebel_msgs/cmake/export_igus_rebel_msgs__rosidl_generator_cExport-noconfig.cmake
[0.577s] -- Up-to-date: /home/vasee22/igus-coffee-moveit/install/igus_rebel_msgs/share/igus_rebel_msgs/cmake/export_igus_rebel_msgs__rosidl_typesupport_fastrtps_cExport.cmake
[0.577s] -- Up-to-date: /home/vasee22/igus-coffee-moveit/install/igus_rebel_msgs/share/igus_rebel_msgs/cmake/export_igus_rebel_msgs__rosidl_typesupport_fastrtps_cExport-noconfig.cmake
[0.578s] -- Up-to-date: /home/vasee22/igus-coffee-moveit/install/igus_rebel_msgs/share/igus_rebel_msgs/cmake/export_igus_rebel_msgs__rosidl_generator_cppExport.cmake
[0.578s] -- Up-to-date: /home/vasee22/igus-coffee-moveit/install/igus_rebel_msgs/share/igus_rebel_msgs/cmake/export_igus_rebel_msgs__rosidl_typesupport_fastrtps_cppExport.cmake
[0.578s] -- Up-to-date: /home/vasee22/igus-coffee-moveit/install/igus_rebel_msgs/share/igus_rebel_msgs/cmake/export_igus_rebel_msgs__rosidl_typesupport_fastrtps_cppExport-noconfig.cmake
[0.578s] -- Up-to-date: /home/vasee22/igus-coffee-moveit/install/igus_rebel_msgs/share/igus_rebel_msgs/cmake/igus_rebel_msgs__rosidl_typesupport_introspection_cExport.cmake
[0.578s] -- Up-to-date: /home/vasee22/igus-coffee-moveit/install/igus_rebel_msgs/share/igus_rebel_msgs/cmake/igus_rebel_msgs__rosidl_typesupport_introspection_cExport-noconfig.cmake
[0.578s] -- Up-to-date: /home/vasee22/igus-coffee-moveit/install/igus_rebel_msgs/share/igus_rebel_msgs/cmake/igus_rebel_msgs__rosidl_typesupport_cExport.cmake
[0.578s] -- Up-to-date: /home/vasee22/igus-coffee-moveit/install/igus_rebel_msgs/share/igus_rebel_msgs/cmake/igus_rebel_msgs__rosidl_typesupport_cExport-noconfig.cmake
[0.578s] -- Up-to-date: /home/vasee22/igus-coffee-moveit/install/igus_rebel_msgs/share/igus_rebel_msgs/cmake/igus_rebel_msgs__rosidl_typesupport_introspection_cppExport.cmake
[0.578s] -- Up-to-date: /home/vasee22/igus-coffee-moveit/install/igus_rebel_msgs/share/igus_rebel_msgs/cmake/igus_rebel_msgs__rosidl_typesupport_introspection_cppExport-noconfig.cmake
[0.578s] -- Up-to-date: /home/vasee22/igus-coffee-moveit/install/igus_rebel_msgs/share/igus_rebel_msgs/cmake/igus_rebel_msgs__rosidl_typesupport_cppExport.cmake
[0.578s] -- Up-to-date: /home/vasee22/igus-coffee-moveit/install/igus_rebel_msgs/share/igus_rebel_msgs/cmake/igus_rebel_msgs__rosidl_typesupport_cppExport-noconfig.cmake
[0.578s] -- Up-to-date: /home/vasee22/igus-coffee-moveit/install/igus_rebel_msgs/share/igus_rebel_msgs/cmake/export_igus_rebel_msgs__rosidl_generator_pyExport.cmake
[0.578s] -- Up-to-date: /home/vasee22/igus-coffee-moveit/install/igus_rebel_msgs/share/igus_rebel_msgs/cmake/export_igus_rebel_msgs__rosidl_generator_pyExport-noconfig.cmake
[0.579s] -- Up-to-date: /home/vasee22/igus-coffee-moveit/install/igus_rebel_msgs/share/igus_rebel_msgs/cmake/rosidl_cmake-extras.cmake
[0.579s] -- Up-to-date: /home/vasee22/igus-coffee-moveit/install/igus_rebel_msgs/share/igus_rebel_msgs/cmake/ament_cmake_export_dependencies-extras.cmake
[0.579s] -- Up-to-date: /home/vasee22/igus-coffee-moveit/install/igus_rebel_msgs/share/igus_rebel_msgs/cmake/ament_cmake_export_include_directories-extras.cmake
[0.579s] -- Up-to-date: /home/vasee22/igus-coffee-moveit/install/igus_rebel_msgs/share/igus_rebel_msgs/cmake/ament_cmake_export_libraries-extras.cmake
[0.579s] -- Up-to-date: /home/vasee22/igus-coffee-moveit/install/igus_rebel_msgs/share/igus_rebel_msgs/cmake/ament_cmake_export_targets-extras.cmake
[0.579s] -- Up-to-date: /home/vasee22/igus-coffee-moveit/install/igus_rebel_msgs/share/igus_rebel_msgs/cmake/rosidl_cmake_export_typesupport_targets-extras.cmake
[0.579s] -- Up-to-date: /home/vasee22/igus-coffee-moveit/install/igus_rebel_msgs/share/igus_rebel_msgs/cmake/rosidl_cmake_export_typesupport_libraries-extras.cmake
[0.579s] -- Up-to-date: /home/vasee22/igus-coffee-moveit/install/igus_rebel_msgs/share/igus_rebel_msgs/cmake/igus_rebel_msgsConfig.cmake
[0.579s] -- Up-to-date: /home/vasee22/igus-coffee-moveit/install/igus_rebel_msgs/share/igus_rebel_msgs/cmake/igus_rebel_msgsConfig-version.cmake
[0.579s] -- Up-to-date: /home/vasee22/igus-coffee-moveit/install/igus_rebel_msgs/share/igus_rebel_msgs/package.xml
[0.581s] Invoked command in '/home/vasee22/igus-coffee-moveit/build/igus_rebel_msgs' returned '0': CMAKE_PREFIX_PATH=${CMAKE_PREFIX_PATH}:/home/vasee22/igus-coffee-moveit/install/modbus_ros:/home/vasee22/COAR-ROS2-Workspace-mai/install/modbus_ros:/opt/ros/jazzy DEBUGINFOD_URLS=https://debuginfod.ubuntu.com /usr/bin/cmake --install /home/vasee22/igus-coffee-moveit/build/igus_rebel_msgs
