[0.010s] Invoking command in '/home/vasee22/igus-coffee-moveit/build/igus_rebel_description': CMAKE_PREFIX_PATH=${CMAKE_PREFIX_PATH}:/home/vasee22/igus-coffee-moveit/install/modbus_ros:/home/vasee22/COAR-ROS2-Workspace-mai/install/modbus_ros:/opt/ros/jazzy DEBUGINFOD_URLS=https://debuginfod.ubuntu.com /usr/bin/cmake /home/vasee22/igus-coffee-moveit/src/igus_rebel_ros2/igus_rebel_description -DCMAKE_INSTALL_PREFIX=/home/vasee22/igus-coffee-moveit/install/igus_rebel_description
[0.059s] -- The C compiler identification is GNU 13.3.0
[0.097s] -- The CXX compiler identification is GNU 13.3.0
[0.107s] -- Detecting C compiler ABI info
[0.161s] -- Detecting C compiler ABI info - done
[0.165s] -- Check for working C compiler: /usr/bin/cc - skipped
[0.165s] -- Detecting C compile features
[0.166s] -- Detecting C compile features - done
[0.172s] -- Detecting CXX compiler ABI info
[0.230s] -- Detecting CXX compiler ABI info - done
[0.236s] -- Check for working CXX compiler: /usr/bin/c++ - skipped
[0.236s] -- Detecting CXX compile features
[0.236s] -- Detecting CXX compile features - done
[0.252s] -- Found ament_cmake: 2.5.6 (/opt/ros/jazzy/share/ament_cmake/cmake)
[0.354s] -- Found Python3: /usr/bin/python3 (found version "3.12.3") found components: Interpreter 
[0.447s] -- Found ament_lint_auto: 0.17.5 (/opt/ros/jazzy/share/ament_lint_auto/cmake)
[0.524s] -- Added test 'lint_cmake' to check CMake code style
[0.527s] -- Added test 'xmllint' to check XML markup files
[0.528s] -- Configuring done (0.5s)
[0.530s] -- Generating done (0.0s)
[0.531s] -- Build files have been written to: /home/vasee22/igus-coffee-moveit/build/igus_rebel_description
[0.535s] Invoked command in '/home/vasee22/igus-coffee-moveit/build/igus_rebel_description' returned '0': CMAKE_PREFIX_PATH=${CMAKE_PREFIX_PATH}:/home/vasee22/igus-coffee-moveit/install/modbus_ros:/home/vasee22/COAR-ROS2-Workspace-mai/install/modbus_ros:/opt/ros/jazzy DEBUGINFOD_URLS=https://debuginfod.ubuntu.com /usr/bin/cmake /home/vasee22/igus-coffee-moveit/src/igus_rebel_ros2/igus_rebel_description -DCMAKE_INSTALL_PREFIX=/home/vasee22/igus-coffee-moveit/install/igus_rebel_description
[0.535s] Invoking command in '/home/vasee22/igus-coffee-moveit/build/igus_rebel_description': CMAKE_PREFIX_PATH=${CMAKE_PREFIX_PATH}:/home/vasee22/igus-coffee-moveit/install/modbus_ros:/home/vasee22/COAR-ROS2-Workspace-mai/install/modbus_ros:/opt/ros/jazzy DEBUGINFOD_URLS=https://debuginfod.ubuntu.com /usr/bin/cmake --build /home/vasee22/igus-coffee-moveit/build/igus_rebel_description -- -j24 -l24
[0.560s] Invoked command in '/home/vasee22/igus-coffee-moveit/build/igus_rebel_description' returned '0': CMAKE_PREFIX_PATH=${CMAKE_PREFIX_PATH}:/home/vasee22/igus-coffee-moveit/install/modbus_ros:/home/vasee22/COAR-ROS2-Workspace-mai/install/modbus_ros:/opt/ros/jazzy DEBUGINFOD_URLS=https://debuginfod.ubuntu.com /usr/bin/cmake --build /home/vasee22/igus-coffee-moveit/build/igus_rebel_description -- -j24 -l24
[0.567s] Invoking command in '/home/vasee22/igus-coffee-moveit/build/igus_rebel_description': CMAKE_PREFIX_PATH=${CMAKE_PREFIX_PATH}:/home/vasee22/igus-coffee-moveit/install/modbus_ros:/home/vasee22/COAR-ROS2-Workspace-mai/install/modbus_ros:/opt/ros/jazzy DEBUGINFOD_URLS=https://debuginfod.ubuntu.com /usr/bin/cmake --install /home/vasee22/igus-coffee-moveit/build/igus_rebel_description
[0.572s] -- Install configuration: ""
[0.572s] -- Installing: /home/vasee22/igus-coffee-moveit/install/igus_rebel_description/share/igus_rebel_description/launch
[0.572s] -- Installing: /home/vasee22/igus-coffee-moveit/install/igus_rebel_description/share/igus_rebel_description/launch/display.launch.archive
[0.572s] -- Installing: /home/vasee22/igus-coffee-moveit/install/igus_rebel_description/share/igus_rebel_description/launch/igus_rebel_robot.launch.archive
[0.572s] -- Installing: /home/vasee22/igus-coffee-moveit/install/igus_rebel_description/share/igus_rebel_description/meshes
[0.572s] -- Installing: /home/vasee22/igus-coffee-moveit/install/igus_rebel_description/share/igus_rebel_description/meshes/CoffeeMachine.stl
[0.572s] -- Installing: /home/vasee22/igus-coffee-moveit/install/igus_rebel_description/share/igus_rebel_description/meshes/PortaFilterandTool.stl
[0.573s] -- Installing: /home/vasee22/igus-coffee-moveit/install/igus_rebel_description/share/igus_rebel_description/meshes/CoffeeCupHolder.stl
[0.573s] -- Installing: /home/vasee22/igus-coffee-moveit/install/igus_rebel_description/share/igus_rebel_description/meshes/Coffee Grinder.stl
[0.573s] -- Installing: /home/vasee22/igus-coffee-moveit/install/igus_rebel_description/share/igus_rebel_description/meshes/coffee_cup.stl
[0.573s] -- Installing: /home/vasee22/igus-coffee-moveit/install/igus_rebel_description/share/igus_rebel_description/meshes/Coffee Bin.stl
[0.607s] -- Installing: /home/vasee22/igus-coffee-moveit/install/igus_rebel_description/share/igus_rebel_description/meshes/bin_station.stl
[0.607s] -- Installing: /home/vasee22/igus-coffee-moveit/install/igus_rebel_description/share/igus_rebel_description/meshes/robolink_rebel
[0.607s] -- Installing: /home/vasee22/igus-coffee-moveit/install/igus_rebel_description/share/igus_rebel_description/meshes/robolink_rebel/Diffuse Map.001.png
[0.607s] -- Installing: /home/vasee22/igus-coffee-moveit/install/igus_rebel_description/share/igus_rebel_description/meshes/robolink_rebel/Robolink_RebeL_002_2.dae
[0.608s] -- Installing: /home/vasee22/igus-coffee-moveit/install/igus_rebel_description/share/igus_rebel_description/meshes/robolink_rebel/Robolink_RebeL_001.dae
[0.609s] -- Installing: /home/vasee22/igus-coffee-moveit/install/igus_rebel_description/share/igus_rebel_description/meshes/robolink_rebel/Robolink_RebeL_004.dae
[0.612s] -- Installing: /home/vasee22/igus-coffee-moveit/install/igus_rebel_description/share/igus_rebel_description/meshes/robolink_rebel/Robolink_RebeL_005.stl
[0.612s] -- Installing: /home/vasee22/igus-coffee-moveit/install/igus_rebel_description/share/igus_rebel_description/meshes/robolink_rebel/Robolink_RebeL_002.stl
[0.613s] -- Installing: /home/vasee22/igus-coffee-moveit/install/igus_rebel_description/share/igus_rebel_description/meshes/robolink_rebel/Robolink_RebeL_002_1.stl
[0.613s] -- Installing: /home/vasee22/igus-coffee-moveit/install/igus_rebel_description/share/igus_rebel_description/meshes/robolink_rebel/Diffuse Map.004.png
[0.613s] -- Installing: /home/vasee22/igus-coffee-moveit/install/igus_rebel_description/share/igus_rebel_description/meshes/robolink_rebel/Robolink_RebeL_003.stl
[0.614s] -- Installing: /home/vasee22/igus-coffee-moveit/install/igus_rebel_description/share/igus_rebel_description/meshes/robolink_rebel/Diffuse Map.005.png
[0.614s] -- Installing: /home/vasee22/igus-coffee-moveit/install/igus_rebel_description/share/igus_rebel_description/meshes/robolink_rebel/Robolink_RebeL_000.stl
[0.614s] -- Installing: /home/vasee22/igus-coffee-moveit/install/igus_rebel_description/share/igus_rebel_description/meshes/robolink_rebel/Diffuse Map.003.png
[0.614s] -- Installing: /home/vasee22/igus-coffee-moveit/install/igus_rebel_description/share/igus_rebel_description/meshes/robolink_rebel/Robolink_RebeL_002_0.dae
[0.615s] -- Installing: /home/vasee22/igus-coffee-moveit/install/igus_rebel_description/share/igus_rebel_description/meshes/robolink_rebel/Robolink_RebeL_005.dae
[0.617s] -- Installing: /home/vasee22/igus-coffee-moveit/install/igus_rebel_description/share/igus_rebel_description/meshes/robolink_rebel/Diffuse Map.png
[0.617s] -- Installing: /home/vasee22/igus-coffee-moveit/install/igus_rebel_description/share/igus_rebel_description/meshes/robolink_rebel/Diffuse Map.006.png
[0.618s] -- Installing: /home/vasee22/igus-coffee-moveit/install/igus_rebel_description/share/igus_rebel_description/meshes/robolink_rebel/Robolink_RebeL_004.stl
[0.618s] -- Installing: /home/vasee22/igus-coffee-moveit/install/igus_rebel_description/share/igus_rebel_description/meshes/robolink_rebel/Robolink_RebeL_000.dae
[0.618s] -- Installing: /home/vasee22/igus-coffee-moveit/install/igus_rebel_description/share/igus_rebel_description/meshes/robolink_rebel/Robolink_RebeL_006.stl
[0.618s] -- Installing: /home/vasee22/igus-coffee-moveit/install/igus_rebel_description/share/igus_rebel_description/meshes/robolink_rebel/Robolink_RebeL_001.stl
[0.618s] -- Installing: /home/vasee22/igus-coffee-moveit/install/igus_rebel_description/share/igus_rebel_description/meshes/robolink_rebel/Robolink_RebeL_006.dae
[0.619s] -- Installing: /home/vasee22/igus-coffee-moveit/install/igus_rebel_description/share/igus_rebel_description/meshes/robolink_rebel/Robolink_RebeL_002_2.stl
[0.620s] -- Installing: /home/vasee22/igus-coffee-moveit/install/igus_rebel_description/share/igus_rebel_description/meshes/robolink_rebel/Robolink_RebeL_003.dae
[0.623s] -- Installing: /home/vasee22/igus-coffee-moveit/install/igus_rebel_description/share/igus_rebel_description/meshes/robolink_rebel/Robolink_RebeL_002_0.stl
[0.623s] -- Installing: /home/vasee22/igus-coffee-moveit/install/igus_rebel_description/share/igus_rebel_description/meshes/robolink_rebel/Robolink_RebeL_002_1.dae
[0.624s] -- Installing: /home/vasee22/igus-coffee-moveit/install/igus_rebel_description/share/igus_rebel_description/meshes/robolink_rebel/Diffuse Map.002.png
[0.624s] -- Installing: /home/vasee22/igus-coffee-moveit/install/igus_rebel_description/share/igus_rebel_description/meshes/Portafilter.stl
[0.624s] -- Installing: /home/vasee22/igus-coffee-moveit/install/igus_rebel_description/share/igus_rebel_description/meshes/robolink_rebel2
[0.624s] -- Installing: /home/vasee22/igus-coffee-moveit/install/igus_rebel_description/share/igus_rebel_description/meshes/robolink_rebel2/base_link.stl
[0.628s] -- Installing: /home/vasee22/igus-coffee-moveit/install/igus_rebel_description/share/igus_rebel_description/meshes/robolink_rebel2/simplified_link6.stl
[0.628s] -- Installing: /home/vasee22/igus-coffee-moveit/install/igus_rebel_description/share/igus_rebel_description/meshes/robolink_rebel2/simplified_base_link.stl
[0.628s] -- Installing: /home/vasee22/igus-coffee-moveit/install/igus_rebel_description/share/igus_rebel_description/meshes/robolink_rebel2/motor3.stl
[0.632s] -- Installing: /home/vasee22/igus-coffee-moveit/install/igus_rebel_description/share/igus_rebel_description/meshes/robolink_rebel2/simplified_motor1.stl
[0.632s] -- Installing: /home/vasee22/igus-coffee-moveit/install/igus_rebel_description/share/igus_rebel_description/meshes/robolink_rebel2/link4.stl
[0.635s] -- Installing: /home/vasee22/igus-coffee-moveit/install/igus_rebel_description/share/igus_rebel_description/meshes/robolink_rebel2/motor5.stl
[0.635s] -- Installing: /home/vasee22/igus-coffee-moveit/install/igus_rebel_description/share/igus_rebel_description/meshes/robolink_rebel2/link3.stl
[0.639s] -- Installing: /home/vasee22/igus-coffee-moveit/install/igus_rebel_description/share/igus_rebel_description/meshes/robolink_rebel2/simplified_motor2.stl
[0.639s] -- Installing: /home/vasee22/igus-coffee-moveit/install/igus_rebel_description/share/igus_rebel_description/meshes/robolink_rebel2/link6.stl
[0.639s] -- Installing: /home/vasee22/igus-coffee-moveit/install/igus_rebel_description/share/igus_rebel_description/meshes/robolink_rebel2/simplified_link1.stl
[0.640s] -- Installing: /home/vasee22/igus-coffee-moveit/install/igus_rebel_description/share/igus_rebel_description/meshes/robolink_rebel2/vacuum_gripper.stl
[0.646s] -- Installing: /home/vasee22/igus-coffee-moveit/install/igus_rebel_description/share/igus_rebel_description/meshes/robolink_rebel2/IGUS7AXIS_1000.dae
[0.677s] -- Installing: /home/vasee22/igus-coffee-moveit/install/igus_rebel_description/share/igus_rebel_description/meshes/robolink_rebel2/simplified_link3.stl
[0.677s] -- Installing: /home/vasee22/igus-coffee-moveit/install/igus_rebel_description/share/igus_rebel_description/meshes/robolink_rebel2/link1.stl
[0.679s] -- Installing: /home/vasee22/igus-coffee-moveit/install/igus_rebel_description/share/igus_rebel_description/meshes/robolink_rebel2/simplified_link5.stl
[0.680s] -- Installing: /home/vasee22/igus-coffee-moveit/install/igus_rebel_description/share/igus_rebel_description/meshes/robolink_rebel2/simplified_motor3.stl
[0.680s] -- Installing: /home/vasee22/igus-coffee-moveit/install/igus_rebel_description/share/igus_rebel_description/meshes/robolink_rebel2/link2.stl
[0.693s] -- Installing: /home/vasee22/igus-coffee-moveit/install/igus_rebel_description/share/igus_rebel_description/meshes/robolink_rebel2/simplified_link2.stl
[0.694s] -- Installing: /home/vasee22/igus-coffee-moveit/install/igus_rebel_description/share/igus_rebel_description/meshes/robolink_rebel2/motor4.stl
[0.697s] -- Installing: /home/vasee22/igus-coffee-moveit/install/igus_rebel_description/share/igus_rebel_description/meshes/robolink_rebel2/simplified_motor5.stl
[0.697s] -- Installing: /home/vasee22/igus-coffee-moveit/install/igus_rebel_description/share/igus_rebel_description/meshes/robolink_rebel2/simplified_link4.stl
[0.698s] -- Installing: /home/vasee22/igus-coffee-moveit/install/igus_rebel_description/share/igus_rebel_description/meshes/robolink_rebel2/link5.stl
[0.702s] -- Installing: /home/vasee22/igus-coffee-moveit/install/igus_rebel_description/share/igus_rebel_description/meshes/robolink_rebel2/motor2.stl
[0.705s] -- Installing: /home/vasee22/igus-coffee-moveit/install/igus_rebel_description/share/igus_rebel_description/meshes/robolink_rebel2/IGUS7AXIS_1000.stl
[0.734s] -- Installing: /home/vasee22/igus-coffee-moveit/install/igus_rebel_description/share/igus_rebel_description/meshes/robolink_rebel2/CylinderJoint.stl
[0.734s] -- Installing: /home/vasee22/igus-coffee-moveit/install/igus_rebel_description/share/igus_rebel_description/meshes/robolink_rebel2/motor1.stl
[0.737s] -- Installing: /home/vasee22/igus-coffee-moveit/install/igus_rebel_description/share/igus_rebel_description/meshes/robolink_rebel2/Igus_7thaxis.dae
[0.746s] -- Installing: /home/vasee22/igus-coffee-moveit/install/igus_rebel_description/share/igus_rebel_description/meshes/robolink_rebel2/collisionMesh.stl
[0.746s] -- Installing: /home/vasee22/igus-coffee-moveit/install/igus_rebel_description/share/igus_rebel_description/meshes/robolink_rebel2/simplified_motor4.stl
[0.746s] -- Installing: /home/vasee22/igus-coffee-moveit/install/igus_rebel_description/share/igus_rebel_description/meshes/DeliveryStation.stl
[0.746s] -- Installing: /home/vasee22/igus-coffee-moveit/install/igus_rebel_description/share/igus_rebel_description/meshes/FullTampingStation.stl
[0.747s] -- Installing: /home/vasee22/igus-coffee-moveit/install/igus_rebel_description/share/igus_rebel_description/meshes/Tool Station.stl
[0.747s] -- Installing: /home/vasee22/igus-coffee-moveit/install/igus_rebel_description/share/igus_rebel_description/meshes1
[0.747s] -- Installing: /home/vasee22/igus-coffee-moveit/install/igus_rebel_description/share/igus_rebel_description/meshes1/robolink_rebel
[0.747s] -- Installing: /home/vasee22/igus-coffee-moveit/install/igus_rebel_description/share/igus_rebel_description/meshes1/robolink_rebel/Robolink_RebeL_002_2.dae
[0.748s] -- Installing: /home/vasee22/igus-coffee-moveit/install/igus_rebel_description/share/igus_rebel_description/meshes1/robolink_rebel/Robolink_RebeL_001.dae
[0.749s] -- Installing: /home/vasee22/igus-coffee-moveit/install/igus_rebel_description/share/igus_rebel_description/meshes1/robolink_rebel/Diffuse_Map.png
[0.749s] -- Installing: /home/vasee22/igus-coffee-moveit/install/igus_rebel_description/share/igus_rebel_description/meshes1/robolink_rebel/Robolink_RebeL_004.dae
[0.751s] -- Installing: /home/vasee22/igus-coffee-moveit/install/igus_rebel_description/share/igus_rebel_description/meshes1/robolink_rebel/Diffuse_Map.003.png
[0.752s] -- Installing: /home/vasee22/igus-coffee-moveit/install/igus_rebel_description/share/igus_rebel_description/meshes1/robolink_rebel/Robolink_RebeL_005.stl
[0.752s] -- Installing: /home/vasee22/igus-coffee-moveit/install/igus_rebel_description/share/igus_rebel_description/meshes1/robolink_rebel/Robolink_RebeL_002.stl
[0.753s] -- Installing: /home/vasee22/igus-coffee-moveit/install/igus_rebel_description/share/igus_rebel_description/meshes1/robolink_rebel/Robolink_RebeL_002_1.stl
[0.753s] -- Installing: /home/vasee22/igus-coffee-moveit/install/igus_rebel_description/share/igus_rebel_description/meshes1/robolink_rebel/Robolink_RebeL_003.stl
[0.753s] -- Installing: /home/vasee22/igus-coffee-moveit/install/igus_rebel_description/share/igus_rebel_description/meshes1/robolink_rebel/Robolink_RebeL_000.stl
[0.754s] -- Installing: /home/vasee22/igus-coffee-moveit/install/igus_rebel_description/share/igus_rebel_description/meshes1/robolink_rebel/Diffuse_Map.006.png
[0.754s] -- Installing: /home/vasee22/igus-coffee-moveit/install/igus_rebel_description/share/igus_rebel_description/meshes1/robolink_rebel/Robolink_RebeL_002_0.dae
[0.755s] -- Installing: /home/vasee22/igus-coffee-moveit/install/igus_rebel_description/share/igus_rebel_description/meshes1/robolink_rebel/Robolink_RebeL_005.dae
[0.756s] -- Installing: /home/vasee22/igus-coffee-moveit/install/igus_rebel_description/share/igus_rebel_description/meshes1/robolink_rebel/Diffuse_Map.002.png
[0.756s] -- Installing: /home/vasee22/igus-coffee-moveit/install/igus_rebel_description/share/igus_rebel_description/meshes1/robolink_rebel/Diffuse_Map.005.png
[0.757s] -- Installing: /home/vasee22/igus-coffee-moveit/install/igus_rebel_description/share/igus_rebel_description/meshes1/robolink_rebel/Robolink_RebeL_004.stl
[0.757s] -- Installing: /home/vasee22/igus-coffee-moveit/install/igus_rebel_description/share/igus_rebel_description/meshes1/robolink_rebel/Diffuse_Map.001.png
[0.757s] -- Installing: /home/vasee22/igus-coffee-moveit/install/igus_rebel_description/share/igus_rebel_description/meshes1/robolink_rebel/Robolink_RebeL_000.dae
[0.757s] -- Installing: /home/vasee22/igus-coffee-moveit/install/igus_rebel_description/share/igus_rebel_description/meshes1/robolink_rebel/Robolink_RebeL_006.stl
[0.757s] -- Installing: /home/vasee22/igus-coffee-moveit/install/igus_rebel_description/share/igus_rebel_description/meshes1/robolink_rebel/Robolink_RebeL_001.stl
[0.757s] -- Installing: /home/vasee22/igus-coffee-moveit/install/igus_rebel_description/share/igus_rebel_description/meshes1/robolink_rebel/Robolink_RebeL_006.dae
[0.758s] -- Installing: /home/vasee22/igus-coffee-moveit/install/igus_rebel_description/share/igus_rebel_description/meshes1/robolink_rebel/Diffuse_Map.004.png
[0.758s] -- Installing: /home/vasee22/igus-coffee-moveit/install/igus_rebel_description/share/igus_rebel_description/meshes1/robolink_rebel/Robolink_RebeL_002_2.stl
[0.758s] -- Installing: /home/vasee22/igus-coffee-moveit/install/igus_rebel_description/share/igus_rebel_description/meshes1/robolink_rebel/Robolink_RebeL_003.dae
[0.762s] -- Installing: /home/vasee22/igus-coffee-moveit/install/igus_rebel_description/share/igus_rebel_description/meshes1/robolink_rebel/Igus_7thaxis.dae
[0.770s] -- Installing: /home/vasee22/igus-coffee-moveit/install/igus_rebel_description/share/igus_rebel_description/meshes1/robolink_rebel/Robolink_RebeL_002_0.stl
[0.770s] -- Installing: /home/vasee22/igus-coffee-moveit/install/igus_rebel_description/share/igus_rebel_description/meshes1/robolink_rebel/Robolink_RebeL_002_1.dae
[0.770s] -- Installing: /home/vasee22/igus-coffee-moveit/install/igus_rebel_description/share/igus_rebel_description/urdf
[0.770s] -- Installing: /home/vasee22/igus-coffee-moveit/install/igus_rebel_description/share/igus_rebel_description/urdf/igus_rebel2.urdf
[0.770s] -- Installing: /home/vasee22/igus-coffee-moveit/install/igus_rebel_description/share/igus_rebel_description/urdf/igus_rebel2.control.xacro
[0.770s] -- Installing: /home/vasee22/igus-coffee-moveit/install/igus_rebel_description/share/igus_rebel_description/urdf/igus_rebel_robot.urdf.xacro
[0.770s] -- Installing: /home/vasee22/igus-coffee-moveit/install/igus_rebel_description/share/igus_rebel_description/urdf/igus_robt.urdf
[0.770s] -- Installing: /home/vasee22/igus-coffee-moveit/install/igus_rebel_description/share/igus_rebel_description/urdf/igus_rebel.control.xacro
[0.770s] -- Installing: /home/vasee22/igus-coffee-moveit/install/igus_rebel_description/share/igus_rebel_description/urdf/igus_rebel_robot2.urdf.xacro
[0.770s] -- Installing: /home/vasee22/igus-coffee-moveit/install/igus_rebel_description/share/igus_rebel_description/urdf/igus_rebel.urdf
[0.770s] -- Installing: /home/vasee22/igus-coffee-moveit/install/igus_rebel_description/share/igus_rebel_description/urdf/igus_rebel_ros1.urdf
[0.770s] -- Installing: /home/vasee22/igus-coffee-moveit/install/igus_rebel_description/share/igus_rebel_description/urdf1
[0.770s] -- Installing: /home/vasee22/igus-coffee-moveit/install/igus_rebel_description/share/igus_rebel_description/urdf1/igus_rebel_robot.urdf.xacro
[0.770s] -- Installing: /home/vasee22/igus-coffee-moveit/install/igus_rebel_description/share/igus_rebel_description/urdf1/igus_rebel.control.xacro
[0.770s] -- Installing: /home/vasee22/igus-coffee-moveit/install/igus_rebel_description/share/igus_rebel_description/urdf1/igus_rebel.urdf
[0.770s] -- Installing: /home/vasee22/igus-coffee-moveit/install/igus_rebel_description/share/ament_index/resource_index/package_run_dependencies/igus_rebel_description
[0.771s] -- Installing: /home/vasee22/igus-coffee-moveit/install/igus_rebel_description/share/ament_index/resource_index/parent_prefix_path/igus_rebel_description
[0.771s] -- Installing: /home/vasee22/igus-coffee-moveit/install/igus_rebel_description/share/igus_rebel_description/environment/ament_prefix_path.sh
[0.771s] -- Installing: /home/vasee22/igus-coffee-moveit/install/igus_rebel_description/share/igus_rebel_description/environment/ament_prefix_path.dsv
[0.771s] -- Installing: /home/vasee22/igus-coffee-moveit/install/igus_rebel_description/share/igus_rebel_description/environment/path.sh
[0.771s] -- Installing: /home/vasee22/igus-coffee-moveit/install/igus_rebel_description/share/igus_rebel_description/environment/path.dsv
[0.771s] -- Installing: /home/vasee22/igus-coffee-moveit/install/igus_rebel_description/share/igus_rebel_description/local_setup.bash
[0.771s] -- Installing: /home/vasee22/igus-coffee-moveit/install/igus_rebel_description/share/igus_rebel_description/local_setup.sh
[0.771s] -- Installing: /home/vasee22/igus-coffee-moveit/install/igus_rebel_description/share/igus_rebel_description/local_setup.zsh
[0.771s] -- Installing: /home/vasee22/igus-coffee-moveit/install/igus_rebel_description/share/igus_rebel_description/local_setup.dsv
[0.771s] -- Installing: /home/vasee22/igus-coffee-moveit/install/igus_rebel_description/share/igus_rebel_description/package.dsv
[0.771s] -- Installing: /home/vasee22/igus-coffee-moveit/install/igus_rebel_description/share/ament_index/resource_index/packages/igus_rebel_description
[0.771s] -- Installing: /home/vasee22/igus-coffee-moveit/install/igus_rebel_description/share/igus_rebel_description/cmake/igus_rebel_descriptionConfig.cmake
[0.771s] -- Installing: /home/vasee22/igus-coffee-moveit/install/igus_rebel_description/share/igus_rebel_description/cmake/igus_rebel_descriptionConfig-version.cmake
[0.771s] -- Installing: /home/vasee22/igus-coffee-moveit/install/igus_rebel_description/share/igus_rebel_description/package.xml
[0.772s] Invoked command in '/home/vasee22/igus-coffee-moveit/build/igus_rebel_description' returned '0': CMAKE_PREFIX_PATH=${CMAKE_PREFIX_PATH}:/home/vasee22/igus-coffee-moveit/install/modbus_ros:/home/vasee22/COAR-ROS2-Workspace-mai/install/modbus_ros:/opt/ros/jazzy DEBUGINFOD_URLS=https://debuginfod.ubuntu.com /usr/bin/cmake --install /home/vasee22/igus-coffee-moveit/build/igus_rebel_description
