[0.965s] Invoking command in '/home/vasee22/igus-coffee-moveit/src/modbus_ros': DEBUGINFOD_URLS=https://debuginfod.ubuntu.com PYTHONPATH=/home/vasee22/igus-coffee-moveit/build/modbus_ros/prefix_override:/usr/lib/python3/dist-packages/colcon_core/task/python/colcon_distutils_commands:/home/vasee22/igus-coffee-moveit/install/modbus_ros/lib/python3.12/site-packages:${PYTHONPATH} /usr/bin/python3 -W ignore:setup.py install is deprecated -W ignore:easy_install command is deprecated setup.py egg_info --egg-base ../../build/modbus_ros build --build-base /home/vasee22/igus-coffee-moveit/build/modbus_ros/build install --record /home/vasee22/igus-coffee-moveit/build/modbus_ros/install.log --single-version-externally-managed install_data
[1.274s] running egg_info
[1.295s] writing ../../build/modbus_ros/modbus_ros.egg-info/PKG-INFO
[1.296s] writing dependency_links to ../../build/modbus_ros/modbus_ros.egg-info/dependency_links.txt
[1.296s] writing entry points to ../../build/modbus_ros/modbus_ros.egg-info/entry_points.txt
[1.296s] writing requirements to ../../build/modbus_ros/modbus_ros.egg-info/requires.txt
[1.296s] writing top-level names to ../../build/modbus_ros/modbus_ros.egg-info/top_level.txt
[1.340s] reading manifest file '../../build/modbus_ros/modbus_ros.egg-info/SOURCES.txt'
[1.341s] writing manifest file '../../build/modbus_ros/modbus_ros.egg-info/SOURCES.txt'
[1.341s] running build
[1.341s] running build_py
[1.342s] running install
[1.347s] running install_lib
[1.370s] running install_data
[1.370s] running install_egg_info
[1.394s] removing '/home/vasee22/igus-coffee-moveit/install/modbus_ros/lib/python3.12/site-packages/modbus_ros-0.0.0-py3.12.egg-info' (and everything under it)
[1.394s] Copying ../../build/modbus_ros/modbus_ros.egg-info to /home/vasee22/igus-coffee-moveit/install/modbus_ros/lib/python3.12/site-packages/modbus_ros-0.0.0-py3.12.egg-info
[1.394s] running install_scripts
[1.541s] Installing modbus_publisher script to /home/vasee22/igus-coffee-moveit/install/modbus_ros/lib/modbus_ros
[1.541s] writing list of installed files to '/home/vasee22/igus-coffee-moveit/build/modbus_ros/install.log'
[1.572s] Invoked command in '/home/vasee22/igus-coffee-moveit/src/modbus_ros' returned '0': DEBUGINFOD_URLS=https://debuginfod.ubuntu.com PYTHONPATH=/home/vasee22/igus-coffee-moveit/build/modbus_ros/prefix_override:/usr/lib/python3/dist-packages/colcon_core/task/python/colcon_distutils_commands:/home/vasee22/igus-coffee-moveit/install/modbus_ros/lib/python3.12/site-packages:${PYTHONPATH} /usr/bin/python3 -W ignore:setup.py install is deprecated -W ignore:easy_install command is deprecated setup.py egg_info --egg-base ../../build/modbus_ros build --build-base /home/vasee22/igus-coffee-moveit/build/modbus_ros/build install --record /home/vasee22/igus-coffee-moveit/build/modbus_ros/install.log --single-version-externally-managed install_data
