[ 69%] Built target igus_moveit
[ 69%] Built target random_pose_node
[ 53%] Built target igus_rail_moveit
[ 76%] Built target igus_rebel
[ 84%] [32mBuilding CXX object CMakeFiles/pick_and_place.dir/src/pick_and_place.cpp.o[0m
[01m[K/home/vasee22/igus-coffee-moveit/src/igus_rebel_ros2/igus_rebel/src/pick_and_place.cpp:[m[K In member function ‘[01m[Kvoid SimpleTask::[01;32m[KdoTask[m[K()[m[K’:
[01m[K/home/vasee22/igus-coffee-moveit/src/igus_rebel_ros2/igus_rebel/src/pick_and_place.cpp:53:8:[m[K [01;31m[Kerror: [m[Kconflicting declaration ‘[01m[Kauto result[m[K’
   53 |   auto [01;31m[Kresult[m[K = task_.execute(*task_.solutions().front());
      |        [01;31m[K^~~~~~[m[K
[01m[K/home/vasee22/igus-coffee-moveit/src/igus_rebel_ros2/igus_rebel/src/pick_and_place.cpp:38:8:[m[K [01;36m[Knote: [m[Kprevious declaration as ‘[01m[Kmoveit::core::MoveItErrorCode result[m[K’
   38 |   auto [01;36m[Kresult[m[K = task_.execute(*task_.solutions().front());
      |        [01;36m[K^~~~~~[m[K
[01m[K/home/vasee22/igus-coffee-moveit/src/igus_rebel_ros2/igus_rebel/src/pick_and_place.cpp:[m[K In member function ‘[01m[Kmoveit::task_constructor::Task SimpleTask::[01;32m[KcreatePressLeftButtonTask[m[K()[m[K’:
[01m[K/home/vasee22/igus-coffee-moveit/src/igus_rebel_ros2/igus_rebel/src/pick_and_place.cpp:1226:15:[m[K [01;35m[Kwarning: [m[Kunused variable ‘[01m[KPRESS_DEPTH[m[K’ [[01;35m[K]8;;https://gcc.gnu.org/onlinedocs/gcc/Warning-Options.html#index-Wunused-variable-Wunused-variable]8;;[m[K]
 1226 |  const double [01;35m[KPRESS_DEPTH[m[K       = 0.00005;
      |               [01;35m[K^~~~~~~~~~~[m[K
[01m[K/home/vasee22/igus-coffee-moveit/src/igus_rebel_ros2/igus_rebel/src/pick_and_place.cpp:[m[K In member function ‘[01m[Kmoveit::task_constructor::Task SimpleTask::[01;32m[KcreatePressMiddleButtonTask[m[K()[m[K’:
[01m[K/home/vasee22/igus-coffee-moveit/src/igus_rebel_ros2/igus_rebel/src/pick_and_place.cpp:1379:15:[m[K [01;35m[Kwarning: [m[Kunused variable ‘[01m[KPRESS_DEPTH[m[K’ [[01;35m[K]8;;https://gcc.gnu.org/onlinedocs/gcc/Warning-Options.html#index-Wunused-variable-Wunused-variable]8;;[m[K]
 1379 |  const double [01;35m[KPRESS_DEPTH[m[K       = 0.00005;   // 2cm push (tunable)
      |               [01;35m[K^~~~~~~~~~~[m[K
gmake[2]: *** [CMakeFiles/pick_and_place.dir/build.make:76: CMakeFiles/pick_and_place.dir/src/pick_and_place.cpp.o] Error 1
gmake[1]: *** [CMakeFiles/Makefile2:223: CMakeFiles/pick_and_place.dir/all] Error 2
gmake: *** [Makefile:146: all] Error 2
