In file included from [01m[K/opt/ros/jazzy/include/rclcpp/rclcpp/copy_all_parameter_values.hpp:27[m[K,
                 from [01m[K/opt/ros/jazzy/include/rclcpp/rclcpp/rclcpp.hpp:171[m[K,
                 from [01m[K/home/vasee22/igus-coffee-moveit/src/igus_rebel_ros2/igus_rebel/include/igus_rebel/simple_task.hpp:4[m[K,
                 from [01m[K/home/vasee22/igus-coffee-moveit/src/igus_rebel_ros2/igus_rebel/src/setup_environment.cpp:1[m[K:
[01m[K/home/vasee22/igus-coffee-moveit/src/igus_rebel_ros2/igus_rebel/src/setup_environment.cpp:[m[K In member function ‘[01m[Kvoid SimpleTask::[01;32m[KsetupPlanningScene[m[K()[m[K’:
[01m[K/home/vasee22/igus-coffee-moveit/src/igus_rebel_ros2/igus_rebel/src/setup_environment.cpp:5:17:[m[K [01;31m[Kerror: [m[K‘[01m[KLOGGER[m[K’ was not declared in this scope
    5 |     RCLCPP_INFO([01;31m[KLOGGER[m[K, "Setting up planning scene...");
      |                 [01;31m[K^~~~~~[m[K
[01m[K/home/vasee22/igus-coffee-moveit/src/igus_rebel_ros2/igus_rebel/src/setup_environment.cpp:5:5:[m[K [01;31m[Kerror: [m[Ktemplate argument 1 is invalid
    5 |     [01;31m[KRCLCPP_INFO[m[K(LOGGER, "Setting up planning scene...");
      |     [01;31m[K^~~~~~~~~~~[m[K
[01m[K/home/vasee22/igus-coffee-moveit/src/igus_rebel_ros2/igus_rebel/src/setup_environment.cpp:7:13:[m[K [01;31m[Kerror: [m[K‘[01m[Kmoveit::planning_interface[m[K’ has not been declared
    7 |     moveit::[01;31m[Kplanning_interface[m[K::PlanningSceneInterface psi;
      |             [01;31m[K^~~~~~~~~~~~~~~~~~[m[K
[01m[K/home/vasee22/igus-coffee-moveit/src/igus_rebel_ros2/igus_rebel/src/setup_environment.cpp:197:17:[m[K [01;31m[Kerror: [m[K‘[01m[KMesh[m[K’ is not a member of ‘[01m[Kshapes[m[K’
  197 |         shapes::[01;31m[KMesh[m[K* mesh = shapes::createMeshFromResource(
      |                 [01;31m[K^~~~[m[K
[01m[K/home/vasee22/igus-coffee-moveit/src/igus_rebel_ros2/igus_rebel/src/setup_environment.cpp:197:17:[m[K [01;36m[Knote: [m[Ksuggested alternatives:
In file included from [01m[K/opt/ros/jazzy/include/urdfdom_headers/urdf_model/model.h:42[m[K,
                 from [01m[K/opt/ros/jazzy/include/urdf/urdf/model.h:43[m[K,
                 from [01m[K/opt/ros/jazzy/include/srdfdom/srdfdom/model.h:50[m[K,
                 from [01m[K/opt/ros/jazzy/include/moveit_core/moveit/robot_model/robot_model.hpp:42[m[K,
                 from [01m[K/opt/ros/jazzy/include/moveit_core/moveit/robot_state/robot_state.hpp:40[m[K,
                 from [01m[K/opt/ros/jazzy/include/moveit_core/moveit/robot_trajectory/robot_trajectory.hpp:40[m[K,
                 from [01m[K/home/vasee22/COAR-ROS2-Workspace-mai/install/moveit_task_constructor_core/include/moveit/task_constructor/utils.h:48[m[K,
                 from [01m[K/home/vasee22/COAR-ROS2-Workspace-mai/install/moveit_task_constructor_core/include/moveit/task_constructor/stage.h:43[m[K,
                 from [01m[K/home/vasee22/COAR-ROS2-Workspace-mai/install/moveit_task_constructor_core/include/moveit/task_constructor/container.h:41[m[K,
                 from [01m[K/home/vasee22/COAR-ROS2-Workspace-mai/install/moveit_task_constructor_core/include/moveit/task_constructor/task.h:42[m[K,
                 from [01m[K/home/vasee22/igus-coffee-moveit/src/igus_rebel_ros2/igus_rebel/include/igus_rebel/simple_task.hpp:5[m[K:
[01m[K/opt/ros/jazzy/include/urdfdom_headers/urdf_model/link.h:98:7:[m[K [01;36m[Knote: [m[K  ‘[01m[Kurdf::Mesh[m[K’
   98 | class [01;36m[KMesh[m[K : public Geometry
      |       [01;36m[K^~~~[m[K
In file included from [01m[K/opt/ros/jazzy/include/moveit_msgs/moveit_msgs/msg/detail/collision_object__struct.hpp:36[m[K,
                 from [01m[K/opt/ros/jazzy/include/moveit_msgs/moveit_msgs/msg/detail/attached_collision_object__struct.hpp:24[m[K,
                 from [01m[K/opt/ros/jazzy/include/moveit_msgs/moveit_msgs/msg/detail/robot_state__struct.hpp:28[m[K,
                 from [01m[K/opt/ros/jazzy/include/moveit_msgs/moveit_msgs/msg/robot_state.hpp:7[m[K,
                 from [01m[K/opt/ros/jazzy/include/moveit_core/moveit/robot_trajectory/robot_trajectory.hpp:42[m[K:
[01m[K/opt/ros/jazzy/include/shape_msgs/shape_msgs/msg/detail/mesh__struct.hpp:136:7:[m[K [01;36m[Knote: [m[K  ‘[01m[Kshape_msgs::msg::Mesh[m[K’
  136 | using [01;36m[KMesh[m[K =
      |       [01;36m[K^~~~[m[K
[01m[K/home/vasee22/igus-coffee-moveit/src/igus_rebel_ros2/igus_rebel/src/setup_environment.cpp:197:23:[m[K [01;31m[Kerror: [m[K‘[01m[Kmesh[m[K’ was not declared in this scope
  197 |         shapes::Mesh* [01;31m[Kmesh[m[K = shapes::createMeshFromResource(
      |                       [01;31m[K^~~~[m[K
[01m[K/home/vasee22/igus-coffee-moveit/src/igus_rebel_ros2/igus_rebel/src/setup_environment.cpp:197:38:[m[K [01;31m[Kerror: [m[K‘[01m[KcreateMeshFromResource[m[K’ is not a member of ‘[01m[Kshapes[m[K’
  197 |         shapes::Mesh* mesh = shapes::[01;31m[KcreateMeshFromResource[m[K(
      |                                      [01;31m[K^~~~~~~~~~~~~~~~~~~~~~[m[K
[01m[K/home/vasee22/igus-coffee-moveit/src/igus_rebel_ros2/igus_rebel/src/setup_environment.cpp:203:17:[m[K [01;31m[Kerror: [m[K‘[01m[KShapeMsg[m[K’ is not a member of ‘[01m[Kshapes[m[K’
  203 |         shapes::[01;31m[KShapeMsg[m[K mesh_msg_variant;
      |                 [01;31m[K^~~~~~~~[m[K
[01m[K/home/vasee22/igus-coffee-moveit/src/igus_rebel_ros2/igus_rebel/src/setup_environment.cpp:204:17:[m[K [01;31m[Kerror: [m[K‘[01m[KconstructMsgFromShape[m[K’ is not a member of ‘[01m[Kshapes[m[K’
  204 |         shapes::[01;31m[KconstructMsgFromShape[m[K(mesh, mesh_msg_variant);
      |                 [01;31m[K^~~~~~~~~~~~~~~~~~~~~[m[K
[01m[K/home/vasee22/igus-coffee-moveit/src/igus_rebel_ros2/igus_rebel/src/setup_environment.cpp:204:45:[m[K [01;31m[Kerror: [m[K‘[01m[Kmesh_msg_variant[m[K’ was not declared in this scope
  204 |         shapes::constructMsgFromShape(mesh, [01;31m[Kmesh_msg_variant[m[K);
      |                                             [01;31m[K^~~~~~~~~~~~~~~~[m[K
[01m[K/home/vasee22/igus-coffee-moveit/src/igus_rebel_ros2/igus_rebel/src/setup_environment.cpp:205:27:[m[K [01;31m[Kerror: [m[K‘[01m[Kget[m[K’ is not a member of ‘[01m[Kboost[m[K’; did you mean ‘[01m[Kstd::get[m[K’?
  205 |         mesh_msg = boost::[01;31m[Kget[m[K<shape_msgs::msg::Mesh>(mesh_msg_variant);
      |                           [01;31m[K^~~[m[K
In file included from [01m[K/opt/ros/jazzy/include/rclcpp/rclcpp/client.hpp:29[m[K,
                 from [01m[K/opt/ros/jazzy/include/rclcpp/rclcpp/callback_group.hpp:24[m[K,
                 from [01m[K/opt/ros/jazzy/include/rclcpp/rclcpp/any_executable.hpp:20[m[K,
                 from [01m[K/opt/ros/jazzy/include/rclcpp/rclcpp/memory_strategy.hpp:25[m[K,
                 from [01m[K/opt/ros/jazzy/include/rclcpp/rclcpp/memory_strategies.hpp:18[m[K,
                 from [01m[K/opt/ros/jazzy/include/rclcpp/rclcpp/executor_options.hpp:22[m[K,
                 from [01m[K/opt/ros/jazzy/include/rclcpp/rclcpp/executor.hpp:38[m[K,
                 from [01m[K/opt/ros/jazzy/include/rclcpp/rclcpp/executors/multi_threaded_executor.hpp:25[m[K,
                 from [01m[K/opt/ros/jazzy/include/rclcpp/rclcpp/executors.hpp:21[m[K,
                 from [01m[K/opt/ros/jazzy/include/rclcpp/rclcpp/rclcpp.hpp:172[m[K:
[01m[K/usr/include/c++/13/variant:1180:5:[m[K [01;36m[Knote: [m[K‘[01m[Kstd::get[m[K’ declared here
 1180 |     [01;36m[Kget[m[K(const variant<_Types...>&& __v)
      |     [01;36m[K^~~[m[K
[01m[K/home/vasee22/igus-coffee-moveit/src/igus_rebel_ros2/igus_rebel/src/setup_environment.cpp:205:52:[m[K [01;31m[Kerror: [m[Kexpected primary-expression before ‘[01m[K>[m[K’ token
  205 |         mesh_msg = boost::get<shape_msgs::msg::Mesh[01;31m[K>[m[K(mesh_msg_variant);
      |                                                    [01;31m[K^[m[K
[01m[K/home/vasee22/igus-coffee-moveit/src/igus_rebel_ros2/igus_rebel/src/setup_environment.cpp:226:9:[m[K [01;31m[Kerror: [m[Ktype ‘[01m[K<type error>[m[K’ argument given to ‘[01m[Kdelete[m[K’, expected pointer
  226 |         [01;31m[Kdelete mesh[m[K;
      |         [01;31m[K^~~~~~~~~~~[m[K
[01m[K/home/vasee22/igus-coffee-moveit/src/igus_rebel_ros2/igus_rebel/src/setup_environment.cpp:236:17:[m[K [01;31m[Kerror: [m[K‘[01m[KMesh[m[K’ is not a member of ‘[01m[Kshapes[m[K’
  236 |         shapes::[01;31m[KMesh[m[K* mesh = shapes::createMeshFromResource(
      |                 [01;31m[K^~~~[m[K
[01m[K/home/vasee22/igus-coffee-moveit/src/igus_rebel_ros2/igus_rebel/src/setup_environment.cpp:236:17:[m[K [01;36m[Knote: [m[Ksuggested alternatives:
[01m[K/opt/ros/jazzy/include/urdfdom_headers/urdf_model/link.h:98:7:[m[K [01;36m[Knote: [m[K  ‘[01m[Kurdf::Mesh[m[K’
   98 | class [01;36m[KMesh[m[K : public Geometry
      |       [01;36m[K^~~~[m[K
[01m[K/opt/ros/jazzy/include/shape_msgs/shape_msgs/msg/detail/mesh__struct.hpp:136:7:[m[K [01;36m[Knote: [m[K  ‘[01m[Kshape_msgs::msg::Mesh[m[K’
  136 | using [01;36m[KMesh[m[K =
      |       [01;36m[K^~~~[m[K
[01m[K/home/vasee22/igus-coffee-moveit/src/igus_rebel_ros2/igus_rebel/src/setup_environment.cpp:236:23:[m[K [01;31m[Kerror: [m[K‘[01m[Kmesh[m[K’ was not declared in this scope
  236 |         shapes::Mesh* [01;31m[Kmesh[m[K = shapes::createMeshFromResource(
      |                       [01;31m[K^~~~[m[K
[01m[K/home/vasee22/igus-coffee-moveit/src/igus_rebel_ros2/igus_rebel/src/setup_environment.cpp:236:38:[m[K [01;31m[Kerror: [m[K‘[01m[KcreateMeshFromResource[m[K’ is not a member of ‘[01m[Kshapes[m[K’
  236 |         shapes::Mesh* mesh = shapes::[01;31m[KcreateMeshFromResource[m[K(
      |                                      [01;31m[K^~~~~~~~~~~~~~~~~~~~~~[m[K
[01m[K/home/vasee22/igus-coffee-moveit/src/igus_rebel_ros2/igus_rebel/src/setup_environment.cpp:243:17:[m[K [01;31m[Kerror: [m[K‘[01m[KShapeMsg[m[K’ is not a member of ‘[01m[Kshapes[m[K’
  243 |         shapes::[01;31m[KShapeMsg[m[K mesh_msg_variant;
      |                 [01;31m[K^~~~~~~~[m[K
[01m[K/home/vasee22/igus-coffee-moveit/src/igus_rebel_ros2/igus_rebel/src/setup_environment.cpp:244:17:[m[K [01;31m[Kerror: [m[K‘[01m[KconstructMsgFromShape[m[K’ is not a member of ‘[01m[Kshapes[m[K’
  244 |         shapes::[01;31m[KconstructMsgFromShape[m[K(mesh, mesh_msg_variant);
      |                 [01;31m[K^~~~~~~~~~~~~~~~~~~~~[m[K
[01m[K/home/vasee22/igus-coffee-moveit/src/igus_rebel_ros2/igus_rebel/src/setup_environment.cpp:244:45:[m[K [01;31m[Kerror: [m[K‘[01m[Kmesh_msg_variant[m[K’ was not declared in this scope
  244 |         shapes::constructMsgFromShape(mesh, [01;31m[Kmesh_msg_variant[m[K);
      |                                             [01;31m[K^~~~~~~~~~~~~~~~[m[K
[01m[K/home/vasee22/igus-coffee-moveit/src/igus_rebel_ros2/igus_rebel/src/setup_environment.cpp:245:27:[m[K [01;31m[Kerror: [m[K‘[01m[Kget[m[K’ is not a member of ‘[01m[Kboost[m[K’; did you mean ‘[01m[Kstd::get[m[K’?
  245 |         mesh_msg = boost::[01;31m[Kget[m[K<shape_msgs::msg::Mesh>(mesh_msg_variant);
      |                           [01;31m[K^~~[m[K
[01m[K/usr/include/c++/13/variant:1180:5:[m[K [01;36m[Knote: [m[K‘[01m[Kstd::get[m[K’ declared here
 1180 |     [01;36m[Kget[m[K(const variant<_Types...>&& __v)
      |     [01;36m[K^~~[m[K
[01m[K/home/vasee22/igus-coffee-moveit/src/igus_rebel_ros2/igus_rebel/src/setup_environment.cpp:245:52:[m[K [01;31m[Kerror: [m[Kexpected primary-expression before ‘[01m[K>[m[K’ token
  245 |         mesh_msg = boost::get<shape_msgs::msg::Mesh[01;31m[K>[m[K(mesh_msg_variant);
      |                                                    [01;31m[K^[m[K
[01m[K/home/vasee22/igus-coffee-moveit/src/igus_rebel_ros2/igus_rebel/src/setup_environment.cpp:269:9:[m[K [01;31m[Kerror: [m[Ktype ‘[01m[K<type error>[m[K’ argument given to ‘[01m[Kdelete[m[K’, expected pointer
  269 |         [01;31m[Kdelete mesh[m[K;
      |         [01;31m[K^~~~~~~~~~~[m[K
[01m[K/home/vasee22/igus-coffee-moveit/src/igus_rebel_ros2/igus_rebel/src/setup_environment.cpp:279:17:[m[K [01;31m[Kerror: [m[K‘[01m[KMesh[m[K’ is not a member of ‘[01m[Kshapes[m[K’
  279 |         shapes::[01;31m[KMesh[m[K* mesh = shapes::createMeshFromResource(
      |                 [01;31m[K^~~~[m[K
[01m[K/home/vasee22/igus-coffee-moveit/src/igus_rebel_ros2/igus_rebel/src/setup_environment.cpp:279:17:[m[K [01;36m[Knote: [m[Ksuggested alternatives:
[01m[K/opt/ros/jazzy/include/urdfdom_headers/urdf_model/link.h:98:7:[m[K [01;36m[Knote: [m[K  ‘[01m[Kurdf::Mesh[m[K’
   98 | class [01;36m[KMesh[m[K : public Geometry
      |       [01;36m[K^~~~[m[K
[01m[K/opt/ros/jazzy/include/shape_msgs/shape_msgs/msg/detail/mesh__struct.hpp:136:7:[m[K [01;36m[Knote: [m[K  ‘[01m[Kshape_msgs::msg::Mesh[m[K’
  136 | using [01;36m[KMesh[m[K =
      |       [01;36m[K^~~~[m[K
[01m[K/home/vasee22/igus-coffee-moveit/src/igus_rebel_ros2/igus_rebel/src/setup_environment.cpp:279:23:[m[K [01;31m[Kerror: [m[K‘[01m[Kmesh[m[K’ was not declared in this scope
  279 |         shapes::Mesh* [01;31m[Kmesh[m[K = shapes::createMeshFromResource(
      |                       [01;31m[K^~~~[m[K
[01m[K/home/vasee22/igus-coffee-moveit/src/igus_rebel_ros2/igus_rebel/src/setup_environment.cpp:279:38:[m[K [01;31m[Kerror: [m[K‘[01m[KcreateMeshFromResource[m[K’ is not a member of ‘[01m[Kshapes[m[K’
  279 |         shapes::Mesh* mesh = shapes::[01;31m[KcreateMeshFromResource[m[K(
      |                                      [01;31m[K^~~~~~~~~~~~~~~~~~~~~~[m[K
[01m[K/home/vasee22/igus-coffee-moveit/src/igus_rebel_ros2/igus_rebel/src/setup_environment.cpp:286:17:[m[K [01;31m[Kerror: [m[K‘[01m[KShapeMsg[m[K’ is not a member of ‘[01m[Kshapes[m[K’
  286 |         shapes::[01;31m[KShapeMsg[m[K mesh_msg_variant;
      |                 [01;31m[K^~~~~~~~[m[K
[01m[K/home/vasee22/igus-coffee-moveit/src/igus_rebel_ros2/igus_rebel/src/setup_environment.cpp:287:17:[m[K [01;31m[Kerror: [m[K‘[01m[KconstructMsgFromShape[m[K’ is not a member of ‘[01m[Kshapes[m[K’
  287 |         shapes::[01;31m[KconstructMsgFromShape[m[K(mesh, mesh_msg_variant);
      |                 [01;31m[K^~~~~~~~~~~~~~~~~~~~~[m[K
[01m[K/home/vasee22/igus-coffee-moveit/src/igus_rebel_ros2/igus_rebel/src/setup_environment.cpp:287:45:[m[K [01;31m[Kerror: [m[K‘[01m[Kmesh_msg_variant[m[K’ was not declared in this scope
  287 |         shapes::constructMsgFromShape(mesh, [01;31m[Kmesh_msg_variant[m[K);
      |                                             [01;31m[K^~~~~~~~~~~~~~~~[m[K
[01m[K/home/vasee22/igus-coffee-moveit/src/igus_rebel_ros2/igus_rebel/src/setup_environment.cpp:288:27:[m[K [01;31m[Kerror: [m[K‘[01m[Kget[m[K’ is not a member of ‘[01m[Kboost[m[K’; did you mean ‘[01m[Kstd::get[m[K’?
  288 |         mesh_msg = boost::[01;31m[Kget[m[K<shape_msgs::msg::Mesh>(mesh_msg_variant);
      |                           [01;31m[K^~~[m[K
[01m[K/usr/include/c++/13/variant:1180:5:[m[K [01;36m[Knote: [m[K‘[01m[Kstd::get[m[K’ declared here
 1180 |     [01;36m[Kget[m[K(const variant<_Types...>&& __v)
      |     [01;36m[K^~~[m[K
[01m[K/home/vasee22/igus-coffee-moveit/src/igus_rebel_ros2/igus_rebel/src/setup_environment.cpp:288:52:[m[K [01;31m[Kerror: [m[Kexpected primary-expression before ‘[01m[K>[m[K’ token
  288 |         mesh_msg = boost::get<shape_msgs::msg::Mesh[01;31m[K>[m[K(mesh_msg_variant);
      |                                                    [01;31m[K^[m[K
[01m[K/home/vasee22/igus-coffee-moveit/src/igus_rebel_ros2/igus_rebel/src/setup_environment.cpp:309:9:[m[K [01;31m[Kerror: [m[Ktype ‘[01m[K<type error>[m[K’ argument given to ‘[01m[Kdelete[m[K’, expected pointer
  309 |         [01;31m[Kdelete mesh[m[K;
      |         [01;31m[K^~~~~~~~~~~[m[K
[01m[K/home/vasee22/igus-coffee-moveit/src/igus_rebel_ros2/igus_rebel/src/setup_environment.cpp:319:17:[m[K [01;31m[Kerror: [m[K‘[01m[KMesh[m[K’ is not a member of ‘[01m[Kshapes[m[K’
  319 |         shapes::[01;31m[KMesh[m[K* mesh = shapes::createMeshFromResource(
      |                 [01;31m[K^~~~[m[K
[01m[K/home/vasee22/igus-coffee-moveit/src/igus_rebel_ros2/igus_rebel/src/setup_environment.cpp:319:17:[m[K [01;36m[Knote: [m[Ksuggested alternatives:
[01m[K/opt/ros/jazzy/include/urdfdom_headers/urdf_model/link.h:98:7:[m[K [01;36m[Knote: [m[K  ‘[01m[Kurdf::Mesh[m[K’
   98 | class [01;36m[KMesh[m[K : public Geometry
      |       [01;36m[K^~~~[m[K
[01m[K/opt/ros/jazzy/include/shape_msgs/shape_msgs/msg/detail/mesh__struct.hpp:136:7:[m[K [01;36m[Knote: [m[K  ‘[01m[Kshape_msgs::msg::Mesh[m[K’
  136 | using [01;36m[KMesh[m[K =
      |       [01;36m[K^~~~[m[K
[01m[K/home/vasee22/igus-coffee-moveit/src/igus_rebel_ros2/igus_rebel/src/setup_environment.cpp:319:23:[m[K [01;31m[Kerror: [m[K‘[01m[Kmesh[m[K’ was not declared in this scope
  319 |         shapes::Mesh* [01;31m[Kmesh[m[K = shapes::createMeshFromResource(
      |                       [01;31m[K^~~~[m[K
[01m[K/home/vasee22/igus-coffee-moveit/src/igus_rebel_ros2/igus_rebel/src/setup_environment.cpp:319:38:[m[K [01;31m[Kerror: [m[K‘[01m[KcreateMeshFromResource[m[K’ is not a member of ‘[01m[Kshapes[m[K’
  319 |         shapes::Mesh* mesh = shapes::[01;31m[KcreateMeshFromResource[m[K(
      |                                      [01;31m[K^~~~~~~~~~~~~~~~~~~~~~[m[K
[01m[K/home/vasee22/igus-coffee-moveit/src/igus_rebel_ros2/igus_rebel/src/setup_environment.cpp:326:17:[m[K [01;31m[Kerror: [m[K‘[01m[KShapeMsg[m[K’ is not a member of ‘[01m[Kshapes[m[K’
  326 |         shapes::[01;31m[KShapeMsg[m[K mesh_msg_variant;
      |                 [01;31m[K^~~~~~~~[m[K
[01m[K/home/vasee22/igus-coffee-moveit/src/igus_rebel_ros2/igus_rebel/src/setup_environment.cpp:327:17:[m[K [01;31m[Kerror: [m[K‘[01m[KconstructMsgFromShape[m[K’ is not a member of ‘[01m[Kshapes[m[K’
  327 |         shapes::[01;31m[KconstructMsgFromShape[m[K(mesh, mesh_msg_variant);
      |                 [01;31m[K^~~~~~~~~~~~~~~~~~~~~[m[K
[01m[K/home/vasee22/igus-coffee-moveit/src/igus_rebel_ros2/igus_rebel/src/setup_environment.cpp:327:45:[m[K [01;31m[Kerror: [m[K‘[01m[Kmesh_msg_variant[m[K’ was not declared in this scope
  327 |         shapes::constructMsgFromShape(mesh, [01;31m[Kmesh_msg_variant[m[K);
      |                                             [01;31m[K^~~~~~~~~~~~~~~~[m[K
[01m[K/home/vasee22/igus-coffee-moveit/src/igus_rebel_ros2/igus_rebel/src/setup_environment.cpp:328:27:[m[K [01;31m[Kerror: [m[K‘[01m[Kget[m[K’ is not a member of ‘[01m[Kboost[m[K’; did you mean ‘[01m[Kstd::get[m[K’?
  328 |         mesh_msg = boost::[01;31m[Kget[m[K<shape_msgs::msg::Mesh>(mesh_msg_variant);
      |                           [01;31m[K^~~[m[K
[01m[K/usr/include/c++/13/variant:1180:5:[m[K [01;36m[Knote: [m[K‘[01m[Kstd::get[m[K’ declared here
 1180 |     [01;36m[Kget[m[K(const variant<_Types...>&& __v)
      |     [01;36m[K^~~[m[K
[01m[K/home/vasee22/igus-coffee-moveit/src/igus_rebel_ros2/igus_rebel/src/setup_environment.cpp:328:52:[m[K [01;31m[Kerror: [m[Kexpected primary-expression before ‘[01m[K>[m[K’ token
  328 |         mesh_msg = boost::get<shape_msgs::msg::Mesh[01;31m[K>[m[K(mesh_msg_variant);
      |                                                    [01;31m[K^[m[K
[01m[K/home/vasee22/igus-coffee-moveit/src/igus_rebel_ros2/igus_rebel/src/setup_environment.cpp:352:9:[m[K [01;31m[Kerror: [m[Ktype ‘[01m[K<type error>[m[K’ argument given to ‘[01m[Kdelete[m[K’, expected pointer
  352 |         [01;31m[Kdelete mesh[m[K;
      |         [01;31m[K^~~~~~~~~~~[m[K
[01m[K/home/vasee22/igus-coffee-moveit/src/igus_rebel_ros2/igus_rebel/src/setup_environment.cpp:362:17:[m[K [01;31m[Kerror: [m[K‘[01m[KMesh[m[K’ is not a member of ‘[01m[Kshapes[m[K’
  362 |         shapes::[01;31m[KMesh[m[K* mesh = shapes::createMeshFromResource(
      |                 [01;31m[K^~~~[m[K
[01m[K/home/vasee22/igus-coffee-moveit/src/igus_rebel_ros2/igus_rebel/src/setup_environment.cpp:362:17:[m[K [01;36m[Knote: [m[Ksuggested alternatives:
[01m[K/opt/ros/jazzy/include/urdfdom_headers/urdf_model/link.h:98:7:[m[K [01;36m[Knote: [m[K  ‘[01m[Kurdf::Mesh[m[K’
   98 | class [01;36m[KMesh[m[K : public Geometry
      |       [01;36m[K^~~~[m[K
[01m[K/opt/ros/jazzy/include/shape_msgs/shape_msgs/msg/detail/mesh__struct.hpp:136:7:[m[K [01;36m[Knote: [m[K  ‘[01m[Kshape_msgs::msg::Mesh[m[K’
  136 | using [01;36m[KMesh[m[K =
      |       [01;36m[K^~~~[m[K
[01m[K/home/vasee22/igus-coffee-moveit/src/igus_rebel_ros2/igus_rebel/src/setup_environment.cpp:362:23:[m[K [01;31m[Kerror: [m[K‘[01m[Kmesh[m[K’ was not declared in this scope
  362 |         shapes::Mesh* [01;31m[Kmesh[m[K = shapes::createMeshFromResource(
      |                       [01;31m[K^~~~[m[K
[01m[K/home/vasee22/igus-coffee-moveit/src/igus_rebel_ros2/igus_rebel/src/setup_environment.cpp:362:38:[m[K [01;31m[Kerror: [m[K‘[01m[KcreateMeshFromResource[m[K’ is not a member of ‘[01m[Kshapes[m[K’
  362 |         shapes::Mesh* mesh = shapes::[01;31m[KcreateMeshFromResource[m[K(
      |                                      [01;31m[K^~~~~~~~~~~~~~~~~~~~~~[m[K
[01m[K/home/vasee22/igus-coffee-moveit/src/igus_rebel_ros2/igus_rebel/src/setup_environment.cpp:369:17:[m[K [01;31m[Kerror: [m[K‘[01m[KShapeMsg[m[K’ is not a member of ‘[01m[Kshapes[m[K’
  369 |         shapes::[01;31m[KShapeMsg[m[K mesh_msg_variant;
      |                 [01;31m[K^~~~~~~~[m[K
[01m[K/home/vasee22/igus-coffee-moveit/src/igus_rebel_ros2/igus_rebel/src/setup_environment.cpp:370:17:[m[K [01;31m[Kerror: [m[K‘[01m[KconstructMsgFromShape[m[K’ is not a member of ‘[01m[Kshapes[m[K’
  370 |         shapes::[01;31m[KconstructMsgFromShape[m[K(mesh, mesh_msg_variant);
      |                 [01;31m[K^~~~~~~~~~~~~~~~~~~~~[m[K
[01m[K/home/vasee22/igus-coffee-moveit/src/igus_rebel_ros2/igus_rebel/src/setup_environment.cpp:370:45:[m[K [01;31m[Kerror: [m[K‘[01m[Kmesh_msg_variant[m[K’ was not declared in this scope
  370 |         shapes::constructMsgFromShape(mesh, [01;31m[Kmesh_msg_variant[m[K);
      |                                             [01;31m[K^~~~~~~~~~~~~~~~[m[K
[01m[K/home/vasee22/igus-coffee-moveit/src/igus_rebel_ros2/igus_rebel/src/setup_environment.cpp:371:27:[m[K [01;31m[Kerror: [m[K‘[01m[Kget[m[K’ is not a member of ‘[01m[Kboost[m[K’; did you mean ‘[01m[Kstd::get[m[K’?
  371 |         mesh_msg = boost::[01;31m[Kget[m[K<shape_msgs::msg::Mesh>(mesh_msg_variant);
      |                           [01;31m[K^~~[m[K
[01m[K/usr/include/c++/13/variant:1180:5:[m[K [01;36m[Knote: [m[K‘[01m[Kstd::get[m[K’ declared here
 1180 |     [01;36m[Kget[m[K(const variant<_Types...>&& __v)
      |     [01;36m[K^~~[m[K
[01m[K/home/vasee22/igus-coffee-moveit/src/igus_rebel_ros2/igus_rebel/src/setup_environment.cpp:371:52:[m[K [01;31m[Kerror: [m[Kexpected primary-expression before ‘[01m[K>[m[K’ token
  371 |         mesh_msg = boost::get<shape_msgs::msg::Mesh[01;31m[K>[m[K(mesh_msg_variant);
      |                                                    [01;31m[K^[m[K
[01m[K/home/vasee22/igus-coffee-moveit/src/igus_rebel_ros2/igus_rebel/src/setup_environment.cpp:395:9:[m[K [01;31m[Kerror: [m[Ktype ‘[01m[K<type error>[m[K’ argument given to ‘[01m[Kdelete[m[K’, expected pointer
  395 |         [01;31m[Kdelete mesh[m[K;
      |         [01;31m[K^~~~~~~~~~~[m[K
[01m[K/home/vasee22/igus-coffee-moveit/src/igus_rebel_ros2/igus_rebel/src/setup_environment.cpp:400:17:[m[K [01;31m[Kerror: [m[K‘[01m[KLOGGER[m[K’ was not declared in this scope
  400 |     RCLCPP_INFO([01;31m[KLOGGER[m[K, "Adding %zu collision objects with colors to planning scene...", collision_objects.size());
      |                 [01;31m[K^~~~~~[m[K
[01m[K/home/vasee22/igus-coffee-moveit/src/igus_rebel_ros2/igus_rebel/src/setup_environment.cpp:400:5:[m[K [01;31m[Kerror: [m[Ktemplate argument 1 is invalid
  400 |     [01;31m[KRCLCPP_INFO[m[K(LOGGER, "Adding %zu collision objects with colors to planning scene...", collision_objects.size());
      |     [01;31m[K^~~~~~~~~~~[m[K
[01m[K/home/vasee22/igus-coffee-moveit/src/igus_rebel_ros2/igus_rebel/src/setup_environment.cpp:401:5:[m[K [01;31m[Kerror: [m[K‘[01m[Kpsi[m[K’ was not declared in this scope
  401 |     [01;31m[Kpsi[m[K.applyCollisionObjects(collision_objects, object_colors);
      |     [01;31m[K^~~[m[K
[01m[K/home/vasee22/igus-coffee-moveit/src/igus_rebel_ros2/igus_rebel/src/setup_environment.cpp:405:17:[m[K [01;31m[Kerror: [m[K‘[01m[KLOGGER[m[K’ was not declared in this scope
  405 |     RCLCPP_INFO([01;31m[KLOGGER[m[K, "Planning scene setup complete!");
      |                 [01;31m[K^~~~~~[m[K
[01m[K/home/vasee22/igus-coffee-moveit/src/igus_rebel_ros2/igus_rebel/src/setup_environment.cpp:405:5:[m[K [01;31m[Kerror: [m[Ktemplate argument 1 is invalid
  405 |     [01;31m[KRCLCPP_INFO[m[K(LOGGER, "Planning scene setup complete!");
      |     [01;31m[K^~~~~~~~~~~[m[K
gmake[2]: *** [CMakeFiles/pick_and_place.dir/build.make:90: CMakeFiles/pick_and_place.dir/src/setup_environment.cpp.o] Error 1
gmake[2]: *** Waiting for unfinished jobs....
gmake[1]: *** [CMakeFiles/Makefile2:223: CMakeFiles/pick_and_place.dir/all] Error 2
gmake: *** [Makefile:146: all] Error 2
