[0.007s] Invoking command in '/home/vasee22/igus-coffee-moveit/build/igus_rebel': CMAKE_PREFIX_PATH=/home/vasee22/igus-coffee-moveit/install/igus_rebel_msgs:/home/vasee22/igus-coffee-moveit/install/igus_rebel:/home/vasee22/igus-coffee-moveit/install/igus_rebel_moveit_config:/home/vasee22/igus-coffee-moveit/install/igus_rebel_description:/home/vasee22/COAR-ROS2-Workspace-mai/install/moveit_task_constructor_demo:/home/vasee22/COAR-ROS2-Workspace-mai/install/moveit_task_constructor_visualization:/home/vasee22/COAR-ROS2-Workspace-mai/install/moveit_task_constructor_capabilities:/home/vasee22/COAR-ROS2-Workspace-mai/install/igus_rebel:/home/vasee22/COAR-ROS2-Workspace-mai/install/moveit_task_constructor_core:/home/vasee22/COAR-ROS2-Workspace-mai/install/rviz_marker_tools:/home/vasee22/COAR-ROS2-Workspace-mai/install/moveit_task_constructor_msgs:/home/vasee22/COAR-ROS2-Workspace-mai/install/igus_rebel_msgs:/home/vasee22/COAR-ROS2-Workspace-mai/install/igus_rebel_moveit_config:/home/vasee22/COAR-ROS2-Workspace-mai/install/igus_rebel_description:/opt/ros/jazzy/opt/gz_sim_vendor:/opt/ros/jazzy/opt/gz_sensors_vendor:/opt/ros/jazzy/opt/gz_physics_vendor:/opt/ros/jazzy/opt/sdformat_vendor:/opt/ros/jazzy/opt/gz_gui_vendor:/opt/ros/jazzy/opt/gz_transport_vendor:/opt/ros/jazzy/opt/gz_rendering_vendor:/opt/ros/jazzy/opt/gz_plugin_vendor:/opt/ros/jazzy/opt/gz_fuel_tools_vendor:/opt/ros/jazzy/opt/gz_msgs_vendor:/opt/ros/jazzy/opt/gz_common_vendor:/opt/ros/jazzy/opt/gz_math_vendor:/opt/ros/jazzy/opt/gz_utils_vendor:/opt/ros/jazzy/opt/gz_tools_vendor:/opt/ros/jazzy/opt/gz_ogre_next_vendor:/opt/ros/jazzy/opt/gz_dartsim_vendor:/opt/ros/jazzy/opt/gz_cmake_vendor:/home/vasee22/igus-coffee-moveit/install/modbus_ros:/home/vasee22/COAR-ROS2-Workspace-mai/install/modbus_ros:/opt/ros/jazzy DEBUGINFOD_URLS=https://debuginfod.ubuntu.com LD_LIBRARY_PATH=/home/vasee22/igus-coffee-moveit/install/igus_rebel_msgs/lib:/home/vasee22/igus-coffee-moveit/install/igus_rebel/lib:/home/vasee22/COAR-ROS2-Workspace-mai/install/moveit_task_constructor_demo/lib:/home/vasee22/COAR-ROS2-Workspace-mai/install/moveit_task_constructor_visualization/lib:/home/vasee22/COAR-ROS2-Workspace-mai/install/moveit_task_constructor_capabilities/lib:/home/vasee22/COAR-ROS2-Workspace-mai/install/igus_rebel/lib:/home/vasee22/COAR-ROS2-Workspace-mai/install/moveit_task_constructor_core/lib:/home/vasee22/COAR-ROS2-Workspace-mai/install/rviz_marker_tools/lib:/home/vasee22/COAR-ROS2-Workspace-mai/install/moveit_task_constructor_msgs/lib:/home/vasee22/COAR-ROS2-Workspace-mai/install/igus_rebel_msgs/lib:/opt/ros/jazzy/opt/gz_sim_vendor/lib:/opt/ros/jazzy/opt/gz_sensors_vendor/lib:/opt/ros/jazzy/opt/gz_physics_vendor/lib:/opt/ros/jazzy/opt/sdformat_vendor/lib:/opt/ros/jazzy/opt/rviz_ogre_vendor/lib:/opt/ros/jazzy/lib/x86_64-linux-gnu:/opt/ros/jazzy/opt/gz_gui_vendor/lib:/opt/ros/jazzy/opt/gz_transport_vendor/lib:/opt/ros/jazzy/opt/gz_rendering_vendor/lib:/opt/ros/jazzy/opt/gz_plugin_vendor/lib:/opt/ros/jazzy/opt/gz_fuel_tools_vendor/lib:/opt/ros/jazzy/opt/gz_msgs_vendor/lib:/opt/ros/jazzy/opt/gz_common_vendor/lib:/opt/ros/jazzy/opt/gz_math_vendor/lib:/opt/ros/jazzy/opt/gz_utils_vendor/lib:/opt/ros/jazzy/opt/gz_tools_vendor/lib:/opt/ros/jazzy/opt/gz_ogre_next_vendor/lib:/opt/ros/jazzy/opt/gz_dartsim_vendor/lib:/opt/ros/jazzy/opt/gz_cmake_vendor/lib:/opt/ros/jazzy/lib PYTHONPATH=/home/vasee22/igus-coffee-moveit/install/igus_rebel_msgs/lib/python3.12/site-packages:/home/vasee22/igus-coffee-moveit/install/modbus_ros/lib/python3.12/site-packages:/home/vasee22/COAR-ROS2-Workspace-mai/install/moveit_task_constructor_core/lib/python3.12/site-packages:/home/vasee22/COAR-ROS2-Workspace-mai/install/moveit_task_constructor_msgs/lib/python3.12/site-packages:/home/vasee22/COAR-ROS2-Workspace-mai/install/modbus_ros/lib/python3.12/site-packages:/home/vasee22/COAR-ROS2-Workspace-mai/install/igus_rebel_msgs/lib/python3.12/site-packages:/opt/ros/jazzy/lib/python3.12/site-packages /usr/bin/cmake --build /home/vasee22/igus-coffee-moveit/build/igus_rebel -- -j24 -l24
[0.056s] [ 61%] Built target igus_rail_moveit
[0.056s] [ 61%] Built target igus_moveit
[0.056s] [ 61%] Built target random_pose_node
[0.056s] [ 76%] Built target igus_rebel
[0.066s] [ 92%] [32mBuilding CXX object CMakeFiles/pick_and_place.dir/src/pick_and_place.cpp.o[0m
[0.066s] [ 92%] [32mBuilding CXX object CMakeFiles/pick_and_place.dir/src/setup_environment.cpp.o[0m
[2.291s] In file included from [01m[K/opt/ros/jazzy/include/rclcpp/rclcpp/copy_all_parameter_values.hpp:27[m[K,
[2.291s]                  from [01m[K/opt/ros/jazzy/include/rclcpp/rclcpp/rclcpp.hpp:171[m[K,
[2.291s]                  from [01m[K/home/vasee22/igus-coffee-moveit/src/igus_rebel_ros2/igus_rebel/include/igus_rebel/simple_task.hpp:4[m[K,
[2.291s]                  from [01m[K/home/vasee22/igus-coffee-moveit/src/igus_rebel_ros2/igus_rebel/src/setup_environment.cpp:1[m[K:
[2.291s] [01m[K/home/vasee22/igus-coffee-moveit/src/igus_rebel_ros2/igus_rebel/src/setup_environment.cpp:[m[K In member function ‘[01m[Kvoid SimpleTask::[01;32m[KsetupPlanningScene[m[K()[m[K’:
[2.291s] [01m[K/home/vasee22/igus-coffee-moveit/src/igus_rebel_ros2/igus_rebel/src/setup_environment.cpp:5:17:[m[K [01;31m[Kerror: [m[K‘[01m[KLOGGER[m[K’ was not declared in this scope
[2.291s]     5 |     RCLCPP_INFO([01;31m[KLOGGER[m[K, "Setting up planning scene...");
[2.291s]       |                 [01;31m[K^~~~~~[m[K
[2.291s] [01m[K/home/vasee22/igus-coffee-moveit/src/igus_rebel_ros2/igus_rebel/src/setup_environment.cpp:5:5:[m[K [01;31m[Kerror: [m[Ktemplate argument 1 is invalid
[2.291s]     5 |     [01;31m[KRCLCPP_INFO[m[K(LOGGER, "Setting up planning scene...");
[2.291s]       |     [01;31m[K^~~~~~~~~~~[m[K
[2.292s] [01m[K/home/vasee22/igus-coffee-moveit/src/igus_rebel_ros2/igus_rebel/src/setup_environment.cpp:7:13:[m[K [01;31m[Kerror: [m[K‘[01m[Kmoveit::planning_interface[m[K’ has not been declared
[2.292s]     7 |     moveit::[01;31m[Kplanning_interface[m[K::PlanningSceneInterface psi;
[2.292s]       |             [01;31m[K^~~~~~~~~~~~~~~~~~[m[K
[2.293s] [01m[K/home/vasee22/igus-coffee-moveit/src/igus_rebel_ros2/igus_rebel/src/setup_environment.cpp:197:17:[m[K [01;31m[Kerror: [m[K‘[01m[KMesh[m[K’ is not a member of ‘[01m[Kshapes[m[K’
[2.293s]   197 |         shapes::[01;31m[KMesh[m[K* mesh = shapes::createMeshFromResource(
[2.293s]       |                 [01;31m[K^~~~[m[K
[2.293s] [01m[K/home/vasee22/igus-coffee-moveit/src/igus_rebel_ros2/igus_rebel/src/setup_environment.cpp:197:17:[m[K [01;36m[Knote: [m[Ksuggested alternatives:
[2.293s] In file included from [01m[K/opt/ros/jazzy/include/urdfdom_headers/urdf_model/model.h:42[m[K,
[2.293s]                  from [01m[K/opt/ros/jazzy/include/urdf/urdf/model.h:43[m[K,
[2.293s]                  from [01m[K/opt/ros/jazzy/include/srdfdom/srdfdom/model.h:50[m[K,
[2.293s]                  from [01m[K/opt/ros/jazzy/include/moveit_core/moveit/robot_model/robot_model.hpp:42[m[K,
[2.293s]                  from [01m[K/opt/ros/jazzy/include/moveit_core/moveit/robot_state/robot_state.hpp:40[m[K,
[2.293s]                  from [01m[K/opt/ros/jazzy/include/moveit_core/moveit/robot_trajectory/robot_trajectory.hpp:40[m[K,
[2.293s]                  from [01m[K/home/vasee22/COAR-ROS2-Workspace-mai/install/moveit_task_constructor_core/include/moveit/task_constructor/utils.h:48[m[K,
[2.293s]                  from [01m[K/home/vasee22/COAR-ROS2-Workspace-mai/install/moveit_task_constructor_core/include/moveit/task_constructor/stage.h:43[m[K,
[2.293s]                  from [01m[K/home/vasee22/COAR-ROS2-Workspace-mai/install/moveit_task_constructor_core/include/moveit/task_constructor/container.h:41[m[K,
[2.293s]                  from [01m[K/home/vasee22/COAR-ROS2-Workspace-mai/install/moveit_task_constructor_core/include/moveit/task_constructor/task.h:42[m[K,
[2.293s]                  from [01m[K/home/vasee22/igus-coffee-moveit/src/igus_rebel_ros2/igus_rebel/include/igus_rebel/simple_task.hpp:5[m[K:
[2.293s] [01m[K/opt/ros/jazzy/include/urdfdom_headers/urdf_model/link.h:98:7:[m[K [01;36m[Knote: [m[K  ‘[01m[Kurdf::Mesh[m[K’
[2.294s]    98 | class [01;36m[KMesh[m[K : public Geometry
[2.294s]       |       [01;36m[K^~~~[m[K
[2.294s] In file included from [01m[K/opt/ros/jazzy/include/moveit_msgs/moveit_msgs/msg/detail/collision_object__struct.hpp:36[m[K,
[2.294s]                  from [01m[K/opt/ros/jazzy/include/moveit_msgs/moveit_msgs/msg/detail/attached_collision_object__struct.hpp:24[m[K,
[2.294s]                  from [01m[K/opt/ros/jazzy/include/moveit_msgs/moveit_msgs/msg/detail/robot_state__struct.hpp:28[m[K,
[2.294s]                  from [01m[K/opt/ros/jazzy/include/moveit_msgs/moveit_msgs/msg/robot_state.hpp:7[m[K,
[2.294s]                  from [01m[K/opt/ros/jazzy/include/moveit_core/moveit/robot_trajectory/robot_trajectory.hpp:42[m[K:
[2.294s] [01m[K/opt/ros/jazzy/include/shape_msgs/shape_msgs/msg/detail/mesh__struct.hpp:136:7:[m[K [01;36m[Knote: [m[K  ‘[01m[Kshape_msgs::msg::Mesh[m[K’
[2.294s]   136 | using [01;36m[KMesh[m[K =
[2.294s]       |       [01;36m[K^~~~[m[K
[2.297s] [01m[K/home/vasee22/igus-coffee-moveit/src/igus_rebel_ros2/igus_rebel/src/setup_environment.cpp:197:23:[m[K [01;31m[Kerror: [m[K‘[01m[Kmesh[m[K’ was not declared in this scope
[2.297s]   197 |         shapes::Mesh* [01;31m[Kmesh[m[K = shapes::createMeshFromResource(
[2.297s]       |                       [01;31m[K^~~~[m[K
[2.297s] [01m[K/home/vasee22/igus-coffee-moveit/src/igus_rebel_ros2/igus_rebel/src/setup_environment.cpp:197:38:[m[K [01;31m[Kerror: [m[K‘[01m[KcreateMeshFromResource[m[K’ is not a member of ‘[01m[Kshapes[m[K’
[2.297s]   197 |         shapes::Mesh* mesh = shapes::[01;31m[KcreateMeshFromResource[m[K(
[2.297s]       |                                      [01;31m[K^~~~~~~~~~~~~~~~~~~~~~[m[K
[2.297s] [01m[K/home/vasee22/igus-coffee-moveit/src/igus_rebel_ros2/igus_rebel/src/setup_environment.cpp:203:17:[m[K [01;31m[Kerror: [m[K‘[01m[KShapeMsg[m[K’ is not a member of ‘[01m[Kshapes[m[K’
[2.297s]   203 |         shapes::[01;31m[KShapeMsg[m[K mesh_msg_variant;
[2.297s]       |                 [01;31m[K^~~~~~~~[m[K
[2.297s] [01m[K/home/vasee22/igus-coffee-moveit/src/igus_rebel_ros2/igus_rebel/src/setup_environment.cpp:204:17:[m[K [01;31m[Kerror: [m[K‘[01m[KconstructMsgFromShape[m[K’ is not a member of ‘[01m[Kshapes[m[K’
[2.297s]   204 |         shapes::[01;31m[KconstructMsgFromShape[m[K(mesh, mesh_msg_variant);
[2.297s]       |                 [01;31m[K^~~~~~~~~~~~~~~~~~~~~[m[K
[2.304s] [01m[K/home/vasee22/igus-coffee-moveit/src/igus_rebel_ros2/igus_rebel/src/setup_environment.cpp:204:45:[m[K [01;31m[Kerror: [m[K‘[01m[Kmesh_msg_variant[m[K’ was not declared in this scope
[2.304s]   204 |         shapes::constructMsgFromShape(mesh, [01;31m[Kmesh_msg_variant[m[K);
[2.304s]       |                                             [01;31m[K^~~~~~~~~~~~~~~~[m[K
[2.305s] [01m[K/home/vasee22/igus-coffee-moveit/src/igus_rebel_ros2/igus_rebel/src/setup_environment.cpp:205:27:[m[K [01;31m[Kerror: [m[K‘[01m[Kget[m[K’ is not a member of ‘[01m[Kboost[m[K’; did you mean ‘[01m[Kstd::get[m[K’?
[2.305s]   205 |         mesh_msg = boost::[01;31m[Kget[m[K<shape_msgs::msg::Mesh>(mesh_msg_variant);
[2.305s]       |                           [01;31m[K^~~[m[K
[2.305s] In file included from [01m[K/opt/ros/jazzy/include/rclcpp/rclcpp/client.hpp:29[m[K,
[2.305s]                  from [01m[K/opt/ros/jazzy/include/rclcpp/rclcpp/callback_group.hpp:24[m[K,
[2.305s]                  from [01m[K/opt/ros/jazzy/include/rclcpp/rclcpp/any_executable.hpp:20[m[K,
[2.305s]                  from [01m[K/opt/ros/jazzy/include/rclcpp/rclcpp/memory_strategy.hpp:25[m[K,
[2.305s]                  from [01m[K/opt/ros/jazzy/include/rclcpp/rclcpp/memory_strategies.hpp:18[m[K,
[2.305s]                  from [01m[K/opt/ros/jazzy/include/rclcpp/rclcpp/executor_options.hpp:22[m[K,
[2.305s]                  from [01m[K/opt/ros/jazzy/include/rclcpp/rclcpp/executor.hpp:38[m[K,
[2.305s]                  from [01m[K/opt/ros/jazzy/include/rclcpp/rclcpp/executors/multi_threaded_executor.hpp:25[m[K,
[2.305s]                  from [01m[K/opt/ros/jazzy/include/rclcpp/rclcpp/executors.hpp:21[m[K,
[2.305s]                  from [01m[K/opt/ros/jazzy/include/rclcpp/rclcpp/rclcpp.hpp:172[m[K:
[2.305s] [01m[K/usr/include/c++/13/variant:1180:5:[m[K [01;36m[Knote: [m[K‘[01m[Kstd::get[m[K’ declared here
[2.305s]  1180 |     [01;36m[Kget[m[K(const variant<_Types...>&& __v)
[2.305s]       |     [01;36m[K^~~[m[K
[2.305s] [01m[K/home/vasee22/igus-coffee-moveit/src/igus_rebel_ros2/igus_rebel/src/setup_environment.cpp:205:52:[m[K [01;31m[Kerror: [m[Kexpected primary-expression before ‘[01m[K>[m[K’ token
[2.305s]   205 |         mesh_msg = boost::get<shape_msgs::msg::Mesh[01;31m[K>[m[K(mesh_msg_variant);
[2.305s]       |                                                    [01;31m[K^[m[K
[2.305s] [01m[K/home/vasee22/igus-coffee-moveit/src/igus_rebel_ros2/igus_rebel/src/setup_environment.cpp:226:9:[m[K [01;31m[Kerror: [m[Ktype ‘[01m[K<type error>[m[K’ argument given to ‘[01m[Kdelete[m[K’, expected pointer
[2.305s]   226 |         [01;31m[Kdelete mesh[m[K;
[2.306s]       |         [01;31m[K^~~~~~~~~~~[m[K
[2.306s] [01m[K/home/vasee22/igus-coffee-moveit/src/igus_rebel_ros2/igus_rebel/src/setup_environment.cpp:236:17:[m[K [01;31m[Kerror: [m[K‘[01m[KMesh[m[K’ is not a member of ‘[01m[Kshapes[m[K’
[2.306s]   236 |         shapes::[01;31m[KMesh[m[K* mesh = shapes::createMeshFromResource(
[2.306s]       |                 [01;31m[K^~~~[m[K
[2.306s] [01m[K/home/vasee22/igus-coffee-moveit/src/igus_rebel_ros2/igus_rebel/src/setup_environment.cpp:236:17:[m[K [01;36m[Knote: [m[Ksuggested alternatives:
[2.306s] [01m[K/opt/ros/jazzy/include/urdfdom_headers/urdf_model/link.h:98:7:[m[K [01;36m[Knote: [m[K  ‘[01m[Kurdf::Mesh[m[K’
[2.306s]    98 | class [01;36m[KMesh[m[K : public Geometry
[2.306s]       |       [01;36m[K^~~~[m[K
[2.306s] [01m[K/opt/ros/jazzy/include/shape_msgs/shape_msgs/msg/detail/mesh__struct.hpp:136:7:[m[K [01;36m[Knote: [m[K  ‘[01m[Kshape_msgs::msg::Mesh[m[K’
[2.306s]   136 | using [01;36m[KMesh[m[K =
[2.306s]       |       [01;36m[K^~~~[m[K
[2.308s] [01m[K/home/vasee22/igus-coffee-moveit/src/igus_rebel_ros2/igus_rebel/src/setup_environment.cpp:236:23:[m[K [01;31m[Kerror: [m[K‘[01m[Kmesh[m[K’ was not declared in this scope
[2.308s]   236 |         shapes::Mesh* [01;31m[Kmesh[m[K = shapes::createMeshFromResource(
[2.308s]       |                       [01;31m[K^~~~[m[K
[2.309s] [01m[K/home/vasee22/igus-coffee-moveit/src/igus_rebel_ros2/igus_rebel/src/setup_environment.cpp:236:38:[m[K [01;31m[Kerror: [m[K‘[01m[KcreateMeshFromResource[m[K’ is not a member of ‘[01m[Kshapes[m[K’
[2.309s]   236 |         shapes::Mesh* mesh = shapes::[01;31m[KcreateMeshFromResource[m[K(
[2.309s]       |                                      [01;31m[K^~~~~~~~~~~~~~~~~~~~~~[m[K
[2.309s] [01m[K/home/vasee22/igus-coffee-moveit/src/igus_rebel_ros2/igus_rebel/src/setup_environment.cpp:243:17:[m[K [01;31m[Kerror: [m[K‘[01m[KShapeMsg[m[K’ is not a member of ‘[01m[Kshapes[m[K’
[2.309s]   243 |         shapes::[01;31m[KShapeMsg[m[K mesh_msg_variant;
[2.309s]       |                 [01;31m[K^~~~~~~~[m[K
[2.309s] [01m[K/home/vasee22/igus-coffee-moveit/src/igus_rebel_ros2/igus_rebel/src/setup_environment.cpp:244:17:[m[K [01;31m[Kerror: [m[K‘[01m[KconstructMsgFromShape[m[K’ is not a member of ‘[01m[Kshapes[m[K’
[2.309s]   244 |         shapes::[01;31m[KconstructMsgFromShape[m[K(mesh, mesh_msg_variant);
[2.309s]       |                 [01;31m[K^~~~~~~~~~~~~~~~~~~~~[m[K
[2.315s] [01m[K/home/vasee22/igus-coffee-moveit/src/igus_rebel_ros2/igus_rebel/src/setup_environment.cpp:244:45:[m[K [01;31m[Kerror: [m[K‘[01m[Kmesh_msg_variant[m[K’ was not declared in this scope
[2.315s]   244 |         shapes::constructMsgFromShape(mesh, [01;31m[Kmesh_msg_variant[m[K);
[2.315s]       |                                             [01;31m[K^~~~~~~~~~~~~~~~[m[K
[2.316s] [01m[K/home/vasee22/igus-coffee-moveit/src/igus_rebel_ros2/igus_rebel/src/setup_environment.cpp:245:27:[m[K [01;31m[Kerror: [m[K‘[01m[Kget[m[K’ is not a member of ‘[01m[Kboost[m[K’; did you mean ‘[01m[Kstd::get[m[K’?
[2.316s]   245 |         mesh_msg = boost::[01;31m[Kget[m[K<shape_msgs::msg::Mesh>(mesh_msg_variant);
[2.316s]       |                           [01;31m[K^~~[m[K
[2.316s] [01m[K/usr/include/c++/13/variant:1180:5:[m[K [01;36m[Knote: [m[K‘[01m[Kstd::get[m[K’ declared here
[2.316s]  1180 |     [01;36m[Kget[m[K(const variant<_Types...>&& __v)
[2.316s]       |     [01;36m[K^~~[m[K
[2.316s] [01m[K/home/vasee22/igus-coffee-moveit/src/igus_rebel_ros2/igus_rebel/src/setup_environment.cpp:245:52:[m[K [01;31m[Kerror: [m[Kexpected primary-expression before ‘[01m[K>[m[K’ token
[2.316s]   245 |         mesh_msg = boost::get<shape_msgs::msg::Mesh[01;31m[K>[m[K(mesh_msg_variant);
[2.316s]       |                                                    [01;31m[K^[m[K
[2.316s] [01m[K/home/vasee22/igus-coffee-moveit/src/igus_rebel_ros2/igus_rebel/src/setup_environment.cpp:269:9:[m[K [01;31m[Kerror: [m[Ktype ‘[01m[K<type error>[m[K’ argument given to ‘[01m[Kdelete[m[K’, expected pointer
[2.316s]   269 |         [01;31m[Kdelete mesh[m[K;
[2.316s]       |         [01;31m[K^~~~~~~~~~~[m[K
[2.317s] [01m[K/home/vasee22/igus-coffee-moveit/src/igus_rebel_ros2/igus_rebel/src/setup_environment.cpp:279:17:[m[K [01;31m[Kerror: [m[K‘[01m[KMesh[m[K’ is not a member of ‘[01m[Kshapes[m[K’
[2.317s]   279 |         shapes::[01;31m[KMesh[m[K* mesh = shapes::createMeshFromResource(
[2.317s]       |                 [01;31m[K^~~~[m[K
[2.317s] [01m[K/home/vasee22/igus-coffee-moveit/src/igus_rebel_ros2/igus_rebel/src/setup_environment.cpp:279:17:[m[K [01;36m[Knote: [m[Ksuggested alternatives:
[2.317s] [01m[K/opt/ros/jazzy/include/urdfdom_headers/urdf_model/link.h:98:7:[m[K [01;36m[Knote: [m[K  ‘[01m[Kurdf::Mesh[m[K’
[2.317s]    98 | class [01;36m[KMesh[m[K : public Geometry
[2.317s]       |       [01;36m[K^~~~[m[K
[2.317s] [01m[K/opt/ros/jazzy/include/shape_msgs/shape_msgs/msg/detail/mesh__struct.hpp:136:7:[m[K [01;36m[Knote: [m[K  ‘[01m[Kshape_msgs::msg::Mesh[m[K’
[2.317s]   136 | using [01;36m[KMesh[m[K =
[2.317s]       |       [01;36m[K^~~~[m[K
[2.320s] [01m[K/home/vasee22/igus-coffee-moveit/src/igus_rebel_ros2/igus_rebel/src/setup_environment.cpp:279:23:[m[K [01;31m[Kerror: [m[K‘[01m[Kmesh[m[K’ was not declared in this scope
[2.320s]   279 |         shapes::Mesh* [01;31m[Kmesh[m[K = shapes::createMeshFromResource(
[2.320s]       |                       [01;31m[K^~~~[m[K
[2.320s] [01m[K/home/vasee22/igus-coffee-moveit/src/igus_rebel_ros2/igus_rebel/src/setup_environment.cpp:279:38:[m[K [01;31m[Kerror: [m[K‘[01m[KcreateMeshFromResource[m[K’ is not a member of ‘[01m[Kshapes[m[K’
[2.320s]   279 |         shapes::Mesh* mesh = shapes::[01;31m[KcreateMeshFromResource[m[K(
[2.320s]       |                                      [01;31m[K^~~~~~~~~~~~~~~~~~~~~~[m[K
[2.320s] [01m[K/home/vasee22/igus-coffee-moveit/src/igus_rebel_ros2/igus_rebel/src/setup_environment.cpp:286:17:[m[K [01;31m[Kerror: [m[K‘[01m[KShapeMsg[m[K’ is not a member of ‘[01m[Kshapes[m[K’
[2.320s]   286 |         shapes::[01;31m[KShapeMsg[m[K mesh_msg_variant;
[2.320s]       |                 [01;31m[K^~~~~~~~[m[K
[2.321s] [01m[K/home/vasee22/igus-coffee-moveit/src/igus_rebel_ros2/igus_rebel/src/setup_environment.cpp:287:17:[m[K [01;31m[Kerror: [m[K‘[01m[KconstructMsgFromShape[m[K’ is not a member of ‘[01m[Kshapes[m[K’
[2.321s]   287 |         shapes::[01;31m[KconstructMsgFromShape[m[K(mesh, mesh_msg_variant);
[2.321s]       |                 [01;31m[K^~~~~~~~~~~~~~~~~~~~~[m[K
[2.327s] [01m[K/home/vasee22/igus-coffee-moveit/src/igus_rebel_ros2/igus_rebel/src/setup_environment.cpp:287:45:[m[K [01;31m[Kerror: [m[K‘[01m[Kmesh_msg_variant[m[K’ was not declared in this scope
[2.327s]   287 |         shapes::constructMsgFromShape(mesh, [01;31m[Kmesh_msg_variant[m[K);
[2.327s]       |                                             [01;31m[K^~~~~~~~~~~~~~~~[m[K
[2.327s] [01m[K/home/vasee22/igus-coffee-moveit/src/igus_rebel_ros2/igus_rebel/src/setup_environment.cpp:288:27:[m[K [01;31m[Kerror: [m[K‘[01m[Kget[m[K’ is not a member of ‘[01m[Kboost[m[K’; did you mean ‘[01m[Kstd::get[m[K’?
[2.327s]   288 |         mesh_msg = boost::[01;31m[Kget[m[K<shape_msgs::msg::Mesh>(mesh_msg_variant);
[2.327s]       |                           [01;31m[K^~~[m[K
[2.327s] [01m[K/usr/include/c++/13/variant:1180:5:[m[K [01;36m[Knote: [m[K‘[01m[Kstd::get[m[K’ declared here
[2.327s]  1180 |     [01;36m[Kget[m[K(const variant<_Types...>&& __v)
[2.327s]       |     [01;36m[K^~~[m[K
[2.327s] [01m[K/home/vasee22/igus-coffee-moveit/src/igus_rebel_ros2/igus_rebel/src/setup_environment.cpp:288:52:[m[K [01;31m[Kerror: [m[Kexpected primary-expression before ‘[01m[K>[m[K’ token
[2.328s]   288 |         mesh_msg = boost::get<shape_msgs::msg::Mesh[01;31m[K>[m[K(mesh_msg_variant);
[2.328s]       |                                                    [01;31m[K^[m[K
[2.328s] [01m[K/home/vasee22/igus-coffee-moveit/src/igus_rebel_ros2/igus_rebel/src/setup_environment.cpp:309:9:[m[K [01;31m[Kerror: [m[Ktype ‘[01m[K<type error>[m[K’ argument given to ‘[01m[Kdelete[m[K’, expected pointer
[2.328s]   309 |         [01;31m[Kdelete mesh[m[K;
[2.328s]       |         [01;31m[K^~~~~~~~~~~[m[K
[2.328s] [01m[K/home/vasee22/igus-coffee-moveit/src/igus_rebel_ros2/igus_rebel/src/setup_environment.cpp:319:17:[m[K [01;31m[Kerror: [m[K‘[01m[KMesh[m[K’ is not a member of ‘[01m[Kshapes[m[K’
[2.328s]   319 |         shapes::[01;31m[KMesh[m[K* mesh = shapes::createMeshFromResource(
[2.328s]       |                 [01;31m[K^~~~[m[K
[2.328s] [01m[K/home/vasee22/igus-coffee-moveit/src/igus_rebel_ros2/igus_rebel/src/setup_environment.cpp:319:17:[m[K [01;36m[Knote: [m[Ksuggested alternatives:
[2.328s] [01m[K/opt/ros/jazzy/include/urdfdom_headers/urdf_model/link.h:98:7:[m[K [01;36m[Knote: [m[K  ‘[01m[Kurdf::Mesh[m[K’
[2.328s]    98 | class [01;36m[KMesh[m[K : public Geometry
[2.328s]       |       [01;36m[K^~~~[m[K
[2.328s] [01m[K/opt/ros/jazzy/include/shape_msgs/shape_msgs/msg/detail/mesh__struct.hpp:136:7:[m[K [01;36m[Knote: [m[K  ‘[01m[Kshape_msgs::msg::Mesh[m[K’
[2.328s]   136 | using [01;36m[KMesh[m[K =
[2.328s]       |       [01;36m[K^~~~[m[K
[2.331s] [01m[K/home/vasee22/igus-coffee-moveit/src/igus_rebel_ros2/igus_rebel/src/setup_environment.cpp:319:23:[m[K [01;31m[Kerror: [m[K‘[01m[Kmesh[m[K’ was not declared in this scope
[2.331s]   319 |         shapes::Mesh* [01;31m[Kmesh[m[K = shapes::createMeshFromResource(
[2.331s]       |                       [01;31m[K^~~~[m[K
[2.331s] [01m[K/home/vasee22/igus-coffee-moveit/src/igus_rebel_ros2/igus_rebel/src/setup_environment.cpp:319:38:[m[K [01;31m[Kerror: [m[K‘[01m[KcreateMeshFromResource[m[K’ is not a member of ‘[01m[Kshapes[m[K’
[2.331s]   319 |         shapes::Mesh* mesh = shapes::[01;31m[KcreateMeshFromResource[m[K(
[2.331s]       |                                      [01;31m[K^~~~~~~~~~~~~~~~~~~~~~[m[K
[2.331s] [01m[K/home/vasee22/igus-coffee-moveit/src/igus_rebel_ros2/igus_rebel/src/setup_environment.cpp:326:17:[m[K [01;31m[Kerror: [m[K‘[01m[KShapeMsg[m[K’ is not a member of ‘[01m[Kshapes[m[K’
[2.332s]   326 |         shapes::[01;31m[KShapeMsg[m[K mesh_msg_variant;
[2.332s]       |                 [01;31m[K^~~~~~~~[m[K
[2.332s] [01m[K/home/vasee22/igus-coffee-moveit/src/igus_rebel_ros2/igus_rebel/src/setup_environment.cpp:327:17:[m[K [01;31m[Kerror: [m[K‘[01m[KconstructMsgFromShape[m[K’ is not a member of ‘[01m[Kshapes[m[K’
[2.332s]   327 |         shapes::[01;31m[KconstructMsgFromShape[m[K(mesh, mesh_msg_variant);
[2.332s]       |                 [01;31m[K^~~~~~~~~~~~~~~~~~~~~[m[K
[2.338s] [01m[K/home/vasee22/igus-coffee-moveit/src/igus_rebel_ros2/igus_rebel/src/setup_environment.cpp:327:45:[m[K [01;31m[Kerror: [m[K‘[01m[Kmesh_msg_variant[m[K’ was not declared in this scope
[2.338s]   327 |         shapes::constructMsgFromShape(mesh, [01;31m[Kmesh_msg_variant[m[K);
[2.338s]       |                                             [01;31m[K^~~~~~~~~~~~~~~~[m[K
[2.338s] [01m[K/home/vasee22/igus-coffee-moveit/src/igus_rebel_ros2/igus_rebel/src/setup_environment.cpp:328:27:[m[K [01;31m[Kerror: [m[K‘[01m[Kget[m[K’ is not a member of ‘[01m[Kboost[m[K’; did you mean ‘[01m[Kstd::get[m[K’?
[2.339s]   328 |         mesh_msg = boost::[01;31m[Kget[m[K<shape_msgs::msg::Mesh>(mesh_msg_variant);
[2.339s]       |                           [01;31m[K^~~[m[K
[2.339s] [01m[K/usr/include/c++/13/variant:1180:5:[m[K [01;36m[Knote: [m[K‘[01m[Kstd::get[m[K’ declared here
[2.339s]  1180 |     [01;36m[Kget[m[K(const variant<_Types...>&& __v)
[2.339s]       |     [01;36m[K^~~[m[K
[2.339s] [01m[K/home/vasee22/igus-coffee-moveit/src/igus_rebel_ros2/igus_rebel/src/setup_environment.cpp:328:52:[m[K [01;31m[Kerror: [m[Kexpected primary-expression before ‘[01m[K>[m[K’ token
[2.339s]   328 |         mesh_msg = boost::get<shape_msgs::msg::Mesh[01;31m[K>[m[K(mesh_msg_variant);
[2.339s]       |                                                    [01;31m[K^[m[K
[2.339s] [01m[K/home/vasee22/igus-coffee-moveit/src/igus_rebel_ros2/igus_rebel/src/setup_environment.cpp:352:9:[m[K [01;31m[Kerror: [m[Ktype ‘[01m[K<type error>[m[K’ argument given to ‘[01m[Kdelete[m[K’, expected pointer
[2.339s]   352 |         [01;31m[Kdelete mesh[m[K;
[2.339s]       |         [01;31m[K^~~~~~~~~~~[m[K
[2.339s] [01m[K/home/vasee22/igus-coffee-moveit/src/igus_rebel_ros2/igus_rebel/src/setup_environment.cpp:362:17:[m[K [01;31m[Kerror: [m[K‘[01m[KMesh[m[K’ is not a member of ‘[01m[Kshapes[m[K’
[2.339s]   362 |         shapes::[01;31m[KMesh[m[K* mesh = shapes::createMeshFromResource(
[2.339s]       |                 [01;31m[K^~~~[m[K
[2.339s] [01m[K/home/vasee22/igus-coffee-moveit/src/igus_rebel_ros2/igus_rebel/src/setup_environment.cpp:362:17:[m[K [01;36m[Knote: [m[Ksuggested alternatives:
[2.339s] [01m[K/opt/ros/jazzy/include/urdfdom_headers/urdf_model/link.h:98:7:[m[K [01;36m[Knote: [m[K  ‘[01m[Kurdf::Mesh[m[K’
[2.339s]    98 | class [01;36m[KMesh[m[K : public Geometry
[2.339s]       |       [01;36m[K^~~~[m[K
[2.339s] [01m[K/opt/ros/jazzy/include/shape_msgs/shape_msgs/msg/detail/mesh__struct.hpp:136:7:[m[K [01;36m[Knote: [m[K  ‘[01m[Kshape_msgs::msg::Mesh[m[K’
[2.339s]   136 | using [01;36m[KMesh[m[K =
[2.339s]       |       [01;36m[K^~~~[m[K
[2.342s] [01m[K/home/vasee22/igus-coffee-moveit/src/igus_rebel_ros2/igus_rebel/src/setup_environment.cpp:362:23:[m[K [01;31m[Kerror: [m[K‘[01m[Kmesh[m[K’ was not declared in this scope
[2.342s]   362 |         shapes::Mesh* [01;31m[Kmesh[m[K = shapes::createMeshFromResource(
[2.342s]       |                       [01;31m[K^~~~[m[K
[2.343s] [01m[K/home/vasee22/igus-coffee-moveit/src/igus_rebel_ros2/igus_rebel/src/setup_environment.cpp:362:38:[m[K [01;31m[Kerror: [m[K‘[01m[KcreateMeshFromResource[m[K’ is not a member of ‘[01m[Kshapes[m[K’
[2.343s]   362 |         shapes::Mesh* mesh = shapes::[01;31m[KcreateMeshFromResource[m[K(
[2.343s]       |                                      [01;31m[K^~~~~~~~~~~~~~~~~~~~~~[m[K
[2.343s] [01m[K/home/vasee22/igus-coffee-moveit/src/igus_rebel_ros2/igus_rebel/src/setup_environment.cpp:369:17:[m[K [01;31m[Kerror: [m[K‘[01m[KShapeMsg[m[K’ is not a member of ‘[01m[Kshapes[m[K’
[2.343s]   369 |         shapes::[01;31m[KShapeMsg[m[K mesh_msg_variant;
[2.343s]       |                 [01;31m[K^~~~~~~~[m[K
[2.343s] [01m[K/home/vasee22/igus-coffee-moveit/src/igus_rebel_ros2/igus_rebel/src/setup_environment.cpp:370:17:[m[K [01;31m[Kerror: [m[K‘[01m[KconstructMsgFromShape[m[K’ is not a member of ‘[01m[Kshapes[m[K’
[2.343s]   370 |         shapes::[01;31m[KconstructMsgFromShape[m[K(mesh, mesh_msg_variant);
[2.343s]       |                 [01;31m[K^~~~~~~~~~~~~~~~~~~~~[m[K
[2.349s] [01m[K/home/vasee22/igus-coffee-moveit/src/igus_rebel_ros2/igus_rebel/src/setup_environment.cpp:370:45:[m[K [01;31m[Kerror: [m[K‘[01m[Kmesh_msg_variant[m[K’ was not declared in this scope
[2.349s]   370 |         shapes::constructMsgFromShape(mesh, [01;31m[Kmesh_msg_variant[m[K);
[2.349s]       |                                             [01;31m[K^~~~~~~~~~~~~~~~[m[K
[2.350s] [01m[K/home/vasee22/igus-coffee-moveit/src/igus_rebel_ros2/igus_rebel/src/setup_environment.cpp:371:27:[m[K [01;31m[Kerror: [m[K‘[01m[Kget[m[K’ is not a member of ‘[01m[Kboost[m[K’; did you mean ‘[01m[Kstd::get[m[K’?
[2.350s]   371 |         mesh_msg = boost::[01;31m[Kget[m[K<shape_msgs::msg::Mesh>(mesh_msg_variant);
[2.350s]       |                           [01;31m[K^~~[m[K
[2.350s] [01m[K/usr/include/c++/13/variant:1180:5:[m[K [01;36m[Knote: [m[K‘[01m[Kstd::get[m[K’ declared here
[2.350s]  1180 |     [01;36m[Kget[m[K(const variant<_Types...>&& __v)
[2.350s]       |     [01;36m[K^~~[m[K
[2.350s] [01m[K/home/vasee22/igus-coffee-moveit/src/igus_rebel_ros2/igus_rebel/src/setup_environment.cpp:371:52:[m[K [01;31m[Kerror: [m[Kexpected primary-expression before ‘[01m[K>[m[K’ token
[2.350s]   371 |         mesh_msg = boost::get<shape_msgs::msg::Mesh[01;31m[K>[m[K(mesh_msg_variant);
[2.350s]       |                                                    [01;31m[K^[m[K
[2.350s] [01m[K/home/vasee22/igus-coffee-moveit/src/igus_rebel_ros2/igus_rebel/src/setup_environment.cpp:395:9:[m[K [01;31m[Kerror: [m[Ktype ‘[01m[K<type error>[m[K’ argument given to ‘[01m[Kdelete[m[K’, expected pointer
[2.350s]   395 |         [01;31m[Kdelete mesh[m[K;
[2.350s]       |         [01;31m[K^~~~~~~~~~~[m[K
[2.354s] [01m[K/home/vasee22/igus-coffee-moveit/src/igus_rebel_ros2/igus_rebel/src/setup_environment.cpp:400:17:[m[K [01;31m[Kerror: [m[K‘[01m[KLOGGER[m[K’ was not declared in this scope
[2.354s]   400 |     RCLCPP_INFO([01;31m[KLOGGER[m[K, "Adding %zu collision objects with colors to planning scene...", collision_objects.size());
[2.354s]       |                 [01;31m[K^~~~~~[m[K
[2.354s] [01m[K/home/vasee22/igus-coffee-moveit/src/igus_rebel_ros2/igus_rebel/src/setup_environment.cpp:400:5:[m[K [01;31m[Kerror: [m[Ktemplate argument 1 is invalid
[2.354s]   400 |     [01;31m[KRCLCPP_INFO[m[K(LOGGER, "Adding %zu collision objects with colors to planning scene...", collision_objects.size());
[2.354s]       |     [01;31m[K^~~~~~~~~~~[m[K
[2.357s] [01m[K/home/vasee22/igus-coffee-moveit/src/igus_rebel_ros2/igus_rebel/src/setup_environment.cpp:401:5:[m[K [01;31m[Kerror: [m[K‘[01m[Kpsi[m[K’ was not declared in this scope
[2.357s]   401 |     [01;31m[Kpsi[m[K.applyCollisionObjects(collision_objects, object_colors);
[2.357s]       |     [01;31m[K^~~[m[K
[2.361s] [01m[K/home/vasee22/igus-coffee-moveit/src/igus_rebel_ros2/igus_rebel/src/setup_environment.cpp:405:17:[m[K [01;31m[Kerror: [m[K‘[01m[KLOGGER[m[K’ was not declared in this scope
[2.361s]   405 |     RCLCPP_INFO([01;31m[KLOGGER[m[K, "Planning scene setup complete!");
[2.361s]       |                 [01;31m[K^~~~~~[m[K
[2.361s] [01m[K/home/vasee22/igus-coffee-moveit/src/igus_rebel_ros2/igus_rebel/src/setup_environment.cpp:405:5:[m[K [01;31m[Kerror: [m[Ktemplate argument 1 is invalid
[2.361s]   405 |     [01;31m[KRCLCPP_INFO[m[K(LOGGER, "Planning scene setup complete!");
[2.361s]       |     [01;31m[K^~~~~~~~~~~[m[K
[3.495s] gmake[2]: *** [CMakeFiles/pick_and_place.dir/build.make:90: CMakeFiles/pick_and_place.dir/src/setup_environment.cpp.o] Error 1
[3.495s] gmake[2]: *** Waiting for unfinished jobs....
[5.628s] gmake[1]: *** [CMakeFiles/Makefile2:223: CMakeFiles/pick_and_place.dir/all] Error 2
[5.628s] gmake: *** [Makefile:146: all] Error 2
[5.631s] Invoked command in '/home/vasee22/igus-coffee-moveit/build/igus_rebel' returned '2': CMAKE_PREFIX_PATH=/home/vasee22/igus-coffee-moveit/install/igus_rebel_msgs:/home/vasee22/igus-coffee-moveit/install/igus_rebel:/home/vasee22/igus-coffee-moveit/install/igus_rebel_moveit_config:/home/vasee22/igus-coffee-moveit/install/igus_rebel_description:/home/vasee22/COAR-ROS2-Workspace-mai/install/moveit_task_constructor_demo:/home/vasee22/COAR-ROS2-Workspace-mai/install/moveit_task_constructor_visualization:/home/vasee22/COAR-ROS2-Workspace-mai/install/moveit_task_constructor_capabilities:/home/vasee22/COAR-ROS2-Workspace-mai/install/igus_rebel:/home/vasee22/COAR-ROS2-Workspace-mai/install/moveit_task_constructor_core:/home/vasee22/COAR-ROS2-Workspace-mai/install/rviz_marker_tools:/home/vasee22/COAR-ROS2-Workspace-mai/install/moveit_task_constructor_msgs:/home/vasee22/COAR-ROS2-Workspace-mai/install/igus_rebel_msgs:/home/vasee22/COAR-ROS2-Workspace-mai/install/igus_rebel_moveit_config:/home/vasee22/COAR-ROS2-Workspace-mai/install/igus_rebel_description:/opt/ros/jazzy/opt/gz_sim_vendor:/opt/ros/jazzy/opt/gz_sensors_vendor:/opt/ros/jazzy/opt/gz_physics_vendor:/opt/ros/jazzy/opt/sdformat_vendor:/opt/ros/jazzy/opt/gz_gui_vendor:/opt/ros/jazzy/opt/gz_transport_vendor:/opt/ros/jazzy/opt/gz_rendering_vendor:/opt/ros/jazzy/opt/gz_plugin_vendor:/opt/ros/jazzy/opt/gz_fuel_tools_vendor:/opt/ros/jazzy/opt/gz_msgs_vendor:/opt/ros/jazzy/opt/gz_common_vendor:/opt/ros/jazzy/opt/gz_math_vendor:/opt/ros/jazzy/opt/gz_utils_vendor:/opt/ros/jazzy/opt/gz_tools_vendor:/opt/ros/jazzy/opt/gz_ogre_next_vendor:/opt/ros/jazzy/opt/gz_dartsim_vendor:/opt/ros/jazzy/opt/gz_cmake_vendor:/home/vasee22/igus-coffee-moveit/install/modbus_ros:/home/vasee22/COAR-ROS2-Workspace-mai/install/modbus_ros:/opt/ros/jazzy DEBUGINFOD_URLS=https://debuginfod.ubuntu.com LD_LIBRARY_PATH=/home/vasee22/igus-coffee-moveit/install/igus_rebel_msgs/lib:/home/vasee22/igus-coffee-moveit/install/igus_rebel/lib:/home/vasee22/COAR-ROS2-Workspace-mai/install/moveit_task_constructor_demo/lib:/home/vasee22/COAR-ROS2-Workspace-mai/install/moveit_task_constructor_visualization/lib:/home/vasee22/COAR-ROS2-Workspace-mai/install/moveit_task_constructor_capabilities/lib:/home/vasee22/COAR-ROS2-Workspace-mai/install/igus_rebel/lib:/home/vasee22/COAR-ROS2-Workspace-mai/install/moveit_task_constructor_core/lib:/home/vasee22/COAR-ROS2-Workspace-mai/install/rviz_marker_tools/lib:/home/vasee22/COAR-ROS2-Workspace-mai/install/moveit_task_constructor_msgs/lib:/home/vasee22/COAR-ROS2-Workspace-mai/install/igus_rebel_msgs/lib:/opt/ros/jazzy/opt/gz_sim_vendor/lib:/opt/ros/jazzy/opt/gz_sensors_vendor/lib:/opt/ros/jazzy/opt/gz_physics_vendor/lib:/opt/ros/jazzy/opt/sdformat_vendor/lib:/opt/ros/jazzy/opt/rviz_ogre_vendor/lib:/opt/ros/jazzy/lib/x86_64-linux-gnu:/opt/ros/jazzy/opt/gz_gui_vendor/lib:/opt/ros/jazzy/opt/gz_transport_vendor/lib:/opt/ros/jazzy/opt/gz_rendering_vendor/lib:/opt/ros/jazzy/opt/gz_plugin_vendor/lib:/opt/ros/jazzy/opt/gz_fuel_tools_vendor/lib:/opt/ros/jazzy/opt/gz_msgs_vendor/lib:/opt/ros/jazzy/opt/gz_common_vendor/lib:/opt/ros/jazzy/opt/gz_math_vendor/lib:/opt/ros/jazzy/opt/gz_utils_vendor/lib:/opt/ros/jazzy/opt/gz_tools_vendor/lib:/opt/ros/jazzy/opt/gz_ogre_next_vendor/lib:/opt/ros/jazzy/opt/gz_dartsim_vendor/lib:/opt/ros/jazzy/opt/gz_cmake_vendor/lib:/opt/ros/jazzy/lib PYTHONPATH=/home/vasee22/igus-coffee-moveit/install/igus_rebel_msgs/lib/python3.12/site-packages:/home/vasee22/igus-coffee-moveit/install/modbus_ros/lib/python3.12/site-packages:/home/vasee22/COAR-ROS2-Workspace-mai/install/moveit_task_constructor_core/lib/python3.12/site-packages:/home/vasee22/COAR-ROS2-Workspace-mai/install/moveit_task_constructor_msgs/lib/python3.12/site-packages:/home/vasee22/COAR-ROS2-Workspace-mai/install/modbus_ros/lib/python3.12/site-packages:/home/vasee22/COAR-ROS2-Workspace-mai/install/igus_rebel_msgs/lib/python3.12/site-packages:/opt/ros/jazzy/lib/python3.12/site-packages /usr/bin/cmake --build /home/vasee22/igus-coffee-moveit/build/igus_rebel -- -j24 -l24
