-- Found ament_cmake: 2.5.6 (/opt/ros/jazzy/share/ament_cmake/cmake)
-- Found rclcpp: 28.1.18 (/opt/ros/jazzy/share/rclcpp/cmake)
-- Found rosidl_generator_c: 4.6.7 (/opt/ros/jazzy/share/rosidl_generator_c/cmake)
-- Found rosidl_generator_cpp: 4.6.7 (/opt/ros/jazzy/share/rosidl_generator_cpp/cmake)
-- Using all available rosidl_typesupport_c: rosidl_typesupport_fastrtps_c;rosidl_typesupport_introspection_c
-- Using all available rosidl_typesupport_cpp: rosidl_typesupport_fastrtps_cpp;rosidl_typesupport_introspection_cpp
-- Found rmw_implementation_cmake: 7.3.3 (/opt/ros/jazzy/share/rmw_implementation_cmake/cmake)
-- Found rmw_fastrtps_cpp: 8.4.3 (/opt/ros/jazzy/share/rmw_fastrtps_cpp/cmake)
-- Using RMW implementation 'rmw_fastrtps_cpp' as default
-- Found rclpy: 7.1.11 (/opt/ros/jazzy/share/rclpy/cmake)
-- Found std_msgs: 5.3.7 (/opt/ros/jazzy/share/std_msgs/cmake)
-- Found sensor_msgs: 5.3.7 (/opt/ros/jazzy/share/sensor_msgs/cmake)
-- Found igus_rebel_msgs: 0.0.0 (/home/vasee22/igus-coffee-moveit/install/igus_rebel_msgs/share/igus_rebel_msgs/cmake)
-- Found moveit_ros_planning_interface: 2.12.4 (/opt/ros/jazzy/share/moveit_ros_planning_interface/cmake)
-- Found Boost: /usr/lib/x86_64-linux-gnu/cmake/Boost-1.83.0/BoostConfig.cmake (found version "1.83.0") found components: date_time filesystem program_options system thread 
-- Found Boost: /usr/lib/x86_64-linux-gnu/cmake/Boost-1.83.0/BoostConfig.cmake (found version "1.83.0") found components: chrono date_time filesystem iostreams program_options regex serialization system thread 
-- Found parameter_traits: 0.7.1 (/opt/ros/jazzy/share/parameter_traits/cmake)
-- Found rclcpp_lifecycle: 28.1.18 (/opt/ros/jazzy/share/rclcpp_lifecycle/cmake)
-- Found Boost: /usr/lib/x86_64-linux-gnu/cmake/Boost-1.83.0/BoostConfig.cmake (found version "1.83.0") found components: filesystem 
-- Ensuring Eigen3 include directory is part of orocos-kdl CMake target
-- Found Boost: /usr/lib/x86_64-linux-gnu/cmake/Boost-1.83.0/BoostConfig.cmake (found version "1.83.0") found components: system filesystem date_time program_options thread chrono 
-- Found Boost: /usr/lib/x86_64-linux-gnu/cmake/Boost-1.83.0/BoostConfig.cmake (found version "1.83.0") found components: thread system filesystem regex date_time program_options 
-- Found Boost: /usr/lib/x86_64-linux-gnu/cmake/Boost-1.83.0/BoostConfig.cmake (found version "1.83.0") found components: system filesystem date_time program_options thread 
-- Found moveit_task_constructor_core: 0.1.4 (/home/vasee22/COAR-ROS2-Workspace-mai/install/moveit_task_constructor_core/share/moveit_task_constructor_core/cmake)
-- Found hardware_interface: 4.44.0 (/opt/ros/jazzy/share/hardware_interface/cmake)
-- Found ament_lint_auto: 0.17.5 (/opt/ros/jazzy/share/ament_lint_auto/cmake)
-- Added test 'cppcheck' to perform static code analysis on C / C++ code
-- Configured cppcheck include dirs: /home/vasee22/igus-coffee-moveit/src/igus_rebel_ros2/igus_rebel/include
-- Configured cppcheck exclude dirs and/or files: 
-- Added test 'flake8' to check Python code syntax and style conventions
-- Configured 'flake8' exclude dirs and/or files: 
-- Added test 'lint_cmake' to check CMake code style
-- Added test 'pep257' to check Python code against some of the docstring style conventions in PEP 257
-- Added test 'uncrustify' to check C / C++ code style
-- Configured uncrustify additional arguments: 
-- Added test 'xmllint' to check XML markup files
-- Configuring done (0.9s)
-- Generating done (0.0s)
-- Build files have been written to: /home/vasee22/igus-coffee-moveit/build/igus_rebel
[  3%] [32mBuilding CXX object CMakeFiles/main.dir/src/tasks/task_detach_portafilter_grinder.cpp.o[0m
[  6%] [32mBuilding CXX object CMakeFiles/main.dir/src/main.cpp.o[0m
[  9%] [32mBuilding CXX object CMakeFiles/main.dir/src/tasks/task_clean_portafilter.cpp.o[0m
[ 12%] [32mBuilding CXX object CMakeFiles/main.dir/src/tasks/task_dispose_portafilter_bin.cpp.o[0m
[ 15%] [32mBuilding CXX object CMakeFiles/main.dir/src/tasks/task_insert_cup_coffee_machine.cpp.o[0m
[ 18%] [32mBuilding CXX object CMakeFiles/main.dir/src/tasks/task_attach_portafilter_grinder.cpp.o[0m
[ 21%] [32mBuilding CXX object CMakeFiles/main.dir/src/tasks/task_insert_portafilter_grinder.cpp.o[0m
[ 24%] [32mBuilding CXX object CMakeFiles/main.dir/src/tasks/task_go_home.cpp.o[0m
[ 27%] [32mBuilding CXX object CMakeFiles/main.dir/src/tasks/task_pick_cup_coffee_machine.cpp.o[0m
[ 30%] [32mBuilding CXX object CMakeFiles/main.dir/src/tasks/task_pick_cup_holder.cpp.o[0m
[ 33%] [32mBuilding CXX object CMakeFiles/main.dir/src/tasks/task_press_grinder.cpp.o[0m
[ 39%] [32mBuilding CXX object CMakeFiles/main.dir/src/tasks/task_pick_portafilter.cpp.o[0m
[ 39%] [32mBuilding CXX object CMakeFiles/main.dir/src/tasks/task_place_cup_delivery_station.cpp.o[0m
[ 42%] [32mBuilding CXX object CMakeFiles/main.dir/src/tasks/task_pick_cup.cpp.o[0m
[ 48%] [32mBuilding CXX object CMakeFiles/main.dir/src/tasks/task_place_cup_holder.cpp.o[0m
[ 48%] [32mBuilding CXX object CMakeFiles/main.dir/src/tasks/task_place_portafilter.cpp.o[0m
[ 51%] [32mBuilding CXX object CMakeFiles/main.dir/src/tasks/task_press_left_coffee_machine.cpp.o[0m
[ 57%] [32mBuilding CXX object CMakeFiles/main.dir/src/tasks/task_tamp_portafilter.cpp.o[0m
[ 57%] [32mBuilding CXX object CMakeFiles/main.dir/src/tasks/task_press_middle_coffee_machine.cpp.o[0m
[ 63%] Built target igus_moveit
[ 69%] Built target random_pose_node
[ 81%] Built target igus_rebel
[ 87%] Built target igus_rail_moveit
[ 93%] [32mBuilding CXX object CMakeFiles/main.dir/src/setup_environment.cpp.o[0m
[ 93%] [32mBuilding CXX object CMakeFiles/main.dir/src/tasks/task_insert_portafilter_coffee_machine.cpp.o[0m
[ 96%] [32mBuilding CXX object CMakeFiles/main.dir/src/tasks/task_attach_portafilter_coffee_machine.cpp.o[0m
[100%] [32m[1mLinking CXX executable main[0m
[100%] Built target main
-- Install configuration: ""
-- Up-to-date: /home/vasee22/igus-coffee-moveit/install/igus_rebel/share/igus_rebel/rebel.xml
-- Up-to-date: /home/vasee22/igus-coffee-moveit/install/igus_rebel/lib/libigus_rebel.so
-- Up-to-date: /home/vasee22/igus-coffee-moveit/install/igus_rebel/lib/igus_rebel/igus_moveit
-- Up-to-date: /home/vasee22/igus-coffee-moveit/install/igus_rebel/lib/igus_rebel/igus_rail_moveit
-- Installing: /home/vasee22/igus-coffee-moveit/install/igus_rebel/lib/igus_rebel/main
-- Set non-toolchain portion of runtime path of "/home/vasee22/igus-coffee-moveit/install/igus_rebel/lib/igus_rebel/main" to ""
-- Up-to-date: /home/vasee22/igus-coffee-moveit/install/igus_rebel/lib/igus_rebel/random_pose_node
-- Up-to-date: /home/vasee22/igus-coffee-moveit/install/igus_rebel/share/igus_rebel/rebel.xml
-- Up-to-date: /home/vasee22/igus-coffee-moveit/install/igus_rebel/share/igus_rebel//config
-- Up-to-date: /home/vasee22/igus-coffee-moveit/install/igus_rebel/share/igus_rebel//config/controller.yaml
-- Up-to-date: /home/vasee22/igus-coffee-moveit/install/igus_rebel/share/igus_rebel//launch
-- Installing: /home/vasee22/igus-coffee-moveit/install/igus_rebel/share/igus_rebel//launch/pick_and_place.launch.py
-- Up-to-date: /home/vasee22/igus-coffee-moveit/install/igus_rebel/share/igus_rebel//launch/rebel.launch.py
-- Up-to-date: /home/vasee22/igus-coffee-moveit/install/igus_rebel/share/ament_index/resource_index/package_run_dependencies/igus_rebel
-- Up-to-date: /home/vasee22/igus-coffee-moveit/install/igus_rebel/share/ament_index/resource_index/parent_prefix_path/igus_rebel
-- Up-to-date: /home/vasee22/igus-coffee-moveit/install/igus_rebel/share/igus_rebel/environment/ament_prefix_path.sh
-- Up-to-date: /home/vasee22/igus-coffee-moveit/install/igus_rebel/share/igus_rebel/environment/ament_prefix_path.dsv
-- Up-to-date: /home/vasee22/igus-coffee-moveit/install/igus_rebel/share/igus_rebel/environment/path.sh
-- Up-to-date: /home/vasee22/igus-coffee-moveit/install/igus_rebel/share/igus_rebel/environment/path.dsv
-- Up-to-date: /home/vasee22/igus-coffee-moveit/install/igus_rebel/share/igus_rebel/local_setup.bash
-- Up-to-date: /home/vasee22/igus-coffee-moveit/install/igus_rebel/share/igus_rebel/local_setup.sh
-- Up-to-date: /home/vasee22/igus-coffee-moveit/install/igus_rebel/share/igus_rebel/local_setup.zsh
-- Up-to-date: /home/vasee22/igus-coffee-moveit/install/igus_rebel/share/igus_rebel/local_setup.dsv
-- Installing: /home/vasee22/igus-coffee-moveit/install/igus_rebel/share/igus_rebel/package.dsv
-- Up-to-date: /home/vasee22/igus-coffee-moveit/install/igus_rebel/share/ament_index/resource_index/packages/igus_rebel
-- Up-to-date: /home/vasee22/igus-coffee-moveit/install/igus_rebel/share/ament_index/resource_index/hardware_interface__pluginlib__plugin/igus_rebel
-- Up-to-date: /home/vasee22/igus-coffee-moveit/install/igus_rebel/share/igus_rebel/cmake/igus_rebelConfig.cmake
-- Up-to-date: /home/vasee22/igus-coffee-moveit/install/igus_rebel/share/igus_rebel/cmake/igus_rebelConfig-version.cmake
-- Up-to-date: /home/vasee22/igus-coffee-moveit/install/igus_rebel/share/igus_rebel/package.xml
