[0.006s] Invoking command in '/home/vasee22/igus-coffee-moveit/build/igus_rebel': CMAKE_PREFIX_PATH=/home/vasee22/igus-coffee-moveit/install/igus_rebel_msgs:/home/vasee22/igus-coffee-moveit/install/igus_rebel:/home/vasee22/igus-coffee-moveit/install/igus_rebel_moveit_config:/home/vasee22/igus-coffee-moveit/install/igus_rebel_description:/home/vasee22/COAR-ROS2-Workspace-mai/install/moveit_task_constructor_demo:/home/vasee22/COAR-ROS2-Workspace-mai/install/moveit_task_constructor_visualization:/home/vasee22/COAR-ROS2-Workspace-mai/install/moveit_task_constructor_capabilities:/home/vasee22/COAR-ROS2-Workspace-mai/install/igus_rebel:/home/vasee22/COAR-ROS2-Workspace-mai/install/moveit_task_constructor_core:/home/vasee22/COAR-ROS2-Workspace-mai/install/rviz_marker_tools:/home/vasee22/COAR-ROS2-Workspace-mai/install/moveit_task_constructor_msgs:/home/vasee22/COAR-ROS2-Workspace-mai/install/igus_rebel_msgs:/home/vasee22/COAR-ROS2-Workspace-mai/install/igus_rebel_moveit_config:/home/vasee22/COAR-ROS2-Workspace-mai/install/igus_rebel_description:/opt/ros/jazzy/opt/gz_sim_vendor:/opt/ros/jazzy/opt/gz_sensors_vendor:/opt/ros/jazzy/opt/gz_physics_vendor:/opt/ros/jazzy/opt/sdformat_vendor:/opt/ros/jazzy/opt/gz_gui_vendor:/opt/ros/jazzy/opt/gz_transport_vendor:/opt/ros/jazzy/opt/gz_rendering_vendor:/opt/ros/jazzy/opt/gz_plugin_vendor:/opt/ros/jazzy/opt/gz_fuel_tools_vendor:/opt/ros/jazzy/opt/gz_msgs_vendor:/opt/ros/jazzy/opt/gz_common_vendor:/opt/ros/jazzy/opt/gz_math_vendor:/opt/ros/jazzy/opt/gz_utils_vendor:/opt/ros/jazzy/opt/gz_tools_vendor:/opt/ros/jazzy/opt/gz_ogre_next_vendor:/opt/ros/jazzy/opt/gz_dartsim_vendor:/opt/ros/jazzy/opt/gz_cmake_vendor:/home/vasee22/igus-coffee-moveit/install/modbus_ros:/home/vasee22/COAR-ROS2-Workspace-mai/install/modbus_ros:/opt/ros/jazzy DEBUGINFOD_URLS=https://debuginfod.ubuntu.com LD_LIBRARY_PATH=/home/vasee22/igus-coffee-moveit/install/igus_rebel_msgs/lib:/home/vasee22/igus-coffee-moveit/install/igus_rebel/lib:/home/vasee22/COAR-ROS2-Workspace-mai/install/moveit_task_constructor_demo/lib:/home/vasee22/COAR-ROS2-Workspace-mai/install/moveit_task_constructor_visualization/lib:/home/vasee22/COAR-ROS2-Workspace-mai/install/moveit_task_constructor_capabilities/lib:/home/vasee22/COAR-ROS2-Workspace-mai/install/igus_rebel/lib:/home/vasee22/COAR-ROS2-Workspace-mai/install/moveit_task_constructor_core/lib:/home/vasee22/COAR-ROS2-Workspace-mai/install/rviz_marker_tools/lib:/home/vasee22/COAR-ROS2-Workspace-mai/install/moveit_task_constructor_msgs/lib:/home/vasee22/COAR-ROS2-Workspace-mai/install/igus_rebel_msgs/lib:/opt/ros/jazzy/opt/gz_sim_vendor/lib:/opt/ros/jazzy/opt/gz_sensors_vendor/lib:/opt/ros/jazzy/opt/gz_physics_vendor/lib:/opt/ros/jazzy/opt/sdformat_vendor/lib:/opt/ros/jazzy/opt/rviz_ogre_vendor/lib:/opt/ros/jazzy/lib/x86_64-linux-gnu:/opt/ros/jazzy/opt/gz_gui_vendor/lib:/opt/ros/jazzy/opt/gz_transport_vendor/lib:/opt/ros/jazzy/opt/gz_rendering_vendor/lib:/opt/ros/jazzy/opt/gz_plugin_vendor/lib:/opt/ros/jazzy/opt/gz_fuel_tools_vendor/lib:/opt/ros/jazzy/opt/gz_msgs_vendor/lib:/opt/ros/jazzy/opt/gz_common_vendor/lib:/opt/ros/jazzy/opt/gz_math_vendor/lib:/opt/ros/jazzy/opt/gz_utils_vendor/lib:/opt/ros/jazzy/opt/gz_tools_vendor/lib:/opt/ros/jazzy/opt/gz_ogre_next_vendor/lib:/opt/ros/jazzy/opt/gz_dartsim_vendor/lib:/opt/ros/jazzy/opt/gz_cmake_vendor/lib:/opt/ros/jazzy/lib PYTHONPATH=/home/vasee22/igus-coffee-moveit/install/igus_rebel_msgs/lib/python3.12/site-packages:/home/vasee22/igus-coffee-moveit/install/modbus_ros/lib/python3.12/site-packages:/home/vasee22/COAR-ROS2-Workspace-mai/install/moveit_task_constructor_core/lib/python3.12/site-packages:/home/vasee22/COAR-ROS2-Workspace-mai/install/moveit_task_constructor_msgs/lib/python3.12/site-packages:/home/vasee22/COAR-ROS2-Workspace-mai/install/modbus_ros/lib/python3.12/site-packages:/home/vasee22/COAR-ROS2-Workspace-mai/install/igus_rebel_msgs/lib/python3.12/site-packages:/opt/ros/jazzy/lib/python3.12/site-packages /usr/bin/cmake --build /home/vasee22/igus-coffee-moveit/build/igus_rebel -- -j24 -l24
[0.026s] -- Found ament_cmake: 2.5.5 (/opt/ros/jazzy/share/ament_cmake/cmake)
[0.158s] -- Found rclcpp: 28.1.16 (/opt/ros/jazzy/share/rclcpp/cmake)
[0.176s] -- Found rosidl_generator_c: 4.6.7 (/opt/ros/jazzy/share/rosidl_generator_c/cmake)
[0.181s] -- Found rosidl_generator_cpp: 4.6.7 (/opt/ros/jazzy/share/rosidl_generator_cpp/cmake)
[0.188s] -- Using all available rosidl_typesupport_c: rosidl_typesupport_fastrtps_c;rosidl_typesupport_introspection_c
[0.196s] -- Using all available rosidl_typesupport_cpp: rosidl_typesupport_fastrtps_cpp;rosidl_typesupport_introspection_cpp
[0.230s] -- Found rmw_implementation_cmake: 7.3.3 (/opt/ros/jazzy/share/rmw_implementation_cmake/cmake)
[0.230s] -- Found rmw_fastrtps_cpp: 8.4.3 (/opt/ros/jazzy/share/rmw_fastrtps_cpp/cmake)
[0.266s] -- Using RMW implementation 'rmw_fastrtps_cpp' as default
[0.299s] -- Found rclpy: 7.1.9 (/opt/ros/jazzy/share/rclpy/cmake)
[0.299s] -- Found std_msgs: 5.3.6 (/opt/ros/jazzy/share/std_msgs/cmake)
[0.306s] -- Found sensor_msgs: 5.3.6 (/opt/ros/jazzy/share/sensor_msgs/cmake)
[0.325s] -- Found igus_rebel_msgs: 0.0.0 (/home/vasee22/igus-coffee-moveit/install/igus_rebel_msgs/share/igus_rebel_msgs/cmake)
[0.332s] -- Found moveit_ros_planning_interface: 2.12.4 (/opt/ros/jazzy/share/moveit_ros_planning_interface/cmake)
[0.338s] -- Found Boost: /usr/lib/x86_64-linux-gnu/cmake/Boost-1.83.0/BoostConfig.cmake (found version "1.83.0") found components: date_time filesystem program_options system thread 
[0.447s] -- Found Boost: /usr/lib/x86_64-linux-gnu/cmake/Boost-1.83.0/BoostConfig.cmake (found version "1.83.0") found components: chrono date_time filesystem iostreams program_options regex serialization system thread 
[0.463s] -- Found parameter_traits: 0.6.0 (/opt/ros/jazzy/share/parameter_traits/cmake)
[0.466s] -- Found rclcpp_lifecycle: 28.1.16 (/opt/ros/jazzy/share/rclcpp_lifecycle/cmake)
[0.482s] -- Found Boost: /usr/lib/x86_64-linux-gnu/cmake/Boost-1.83.0/BoostConfig.cmake (found version "1.83.0") found components: filesystem 
[0.505s] -- Ensuring Eigen3 include directory is part of orocos-kdl CMake target
[0.570s] -- Found Boost: /usr/lib/x86_64-linux-gnu/cmake/Boost-1.83.0/BoostConfig.cmake (found version "1.83.0") found components: system filesystem date_time program_options thread chrono 
[0.596s] -- Found Boost: /usr/lib/x86_64-linux-gnu/cmake/Boost-1.83.0/BoostConfig.cmake (found version "1.83.0") found components: thread system filesystem regex date_time program_options 
[0.609s] -- Found Boost: /usr/lib/x86_64-linux-gnu/cmake/Boost-1.83.0/BoostConfig.cmake (found version "1.83.0") found components: system filesystem date_time program_options thread 
[0.629s] -- Found moveit_task_constructor_core: 0.1.4 (/home/vasee22/COAR-ROS2-Workspace-mai/install/moveit_task_constructor_core/share/moveit_task_constructor_core/cmake)
[0.663s] -- Found hardware_interface: 4.42.2 (/opt/ros/jazzy/share/hardware_interface/cmake)
[0.714s] -- Found ament_lint_auto: 0.17.4 (/opt/ros/jazzy/share/ament_lint_auto/cmake)
[0.769s] -- Added test 'cppcheck' to perform static code analysis on C / C++ code
[0.769s] -- Configured cppcheck include dirs: /home/vasee22/igus-coffee-moveit/src/igus_rebel_ros2/igus_rebel/include
[0.769s] -- Configured cppcheck exclude dirs and/or files: 
[0.769s] -- Added test 'flake8' to check Python code syntax and style conventions
[0.769s] -- Configured 'flake8' exclude dirs and/or files: 
[0.769s] -- Added test 'lint_cmake' to check CMake code style
[0.769s] -- Added test 'pep257' to check Python code against some of the docstring style conventions in PEP 257
[0.770s] -- Added test 'uncrustify' to check C / C++ code style
[0.770s] -- Configured uncrustify additional arguments: 
[0.770s] -- Added test 'xmllint' to check XML markup files
[0.770s] -- Configuring done (0.7s)
[0.813s] -- Generating done (0.0s)
[0.823s] -- Build files have been written to: /home/vasee22/igus-coffee-moveit/build/igus_rebel
[0.865s] [ 61%] Built target random_pose_node
[0.865s] [ 61%] Built target igus_rail_moveit
[0.865s] [ 76%] Built target igus_rebel
[0.865s] [ 69%] Built target igus_moveit
[0.868s] [ 92%] [32mBuilding CXX object CMakeFiles/pick_and_place.dir/src/pick_and_place.cpp.o[0m
[0.868s] [ 92%] [32mBuilding CXX object CMakeFiles/pick_and_place.dir/src/setup_environment.cpp.o[0m
[1.428s] [01m[K/home/vasee22/igus-coffee-moveit/src/igus_rebel_ros2/igus_rebel/src/pick_and_place.cpp:10:10:[m[K [01;31m[Kfatal error: [m[Kigus_rebel/simple_task.hpp: No such file or directory
[1.428s]    10 | #include [01;31m[K"igus_rebel/simple_task.hpp"[m[K
[1.428s]       |          [01;31m[K^~~~~~~~~~~~~~~~~~~~~~~~~~~~[m[K
[1.428s] compilation terminated.
[1.435s] gmake[2]: *** [CMakeFiles/pick_and_place.dir/build.make:76: CMakeFiles/pick_and_place.dir/src/pick_and_place.cpp.o] Error 1
[1.435s] gmake[2]: *** Waiting for unfinished jobs....
[2.977s] In file included from [01m[K/opt/ros/jazzy/include/rclcpp/rclcpp/copy_all_parameter_values.hpp:27[m[K,
[2.977s]                  from [01m[K/opt/ros/jazzy/include/rclcpp/rclcpp/rclcpp.hpp:171[m[K,
[2.977s]                  from [01m[K/home/vasee22/igus-coffee-moveit/src/igus_rebel_ros2/igus_rebel/src/simple_task.hpp:4[m[K,
[2.977s]                  from [01m[K/home/vasee22/igus-coffee-moveit/src/igus_rebel_ros2/igus_rebel/src/setup_environment.cpp:1[m[K:
[2.977s] [01m[K/home/vasee22/igus-coffee-moveit/src/igus_rebel_ros2/igus_rebel/src/setup_environment.cpp:[m[K In member function ‘[01m[Kvoid SimpleTask::[01;32m[KsetupPlanningScene[m[K()[m[K’:
[2.977s] [01m[K/home/vasee22/igus-coffee-moveit/src/igus_rebel_ros2/igus_rebel/src/setup_environment.cpp:5:17:[m[K [01;31m[Kerror: [m[K‘[01m[KLOGGER[m[K’ was not declared in this scope
[2.977s]     5 |     RCLCPP_INFO([01;31m[KLOGGER[m[K, "Setting up planning scene...");
[2.977s]       |                 [01;31m[K^~~~~~[m[K
[2.977s] [01m[K/home/vasee22/igus-coffee-moveit/src/igus_rebel_ros2/igus_rebel/src/setup_environment.cpp:5:5:[m[K [01;31m[Kerror: [m[Ktemplate argument 1 is invalid
[2.977s]     5 |     [01;31m[KRCLCPP_INFO[m[K(LOGGER, "Setting up planning scene...");
[2.977s]       |     [01;31m[K^~~~~~~~~~~[m[K
[2.977s] [01m[K/home/vasee22/igus-coffee-moveit/src/igus_rebel_ros2/igus_rebel/src/setup_environment.cpp:7:13:[m[K [01;31m[Kerror: [m[K‘[01m[Kmoveit::planning_interface[m[K’ has not been declared
[2.977s]     7 |     moveit::[01;31m[Kplanning_interface[m[K::PlanningSceneInterface psi;
[2.977s]       |             [01;31m[K^~~~~~~~~~~~~~~~~~[m[K
[2.979s] [01m[K/home/vasee22/igus-coffee-moveit/src/igus_rebel_ros2/igus_rebel/src/setup_environment.cpp:197:17:[m[K [01;31m[Kerror: [m[K‘[01m[KMesh[m[K’ is not a member of ‘[01m[Kshapes[m[K’
[2.979s]   197 |         shapes::[01;31m[KMesh[m[K* mesh = shapes::createMeshFromResource(
[2.979s]       |                 [01;31m[K^~~~[m[K
[2.979s] [01m[K/home/vasee22/igus-coffee-moveit/src/igus_rebel_ros2/igus_rebel/src/setup_environment.cpp:197:17:[m[K [01;36m[Knote: [m[Ksuggested alternatives:
[2.979s] In file included from [01m[K/opt/ros/jazzy/include/urdfdom_headers/urdf_model/model.h:42[m[K,
[2.979s]                  from [01m[K/opt/ros/jazzy/include/urdf/urdf/model.h:43[m[K,
[2.979s]                  from [01m[K/opt/ros/jazzy/include/srdfdom/srdfdom/model.h:50[m[K,
[2.979s]                  from [01m[K/opt/ros/jazzy/include/moveit_core/moveit/robot_model/robot_model.hpp:42[m[K,
[2.979s]                  from [01m[K/opt/ros/jazzy/include/moveit_core/moveit/robot_state/robot_state.hpp:40[m[K,
[2.979s]                  from [01m[K/opt/ros/jazzy/include/moveit_core/moveit/robot_trajectory/robot_trajectory.hpp:40[m[K,
[2.979s]                  from [01m[K/home/vasee22/COAR-ROS2-Workspace-mai/install/moveit_task_constructor_core/include/moveit/task_constructor/utils.h:48[m[K,
[2.979s]                  from [01m[K/home/vasee22/COAR-ROS2-Workspace-mai/install/moveit_task_constructor_core/include/moveit/task_constructor/stage.h:43[m[K,
[2.979s]                  from [01m[K/home/vasee22/COAR-ROS2-Workspace-mai/install/moveit_task_constructor_core/include/moveit/task_constructor/container.h:41[m[K,
[2.979s]                  from [01m[K/home/vasee22/COAR-ROS2-Workspace-mai/install/moveit_task_constructor_core/include/moveit/task_constructor/task.h:42[m[K,
[2.979s]                  from [01m[K/home/vasee22/igus-coffee-moveit/src/igus_rebel_ros2/igus_rebel/src/simple_task.hpp:5[m[K:
[2.979s] [01m[K/opt/ros/jazzy/include/urdfdom_headers/urdf_model/link.h:98:7:[m[K [01;36m[Knote: [m[K  ‘[01m[Kurdf::Mesh[m[K’
[2.979s]    98 | class [01;36m[KMesh[m[K : public Geometry
[2.980s]       |       [01;36m[K^~~~[m[K
[2.980s] In file included from [01m[K/opt/ros/jazzy/include/moveit_msgs/moveit_msgs/msg/detail/collision_object__struct.hpp:36[m[K,
[2.980s]                  from [01m[K/opt/ros/jazzy/include/moveit_msgs/moveit_msgs/msg/detail/attached_collision_object__struct.hpp:24[m[K,
[2.980s]                  from [01m[K/opt/ros/jazzy/include/moveit_msgs/moveit_msgs/msg/detail/robot_state__struct.hpp:28[m[K,
[2.980s]                  from [01m[K/opt/ros/jazzy/include/moveit_msgs/moveit_msgs/msg/robot_state.hpp:7[m[K,
[2.980s]                  from [01m[K/opt/ros/jazzy/include/moveit_core/moveit/robot_trajectory/robot_trajectory.hpp:42[m[K:
[2.980s] [01m[K/opt/ros/jazzy/include/shape_msgs/shape_msgs/msg/detail/mesh__struct.hpp:136:7:[m[K [01;36m[Knote: [m[K  ‘[01m[Kshape_msgs::msg::Mesh[m[K’
[2.980s]   136 | using [01;36m[KMesh[m[K =
[2.980s]       |       [01;36m[K^~~~[m[K
[2.982s] [01m[K/home/vasee22/igus-coffee-moveit/src/igus_rebel_ros2/igus_rebel/src/setup_environment.cpp:197:23:[m[K [01;31m[Kerror: [m[K‘[01m[Kmesh[m[K’ was not declared in this scope
[2.983s]   197 |         shapes::Mesh* [01;31m[Kmesh[m[K = shapes::createMeshFromResource(
[2.983s]       |                       [01;31m[K^~~~[m[K
[2.983s] [01m[K/home/vasee22/igus-coffee-moveit/src/igus_rebel_ros2/igus_rebel/src/setup_environment.cpp:197:38:[m[K [01;31m[Kerror: [m[K‘[01m[KcreateMeshFromResource[m[K’ is not a member of ‘[01m[Kshapes[m[K’
[2.983s]   197 |         shapes::Mesh* mesh = shapes::[01;31m[KcreateMeshFromResource[m[K(
[2.983s]       |                                      [01;31m[K^~~~~~~~~~~~~~~~~~~~~~[m[K
[2.983s] [01m[K/home/vasee22/igus-coffee-moveit/src/igus_rebel_ros2/igus_rebel/src/setup_environment.cpp:203:17:[m[K [01;31m[Kerror: [m[K‘[01m[KShapeMsg[m[K’ is not a member of ‘[01m[Kshapes[m[K’
[2.983s]   203 |         shapes::[01;31m[KShapeMsg[m[K mesh_msg_variant;
[2.983s]       |                 [01;31m[K^~~~~~~~[m[K
[2.983s] [01m[K/home/vasee22/igus-coffee-moveit/src/igus_rebel_ros2/igus_rebel/src/setup_environment.cpp:204:17:[m[K [01;31m[Kerror: [m[K‘[01m[KconstructMsgFromShape[m[K’ is not a member of ‘[01m[Kshapes[m[K’
[2.983s]   204 |         shapes::[01;31m[KconstructMsgFromShape[m[K(mesh, mesh_msg_variant);
[2.983s]       |                 [01;31m[K^~~~~~~~~~~~~~~~~~~~~[m[K
[2.989s] [01m[K/home/vasee22/igus-coffee-moveit/src/igus_rebel_ros2/igus_rebel/src/setup_environment.cpp:204:45:[m[K [01;31m[Kerror: [m[K‘[01m[Kmesh_msg_variant[m[K’ was not declared in this scope
[2.989s]   204 |         shapes::constructMsgFromShape(mesh, [01;31m[Kmesh_msg_variant[m[K);
[2.989s]       |                                             [01;31m[K^~~~~~~~~~~~~~~~[m[K
[2.990s] [01m[K/home/vasee22/igus-coffee-moveit/src/igus_rebel_ros2/igus_rebel/src/setup_environment.cpp:205:27:[m[K [01;31m[Kerror: [m[K‘[01m[Kget[m[K’ is not a member of ‘[01m[Kboost[m[K’; did you mean ‘[01m[Kstd::get[m[K’?
[2.990s]   205 |         mesh_msg = boost::[01;31m[Kget[m[K<shape_msgs::msg::Mesh>(mesh_msg_variant);
[2.990s]       |                           [01;31m[K^~~[m[K
[2.990s] In file included from [01m[K/opt/ros/jazzy/include/rclcpp/rclcpp/client.hpp:29[m[K,
[2.990s]                  from [01m[K/opt/ros/jazzy/include/rclcpp/rclcpp/callback_group.hpp:24[m[K,
[2.990s]                  from [01m[K/opt/ros/jazzy/include/rclcpp/rclcpp/any_executable.hpp:20[m[K,
[2.990s]                  from [01m[K/opt/ros/jazzy/include/rclcpp/rclcpp/memory_strategy.hpp:25[m[K,
[2.990s]                  from [01m[K/opt/ros/jazzy/include/rclcpp/rclcpp/memory_strategies.hpp:18[m[K,
[2.990s]                  from [01m[K/opt/ros/jazzy/include/rclcpp/rclcpp/executor_options.hpp:22[m[K,
[2.990s]                  from [01m[K/opt/ros/jazzy/include/rclcpp/rclcpp/executor.hpp:38[m[K,
[2.990s]                  from [01m[K/opt/ros/jazzy/include/rclcpp/rclcpp/executors/multi_threaded_executor.hpp:25[m[K,
[2.990s]                  from [01m[K/opt/ros/jazzy/include/rclcpp/rclcpp/executors.hpp:21[m[K,
[2.990s]                  from [01m[K/opt/ros/jazzy/include/rclcpp/rclcpp/rclcpp.hpp:172[m[K:
[2.990s] [01m[K/usr/include/c++/13/variant:1180:5:[m[K [01;36m[Knote: [m[K‘[01m[Kstd::get[m[K’ declared here
[2.990s]  1180 |     [01;36m[Kget[m[K(const variant<_Types...>&& __v)
[2.990s]       |     [01;36m[K^~~[m[K
[2.990s] [01m[K/home/vasee22/igus-coffee-moveit/src/igus_rebel_ros2/igus_rebel/src/setup_environment.cpp:205:52:[m[K [01;31m[Kerror: [m[Kexpected primary-expression before ‘[01m[K>[m[K’ token
[2.990s]   205 |         mesh_msg = boost::get<shape_msgs::msg::Mesh[01;31m[K>[m[K(mesh_msg_variant);
[2.990s]       |                                                    [01;31m[K^[m[K
[2.990s] [01m[K/home/vasee22/igus-coffee-moveit/src/igus_rebel_ros2/igus_rebel/src/setup_environment.cpp:226:9:[m[K [01;31m[Kerror: [m[Ktype ‘[01m[K<type error>[m[K’ argument given to ‘[01m[Kdelete[m[K’, expected pointer
[2.991s]   226 |         [01;31m[Kdelete mesh[m[K;
[2.991s]       |         [01;31m[K^~~~~~~~~~~[m[K
[2.991s] [01m[K/home/vasee22/igus-coffee-moveit/src/igus_rebel_ros2/igus_rebel/src/setup_environment.cpp:236:17:[m[K [01;31m[Kerror: [m[K‘[01m[KMesh[m[K’ is not a member of ‘[01m[Kshapes[m[K’
[2.991s]   236 |         shapes::[01;31m[KMesh[m[K* mesh = shapes::createMeshFromResource(
[2.991s]       |                 [01;31m[K^~~~[m[K
[2.991s] [01m[K/home/vasee22/igus-coffee-moveit/src/igus_rebel_ros2/igus_rebel/src/setup_environment.cpp:236:17:[m[K [01;36m[Knote: [m[Ksuggested alternatives:
[2.991s] [01m[K/opt/ros/jazzy/include/urdfdom_headers/urdf_model/link.h:98:7:[m[K [01;36m[Knote: [m[K  ‘[01m[Kurdf::Mesh[m[K’
[2.991s]    98 | class [01;36m[KMesh[m[K : public Geometry
[2.991s]       |       [01;36m[K^~~~[m[K
[2.991s] [01m[K/opt/ros/jazzy/include/shape_msgs/shape_msgs/msg/detail/mesh__struct.hpp:136:7:[m[K [01;36m[Knote: [m[K  ‘[01m[Kshape_msgs::msg::Mesh[m[K’
[2.991s]   136 | using [01;36m[KMesh[m[K =
[2.991s]       |       [01;36m[K^~~~[m[K
[2.993s] [01m[K/home/vasee22/igus-coffee-moveit/src/igus_rebel_ros2/igus_rebel/src/setup_environment.cpp:236:23:[m[K [01;31m[Kerror: [m[K‘[01m[Kmesh[m[K’ was not declared in this scope
[2.993s]   236 |         shapes::Mesh* [01;31m[Kmesh[m[K = shapes::createMeshFromResource(
[2.993s]       |                       [01;31m[K^~~~[m[K
[2.994s] [01m[K/home/vasee22/igus-coffee-moveit/src/igus_rebel_ros2/igus_rebel/src/setup_environment.cpp:236:38:[m[K [01;31m[Kerror: [m[K‘[01m[KcreateMeshFromResource[m[K’ is not a member of ‘[01m[Kshapes[m[K’
[2.994s]   236 |         shapes::Mesh* mesh = shapes::[01;31m[KcreateMeshFromResource[m[K(
[2.994s]       |                                      [01;31m[K^~~~~~~~~~~~~~~~~~~~~~[m[K
[2.994s] [01m[K/home/vasee22/igus-coffee-moveit/src/igus_rebel_ros2/igus_rebel/src/setup_environment.cpp:243:17:[m[K [01;31m[Kerror: [m[K‘[01m[KShapeMsg[m[K’ is not a member of ‘[01m[Kshapes[m[K’
[2.994s]   243 |         shapes::[01;31m[KShapeMsg[m[K mesh_msg_variant;
[2.994s]       |                 [01;31m[K^~~~~~~~[m[K
[2.994s] [01m[K/home/vasee22/igus-coffee-moveit/src/igus_rebel_ros2/igus_rebel/src/setup_environment.cpp:244:17:[m[K [01;31m[Kerror: [m[K‘[01m[KconstructMsgFromShape[m[K’ is not a member of ‘[01m[Kshapes[m[K’
[2.994s]   244 |         shapes::[01;31m[KconstructMsgFromShape[m[K(mesh, mesh_msg_variant);
[2.994s]       |                 [01;31m[K^~~~~~~~~~~~~~~~~~~~~[m[K
[3.000s] [01m[K/home/vasee22/igus-coffee-moveit/src/igus_rebel_ros2/igus_rebel/src/setup_environment.cpp:244:45:[m[K [01;31m[Kerror: [m[K‘[01m[Kmesh_msg_variant[m[K’ was not declared in this scope
[3.000s]   244 |         shapes::constructMsgFromShape(mesh, [01;31m[Kmesh_msg_variant[m[K);
[3.000s]       |                                             [01;31m[K^~~~~~~~~~~~~~~~[m[K
[3.000s] [01m[K/home/vasee22/igus-coffee-moveit/src/igus_rebel_ros2/igus_rebel/src/setup_environment.cpp:245:27:[m[K [01;31m[Kerror: [m[K‘[01m[Kget[m[K’ is not a member of ‘[01m[Kboost[m[K’; did you mean ‘[01m[Kstd::get[m[K’?
[3.000s]   245 |         mesh_msg = boost::[01;31m[Kget[m[K<shape_msgs::msg::Mesh>(mesh_msg_variant);
[3.000s]       |                           [01;31m[K^~~[m[K
[3.000s] [01m[K/usr/include/c++/13/variant:1180:5:[m[K [01;36m[Knote: [m[K‘[01m[Kstd::get[m[K’ declared here
[3.000s]  1180 |     [01;36m[Kget[m[K(const variant<_Types...>&& __v)
[3.000s]       |     [01;36m[K^~~[m[K
[3.000s] [01m[K/home/vasee22/igus-coffee-moveit/src/igus_rebel_ros2/igus_rebel/src/setup_environment.cpp:245:52:[m[K [01;31m[Kerror: [m[Kexpected primary-expression before ‘[01m[K>[m[K’ token
[3.001s]   245 |         mesh_msg = boost::get<shape_msgs::msg::Mesh[01;31m[K>[m[K(mesh_msg_variant);
[3.001s]       |                                                    [01;31m[K^[m[K
[3.001s] [01m[K/home/vasee22/igus-coffee-moveit/src/igus_rebel_ros2/igus_rebel/src/setup_environment.cpp:269:9:[m[K [01;31m[Kerror: [m[Ktype ‘[01m[K<type error>[m[K’ argument given to ‘[01m[Kdelete[m[K’, expected pointer
[3.001s]   269 |         [01;31m[Kdelete mesh[m[K;
[3.001s]       |         [01;31m[K^~~~~~~~~~~[m[K
[3.001s] [01m[K/home/vasee22/igus-coffee-moveit/src/igus_rebel_ros2/igus_rebel/src/setup_environment.cpp:279:17:[m[K [01;31m[Kerror: [m[K‘[01m[KMesh[m[K’ is not a member of ‘[01m[Kshapes[m[K’
[3.001s]   279 |         shapes::[01;31m[KMesh[m[K* mesh = shapes::createMeshFromResource(
[3.001s]       |                 [01;31m[K^~~~[m[K
[3.001s] [01m[K/home/vasee22/igus-coffee-moveit/src/igus_rebel_ros2/igus_rebel/src/setup_environment.cpp:279:17:[m[K [01;36m[Knote: [m[Ksuggested alternatives:
[3.001s] [01m[K/opt/ros/jazzy/include/urdfdom_headers/urdf_model/link.h:98:7:[m[K [01;36m[Knote: [m[K  ‘[01m[Kurdf::Mesh[m[K’
[3.001s]    98 | class [01;36m[KMesh[m[K : public Geometry
[3.001s]       |       [01;36m[K^~~~[m[K
[3.001s] [01m[K/opt/ros/jazzy/include/shape_msgs/shape_msgs/msg/detail/mesh__struct.hpp:136:7:[m[K [01;36m[Knote: [m[K  ‘[01m[Kshape_msgs::msg::Mesh[m[K’
[3.001s]   136 | using [01;36m[KMesh[m[K =
[3.001s]       |       [01;36m[K^~~~[m[K
[3.004s] [01m[K/home/vasee22/igus-coffee-moveit/src/igus_rebel_ros2/igus_rebel/src/setup_environment.cpp:279:23:[m[K [01;31m[Kerror: [m[K‘[01m[Kmesh[m[K’ was not declared in this scope
[3.004s]   279 |         shapes::Mesh* [01;31m[Kmesh[m[K = shapes::createMeshFromResource(
[3.004s]       |                       [01;31m[K^~~~[m[K
[3.004s] [01m[K/home/vasee22/igus-coffee-moveit/src/igus_rebel_ros2/igus_rebel/src/setup_environment.cpp:279:38:[m[K [01;31m[Kerror: [m[K‘[01m[KcreateMeshFromResource[m[K’ is not a member of ‘[01m[Kshapes[m[K’
[3.004s]   279 |         shapes::Mesh* mesh = shapes::[01;31m[KcreateMeshFromResource[m[K(
[3.004s]       |                                      [01;31m[K^~~~~~~~~~~~~~~~~~~~~~[m[K
[3.004s] [01m[K/home/vasee22/igus-coffee-moveit/src/igus_rebel_ros2/igus_rebel/src/setup_environment.cpp:286:17:[m[K [01;31m[Kerror: [m[K‘[01m[KShapeMsg[m[K’ is not a member of ‘[01m[Kshapes[m[K’
[3.004s]   286 |         shapes::[01;31m[KShapeMsg[m[K mesh_msg_variant;
[3.004s]       |                 [01;31m[K^~~~~~~~[m[K
[3.005s] [01m[K/home/vasee22/igus-coffee-moveit/src/igus_rebel_ros2/igus_rebel/src/setup_environment.cpp:287:17:[m[K [01;31m[Kerror: [m[K‘[01m[KconstructMsgFromShape[m[K’ is not a member of ‘[01m[Kshapes[m[K’
[3.005s]   287 |         shapes::[01;31m[KconstructMsgFromShape[m[K(mesh, mesh_msg_variant);
[3.005s]       |                 [01;31m[K^~~~~~~~~~~~~~~~~~~~~[m[K
[3.011s] [01m[K/home/vasee22/igus-coffee-moveit/src/igus_rebel_ros2/igus_rebel/src/setup_environment.cpp:287:45:[m[K [01;31m[Kerror: [m[K‘[01m[Kmesh_msg_variant[m[K’ was not declared in this scope
[3.011s]   287 |         shapes::constructMsgFromShape(mesh, [01;31m[Kmesh_msg_variant[m[K);
[3.011s]       |                                             [01;31m[K^~~~~~~~~~~~~~~~[m[K
[3.011s] [01m[K/home/vasee22/igus-coffee-moveit/src/igus_rebel_ros2/igus_rebel/src/setup_environment.cpp:288:27:[m[K [01;31m[Kerror: [m[K‘[01m[Kget[m[K’ is not a member of ‘[01m[Kboost[m[K’; did you mean ‘[01m[Kstd::get[m[K’?
[3.011s]   288 |         mesh_msg = boost::[01;31m[Kget[m[K<shape_msgs::msg::Mesh>(mesh_msg_variant);
[3.011s]       |                           [01;31m[K^~~[m[K
[3.011s] [01m[K/usr/include/c++/13/variant:1180:5:[m[K [01;36m[Knote: [m[K‘[01m[Kstd::get[m[K’ declared here
[3.011s]  1180 |     [01;36m[Kget[m[K(const variant<_Types...>&& __v)
[3.011s]       |     [01;36m[K^~~[m[K
[3.011s] [01m[K/home/vasee22/igus-coffee-moveit/src/igus_rebel_ros2/igus_rebel/src/setup_environment.cpp:288:52:[m[K [01;31m[Kerror: [m[Kexpected primary-expression before ‘[01m[K>[m[K’ token
[3.011s]   288 |         mesh_msg = boost::get<shape_msgs::msg::Mesh[01;31m[K>[m[K(mesh_msg_variant);
[3.011s]       |                                                    [01;31m[K^[m[K
[3.012s] [01m[K/home/vasee22/igus-coffee-moveit/src/igus_rebel_ros2/igus_rebel/src/setup_environment.cpp:309:9:[m[K [01;31m[Kerror: [m[Ktype ‘[01m[K<type error>[m[K’ argument given to ‘[01m[Kdelete[m[K’, expected pointer
[3.012s]   309 |         [01;31m[Kdelete mesh[m[K;
[3.012s]       |         [01;31m[K^~~~~~~~~~~[m[K
[3.012s] [01m[K/home/vasee22/igus-coffee-moveit/src/igus_rebel_ros2/igus_rebel/src/setup_environment.cpp:319:17:[m[K [01;31m[Kerror: [m[K‘[01m[KMesh[m[K’ is not a member of ‘[01m[Kshapes[m[K’
[3.012s]   319 |         shapes::[01;31m[KMesh[m[K* mesh = shapes::createMeshFromResource(
[3.012s]       |                 [01;31m[K^~~~[m[K
[3.012s] [01m[K/home/vasee22/igus-coffee-moveit/src/igus_rebel_ros2/igus_rebel/src/setup_environment.cpp:319:17:[m[K [01;36m[Knote: [m[Ksuggested alternatives:
[3.012s] [01m[K/opt/ros/jazzy/include/urdfdom_headers/urdf_model/link.h:98:7:[m[K [01;36m[Knote: [m[K  ‘[01m[Kurdf::Mesh[m[K’
[3.012s]    98 | class [01;36m[KMesh[m[K : public Geometry
[3.012s]       |       [01;36m[K^~~~[m[K
[3.012s] [01m[K/opt/ros/jazzy/include/shape_msgs/shape_msgs/msg/detail/mesh__struct.hpp:136:7:[m[K [01;36m[Knote: [m[K  ‘[01m[Kshape_msgs::msg::Mesh[m[K’
[3.012s]   136 | using [01;36m[KMesh[m[K =
[3.012s]       |       [01;36m[K^~~~[m[K
[3.014s] [01m[K/home/vasee22/igus-coffee-moveit/src/igus_rebel_ros2/igus_rebel/src/setup_environment.cpp:319:23:[m[K [01;31m[Kerror: [m[K‘[01m[Kmesh[m[K’ was not declared in this scope
[3.015s]   319 |         shapes::Mesh* [01;31m[Kmesh[m[K = shapes::createMeshFromResource(
[3.015s]       |                       [01;31m[K^~~~[m[K
[3.015s] [01m[K/home/vasee22/igus-coffee-moveit/src/igus_rebel_ros2/igus_rebel/src/setup_environment.cpp:319:38:[m[K [01;31m[Kerror: [m[K‘[01m[KcreateMeshFromResource[m[K’ is not a member of ‘[01m[Kshapes[m[K’
[3.015s]   319 |         shapes::Mesh* mesh = shapes::[01;31m[KcreateMeshFromResource[m[K(
[3.015s]       |                                      [01;31m[K^~~~~~~~~~~~~~~~~~~~~~[m[K
[3.015s] [01m[K/home/vasee22/igus-coffee-moveit/src/igus_rebel_ros2/igus_rebel/src/setup_environment.cpp:326:17:[m[K [01;31m[Kerror: [m[K‘[01m[KShapeMsg[m[K’ is not a member of ‘[01m[Kshapes[m[K’
[3.015s]   326 |         shapes::[01;31m[KShapeMsg[m[K mesh_msg_variant;
[3.015s]       |                 [01;31m[K^~~~~~~~[m[K
[3.015s] [01m[K/home/vasee22/igus-coffee-moveit/src/igus_rebel_ros2/igus_rebel/src/setup_environment.cpp:327:17:[m[K [01;31m[Kerror: [m[K‘[01m[KconstructMsgFromShape[m[K’ is not a member of ‘[01m[Kshapes[m[K’
[3.015s]   327 |         shapes::[01;31m[KconstructMsgFromShape[m[K(mesh, mesh_msg_variant);
[3.015s]       |                 [01;31m[K^~~~~~~~~~~~~~~~~~~~~[m[K
[3.021s] [01m[K/home/vasee22/igus-coffee-moveit/src/igus_rebel_ros2/igus_rebel/src/setup_environment.cpp:327:45:[m[K [01;31m[Kerror: [m[K‘[01m[Kmesh_msg_variant[m[K’ was not declared in this scope
[3.021s]   327 |         shapes::constructMsgFromShape(mesh, [01;31m[Kmesh_msg_variant[m[K);
[3.021s]       |                                             [01;31m[K^~~~~~~~~~~~~~~~[m[K
[3.022s] [01m[K/home/vasee22/igus-coffee-moveit/src/igus_rebel_ros2/igus_rebel/src/setup_environment.cpp:328:27:[m[K [01;31m[Kerror: [m[K‘[01m[Kget[m[K’ is not a member of ‘[01m[Kboost[m[K’; did you mean ‘[01m[Kstd::get[m[K’?
[3.022s]   328 |         mesh_msg = boost::[01;31m[Kget[m[K<shape_msgs::msg::Mesh>(mesh_msg_variant);
[3.022s]       |                           [01;31m[K^~~[m[K
[3.022s] [01m[K/usr/include/c++/13/variant:1180:5:[m[K [01;36m[Knote: [m[K‘[01m[Kstd::get[m[K’ declared here
[3.022s]  1180 |     [01;36m[Kget[m[K(const variant<_Types...>&& __v)
[3.022s]       |     [01;36m[K^~~[m[K
[3.022s] [01m[K/home/vasee22/igus-coffee-moveit/src/igus_rebel_ros2/igus_rebel/src/setup_environment.cpp:328:52:[m[K [01;31m[Kerror: [m[Kexpected primary-expression before ‘[01m[K>[m[K’ token
[3.022s]   328 |         mesh_msg = boost::get<shape_msgs::msg::Mesh[01;31m[K>[m[K(mesh_msg_variant);
[3.022s]       |                                                    [01;31m[K^[m[K
[3.022s] [01m[K/home/vasee22/igus-coffee-moveit/src/igus_rebel_ros2/igus_rebel/src/setup_environment.cpp:352:9:[m[K [01;31m[Kerror: [m[Ktype ‘[01m[K<type error>[m[K’ argument given to ‘[01m[Kdelete[m[K’, expected pointer
[3.022s]   352 |         [01;31m[Kdelete mesh[m[K;
[3.022s]       |         [01;31m[K^~~~~~~~~~~[m[K
[3.022s] [01m[K/home/vasee22/igus-coffee-moveit/src/igus_rebel_ros2/igus_rebel/src/setup_environment.cpp:362:17:[m[K [01;31m[Kerror: [m[K‘[01m[KMesh[m[K’ is not a member of ‘[01m[Kshapes[m[K’
[3.022s]   362 |         shapes::[01;31m[KMesh[m[K* mesh = shapes::createMeshFromResource(
[3.022s]       |                 [01;31m[K^~~~[m[K
[3.022s] [01m[K/home/vasee22/igus-coffee-moveit/src/igus_rebel_ros2/igus_rebel/src/setup_environment.cpp:362:17:[m[K [01;36m[Knote: [m[Ksuggested alternatives:
[3.022s] [01m[K/opt/ros/jazzy/include/urdfdom_headers/urdf_model/link.h:98:7:[m[K [01;36m[Knote: [m[K  ‘[01m[Kurdf::Mesh[m[K’
[3.022s]    98 | class [01;36m[KMesh[m[K : public Geometry
[3.022s]       |       [01;36m[K^~~~[m[K
[3.022s] [01m[K/opt/ros/jazzy/include/shape_msgs/shape_msgs/msg/detail/mesh__struct.hpp:136:7:[m[K [01;36m[Knote: [m[K  ‘[01m[Kshape_msgs::msg::Mesh[m[K’
[3.022s]   136 | using [01;36m[KMesh[m[K =
[3.022s]       |       [01;36m[K^~~~[m[K
[3.025s] [01m[K/home/vasee22/igus-coffee-moveit/src/igus_rebel_ros2/igus_rebel/src/setup_environment.cpp:362:23:[m[K [01;31m[Kerror: [m[K‘[01m[Kmesh[m[K’ was not declared in this scope
[3.025s]   362 |         shapes::Mesh* [01;31m[Kmesh[m[K = shapes::createMeshFromResource(
[3.025s]       |                       [01;31m[K^~~~[m[K
[3.025s] [01m[K/home/vasee22/igus-coffee-moveit/src/igus_rebel_ros2/igus_rebel/src/setup_environment.cpp:362:38:[m[K [01;31m[Kerror: [m[K‘[01m[KcreateMeshFromResource[m[K’ is not a member of ‘[01m[Kshapes[m[K’
[3.025s]   362 |         shapes::Mesh* mesh = shapes::[01;31m[KcreateMeshFromResource[m[K(
[3.025s]       |                                      [01;31m[K^~~~~~~~~~~~~~~~~~~~~~[m[K
[3.025s] [01m[K/home/vasee22/igus-coffee-moveit/src/igus_rebel_ros2/igus_rebel/src/setup_environment.cpp:369:17:[m[K [01;31m[Kerror: [m[K‘[01m[KShapeMsg[m[K’ is not a member of ‘[01m[Kshapes[m[K’
[3.025s]   369 |         shapes::[01;31m[KShapeMsg[m[K mesh_msg_variant;
[3.025s]       |                 [01;31m[K^~~~~~~~[m[K
[3.026s] [01m[K/home/vasee22/igus-coffee-moveit/src/igus_rebel_ros2/igus_rebel/src/setup_environment.cpp:370:17:[m[K [01;31m[Kerror: [m[K‘[01m[KconstructMsgFromShape[m[K’ is not a member of ‘[01m[Kshapes[m[K’
[3.026s]   370 |         shapes::[01;31m[KconstructMsgFromShape[m[K(mesh, mesh_msg_variant);
[3.026s]       |                 [01;31m[K^~~~~~~~~~~~~~~~~~~~~[m[K
[3.032s] [01m[K/home/vasee22/igus-coffee-moveit/src/igus_rebel_ros2/igus_rebel/src/setup_environment.cpp:370:45:[m[K [01;31m[Kerror: [m[K‘[01m[Kmesh_msg_variant[m[K’ was not declared in this scope
[3.032s]   370 |         shapes::constructMsgFromShape(mesh, [01;31m[Kmesh_msg_variant[m[K);
[3.032s]       |                                             [01;31m[K^~~~~~~~~~~~~~~~[m[K
[3.032s] [01m[K/home/vasee22/igus-coffee-moveit/src/igus_rebel_ros2/igus_rebel/src/setup_environment.cpp:371:27:[m[K [01;31m[Kerror: [m[K‘[01m[Kget[m[K’ is not a member of ‘[01m[Kboost[m[K’; did you mean ‘[01m[Kstd::get[m[K’?
[3.032s]   371 |         mesh_msg = boost::[01;31m[Kget[m[K<shape_msgs::msg::Mesh>(mesh_msg_variant);
[3.032s]       |                           [01;31m[K^~~[m[K
[3.032s] [01m[K/usr/include/c++/13/variant:1180:5:[m[K [01;36m[Knote: [m[K‘[01m[Kstd::get[m[K’ declared here
[3.032s]  1180 |     [01;36m[Kget[m[K(const variant<_Types...>&& __v)
[3.032s]       |     [01;36m[K^~~[m[K
[3.032s] [01m[K/home/vasee22/igus-coffee-moveit/src/igus_rebel_ros2/igus_rebel/src/setup_environment.cpp:371:52:[m[K [01;31m[Kerror: [m[Kexpected primary-expression before ‘[01m[K>[m[K’ token
[3.032s]   371 |         mesh_msg = boost::get<shape_msgs::msg::Mesh[01;31m[K>[m[K(mesh_msg_variant);
[3.032s]       |                                                    [01;31m[K^[m[K
[3.032s] [01m[K/home/vasee22/igus-coffee-moveit/src/igus_rebel_ros2/igus_rebel/src/setup_environment.cpp:395:9:[m[K [01;31m[Kerror: [m[Ktype ‘[01m[K<type error>[m[K’ argument given to ‘[01m[Kdelete[m[K’, expected pointer
[3.032s]   395 |         [01;31m[Kdelete mesh[m[K;
[3.032s]       |         [01;31m[K^~~~~~~~~~~[m[K
[3.036s] [01m[K/home/vasee22/igus-coffee-moveit/src/igus_rebel_ros2/igus_rebel/src/setup_environment.cpp:400:17:[m[K [01;31m[Kerror: [m[K‘[01m[KLOGGER[m[K’ was not declared in this scope
[3.036s]   400 |     RCLCPP_INFO([01;31m[KLOGGER[m[K, "Adding %zu collision objects with colors to planning scene...", collision_objects.size());
[3.036s]       |                 [01;31m[K^~~~~~[m[K
[3.036s] [01m[K/home/vasee22/igus-coffee-moveit/src/igus_rebel_ros2/igus_rebel/src/setup_environment.cpp:400:5:[m[K [01;31m[Kerror: [m[Ktemplate argument 1 is invalid
[3.036s]   400 |     [01;31m[KRCLCPP_INFO[m[K(LOGGER, "Adding %zu collision objects with colors to planning scene...", collision_objects.size());
[3.036s]       |     [01;31m[K^~~~~~~~~~~[m[K
[3.039s] [01m[K/home/vasee22/igus-coffee-moveit/src/igus_rebel_ros2/igus_rebel/src/setup_environment.cpp:401:5:[m[K [01;31m[Kerror: [m[K‘[01m[Kpsi[m[K’ was not declared in this scope
[3.039s]   401 |     [01;31m[Kpsi[m[K.applyCollisionObjects(collision_objects, object_colors);
[3.039s]       |     [01;31m[K^~~[m[K
[3.043s] [01m[K/home/vasee22/igus-coffee-moveit/src/igus_rebel_ros2/igus_rebel/src/setup_environment.cpp:405:17:[m[K [01;31m[Kerror: [m[K‘[01m[KLOGGER[m[K’ was not declared in this scope
[3.043s]   405 |     RCLCPP_INFO([01;31m[KLOGGER[m[K, "Planning scene setup complete!");
[3.043s]       |                 [01;31m[K^~~~~~[m[K
[3.043s] [01m[K/home/vasee22/igus-coffee-moveit/src/igus_rebel_ros2/igus_rebel/src/setup_environment.cpp:405:5:[m[K [01;31m[Kerror: [m[Ktemplate argument 1 is invalid
[3.043s]   405 |     [01;31m[KRCLCPP_INFO[m[K(LOGGER, "Planning scene setup complete!");
[3.043s]       |     [01;31m[K^~~~~~~~~~~[m[K
[4.145s] gmake[2]: *** [CMakeFiles/pick_and_place.dir/build.make:90: CMakeFiles/pick_and_place.dir/src/setup_environment.cpp.o] Error 1
[4.146s] gmake[1]: *** [CMakeFiles/Makefile2:223: CMakeFiles/pick_and_place.dir/all] Error 2
[4.146s] gmake: *** [Makefile:146: all] Error 2
[4.150s] Invoked command in '/home/vasee22/igus-coffee-moveit/build/igus_rebel' returned '2': CMAKE_PREFIX_PATH=/home/vasee22/igus-coffee-moveit/install/igus_rebel_msgs:/home/vasee22/igus-coffee-moveit/install/igus_rebel:/home/vasee22/igus-coffee-moveit/install/igus_rebel_moveit_config:/home/vasee22/igus-coffee-moveit/install/igus_rebel_description:/home/vasee22/COAR-ROS2-Workspace-mai/install/moveit_task_constructor_demo:/home/vasee22/COAR-ROS2-Workspace-mai/install/moveit_task_constructor_visualization:/home/vasee22/COAR-ROS2-Workspace-mai/install/moveit_task_constructor_capabilities:/home/vasee22/COAR-ROS2-Workspace-mai/install/igus_rebel:/home/vasee22/COAR-ROS2-Workspace-mai/install/moveit_task_constructor_core:/home/vasee22/COAR-ROS2-Workspace-mai/install/rviz_marker_tools:/home/vasee22/COAR-ROS2-Workspace-mai/install/moveit_task_constructor_msgs:/home/vasee22/COAR-ROS2-Workspace-mai/install/igus_rebel_msgs:/home/vasee22/COAR-ROS2-Workspace-mai/install/igus_rebel_moveit_config:/home/vasee22/COAR-ROS2-Workspace-mai/install/igus_rebel_description:/opt/ros/jazzy/opt/gz_sim_vendor:/opt/ros/jazzy/opt/gz_sensors_vendor:/opt/ros/jazzy/opt/gz_physics_vendor:/opt/ros/jazzy/opt/sdformat_vendor:/opt/ros/jazzy/opt/gz_gui_vendor:/opt/ros/jazzy/opt/gz_transport_vendor:/opt/ros/jazzy/opt/gz_rendering_vendor:/opt/ros/jazzy/opt/gz_plugin_vendor:/opt/ros/jazzy/opt/gz_fuel_tools_vendor:/opt/ros/jazzy/opt/gz_msgs_vendor:/opt/ros/jazzy/opt/gz_common_vendor:/opt/ros/jazzy/opt/gz_math_vendor:/opt/ros/jazzy/opt/gz_utils_vendor:/opt/ros/jazzy/opt/gz_tools_vendor:/opt/ros/jazzy/opt/gz_ogre_next_vendor:/opt/ros/jazzy/opt/gz_dartsim_vendor:/opt/ros/jazzy/opt/gz_cmake_vendor:/home/vasee22/igus-coffee-moveit/install/modbus_ros:/home/vasee22/COAR-ROS2-Workspace-mai/install/modbus_ros:/opt/ros/jazzy DEBUGINFOD_URLS=https://debuginfod.ubuntu.com LD_LIBRARY_PATH=/home/vasee22/igus-coffee-moveit/install/igus_rebel_msgs/lib:/home/vasee22/igus-coffee-moveit/install/igus_rebel/lib:/home/vasee22/COAR-ROS2-Workspace-mai/install/moveit_task_constructor_demo/lib:/home/vasee22/COAR-ROS2-Workspace-mai/install/moveit_task_constructor_visualization/lib:/home/vasee22/COAR-ROS2-Workspace-mai/install/moveit_task_constructor_capabilities/lib:/home/vasee22/COAR-ROS2-Workspace-mai/install/igus_rebel/lib:/home/vasee22/COAR-ROS2-Workspace-mai/install/moveit_task_constructor_core/lib:/home/vasee22/COAR-ROS2-Workspace-mai/install/rviz_marker_tools/lib:/home/vasee22/COAR-ROS2-Workspace-mai/install/moveit_task_constructor_msgs/lib:/home/vasee22/COAR-ROS2-Workspace-mai/install/igus_rebel_msgs/lib:/opt/ros/jazzy/opt/gz_sim_vendor/lib:/opt/ros/jazzy/opt/gz_sensors_vendor/lib:/opt/ros/jazzy/opt/gz_physics_vendor/lib:/opt/ros/jazzy/opt/sdformat_vendor/lib:/opt/ros/jazzy/opt/rviz_ogre_vendor/lib:/opt/ros/jazzy/lib/x86_64-linux-gnu:/opt/ros/jazzy/opt/gz_gui_vendor/lib:/opt/ros/jazzy/opt/gz_transport_vendor/lib:/opt/ros/jazzy/opt/gz_rendering_vendor/lib:/opt/ros/jazzy/opt/gz_plugin_vendor/lib:/opt/ros/jazzy/opt/gz_fuel_tools_vendor/lib:/opt/ros/jazzy/opt/gz_msgs_vendor/lib:/opt/ros/jazzy/opt/gz_common_vendor/lib:/opt/ros/jazzy/opt/gz_math_vendor/lib:/opt/ros/jazzy/opt/gz_utils_vendor/lib:/opt/ros/jazzy/opt/gz_tools_vendor/lib:/opt/ros/jazzy/opt/gz_ogre_next_vendor/lib:/opt/ros/jazzy/opt/gz_dartsim_vendor/lib:/opt/ros/jazzy/opt/gz_cmake_vendor/lib:/opt/ros/jazzy/lib PYTHONPATH=/home/vasee22/igus-coffee-moveit/install/igus_rebel_msgs/lib/python3.12/site-packages:/home/vasee22/igus-coffee-moveit/install/modbus_ros/lib/python3.12/site-packages:/home/vasee22/COAR-ROS2-Workspace-mai/install/moveit_task_constructor_core/lib/python3.12/site-packages:/home/vasee22/COAR-ROS2-Workspace-mai/install/moveit_task_constructor_msgs/lib/python3.12/site-packages:/home/vasee22/COAR-ROS2-Workspace-mai/install/modbus_ros/lib/python3.12/site-packages:/home/vasee22/COAR-ROS2-Workspace-mai/install/igus_rebel_msgs/lib/python3.12/site-packages:/opt/ros/jazzy/lib/python3.12/site-packages /usr/bin/cmake --build /home/vasee22/igus-coffee-moveit/build/igus_rebel -- -j24 -l24
