[0.008s] Invoking command in '/home/vasee22/igus-coffee-moveit/build/igus_rebel': AMENT_PREFIX_PATH=/home/vasee22/igus-coffee-moveit/install/igus_rebel_msgs:${AMENT_PREFIX_PATH} CMAKE_PREFIX_PATH=/home/vasee22/igus-coffee-moveit/install/igus_rebel_msgs:/home/vasee22/COAR-ROS2-Workspace-mai/install/moveit_task_constructor_demo:/home/vasee22/COAR-ROS2-Workspace-mai/install/moveit_task_constructor_visualization:/home/vasee22/COAR-ROS2-Workspace-mai/install/moveit_task_constructor_capabilities:/home/vasee22/COAR-ROS2-Workspace-mai/install/igus_rebel:/home/vasee22/COAR-ROS2-Workspace-mai/install/moveit_task_constructor_core:/home/vasee22/COAR-ROS2-Workspace-mai/install/rviz_marker_tools:/home/vasee22/COAR-ROS2-Workspace-mai/install/moveit_task_constructor_msgs:/home/vasee22/COAR-ROS2-Workspace-mai/install/igus_rebel_msgs:/home/vasee22/COAR-ROS2-Workspace-mai/install/igus_rebel_moveit_config:/home/vasee22/COAR-ROS2-Workspace-mai/install/igus_rebel_description:/opt/ros/jazzy/opt/gz_sim_vendor:/opt/ros/jazzy/opt/gz_sensors_vendor:/opt/ros/jazzy/opt/gz_physics_vendor:/opt/ros/jazzy/opt/sdformat_vendor:/opt/ros/jazzy/opt/gz_gui_vendor:/opt/ros/jazzy/opt/gz_transport_vendor:/opt/ros/jazzy/opt/gz_rendering_vendor:/opt/ros/jazzy/opt/gz_plugin_vendor:/opt/ros/jazzy/opt/gz_fuel_tools_vendor:/opt/ros/jazzy/opt/gz_msgs_vendor:/opt/ros/jazzy/opt/gz_common_vendor:/opt/ros/jazzy/opt/gz_math_vendor:/opt/ros/jazzy/opt/gz_utils_vendor:/opt/ros/jazzy/opt/gz_tools_vendor:/opt/ros/jazzy/opt/gz_ogre_next_vendor:/opt/ros/jazzy/opt/gz_dartsim_vendor:/opt/ros/jazzy/opt/gz_cmake_vendor:/home/vasee22/COAR-ROS2-Workspace-mai/install/modbus_ros:/opt/ros/jazzy DEBUGINFOD_URLS=https://debuginfod.ubuntu.com LD_LIBRARY_PATH=/home/vasee22/igus-coffee-moveit/install/igus_rebel_msgs/lib:${LD_LIBRARY_PATH} PYTHONPATH=/home/vasee22/igus-coffee-moveit/install/igus_rebel_msgs/lib/python3.12/site-packages:${PYTHONPATH} /usr/bin/cmake --build /home/vasee22/igus-coffee-moveit/build/igus_rebel -- -j24 -l24
[0.030s] -- Found ament_cmake: 2.5.6 (/opt/ros/jazzy/share/ament_cmake/cmake)
[0.168s] -- Found rclcpp: 28.1.18 (/opt/ros/jazzy/share/rclcpp/cmake)
[0.191s] -- Found rosidl_generator_c: 4.6.7 (/opt/ros/jazzy/share/rosidl_generator_c/cmake)
[0.197s] -- Found rosidl_generator_cpp: 4.6.7 (/opt/ros/jazzy/share/rosidl_generator_cpp/cmake)
[0.207s] -- Using all available rosidl_typesupport_c: rosidl_typesupport_fastrtps_c;rosidl_typesupport_introspection_c
[0.218s] -- Using all available rosidl_typesupport_cpp: rosidl_typesupport_fastrtps_cpp;rosidl_typesupport_introspection_cpp
[0.266s] -- Found rmw_implementation_cmake: 7.3.3 (/opt/ros/jazzy/share/rmw_implementation_cmake/cmake)
[0.267s] -- Found rmw_fastrtps_cpp: 8.4.3 (/opt/ros/jazzy/share/rmw_fastrtps_cpp/cmake)
[0.318s] -- Using RMW implementation 'rmw_fastrtps_cpp' as default
[0.358s] -- Found rclpy: 7.1.11 (/opt/ros/jazzy/share/rclpy/cmake)
[0.358s] -- Found std_msgs: 5.3.7 (/opt/ros/jazzy/share/std_msgs/cmake)
[0.370s] -- Found sensor_msgs: 5.3.7 (/opt/ros/jazzy/share/sensor_msgs/cmake)
[0.395s] -- Found igus_rebel_msgs: 0.0.0 (/home/vasee22/igus-coffee-moveit/install/igus_rebel_msgs/share/igus_rebel_msgs/cmake)
[0.403s] -- Found moveit_ros_planning_interface: 2.12.4 (/opt/ros/jazzy/share/moveit_ros_planning_interface/cmake)
[0.411s] -- Found Boost: /usr/lib/x86_64-linux-gnu/cmake/Boost-1.83.0/BoostConfig.cmake (found version "1.83.0") found components: date_time filesystem program_options system thread 
[0.540s] -- Found Boost: /usr/lib/x86_64-linux-gnu/cmake/Boost-1.83.0/BoostConfig.cmake (found version "1.83.0") found components: chrono date_time filesystem iostreams program_options regex serialization system thread 
[0.561s] -- Found parameter_traits: 0.7.1 (/opt/ros/jazzy/share/parameter_traits/cmake)
[0.566s] -- Found rclcpp_lifecycle: 28.1.18 (/opt/ros/jazzy/share/rclcpp_lifecycle/cmake)
[0.585s] -- Found Boost: /usr/lib/x86_64-linux-gnu/cmake/Boost-1.83.0/BoostConfig.cmake (found version "1.83.0") found components: filesystem 
[0.612s] -- Ensuring Eigen3 include directory is part of orocos-kdl CMake target
[0.689s] -- Found Boost: /usr/lib/x86_64-linux-gnu/cmake/Boost-1.83.0/BoostConfig.cmake (found version "1.83.0") found components: system filesystem date_time program_options thread chrono 
[0.719s] -- Found Boost: /usr/lib/x86_64-linux-gnu/cmake/Boost-1.83.0/BoostConfig.cmake (found version "1.83.0") found components: thread system filesystem regex date_time program_options 
[0.733s] -- Found Boost: /usr/lib/x86_64-linux-gnu/cmake/Boost-1.83.0/BoostConfig.cmake (found version "1.83.0") found components: system filesystem date_time program_options thread 
[0.754s] -- Found moveit_task_constructor_core: 0.1.4 (/home/vasee22/COAR-ROS2-Workspace-mai/install/moveit_task_constructor_core/share/moveit_task_constructor_core/cmake)
[0.794s] -- Found hardware_interface: 4.44.0 (/opt/ros/jazzy/share/hardware_interface/cmake)
[0.848s] -- Found ament_lint_auto: 0.17.5 (/opt/ros/jazzy/share/ament_lint_auto/cmake)
[0.909s] -- Added test 'cppcheck' to perform static code analysis on C / C++ code
[0.909s] -- Configured cppcheck include dirs: /home/vasee22/igus-coffee-moveit/src/igus_rebel_ros2/igus_rebel/include
[0.909s] -- Configured cppcheck exclude dirs and/or files: 
[0.909s] -- Added test 'flake8' to check Python code syntax and style conventions
[0.909s] -- Configured 'flake8' exclude dirs and/or files: 
[0.909s] -- Added test 'lint_cmake' to check CMake code style
[0.909s] -- Added test 'pep257' to check Python code against some of the docstring style conventions in PEP 257
[0.910s] -- Added test 'uncrustify' to check C / C++ code style
[0.910s] -- Configured uncrustify additional arguments: 
[0.911s] -- Added test 'xmllint' to check XML markup files
[0.912s] -- Configuring done (0.9s)
[0.967s] -- Generating done (0.0s)
[0.977s] -- Build files have been written to: /home/vasee22/igus-coffee-moveit/build/igus_rebel
[1.029s] [ 12%] Built target igus_rebel
[1.032s] [ 32%] Built target random_pose_node
[1.032s] [ 32%] Built target igus_moveit
[1.032s] [ 32%] Built target igus_rail_moveit
[1.082s] [ 45%] [32mBuilding CXX object CMakeFiles/pick_and_place.dir/src/tasks/task_tamp_portafilter.cpp.o[0m
[1.082s] [ 45%] [32mBuilding CXX object CMakeFiles/pick_and_place.dir/src/pick_and_place.cpp.o[0m
[1.082s] [ 45%] [32mBuilding CXX object CMakeFiles/pick_and_place.dir/src/tasks/task_press_grinder.cpp.o[0m
[1.082s] [ 45%] [32mBuilding CXX object CMakeFiles/pick_and_place.dir/src/tasks/task_dispose_portafilter_bin.cpp.o[0m
[6.221s] [ 48%] [32m[1mLinking CXX executable pick_and_place[0m
[6.669s] [100%] Built target pick_and_place
[6.679s] Invoked command in '/home/vasee22/igus-coffee-moveit/build/igus_rebel' returned '0': AMENT_PREFIX_PATH=/home/vasee22/igus-coffee-moveit/install/igus_rebel_msgs:${AMENT_PREFIX_PATH} CMAKE_PREFIX_PATH=/home/vasee22/igus-coffee-moveit/install/igus_rebel_msgs:/home/vasee22/COAR-ROS2-Workspace-mai/install/moveit_task_constructor_demo:/home/vasee22/COAR-ROS2-Workspace-mai/install/moveit_task_constructor_visualization:/home/vasee22/COAR-ROS2-Workspace-mai/install/moveit_task_constructor_capabilities:/home/vasee22/COAR-ROS2-Workspace-mai/install/igus_rebel:/home/vasee22/COAR-ROS2-Workspace-mai/install/moveit_task_constructor_core:/home/vasee22/COAR-ROS2-Workspace-mai/install/rviz_marker_tools:/home/vasee22/COAR-ROS2-Workspace-mai/install/moveit_task_constructor_msgs:/home/vasee22/COAR-ROS2-Workspace-mai/install/igus_rebel_msgs:/home/vasee22/COAR-ROS2-Workspace-mai/install/igus_rebel_moveit_config:/home/vasee22/COAR-ROS2-Workspace-mai/install/igus_rebel_description:/opt/ros/jazzy/opt/gz_sim_vendor:/opt/ros/jazzy/opt/gz_sensors_vendor:/opt/ros/jazzy/opt/gz_physics_vendor:/opt/ros/jazzy/opt/sdformat_vendor:/opt/ros/jazzy/opt/gz_gui_vendor:/opt/ros/jazzy/opt/gz_transport_vendor:/opt/ros/jazzy/opt/gz_rendering_vendor:/opt/ros/jazzy/opt/gz_plugin_vendor:/opt/ros/jazzy/opt/gz_fuel_tools_vendor:/opt/ros/jazzy/opt/gz_msgs_vendor:/opt/ros/jazzy/opt/gz_common_vendor:/opt/ros/jazzy/opt/gz_math_vendor:/opt/ros/jazzy/opt/gz_utils_vendor:/opt/ros/jazzy/opt/gz_tools_vendor:/opt/ros/jazzy/opt/gz_ogre_next_vendor:/opt/ros/jazzy/opt/gz_dartsim_vendor:/opt/ros/jazzy/opt/gz_cmake_vendor:/home/vasee22/COAR-ROS2-Workspace-mai/install/modbus_ros:/opt/ros/jazzy DEBUGINFOD_URLS=https://debuginfod.ubuntu.com LD_LIBRARY_PATH=/home/vasee22/igus-coffee-moveit/install/igus_rebel_msgs/lib:${LD_LIBRARY_PATH} PYTHONPATH=/home/vasee22/igus-coffee-moveit/install/igus_rebel_msgs/lib/python3.12/site-packages:${PYTHONPATH} /usr/bin/cmake --build /home/vasee22/igus-coffee-moveit/build/igus_rebel -- -j24 -l24
[6.679s] Invoking command in '/home/vasee22/igus-coffee-moveit/build/igus_rebel': AMENT_PREFIX_PATH=/home/vasee22/igus-coffee-moveit/install/igus_rebel_msgs:${AMENT_PREFIX_PATH} CMAKE_PREFIX_PATH=/home/vasee22/igus-coffee-moveit/install/igus_rebel_msgs:/home/vasee22/COAR-ROS2-Workspace-mai/install/moveit_task_constructor_demo:/home/vasee22/COAR-ROS2-Workspace-mai/install/moveit_task_constructor_visualization:/home/vasee22/COAR-ROS2-Workspace-mai/install/moveit_task_constructor_capabilities:/home/vasee22/COAR-ROS2-Workspace-mai/install/igus_rebel:/home/vasee22/COAR-ROS2-Workspace-mai/install/moveit_task_constructor_core:/home/vasee22/COAR-ROS2-Workspace-mai/install/rviz_marker_tools:/home/vasee22/COAR-ROS2-Workspace-mai/install/moveit_task_constructor_msgs:/home/vasee22/COAR-ROS2-Workspace-mai/install/igus_rebel_msgs:/home/vasee22/COAR-ROS2-Workspace-mai/install/igus_rebel_moveit_config:/home/vasee22/COAR-ROS2-Workspace-mai/install/igus_rebel_description:/opt/ros/jazzy/opt/gz_sim_vendor:/opt/ros/jazzy/opt/gz_sensors_vendor:/opt/ros/jazzy/opt/gz_physics_vendor:/opt/ros/jazzy/opt/sdformat_vendor:/opt/ros/jazzy/opt/gz_gui_vendor:/opt/ros/jazzy/opt/gz_transport_vendor:/opt/ros/jazzy/opt/gz_rendering_vendor:/opt/ros/jazzy/opt/gz_plugin_vendor:/opt/ros/jazzy/opt/gz_fuel_tools_vendor:/opt/ros/jazzy/opt/gz_msgs_vendor:/opt/ros/jazzy/opt/gz_common_vendor:/opt/ros/jazzy/opt/gz_math_vendor:/opt/ros/jazzy/opt/gz_utils_vendor:/opt/ros/jazzy/opt/gz_tools_vendor:/opt/ros/jazzy/opt/gz_ogre_next_vendor:/opt/ros/jazzy/opt/gz_dartsim_vendor:/opt/ros/jazzy/opt/gz_cmake_vendor:/home/vasee22/COAR-ROS2-Workspace-mai/install/modbus_ros:/opt/ros/jazzy DEBUGINFOD_URLS=https://debuginfod.ubuntu.com LD_LIBRARY_PATH=/home/vasee22/igus-coffee-moveit/install/igus_rebel_msgs/lib:${LD_LIBRARY_PATH} PYTHONPATH=/home/vasee22/igus-coffee-moveit/install/igus_rebel_msgs/lib/python3.12/site-packages:${PYTHONPATH} /usr/bin/cmake --install /home/vasee22/igus-coffee-moveit/build/igus_rebel
[6.685s] -- Install configuration: ""
[6.685s] -- Up-to-date: /home/vasee22/igus-coffee-moveit/install/igus_rebel/share/igus_rebel/rebel.xml
[6.686s] -- Up-to-date: /home/vasee22/igus-coffee-moveit/install/igus_rebel/lib/libigus_rebel.so
[6.686s] -- Up-to-date: /home/vasee22/igus-coffee-moveit/install/igus_rebel/lib/igus_rebel/igus_moveit
[6.687s] -- Up-to-date: /home/vasee22/igus-coffee-moveit/install/igus_rebel/lib/igus_rebel/igus_rail_moveit
[6.687s] -- Installing: /home/vasee22/igus-coffee-moveit/install/igus_rebel/lib/igus_rebel/pick_and_place
[6.688s] -- Set non-toolchain portion of runtime path of "/home/vasee22/igus-coffee-moveit/install/igus_rebel/lib/igus_rebel/pick_and_place" to ""
[6.689s] -- Up-to-date: /home/vasee22/igus-coffee-moveit/install/igus_rebel/lib/igus_rebel/random_pose_node
[6.689s] -- Up-to-date: /home/vasee22/igus-coffee-moveit/install/igus_rebel/share/igus_rebel/rebel.xml
[6.689s] -- Up-to-date: /home/vasee22/igus-coffee-moveit/install/igus_rebel/share/igus_rebel//config
[6.689s] -- Up-to-date: /home/vasee22/igus-coffee-moveit/install/igus_rebel/share/igus_rebel//config/controller.yaml
[6.689s] -- Up-to-date: /home/vasee22/igus-coffee-moveit/install/igus_rebel/share/igus_rebel//launch
[6.689s] -- Up-to-date: /home/vasee22/igus-coffee-moveit/install/igus_rebel/share/igus_rebel//launch/pick_and_place.launch.py
[6.689s] -- Up-to-date: /home/vasee22/igus-coffee-moveit/install/igus_rebel/share/igus_rebel//launch/rebel.launch.py
[6.689s] -- Up-to-date: /home/vasee22/igus-coffee-moveit/install/igus_rebel/share/ament_index/resource_index/package_run_dependencies/igus_rebel
[6.689s] -- Installing: /home/vasee22/igus-coffee-moveit/install/igus_rebel/share/ament_index/resource_index/parent_prefix_path/igus_rebel
[6.689s] -- Up-to-date: /home/vasee22/igus-coffee-moveit/install/igus_rebel/share/igus_rebel/environment/ament_prefix_path.sh
[6.689s] -- Up-to-date: /home/vasee22/igus-coffee-moveit/install/igus_rebel/share/igus_rebel/environment/ament_prefix_path.dsv
[6.689s] -- Up-to-date: /home/vasee22/igus-coffee-moveit/install/igus_rebel/share/igus_rebel/environment/path.sh
[6.689s] -- Up-to-date: /home/vasee22/igus-coffee-moveit/install/igus_rebel/share/igus_rebel/environment/path.dsv
[6.689s] -- Up-to-date: /home/vasee22/igus-coffee-moveit/install/igus_rebel/share/igus_rebel/local_setup.bash
[6.689s] -- Up-to-date: /home/vasee22/igus-coffee-moveit/install/igus_rebel/share/igus_rebel/local_setup.sh
[6.689s] -- Up-to-date: /home/vasee22/igus-coffee-moveit/install/igus_rebel/share/igus_rebel/local_setup.zsh
[6.689s] -- Up-to-date: /home/vasee22/igus-coffee-moveit/install/igus_rebel/share/igus_rebel/local_setup.dsv
[6.689s] -- Installing: /home/vasee22/igus-coffee-moveit/install/igus_rebel/share/igus_rebel/package.dsv
[6.689s] -- Up-to-date: /home/vasee22/igus-coffee-moveit/install/igus_rebel/share/ament_index/resource_index/packages/igus_rebel
[6.690s] -- Up-to-date: /home/vasee22/igus-coffee-moveit/install/igus_rebel/share/ament_index/resource_index/hardware_interface__pluginlib__plugin/igus_rebel
[6.690s] -- Up-to-date: /home/vasee22/igus-coffee-moveit/install/igus_rebel/share/igus_rebel/cmake/igus_rebelConfig.cmake
[6.690s] -- Up-to-date: /home/vasee22/igus-coffee-moveit/install/igus_rebel/share/igus_rebel/cmake/igus_rebelConfig-version.cmake
[6.690s] -- Up-to-date: /home/vasee22/igus-coffee-moveit/install/igus_rebel/share/igus_rebel/package.xml
[6.690s] Invoked command in '/home/vasee22/igus-coffee-moveit/build/igus_rebel' returned '0': AMENT_PREFIX_PATH=/home/vasee22/igus-coffee-moveit/install/igus_rebel_msgs:${AMENT_PREFIX_PATH} CMAKE_PREFIX_PATH=/home/vasee22/igus-coffee-moveit/install/igus_rebel_msgs:/home/vasee22/COAR-ROS2-Workspace-mai/install/moveit_task_constructor_demo:/home/vasee22/COAR-ROS2-Workspace-mai/install/moveit_task_constructor_visualization:/home/vasee22/COAR-ROS2-Workspace-mai/install/moveit_task_constructor_capabilities:/home/vasee22/COAR-ROS2-Workspace-mai/install/igus_rebel:/home/vasee22/COAR-ROS2-Workspace-mai/install/moveit_task_constructor_core:/home/vasee22/COAR-ROS2-Workspace-mai/install/rviz_marker_tools:/home/vasee22/COAR-ROS2-Workspace-mai/install/moveit_task_constructor_msgs:/home/vasee22/COAR-ROS2-Workspace-mai/install/igus_rebel_msgs:/home/vasee22/COAR-ROS2-Workspace-mai/install/igus_rebel_moveit_config:/home/vasee22/COAR-ROS2-Workspace-mai/install/igus_rebel_description:/opt/ros/jazzy/opt/gz_sim_vendor:/opt/ros/jazzy/opt/gz_sensors_vendor:/opt/ros/jazzy/opt/gz_physics_vendor:/opt/ros/jazzy/opt/sdformat_vendor:/opt/ros/jazzy/opt/gz_gui_vendor:/opt/ros/jazzy/opt/gz_transport_vendor:/opt/ros/jazzy/opt/gz_rendering_vendor:/opt/ros/jazzy/opt/gz_plugin_vendor:/opt/ros/jazzy/opt/gz_fuel_tools_vendor:/opt/ros/jazzy/opt/gz_msgs_vendor:/opt/ros/jazzy/opt/gz_common_vendor:/opt/ros/jazzy/opt/gz_math_vendor:/opt/ros/jazzy/opt/gz_utils_vendor:/opt/ros/jazzy/opt/gz_tools_vendor:/opt/ros/jazzy/opt/gz_ogre_next_vendor:/opt/ros/jazzy/opt/gz_dartsim_vendor:/opt/ros/jazzy/opt/gz_cmake_vendor:/home/vasee22/COAR-ROS2-Workspace-mai/install/modbus_ros:/opt/ros/jazzy DEBUGINFOD_URLS=https://debuginfod.ubuntu.com LD_LIBRARY_PATH=/home/vasee22/igus-coffee-moveit/install/igus_rebel_msgs/lib:${LD_LIBRARY_PATH} PYTHONPATH=/home/vasee22/igus-coffee-moveit/install/igus_rebel_msgs/lib/python3.12/site-packages:${PYTHONPATH} /usr/bin/cmake --install /home/vasee22/igus-coffee-moveit/build/igus_rebel
