[0.108s] DEBUG:colcon:Command line arguments: ['/usr/bin/colcon', 'build']
[0.108s] DEBUG:colcon:Parsed command line arguments: Namespace(log_base=None, log_level=None, verb_name='build', build_base='build', install_base='install', merge_install=False, symlink_install=False, test_result_base=None, continue_on_error=False, executor='parallel', parallel_workers=24, event_handlers=None, ignore_user_meta=False, metas=['./colcon.meta'], base_paths=['.'], packages_ignore=None, packages_ignore_regex=None, paths=None, packages_up_to=None, packages_up_to_regex=None, packages_above=None, packages_above_and_dependencies=None, packages_above_depth=None, packages_select_by_dep=None, packages_skip_by_dep=None, packages_skip_up_to=None, packages_select_build_failed=False, packages_skip_build_finished=False, packages_select_test_failures=False, packages_skip_test_passed=False, packages_select=None, packages_skip=None, packages_select_regex=None, packages_skip_regex=None, packages_start=None, packages_end=None, allow_overriding=[], cmake_args=None, cmake_target=None, cmake_target_skip_unavailable=False, cmake_clean_cache=False, cmake_clean_first=False, cmake_force_configure=False, ament_cmake_args=None, catkin_cmake_args=None, catkin_skip_building_tests=False, mixin_files=None, mixin=None, verb_parser=<colcon_mixin.mixin.mixin_argument.MixinArgumentDecorator object at 0x79a061bcb8f0>, verb_extension=<colcon_core.verb.build.BuildVerb object at 0x79a061b24200>, main=<bound method BuildVerb.main of <colcon_core.verb.build.BuildVerb object at 0x79a061b24200>>, mixin_verb=('build',))
[0.143s] Level 1:colcon.colcon_core.package_discovery:discover_packages(colcon_meta) check parameters
[0.143s] Level 1:colcon.colcon_core.package_discovery:discover_packages(recursive) check parameters
[0.143s] Level 1:colcon.colcon_core.package_discovery:discover_packages(ignore) check parameters
[0.143s] Level 1:colcon.colcon_core.package_discovery:discover_packages(path) check parameters
[0.143s] Level 1:colcon.colcon_core.package_discovery:discover_packages(colcon_meta) discover
[0.143s] Level 1:colcon.colcon_core.package_discovery:discover_packages(recursive) discover
[0.143s] INFO:colcon.colcon_core.package_discovery:Crawling recursively for packages in '/home/vasee22/igus-coffee-moveit'
[0.143s] Level 1:colcon.colcon_core.package_identification:_identify(.) by extensions ['ignore', 'ignore_ament_install']
[0.144s] Level 1:colcon.colcon_core.package_identification:_identify(.) by extension 'ignore'
[0.145s] Level 1:colcon.colcon_core.package_identification:_identify(.) by extension 'ignore_ament_install'
[0.145s] Level 1:colcon.colcon_core.package_identification:_identify(.) by extensions ['colcon_pkg']
[0.145s] Level 1:colcon.colcon_core.package_identification:_identify(.) by extension 'colcon_pkg'
[0.145s] Level 1:colcon.colcon_core.package_identification:_identify(.) by extensions ['colcon_meta']
[0.145s] Level 1:colcon.colcon_core.package_identification:_identify(.) by extension 'colcon_meta'
[0.145s] Level 1:colcon.colcon_core.package_identification:_identify(.) by extensions ['ros']
[0.145s] Level 1:colcon.colcon_core.package_identification:_identify(.) by extension 'ros'
[0.168s] Level 1:colcon.colcon_core.package_identification:_identify(.) by extensions ['cmake', 'python']
[0.168s] Level 1:colcon.colcon_core.package_identification:_identify(.) by extension 'cmake'
[0.168s] Level 1:colcon.colcon_core.package_identification:_identify(.) by extension 'python'
[0.168s] Level 1:colcon.colcon_core.package_identification:_identify(.) by extensions ['python_setup_py']
[0.168s] Level 1:colcon.colcon_core.package_identification:_identify(.) by extension 'python_setup_py'
[0.168s] Level 1:colcon.colcon_core.package_identification:_identify(build) by extensions ['ignore', 'ignore_ament_install']
[0.168s] Level 1:colcon.colcon_core.package_identification:_identify(build) by extension 'ignore'
[0.168s] Level 1:colcon.colcon_core.package_identification:_identify(build) ignored
[0.168s] Level 1:colcon.colcon_core.package_identification:_identify(install) by extensions ['ignore', 'ignore_ament_install']
[0.168s] Level 1:colcon.colcon_core.package_identification:_identify(install) by extension 'ignore'
[0.168s] Level 1:colcon.colcon_core.package_identification:_identify(install) ignored
[0.168s] Level 1:colcon.colcon_core.package_identification:_identify(log) by extensions ['ignore', 'ignore_ament_install']
[0.168s] Level 1:colcon.colcon_core.package_identification:_identify(log) by extension 'ignore'
[0.168s] Level 1:colcon.colcon_core.package_identification:_identify(log) ignored
[0.169s] Level 1:colcon.colcon_core.package_identification:_identify(ros2_env) by extensions ['ignore', 'ignore_ament_install']
[0.169s] Level 1:colcon.colcon_core.package_identification:_identify(ros2_env) by extension 'ignore'
[0.169s] Level 1:colcon.colcon_core.package_identification:_identify(ros2_env) by extension 'ignore_ament_install'
[0.169s] Level 1:colcon.colcon_core.package_identification:_identify(ros2_env) by extensions ['colcon_pkg']
[0.169s] Level 1:colcon.colcon_core.package_identification:_identify(ros2_env) by extension 'colcon_pkg'
[0.169s] Level 1:colcon.colcon_core.package_identification:_identify(ros2_env) by extensions ['colcon_meta']
[0.169s] Level 1:colcon.colcon_core.package_identification:_identify(ros2_env) by extension 'colcon_meta'
[0.169s] Level 1:colcon.colcon_core.package_identification:_identify(ros2_env) by extensions ['ros']
[0.169s] Level 1:colcon.colcon_core.package_identification:_identify(ros2_env) by extension 'ros'
[0.169s] Level 1:colcon.colcon_core.package_identification:_identify(ros2_env) by extensions ['cmake', 'python']
[0.169s] Level 1:colcon.colcon_core.package_identification:_identify(ros2_env) by extension 'cmake'
[0.169s] Level 1:colcon.colcon_core.package_identification:_identify(ros2_env) by extension 'python'
[0.169s] Level 1:colcon.colcon_core.package_identification:_identify(ros2_env) by extensions ['python_setup_py']
[0.169s] Level 1:colcon.colcon_core.package_identification:_identify(ros2_env) by extension 'python_setup_py'
[0.169s] Level 1:colcon.colcon_core.package_identification:_identify(simattack1) by extensions ['ignore', 'ignore_ament_install']
[0.169s] Level 1:colcon.colcon_core.package_identification:_identify(simattack1) by extension 'ignore'
[0.169s] Level 1:colcon.colcon_core.package_identification:_identify(simattack1) by extension 'ignore_ament_install'
[0.169s] Level 1:colcon.colcon_core.package_identification:_identify(simattack1) by extensions ['colcon_pkg']
[0.169s] Level 1:colcon.colcon_core.package_identification:_identify(simattack1) by extension 'colcon_pkg'
[0.169s] Level 1:colcon.colcon_core.package_identification:_identify(simattack1) by extensions ['colcon_meta']
[0.169s] Level 1:colcon.colcon_core.package_identification:_identify(simattack1) by extension 'colcon_meta'
[0.169s] Level 1:colcon.colcon_core.package_identification:_identify(simattack1) by extensions ['ros']
[0.169s] Level 1:colcon.colcon_core.package_identification:_identify(simattack1) by extension 'ros'
[0.169s] Level 1:colcon.colcon_core.package_identification:_identify(simattack1) by extensions ['cmake', 'python']
[0.169s] Level 1:colcon.colcon_core.package_identification:_identify(simattack1) by extension 'cmake'
[0.169s] Level 1:colcon.colcon_core.package_identification:_identify(simattack1) by extension 'python'
[0.169s] Level 1:colcon.colcon_core.package_identification:_identify(simattack1) by extensions ['python_setup_py']
[0.169s] Level 1:colcon.colcon_core.package_identification:_identify(simattack1) by extension 'python_setup_py'
[0.169s] Level 1:colcon.colcon_core.package_identification:_identify(simattack2) by extensions ['ignore', 'ignore_ament_install']
[0.170s] Level 1:colcon.colcon_core.package_identification:_identify(simattack2) by extension 'ignore'
[0.170s] Level 1:colcon.colcon_core.package_identification:_identify(simattack2) by extension 'ignore_ament_install'
[0.170s] Level 1:colcon.colcon_core.package_identification:_identify(simattack2) by extensions ['colcon_pkg']
[0.170s] Level 1:colcon.colcon_core.package_identification:_identify(simattack2) by extension 'colcon_pkg'
[0.170s] Level 1:colcon.colcon_core.package_identification:_identify(simattack2) by extensions ['colcon_meta']
[0.170s] Level 1:colcon.colcon_core.package_identification:_identify(simattack2) by extension 'colcon_meta'
[0.170s] Level 1:colcon.colcon_core.package_identification:_identify(simattack2) by extensions ['ros']
[0.170s] Level 1:colcon.colcon_core.package_identification:_identify(simattack2) by extension 'ros'
[0.170s] Level 1:colcon.colcon_core.package_identification:_identify(simattack2) by extensions ['cmake', 'python']
[0.170s] Level 1:colcon.colcon_core.package_identification:_identify(simattack2) by extension 'cmake'
[0.170s] Level 1:colcon.colcon_core.package_identification:_identify(simattack2) by extension 'python'
[0.170s] Level 1:colcon.colcon_core.package_identification:_identify(simattack2) by extensions ['python_setup_py']
[0.170s] Level 1:colcon.colcon_core.package_identification:_identify(simattack2) by extension 'python_setup_py'
[0.170s] Level 1:colcon.colcon_core.package_identification:_identify(src) by extensions ['ignore', 'ignore_ament_install']
[0.170s] Level 1:colcon.colcon_core.package_identification:_identify(src) by extension 'ignore'
[0.170s] Level 1:colcon.colcon_core.package_identification:_identify(src) by extension 'ignore_ament_install'
[0.170s] Level 1:colcon.colcon_core.package_identification:_identify(src) by extensions ['colcon_pkg']
[0.170s] Level 1:colcon.colcon_core.package_identification:_identify(src) by extension 'colcon_pkg'
[0.170s] Level 1:colcon.colcon_core.package_identification:_identify(src) by extensions ['colcon_meta']
[0.170s] Level 1:colcon.colcon_core.package_identification:_identify(src) by extension 'colcon_meta'
[0.170s] Level 1:colcon.colcon_core.package_identification:_identify(src) by extensions ['ros']
[0.170s] Level 1:colcon.colcon_core.package_identification:_identify(src) by extension 'ros'
[0.170s] Level 1:colcon.colcon_core.package_identification:_identify(src) by extensions ['cmake', 'python']
[0.170s] Level 1:colcon.colcon_core.package_identification:_identify(src) by extension 'cmake'
[0.170s] Level 1:colcon.colcon_core.package_identification:_identify(src) by extension 'python'
[0.170s] Level 1:colcon.colcon_core.package_identification:_identify(src) by extensions ['python_setup_py']
[0.170s] Level 1:colcon.colcon_core.package_identification:_identify(src) by extension 'python_setup_py'
[0.170s] Level 1:colcon.colcon_core.package_identification:_identify(src/igus_rebel_ros2) by extensions ['ignore', 'ignore_ament_install']
[0.170s] Level 1:colcon.colcon_core.package_identification:_identify(src/igus_rebel_ros2) by extension 'ignore'
[0.170s] Level 1:colcon.colcon_core.package_identification:_identify(src/igus_rebel_ros2) by extension 'ignore_ament_install'
[0.171s] Level 1:colcon.colcon_core.package_identification:_identify(src/igus_rebel_ros2) by extensions ['colcon_pkg']
[0.171s] Level 1:colcon.colcon_core.package_identification:_identify(src/igus_rebel_ros2) by extension 'colcon_pkg'
[0.171s] Level 1:colcon.colcon_core.package_identification:_identify(src/igus_rebel_ros2) by extensions ['colcon_meta']
[0.171s] Level 1:colcon.colcon_core.package_identification:_identify(src/igus_rebel_ros2) by extension 'colcon_meta'
[0.171s] Level 1:colcon.colcon_core.package_identification:_identify(src/igus_rebel_ros2) by extensions ['ros']
[0.171s] Level 1:colcon.colcon_core.package_identification:_identify(src/igus_rebel_ros2) by extension 'ros'
[0.171s] Level 1:colcon.colcon_core.package_identification:_identify(src/igus_rebel_ros2) by extensions ['cmake', 'python']
[0.171s] Level 1:colcon.colcon_core.package_identification:_identify(src/igus_rebel_ros2) by extension 'cmake'
[0.171s] Level 1:colcon.colcon_core.package_identification:_identify(src/igus_rebel_ros2) by extension 'python'
[0.171s] Level 1:colcon.colcon_core.package_identification:_identify(src/igus_rebel_ros2) by extensions ['python_setup_py']
[0.171s] Level 1:colcon.colcon_core.package_identification:_identify(src/igus_rebel_ros2) by extension 'python_setup_py'
[0.171s] Level 1:colcon.colcon_core.package_identification:_identify(src/igus_rebel_ros2/igus_rebel) by extensions ['ignore', 'ignore_ament_install']
[0.171s] Level 1:colcon.colcon_core.package_identification:_identify(src/igus_rebel_ros2/igus_rebel) by extension 'ignore'
[0.171s] Level 1:colcon.colcon_core.package_identification:_identify(src/igus_rebel_ros2/igus_rebel) by extension 'ignore_ament_install'
[0.171s] Level 1:colcon.colcon_core.package_identification:_identify(src/igus_rebel_ros2/igus_rebel) by extensions ['colcon_pkg']
[0.171s] Level 1:colcon.colcon_core.package_identification:_identify(src/igus_rebel_ros2/igus_rebel) by extension 'colcon_pkg'
[0.171s] Level 1:colcon.colcon_core.package_identification:_identify(src/igus_rebel_ros2/igus_rebel) by extensions ['colcon_meta']
[0.171s] Level 1:colcon.colcon_core.package_identification:_identify(src/igus_rebel_ros2/igus_rebel) by extension 'colcon_meta'
[0.171s] Level 1:colcon.colcon_core.package_identification:_identify(src/igus_rebel_ros2/igus_rebel) by extensions ['ros']
[0.171s] Level 1:colcon.colcon_core.package_identification:_identify(src/igus_rebel_ros2/igus_rebel) by extension 'ros'
[0.174s] DEBUG:colcon.colcon_core.package_identification:Package 'src/igus_rebel_ros2/igus_rebel' with type 'ros.ament_cmake' and name 'igus_rebel'
[0.174s] Level 1:colcon.colcon_core.package_identification:_identify(src/igus_rebel_ros2/igus_rebel_description) by extensions ['ignore', 'ignore_ament_install']
[0.174s] Level 1:colcon.colcon_core.package_identification:_identify(src/igus_rebel_ros2/igus_rebel_description) by extension 'ignore'
[0.174s] Level 1:colcon.colcon_core.package_identification:_identify(src/igus_rebel_ros2/igus_rebel_description) by extension 'ignore_ament_install'
[0.174s] Level 1:colcon.colcon_core.package_identification:_identify(src/igus_rebel_ros2/igus_rebel_description) by extensions ['colcon_pkg']
[0.174s] Level 1:colcon.colcon_core.package_identification:_identify(src/igus_rebel_ros2/igus_rebel_description) by extension 'colcon_pkg'
[0.174s] Level 1:colcon.colcon_core.package_identification:_identify(src/igus_rebel_ros2/igus_rebel_description) by extensions ['colcon_meta']
[0.174s] Level 1:colcon.colcon_core.package_identification:_identify(src/igus_rebel_ros2/igus_rebel_description) by extension 'colcon_meta'
[0.174s] Level 1:colcon.colcon_core.package_identification:_identify(src/igus_rebel_ros2/igus_rebel_description) by extensions ['ros']
[0.174s] Level 1:colcon.colcon_core.package_identification:_identify(src/igus_rebel_ros2/igus_rebel_description) by extension 'ros'
[0.174s] DEBUG:colcon.colcon_core.package_identification:Package 'src/igus_rebel_ros2/igus_rebel_description' with type 'ros.ament_cmake' and name 'igus_rebel_description'
[0.175s] Level 1:colcon.colcon_core.package_identification:_identify(src/igus_rebel_ros2/igus_rebel_moveit_config) by extensions ['ignore', 'ignore_ament_install']
[0.175s] Level 1:colcon.colcon_core.package_identification:_identify(src/igus_rebel_ros2/igus_rebel_moveit_config) by extension 'ignore'
[0.175s] Level 1:colcon.colcon_core.package_identification:_identify(src/igus_rebel_ros2/igus_rebel_moveit_config) by extension 'ignore_ament_install'
[0.175s] Level 1:colcon.colcon_core.package_identification:_identify(src/igus_rebel_ros2/igus_rebel_moveit_config) by extensions ['colcon_pkg']
[0.175s] Level 1:colcon.colcon_core.package_identification:_identify(src/igus_rebel_ros2/igus_rebel_moveit_config) by extension 'colcon_pkg'
[0.175s] Level 1:colcon.colcon_core.package_identification:_identify(src/igus_rebel_ros2/igus_rebel_moveit_config) by extensions ['colcon_meta']
[0.175s] Level 1:colcon.colcon_core.package_identification:_identify(src/igus_rebel_ros2/igus_rebel_moveit_config) by extension 'colcon_meta'
[0.175s] Level 1:colcon.colcon_core.package_identification:_identify(src/igus_rebel_ros2/igus_rebel_moveit_config) by extensions ['ros']
[0.175s] Level 1:colcon.colcon_core.package_identification:_identify(src/igus_rebel_ros2/igus_rebel_moveit_config) by extension 'ros'
[0.175s] DEBUG:colcon.colcon_core.package_identification:Package 'src/igus_rebel_ros2/igus_rebel_moveit_config' with type 'ros.ament_cmake' and name 'igus_rebel_moveit_config'
[0.175s] Level 1:colcon.colcon_core.package_identification:_identify(src/igus_rebel_ros2/igus_rebel_msgs) by extensions ['ignore', 'ignore_ament_install']
[0.176s] Level 1:colcon.colcon_core.package_identification:_identify(src/igus_rebel_ros2/igus_rebel_msgs) by extension 'ignore'
[0.176s] Level 1:colcon.colcon_core.package_identification:_identify(src/igus_rebel_ros2/igus_rebel_msgs) by extension 'ignore_ament_install'
[0.176s] Level 1:colcon.colcon_core.package_identification:_identify(src/igus_rebel_ros2/igus_rebel_msgs) by extensions ['colcon_pkg']
[0.176s] Level 1:colcon.colcon_core.package_identification:_identify(src/igus_rebel_ros2/igus_rebel_msgs) by extension 'colcon_pkg'
[0.176s] Level 1:colcon.colcon_core.package_identification:_identify(src/igus_rebel_ros2/igus_rebel_msgs) by extensions ['colcon_meta']
[0.176s] Level 1:colcon.colcon_core.package_identification:_identify(src/igus_rebel_ros2/igus_rebel_msgs) by extension 'colcon_meta'
[0.176s] Level 1:colcon.colcon_core.package_identification:_identify(src/igus_rebel_ros2/igus_rebel_msgs) by extensions ['ros']
[0.176s] Level 1:colcon.colcon_core.package_identification:_identify(src/igus_rebel_ros2/igus_rebel_msgs) by extension 'ros'
[0.176s] DEBUG:colcon.colcon_core.package_identification:Package 'src/igus_rebel_ros2/igus_rebel_msgs' with type 'ros.ament_cmake' and name 'igus_rebel_msgs'
[0.176s] Level 1:colcon.colcon_core.package_identification:_identify(src/modbus_ros) by extensions ['ignore', 'ignore_ament_install']
[0.176s] Level 1:colcon.colcon_core.package_identification:_identify(src/modbus_ros) by extension 'ignore'
[0.176s] Level 1:colcon.colcon_core.package_identification:_identify(src/modbus_ros) by extension 'ignore_ament_install'
[0.176s] Level 1:colcon.colcon_core.package_identification:_identify(src/modbus_ros) by extensions ['colcon_pkg']
[0.176s] Level 1:colcon.colcon_core.package_identification:_identify(src/modbus_ros) by extension 'colcon_pkg'
[0.176s] Level 1:colcon.colcon_core.package_identification:_identify(src/modbus_ros) by extensions ['colcon_meta']
[0.176s] Level 1:colcon.colcon_core.package_identification:_identify(src/modbus_ros) by extension 'colcon_meta'
[0.177s] Level 1:colcon.colcon_core.package_identification:_identify(src/modbus_ros) by extensions ['ros']
[0.177s] Level 1:colcon.colcon_core.package_identification:_identify(src/modbus_ros) by extension 'ros'
[0.177s] DEBUG:colcon.colcon_core.package_identification:Package 'src/modbus_ros' with type 'ros.ament_python' and name 'modbus_ros'
[0.177s] Level 1:colcon.colcon_core.package_discovery:discover_packages(recursive) using defaults
[0.177s] Level 1:colcon.colcon_core.package_discovery:discover_packages(ignore) discover
[0.177s] Level 1:colcon.colcon_core.package_discovery:discover_packages(ignore) using defaults
[0.177s] Level 1:colcon.colcon_core.package_discovery:discover_packages(path) discover
[0.177s] Level 1:colcon.colcon_core.package_discovery:discover_packages(path) using defaults
[0.195s] Level 1:colcon.colcon_core.package_discovery:discover_packages(prefix_path) check parameters
[0.195s] Level 1:colcon.colcon_core.package_discovery:discover_packages(prefix_path) discover
[0.197s] DEBUG:colcon.colcon_installed_package_information.package_discovery:Found 5 installed packages in /home/vasee22/igus-coffee-moveit/install
[0.197s] DEBUG:colcon.colcon_installed_package_information.package_discovery:Found 11 installed packages in /home/vasee22/COAR-ROS2-Workspace-mai/install
[0.199s] DEBUG:colcon.colcon_installed_package_information.package_discovery:Found 516 installed packages in /opt/ros/jazzy
[0.200s] Level 1:colcon.colcon_core.package_discovery:discover_packages(prefix_path) using defaults
[0.264s] Level 5:colcon.colcon_core.verb:set package 'igus_rebel_description' build argument 'cmake_args' from command line to 'None'
[0.264s] Level 5:colcon.colcon_core.verb:set package 'igus_rebel_description' build argument 'cmake_target' from command line to 'None'
[0.264s] Level 5:colcon.colcon_core.verb:set package 'igus_rebel_description' build argument 'cmake_target_skip_unavailable' from command line to 'False'
[0.264s] Level 5:colcon.colcon_core.verb:set package 'igus_rebel_description' build argument 'cmake_clean_cache' from command line to 'False'
[0.264s] Level 5:colcon.colcon_core.verb:set package 'igus_rebel_description' build argument 'cmake_clean_first' from command line to 'False'
[0.264s] Level 5:colcon.colcon_core.verb:set package 'igus_rebel_description' build argument 'cmake_force_configure' from command line to 'False'
[0.264s] Level 5:colcon.colcon_core.verb:set package 'igus_rebel_description' build argument 'ament_cmake_args' from command line to 'None'
[0.264s] Level 5:colcon.colcon_core.verb:set package 'igus_rebel_description' build argument 'catkin_cmake_args' from command line to 'None'
[0.264s] Level 5:colcon.colcon_core.verb:set package 'igus_rebel_description' build argument 'catkin_skip_building_tests' from command line to 'False'
[0.264s] DEBUG:colcon.colcon_core.verb:Building package 'igus_rebel_description' with the following arguments: {'ament_cmake_args': None, 'build_base': '/home/vasee22/igus-coffee-moveit/build/igus_rebel_description', 'catkin_cmake_args': None, 'catkin_skip_building_tests': False, 'cmake_args': None, 'cmake_clean_cache': False, 'cmake_clean_first': False, 'cmake_force_configure': False, 'cmake_target': None, 'cmake_target_skip_unavailable': False, 'install_base': '/home/vasee22/igus-coffee-moveit/install/igus_rebel_description', 'merge_install': False, 'path': '/home/vasee22/igus-coffee-moveit/src/igus_rebel_ros2/igus_rebel_description', 'symlink_install': False, 'test_result_base': None}
[0.264s] Level 5:colcon.colcon_core.verb:set package 'igus_rebel_msgs' build argument 'cmake_args' from command line to 'None'
[0.264s] Level 5:colcon.colcon_core.verb:set package 'igus_rebel_msgs' build argument 'cmake_target' from command line to 'None'
[0.265s] Level 5:colcon.colcon_core.verb:set package 'igus_rebel_msgs' build argument 'cmake_target_skip_unavailable' from command line to 'False'
[0.265s] Level 5:colcon.colcon_core.verb:set package 'igus_rebel_msgs' build argument 'cmake_clean_cache' from command line to 'False'
[0.265s] Level 5:colcon.colcon_core.verb:set package 'igus_rebel_msgs' build argument 'cmake_clean_first' from command line to 'False'
[0.265s] Level 5:colcon.colcon_core.verb:set package 'igus_rebel_msgs' build argument 'cmake_force_configure' from command line to 'False'
[0.265s] Level 5:colcon.colcon_core.verb:set package 'igus_rebel_msgs' build argument 'ament_cmake_args' from command line to 'None'
[0.265s] Level 5:colcon.colcon_core.verb:set package 'igus_rebel_msgs' build argument 'catkin_cmake_args' from command line to 'None'
[0.265s] Level 5:colcon.colcon_core.verb:set package 'igus_rebel_msgs' build argument 'catkin_skip_building_tests' from command line to 'False'
[0.265s] DEBUG:colcon.colcon_core.verb:Building package 'igus_rebel_msgs' with the following arguments: {'ament_cmake_args': None, 'build_base': '/home/vasee22/igus-coffee-moveit/build/igus_rebel_msgs', 'catkin_cmake_args': None, 'catkin_skip_building_tests': False, 'cmake_args': None, 'cmake_clean_cache': False, 'cmake_clean_first': False, 'cmake_force_configure': False, 'cmake_target': None, 'cmake_target_skip_unavailable': False, 'install_base': '/home/vasee22/igus-coffee-moveit/install/igus_rebel_msgs', 'merge_install': False, 'path': '/home/vasee22/igus-coffee-moveit/src/igus_rebel_ros2/igus_rebel_msgs', 'symlink_install': False, 'test_result_base': None}
[0.265s] Level 5:colcon.colcon_core.verb:set package 'modbus_ros' build argument 'cmake_args' from command line to 'None'
[0.265s] Level 5:colcon.colcon_core.verb:set package 'modbus_ros' build argument 'cmake_target' from command line to 'None'
[0.265s] Level 5:colcon.colcon_core.verb:set package 'modbus_ros' build argument 'cmake_target_skip_unavailable' from command line to 'False'
[0.265s] Level 5:colcon.colcon_core.verb:set package 'modbus_ros' build argument 'cmake_clean_cache' from command line to 'False'
[0.265s] Level 5:colcon.colcon_core.verb:set package 'modbus_ros' build argument 'cmake_clean_first' from command line to 'False'
[0.265s] Level 5:colcon.colcon_core.verb:set package 'modbus_ros' build argument 'cmake_force_configure' from command line to 'False'
[0.265s] Level 5:colcon.colcon_core.verb:set package 'modbus_ros' build argument 'ament_cmake_args' from command line to 'None'
[0.265s] Level 5:colcon.colcon_core.verb:set package 'modbus_ros' build argument 'catkin_cmake_args' from command line to 'None'
[0.265s] Level 5:colcon.colcon_core.verb:set package 'modbus_ros' build argument 'catkin_skip_building_tests' from command line to 'False'
[0.265s] DEBUG:colcon.colcon_core.verb:Building package 'modbus_ros' with the following arguments: {'ament_cmake_args': None, 'build_base': '/home/vasee22/igus-coffee-moveit/build/modbus_ros', 'catkin_cmake_args': None, 'catkin_skip_building_tests': False, 'cmake_args': None, 'cmake_clean_cache': False, 'cmake_clean_first': False, 'cmake_force_configure': False, 'cmake_target': None, 'cmake_target_skip_unavailable': False, 'install_base': '/home/vasee22/igus-coffee-moveit/install/modbus_ros', 'merge_install': False, 'path': '/home/vasee22/igus-coffee-moveit/src/modbus_ros', 'symlink_install': False, 'test_result_base': None}
[0.265s] Level 5:colcon.colcon_core.verb:set package 'igus_rebel' build argument 'cmake_args' from command line to 'None'
[0.265s] Level 5:colcon.colcon_core.verb:set package 'igus_rebel' build argument 'cmake_target' from command line to 'None'
[0.265s] Level 5:colcon.colcon_core.verb:set package 'igus_rebel' build argument 'cmake_target_skip_unavailable' from command line to 'False'
[0.265s] Level 5:colcon.colcon_core.verb:set package 'igus_rebel' build argument 'cmake_clean_cache' from command line to 'False'
[0.265s] Level 5:colcon.colcon_core.verb:set package 'igus_rebel' build argument 'cmake_clean_first' from command line to 'False'
[0.265s] Level 5:colcon.colcon_core.verb:set package 'igus_rebel' build argument 'cmake_force_configure' from command line to 'False'
[0.265s] Level 5:colcon.colcon_core.verb:set package 'igus_rebel' build argument 'ament_cmake_args' from command line to 'None'
[0.265s] Level 5:colcon.colcon_core.verb:set package 'igus_rebel' build argument 'catkin_cmake_args' from command line to 'None'
[0.265s] Level 5:colcon.colcon_core.verb:set package 'igus_rebel' build argument 'catkin_skip_building_tests' from command line to 'False'
[0.265s] DEBUG:colcon.colcon_core.verb:Building package 'igus_rebel' with the following arguments: {'ament_cmake_args': None, 'build_base': '/home/vasee22/igus-coffee-moveit/build/igus_rebel', 'catkin_cmake_args': None, 'catkin_skip_building_tests': False, 'cmake_args': None, 'cmake_clean_cache': False, 'cmake_clean_first': False, 'cmake_force_configure': False, 'cmake_target': None, 'cmake_target_skip_unavailable': False, 'install_base': '/home/vasee22/igus-coffee-moveit/install/igus_rebel', 'merge_install': False, 'path': '/home/vasee22/igus-coffee-moveit/src/igus_rebel_ros2/igus_rebel', 'symlink_install': False, 'test_result_base': None}
[0.265s] Level 5:colcon.colcon_core.verb:set package 'igus_rebel_moveit_config' build argument 'cmake_args' from command line to 'None'
[0.265s] Level 5:colcon.colcon_core.verb:set package 'igus_rebel_moveit_config' build argument 'cmake_target' from command line to 'None'
[0.265s] Level 5:colcon.colcon_core.verb:set package 'igus_rebel_moveit_config' build argument 'cmake_target_skip_unavailable' from command line to 'False'
[0.265s] Level 5:colcon.colcon_core.verb:set package 'igus_rebel_moveit_config' build argument 'cmake_clean_cache' from command line to 'False'
[0.265s] Level 5:colcon.colcon_core.verb:set package 'igus_rebel_moveit_config' build argument 'cmake_clean_first' from command line to 'False'
[0.265s] Level 5:colcon.colcon_core.verb:set package 'igus_rebel_moveit_config' build argument 'cmake_force_configure' from command line to 'False'
[0.266s] Level 5:colcon.colcon_core.verb:set package 'igus_rebel_moveit_config' build argument 'ament_cmake_args' from command line to 'None'
[0.266s] Level 5:colcon.colcon_core.verb:set package 'igus_rebel_moveit_config' build argument 'catkin_cmake_args' from command line to 'None'
[0.266s] Level 5:colcon.colcon_core.verb:set package 'igus_rebel_moveit_config' build argument 'catkin_skip_building_tests' from command line to 'False'
[0.266s] DEBUG:colcon.colcon_core.verb:Building package 'igus_rebel_moveit_config' with the following arguments: {'ament_cmake_args': None, 'build_base': '/home/vasee22/igus-coffee-moveit/build/igus_rebel_moveit_config', 'catkin_cmake_args': None, 'catkin_skip_building_tests': False, 'cmake_args': None, 'cmake_clean_cache': False, 'cmake_clean_first': False, 'cmake_force_configure': False, 'cmake_target': None, 'cmake_target_skip_unavailable': False, 'install_base': '/home/vasee22/igus-coffee-moveit/install/igus_rebel_moveit_config', 'merge_install': False, 'path': '/home/vasee22/igus-coffee-moveit/src/igus_rebel_ros2/igus_rebel_moveit_config', 'symlink_install': False, 'test_result_base': None}
[0.266s] INFO:colcon.colcon_core.executor:Executing jobs using 'parallel' executor
[0.267s] DEBUG:colcon.colcon_parallel_executor.executor.parallel:run_until_complete
[0.267s] INFO:colcon.colcon_ros.task.ament_cmake.build:Building ROS package in '/home/vasee22/igus-coffee-moveit/src/igus_rebel_ros2/igus_rebel_description' with build type 'ament_cmake'
[0.267s] INFO:colcon.colcon_cmake.task.cmake.build:Building CMake package in '/home/vasee22/igus-coffee-moveit/src/igus_rebel_ros2/igus_rebel_description'
[0.269s] INFO:colcon.colcon_core.plugin_system:Skipping extension 'colcon_core.shell.bat': Not used on non-Windows systems
[0.270s] INFO:colcon.colcon_core.shell:Skip shell extension 'powershell' for command environment: Not usable outside of PowerShell
[0.270s] DEBUG:colcon.colcon_core.shell:Skip shell extension 'dsv' for command environment
[0.274s] INFO:colcon.colcon_ros.task.ament_cmake.build:Building ROS package in '/home/vasee22/igus-coffee-moveit/src/igus_rebel_ros2/igus_rebel_msgs' with build type 'ament_cmake'
[0.274s] INFO:colcon.colcon_cmake.task.cmake.build:Building CMake package in '/home/vasee22/igus-coffee-moveit/src/igus_rebel_ros2/igus_rebel_msgs'
[0.275s] INFO:colcon.colcon_core.shell:Skip shell extension 'powershell' for command environment: Not usable outside of PowerShell
[0.275s] DEBUG:colcon.colcon_core.shell:Skip shell extension 'dsv' for command environment
[0.279s] INFO:colcon.colcon_ros.task.ament_python.build:Building ROS package in '/home/vasee22/igus-coffee-moveit/src/modbus_ros' with build type 'ament_python'
[0.279s] Level 1:colcon.colcon_core.shell:create_environment_hook('modbus_ros', 'ament_prefix_path')
[0.279s] INFO:colcon.colcon_core.shell:Creating environment hook '/home/vasee22/igus-coffee-moveit/install/modbus_ros/share/modbus_ros/hook/ament_prefix_path.ps1'
[0.280s] INFO:colcon.colcon_core.shell:Creating environment descriptor '/home/vasee22/igus-coffee-moveit/install/modbus_ros/share/modbus_ros/hook/ament_prefix_path.dsv'
[0.280s] INFO:colcon.colcon_core.shell:Creating environment hook '/home/vasee22/igus-coffee-moveit/install/modbus_ros/share/modbus_ros/hook/ament_prefix_path.sh'
[0.280s] INFO:colcon.colcon_core.shell:Skip shell extension 'powershell' for command environment: Not usable outside of PowerShell
[0.280s] DEBUG:colcon.colcon_core.shell:Skip shell extension 'dsv' for command environment
[0.288s] DEBUG:colcon.colcon_core.event_handler.log_command:Invoking command in '/home/vasee22/igus-coffee-moveit/build/igus_rebel_description': CMAKE_PREFIX_PATH=${CMAKE_PREFIX_PATH}:/home/vasee22/igus-coffee-moveit/install/modbus_ros:/home/vasee22/COAR-ROS2-Workspace-mai/install/modbus_ros:/opt/ros/jazzy DEBUGINFOD_URLS=https://debuginfod.ubuntu.com /usr/bin/cmake --build /home/vasee22/igus-coffee-moveit/build/igus_rebel_description -- -j24 -l24
[0.291s] DEBUG:colcon.colcon_core.event_handler.log_command:Invoking command in '/home/vasee22/igus-coffee-moveit/build/igus_rebel_msgs': CMAKE_PREFIX_PATH=${CMAKE_PREFIX_PATH}:/home/vasee22/igus-coffee-moveit/install/modbus_ros:/home/vasee22/COAR-ROS2-Workspace-mai/install/modbus_ros:/opt/ros/jazzy DEBUGINFOD_URLS=https://debuginfod.ubuntu.com /usr/bin/cmake --build /home/vasee22/igus-coffee-moveit/build/igus_rebel_msgs -- -j24 -l24
[0.565s] INFO:colcon.colcon_core.task.python.build:Building Python package in '/home/vasee22/igus-coffee-moveit/src/modbus_ros'
[0.566s] INFO:colcon.colcon_core.shell:Skip shell extension 'powershell' for command environment: Not usable outside of PowerShell
[0.566s] DEBUG:colcon.colcon_core.shell:Skip shell extension 'dsv' for command environment
[0.574s] DEBUG:colcon.colcon_core.event_handler.log_command:Invoked command in '/home/vasee22/igus-coffee-moveit/build/igus_rebel_description' returned '0': CMAKE_PREFIX_PATH=${CMAKE_PREFIX_PATH}:/home/vasee22/igus-coffee-moveit/install/modbus_ros:/home/vasee22/COAR-ROS2-Workspace-mai/install/modbus_ros:/opt/ros/jazzy DEBUGINFOD_URLS=https://debuginfod.ubuntu.com /usr/bin/cmake --build /home/vasee22/igus-coffee-moveit/build/igus_rebel_description -- -j24 -l24
[0.589s] DEBUG:colcon.colcon_core.event_handler.log_command:Invoking command in '/home/vasee22/igus-coffee-moveit/build/igus_rebel_description': CMAKE_PREFIX_PATH=${CMAKE_PREFIX_PATH}:/home/vasee22/igus-coffee-moveit/install/modbus_ros:/home/vasee22/COAR-ROS2-Workspace-mai/install/modbus_ros:/opt/ros/jazzy DEBUGINFOD_URLS=https://debuginfod.ubuntu.com /usr/bin/cmake --install /home/vasee22/igus-coffee-moveit/build/igus_rebel_description
[0.609s] Level 1:colcon.colcon_core.environment:create_environment_scripts_only(igus_rebel_description)
[0.609s] DEBUG:colcon.colcon_core.event_handler.log_command:Invoked command in '/home/vasee22/igus-coffee-moveit/build/igus_rebel_description' returned '0': CMAKE_PREFIX_PATH=${CMAKE_PREFIX_PATH}:/home/vasee22/igus-coffee-moveit/install/modbus_ros:/home/vasee22/COAR-ROS2-Workspace-mai/install/modbus_ros:/opt/ros/jazzy DEBUGINFOD_URLS=https://debuginfod.ubuntu.com /usr/bin/cmake --install /home/vasee22/igus-coffee-moveit/build/igus_rebel_description
[0.612s] Level 1:colcon.colcon_core.environment:checking '/home/vasee22/igus-coffee-moveit/install/igus_rebel_description' for CMake module files
[0.613s] Level 1:colcon.colcon_core.environment:checking '/home/vasee22/igus-coffee-moveit/install/igus_rebel_description' for CMake config files
[0.613s] Level 1:colcon.colcon_core.shell:create_environment_hook('igus_rebel_description', 'cmake_prefix_path')
[0.613s] INFO:colcon.colcon_core.shell:Creating environment hook '/home/vasee22/igus-coffee-moveit/install/igus_rebel_description/share/igus_rebel_description/hook/cmake_prefix_path.ps1'
[0.614s] INFO:colcon.colcon_core.shell:Creating environment descriptor '/home/vasee22/igus-coffee-moveit/install/igus_rebel_description/share/igus_rebel_description/hook/cmake_prefix_path.dsv'
[0.614s] INFO:colcon.colcon_core.shell:Creating environment hook '/home/vasee22/igus-coffee-moveit/install/igus_rebel_description/share/igus_rebel_description/hook/cmake_prefix_path.sh'
[0.615s] Level 1:colcon.colcon_core.environment:checking '/home/vasee22/igus-coffee-moveit/install/igus_rebel_description/bin'
[0.615s] Level 1:colcon.colcon_core.environment:checking '/home/vasee22/igus-coffee-moveit/install/igus_rebel_description/lib/pkgconfig/igus_rebel_description.pc'
[0.616s] Level 1:colcon.colcon_core.environment:checking '/home/vasee22/igus-coffee-moveit/install/igus_rebel_description/lib/python3.12/site-packages'
[0.616s] Level 1:colcon.colcon_core.environment:checking '/home/vasee22/igus-coffee-moveit/install/igus_rebel_description/bin'
[0.616s] INFO:colcon.colcon_core.shell:Creating package script '/home/vasee22/igus-coffee-moveit/install/igus_rebel_description/share/igus_rebel_description/package.ps1'
[0.617s] INFO:colcon.colcon_core.shell:Creating package descriptor '/home/vasee22/igus-coffee-moveit/install/igus_rebel_description/share/igus_rebel_description/package.dsv'
[0.618s] INFO:colcon.colcon_core.shell:Creating package script '/home/vasee22/igus-coffee-moveit/install/igus_rebel_description/share/igus_rebel_description/package.sh'
[0.618s] INFO:colcon.colcon_core.shell:Creating package script '/home/vasee22/igus-coffee-moveit/install/igus_rebel_description/share/igus_rebel_description/package.bash'
[0.619s] INFO:colcon.colcon_core.shell:Creating package script '/home/vasee22/igus-coffee-moveit/install/igus_rebel_description/share/igus_rebel_description/package.zsh'
[0.620s] Level 1:colcon.colcon_core.environment:create_file_with_runtime_dependencies(/home/vasee22/igus-coffee-moveit/install/igus_rebel_description/share/colcon-core/packages/igus_rebel_description)
[0.620s] Level 1:colcon.colcon_core.environment:create_environment_scripts_only(igus_rebel_description)
[0.620s] Level 1:colcon.colcon_core.environment:checking '/home/vasee22/igus-coffee-moveit/install/igus_rebel_description' for CMake module files
[0.621s] Level 1:colcon.colcon_core.environment:checking '/home/vasee22/igus-coffee-moveit/install/igus_rebel_description' for CMake config files
[0.621s] Level 1:colcon.colcon_core.shell:create_environment_hook('igus_rebel_description', 'cmake_prefix_path')
[0.621s] INFO:colcon.colcon_core.shell:Creating environment hook '/home/vasee22/igus-coffee-moveit/install/igus_rebel_description/share/igus_rebel_description/hook/cmake_prefix_path.ps1'
[0.622s] INFO:colcon.colcon_core.shell:Creating environment descriptor '/home/vasee22/igus-coffee-moveit/install/igus_rebel_description/share/igus_rebel_description/hook/cmake_prefix_path.dsv'
[0.622s] INFO:colcon.colcon_core.shell:Creating environment hook '/home/vasee22/igus-coffee-moveit/install/igus_rebel_description/share/igus_rebel_description/hook/cmake_prefix_path.sh'
[0.623s] Level 1:colcon.colcon_core.environment:checking '/home/vasee22/igus-coffee-moveit/install/igus_rebel_description/bin'
[0.623s] Level 1:colcon.colcon_core.environment:checking '/home/vasee22/igus-coffee-moveit/install/igus_rebel_description/lib/pkgconfig/igus_rebel_description.pc'
[0.623s] Level 1:colcon.colcon_core.environment:checking '/home/vasee22/igus-coffee-moveit/install/igus_rebel_description/lib/python3.12/site-packages'
[0.624s] Level 1:colcon.colcon_core.environment:checking '/home/vasee22/igus-coffee-moveit/install/igus_rebel_description/bin'
[0.624s] INFO:colcon.colcon_core.shell:Creating package script '/home/vasee22/igus-coffee-moveit/install/igus_rebel_description/share/igus_rebel_description/package.ps1'
[0.625s] INFO:colcon.colcon_core.shell:Creating package descriptor '/home/vasee22/igus-coffee-moveit/install/igus_rebel_description/share/igus_rebel_description/package.dsv'
[0.625s] INFO:colcon.colcon_core.shell:Creating package script '/home/vasee22/igus-coffee-moveit/install/igus_rebel_description/share/igus_rebel_description/package.sh'
[0.625s] INFO:colcon.colcon_core.shell:Creating package script '/home/vasee22/igus-coffee-moveit/install/igus_rebel_description/share/igus_rebel_description/package.bash'
[0.626s] INFO:colcon.colcon_core.shell:Creating package script '/home/vasee22/igus-coffee-moveit/install/igus_rebel_description/share/igus_rebel_description/package.zsh'
[0.626s] Level 1:colcon.colcon_core.environment:create_file_with_runtime_dependencies(/home/vasee22/igus-coffee-moveit/install/igus_rebel_description/share/colcon-core/packages/igus_rebel_description)
[0.627s] INFO:colcon.colcon_ros.task.ament_cmake.build:Building ROS package in '/home/vasee22/igus-coffee-moveit/src/igus_rebel_ros2/igus_rebel_moveit_config' with build type 'ament_cmake'
[0.627s] INFO:colcon.colcon_cmake.task.cmake.build:Building CMake package in '/home/vasee22/igus-coffee-moveit/src/igus_rebel_ros2/igus_rebel_moveit_config'
[0.627s] INFO:colcon.colcon_core.shell:Skip shell extension 'powershell' for command environment: Not usable outside of PowerShell
[0.627s] DEBUG:colcon.colcon_core.shell:Skip shell extension 'dsv' for command environment
[0.642s] DEBUG:colcon.colcon_core.event_handler.log_command:Invoking command in '/home/vasee22/igus-coffee-moveit/build/igus_rebel_moveit_config': CMAKE_PREFIX_PATH=/home/vasee22/igus-coffee-moveit/install/igus_rebel_description:/home/vasee22/igus-coffee-moveit/install/igus_rebel:/home/vasee22/igus-coffee-moveit/install/igus_rebel_msgs:/home/vasee22/igus-coffee-moveit/install/igus_rebel_moveit_config:/home/vasee22/COAR-ROS2-Workspace-mai/install/moveit_task_constructor_demo:/home/vasee22/COAR-ROS2-Workspace-mai/install/moveit_task_constructor_visualization:/home/vasee22/COAR-ROS2-Workspace-mai/install/moveit_task_constructor_capabilities:/home/vasee22/COAR-ROS2-Workspace-mai/install/igus_rebel:/home/vasee22/COAR-ROS2-Workspace-mai/install/moveit_task_constructor_core:/home/vasee22/COAR-ROS2-Workspace-mai/install/rviz_marker_tools:/home/vasee22/COAR-ROS2-Workspace-mai/install/moveit_task_constructor_msgs:/home/vasee22/COAR-ROS2-Workspace-mai/install/igus_rebel_msgs:/home/vasee22/COAR-ROS2-Workspace-mai/install/igus_rebel_moveit_config:/home/vasee22/COAR-ROS2-Workspace-mai/install/igus_rebel_description:/opt/ros/jazzy/opt/gz_sim_vendor:/opt/ros/jazzy/opt/gz_sensors_vendor:/opt/ros/jazzy/opt/gz_physics_vendor:/opt/ros/jazzy/opt/sdformat_vendor:/opt/ros/jazzy/opt/gz_gui_vendor:/opt/ros/jazzy/opt/gz_transport_vendor:/opt/ros/jazzy/opt/gz_rendering_vendor:/opt/ros/jazzy/opt/gz_plugin_vendor:/opt/ros/jazzy/opt/gz_fuel_tools_vendor:/opt/ros/jazzy/opt/gz_msgs_vendor:/opt/ros/jazzy/opt/gz_common_vendor:/opt/ros/jazzy/opt/gz_math_vendor:/opt/ros/jazzy/opt/gz_utils_vendor:/opt/ros/jazzy/opt/gz_tools_vendor:/opt/ros/jazzy/opt/gz_ogre_next_vendor:/opt/ros/jazzy/opt/gz_dartsim_vendor:/opt/ros/jazzy/opt/gz_cmake_vendor:/home/vasee22/igus-coffee-moveit/install/modbus_ros:/home/vasee22/COAR-ROS2-Workspace-mai/install/modbus_ros:/opt/ros/jazzy DEBUGINFOD_URLS=https://debuginfod.ubuntu.com /usr/bin/cmake --build /home/vasee22/igus-coffee-moveit/build/igus_rebel_moveit_config -- -j24 -l24
[0.708s] DEBUG:colcon.colcon_core.event_handler.log_command:Invoked command in '/home/vasee22/igus-coffee-moveit/build/igus_rebel_moveit_config' returned '0': CMAKE_PREFIX_PATH=/home/vasee22/igus-coffee-moveit/install/igus_rebel_description:/home/vasee22/igus-coffee-moveit/install/igus_rebel:/home/vasee22/igus-coffee-moveit/install/igus_rebel_msgs:/home/vasee22/igus-coffee-moveit/install/igus_rebel_moveit_config:/home/vasee22/COAR-ROS2-Workspace-mai/install/moveit_task_constructor_demo:/home/vasee22/COAR-ROS2-Workspace-mai/install/moveit_task_constructor_visualization:/home/vasee22/COAR-ROS2-Workspace-mai/install/moveit_task_constructor_capabilities:/home/vasee22/COAR-ROS2-Workspace-mai/install/igus_rebel:/home/vasee22/COAR-ROS2-Workspace-mai/install/moveit_task_constructor_core:/home/vasee22/COAR-ROS2-Workspace-mai/install/rviz_marker_tools:/home/vasee22/COAR-ROS2-Workspace-mai/install/moveit_task_constructor_msgs:/home/vasee22/COAR-ROS2-Workspace-mai/install/igus_rebel_msgs:/home/vasee22/COAR-ROS2-Workspace-mai/install/igus_rebel_moveit_config:/home/vasee22/COAR-ROS2-Workspace-mai/install/igus_rebel_description:/opt/ros/jazzy/opt/gz_sim_vendor:/opt/ros/jazzy/opt/gz_sensors_vendor:/opt/ros/jazzy/opt/gz_physics_vendor:/opt/ros/jazzy/opt/sdformat_vendor:/opt/ros/jazzy/opt/gz_gui_vendor:/opt/ros/jazzy/opt/gz_transport_vendor:/opt/ros/jazzy/opt/gz_rendering_vendor:/opt/ros/jazzy/opt/gz_plugin_vendor:/opt/ros/jazzy/opt/gz_fuel_tools_vendor:/opt/ros/jazzy/opt/gz_msgs_vendor:/opt/ros/jazzy/opt/gz_common_vendor:/opt/ros/jazzy/opt/gz_math_vendor:/opt/ros/jazzy/opt/gz_utils_vendor:/opt/ros/jazzy/opt/gz_tools_vendor:/opt/ros/jazzy/opt/gz_ogre_next_vendor:/opt/ros/jazzy/opt/gz_dartsim_vendor:/opt/ros/jazzy/opt/gz_cmake_vendor:/home/vasee22/igus-coffee-moveit/install/modbus_ros:/home/vasee22/COAR-ROS2-Workspace-mai/install/modbus_ros:/opt/ros/jazzy DEBUGINFOD_URLS=https://debuginfod.ubuntu.com /usr/bin/cmake --build /home/vasee22/igus-coffee-moveit/build/igus_rebel_moveit_config -- -j24 -l24
[0.708s] DEBUG:colcon.colcon_core.event_handler.log_command:Invoking command in '/home/vasee22/igus-coffee-moveit/build/igus_rebel_moveit_config': CMAKE_PREFIX_PATH=/home/vasee22/igus-coffee-moveit/install/igus_rebel_description:/home/vasee22/igus-coffee-moveit/install/igus_rebel:/home/vasee22/igus-coffee-moveit/install/igus_rebel_msgs:/home/vasee22/igus-coffee-moveit/install/igus_rebel_moveit_config:/home/vasee22/COAR-ROS2-Workspace-mai/install/moveit_task_constructor_demo:/home/vasee22/COAR-ROS2-Workspace-mai/install/moveit_task_constructor_visualization:/home/vasee22/COAR-ROS2-Workspace-mai/install/moveit_task_constructor_capabilities:/home/vasee22/COAR-ROS2-Workspace-mai/install/igus_rebel:/home/vasee22/COAR-ROS2-Workspace-mai/install/moveit_task_constructor_core:/home/vasee22/COAR-ROS2-Workspace-mai/install/rviz_marker_tools:/home/vasee22/COAR-ROS2-Workspace-mai/install/moveit_task_constructor_msgs:/home/vasee22/COAR-ROS2-Workspace-mai/install/igus_rebel_msgs:/home/vasee22/COAR-ROS2-Workspace-mai/install/igus_rebel_moveit_config:/home/vasee22/COAR-ROS2-Workspace-mai/install/igus_rebel_description:/opt/ros/jazzy/opt/gz_sim_vendor:/opt/ros/jazzy/opt/gz_sensors_vendor:/opt/ros/jazzy/opt/gz_physics_vendor:/opt/ros/jazzy/opt/sdformat_vendor:/opt/ros/jazzy/opt/gz_gui_vendor:/opt/ros/jazzy/opt/gz_transport_vendor:/opt/ros/jazzy/opt/gz_rendering_vendor:/opt/ros/jazzy/opt/gz_plugin_vendor:/opt/ros/jazzy/opt/gz_fuel_tools_vendor:/opt/ros/jazzy/opt/gz_msgs_vendor:/opt/ros/jazzy/opt/gz_common_vendor:/opt/ros/jazzy/opt/gz_math_vendor:/opt/ros/jazzy/opt/gz_utils_vendor:/opt/ros/jazzy/opt/gz_tools_vendor:/opt/ros/jazzy/opt/gz_ogre_next_vendor:/opt/ros/jazzy/opt/gz_dartsim_vendor:/opt/ros/jazzy/opt/gz_cmake_vendor:/home/vasee22/igus-coffee-moveit/install/modbus_ros:/home/vasee22/COAR-ROS2-Workspace-mai/install/modbus_ros:/opt/ros/jazzy DEBUGINFOD_URLS=https://debuginfod.ubuntu.com /usr/bin/cmake --install /home/vasee22/igus-coffee-moveit/build/igus_rebel_moveit_config
[0.725s] Level 1:colcon.colcon_core.environment:create_environment_scripts_only(igus_rebel_moveit_config)
[0.725s] Level 1:colcon.colcon_core.environment:checking '/home/vasee22/igus-coffee-moveit/install/igus_rebel_moveit_config' for CMake module files
[0.727s] DEBUG:colcon.colcon_core.event_handler.log_command:Invoked command in '/home/vasee22/igus-coffee-moveit/build/igus_rebel_moveit_config' returned '0': CMAKE_PREFIX_PATH=/home/vasee22/igus-coffee-moveit/install/igus_rebel_description:/home/vasee22/igus-coffee-moveit/install/igus_rebel:/home/vasee22/igus-coffee-moveit/install/igus_rebel_msgs:/home/vasee22/igus-coffee-moveit/install/igus_rebel_moveit_config:/home/vasee22/COAR-ROS2-Workspace-mai/install/moveit_task_constructor_demo:/home/vasee22/COAR-ROS2-Workspace-mai/install/moveit_task_constructor_visualization:/home/vasee22/COAR-ROS2-Workspace-mai/install/moveit_task_constructor_capabilities:/home/vasee22/COAR-ROS2-Workspace-mai/install/igus_rebel:/home/vasee22/COAR-ROS2-Workspace-mai/install/moveit_task_constructor_core:/home/vasee22/COAR-ROS2-Workspace-mai/install/rviz_marker_tools:/home/vasee22/COAR-ROS2-Workspace-mai/install/moveit_task_constructor_msgs:/home/vasee22/COAR-ROS2-Workspace-mai/install/igus_rebel_msgs:/home/vasee22/COAR-ROS2-Workspace-mai/install/igus_rebel_moveit_config:/home/vasee22/COAR-ROS2-Workspace-mai/install/igus_rebel_description:/opt/ros/jazzy/opt/gz_sim_vendor:/opt/ros/jazzy/opt/gz_sensors_vendor:/opt/ros/jazzy/opt/gz_physics_vendor:/opt/ros/jazzy/opt/sdformat_vendor:/opt/ros/jazzy/opt/gz_gui_vendor:/opt/ros/jazzy/opt/gz_transport_vendor:/opt/ros/jazzy/opt/gz_rendering_vendor:/opt/ros/jazzy/opt/gz_plugin_vendor:/opt/ros/jazzy/opt/gz_fuel_tools_vendor:/opt/ros/jazzy/opt/gz_msgs_vendor:/opt/ros/jazzy/opt/gz_common_vendor:/opt/ros/jazzy/opt/gz_math_vendor:/opt/ros/jazzy/opt/gz_utils_vendor:/opt/ros/jazzy/opt/gz_tools_vendor:/opt/ros/jazzy/opt/gz_ogre_next_vendor:/opt/ros/jazzy/opt/gz_dartsim_vendor:/opt/ros/jazzy/opt/gz_cmake_vendor:/home/vasee22/igus-coffee-moveit/install/modbus_ros:/home/vasee22/COAR-ROS2-Workspace-mai/install/modbus_ros:/opt/ros/jazzy DEBUGINFOD_URLS=https://debuginfod.ubuntu.com /usr/bin/cmake --install /home/vasee22/igus-coffee-moveit/build/igus_rebel_moveit_config
[0.727s] Level 1:colcon.colcon_core.environment:checking '/home/vasee22/igus-coffee-moveit/install/igus_rebel_moveit_config' for CMake config files
[0.728s] Level 1:colcon.colcon_core.shell:create_environment_hook('igus_rebel_moveit_config', 'cmake_prefix_path')
[0.728s] INFO:colcon.colcon_core.shell:Creating environment hook '/home/vasee22/igus-coffee-moveit/install/igus_rebel_moveit_config/share/igus_rebel_moveit_config/hook/cmake_prefix_path.ps1'
[0.729s] INFO:colcon.colcon_core.shell:Creating environment descriptor '/home/vasee22/igus-coffee-moveit/install/igus_rebel_moveit_config/share/igus_rebel_moveit_config/hook/cmake_prefix_path.dsv'
[0.729s] INFO:colcon.colcon_core.shell:Creating environment hook '/home/vasee22/igus-coffee-moveit/install/igus_rebel_moveit_config/share/igus_rebel_moveit_config/hook/cmake_prefix_path.sh'
[0.730s] Level 1:colcon.colcon_core.environment:checking '/home/vasee22/igus-coffee-moveit/install/igus_rebel_moveit_config/bin'
[0.730s] Level 1:colcon.colcon_core.environment:checking '/home/vasee22/igus-coffee-moveit/install/igus_rebel_moveit_config/lib/pkgconfig/igus_rebel_moveit_config.pc'
[0.730s] Level 1:colcon.colcon_core.environment:checking '/home/vasee22/igus-coffee-moveit/install/igus_rebel_moveit_config/lib/python3.12/site-packages'
[0.731s] Level 1:colcon.colcon_core.environment:checking '/home/vasee22/igus-coffee-moveit/install/igus_rebel_moveit_config/bin'
[0.731s] INFO:colcon.colcon_core.shell:Creating package script '/home/vasee22/igus-coffee-moveit/install/igus_rebel_moveit_config/share/igus_rebel_moveit_config/package.ps1'
[0.732s] INFO:colcon.colcon_core.shell:Creating package descriptor '/home/vasee22/igus-coffee-moveit/install/igus_rebel_moveit_config/share/igus_rebel_moveit_config/package.dsv'
[0.732s] INFO:colcon.colcon_core.shell:Creating package script '/home/vasee22/igus-coffee-moveit/install/igus_rebel_moveit_config/share/igus_rebel_moveit_config/package.sh'
[0.733s] INFO:colcon.colcon_core.shell:Creating package script '/home/vasee22/igus-coffee-moveit/install/igus_rebel_moveit_config/share/igus_rebel_moveit_config/package.bash'
[0.733s] INFO:colcon.colcon_core.shell:Creating package script '/home/vasee22/igus-coffee-moveit/install/igus_rebel_moveit_config/share/igus_rebel_moveit_config/package.zsh'
[0.734s] Level 1:colcon.colcon_core.environment:create_file_with_runtime_dependencies(/home/vasee22/igus-coffee-moveit/install/igus_rebel_moveit_config/share/colcon-core/packages/igus_rebel_moveit_config)
[0.734s] Level 1:colcon.colcon_core.environment:create_environment_scripts_only(igus_rebel_moveit_config)
[0.734s] Level 1:colcon.colcon_core.environment:checking '/home/vasee22/igus-coffee-moveit/install/igus_rebel_moveit_config' for CMake module files
[0.735s] Level 1:colcon.colcon_core.environment:checking '/home/vasee22/igus-coffee-moveit/install/igus_rebel_moveit_config' for CMake config files
[0.735s] Level 1:colcon.colcon_core.shell:create_environment_hook('igus_rebel_moveit_config', 'cmake_prefix_path')
[0.735s] INFO:colcon.colcon_core.shell:Creating environment hook '/home/vasee22/igus-coffee-moveit/install/igus_rebel_moveit_config/share/igus_rebel_moveit_config/hook/cmake_prefix_path.ps1'
[0.736s] INFO:colcon.colcon_core.shell:Creating environment descriptor '/home/vasee22/igus-coffee-moveit/install/igus_rebel_moveit_config/share/igus_rebel_moveit_config/hook/cmake_prefix_path.dsv'
[0.736s] INFO:colcon.colcon_core.shell:Creating environment hook '/home/vasee22/igus-coffee-moveit/install/igus_rebel_moveit_config/share/igus_rebel_moveit_config/hook/cmake_prefix_path.sh'
[0.737s] Level 1:colcon.colcon_core.environment:checking '/home/vasee22/igus-coffee-moveit/install/igus_rebel_moveit_config/bin'
[0.737s] Level 1:colcon.colcon_core.environment:checking '/home/vasee22/igus-coffee-moveit/install/igus_rebel_moveit_config/lib/pkgconfig/igus_rebel_moveit_config.pc'
[0.737s] Level 1:colcon.colcon_core.environment:checking '/home/vasee22/igus-coffee-moveit/install/igus_rebel_moveit_config/lib/python3.12/site-packages'
[0.738s] Level 1:colcon.colcon_core.environment:checking '/home/vasee22/igus-coffee-moveit/install/igus_rebel_moveit_config/bin'
[0.738s] INFO:colcon.colcon_core.shell:Creating package script '/home/vasee22/igus-coffee-moveit/install/igus_rebel_moveit_config/share/igus_rebel_moveit_config/package.ps1'
[0.739s] INFO:colcon.colcon_core.shell:Creating package descriptor '/home/vasee22/igus-coffee-moveit/install/igus_rebel_moveit_config/share/igus_rebel_moveit_config/package.dsv'
[0.739s] INFO:colcon.colcon_core.shell:Creating package script '/home/vasee22/igus-coffee-moveit/install/igus_rebel_moveit_config/share/igus_rebel_moveit_config/package.sh'
[0.740s] INFO:colcon.colcon_core.shell:Creating package script '/home/vasee22/igus-coffee-moveit/install/igus_rebel_moveit_config/share/igus_rebel_moveit_config/package.bash'
[0.740s] INFO:colcon.colcon_core.shell:Creating package script '/home/vasee22/igus-coffee-moveit/install/igus_rebel_moveit_config/share/igus_rebel_moveit_config/package.zsh'
[0.741s] Level 1:colcon.colcon_core.environment:create_file_with_runtime_dependencies(/home/vasee22/igus-coffee-moveit/install/igus_rebel_moveit_config/share/colcon-core/packages/igus_rebel_moveit_config)
[0.784s] DEBUG:colcon.colcon_core.event_handler.log_command:Invoked command in '/home/vasee22/igus-coffee-moveit/build/igus_rebel_msgs' returned '0': CMAKE_PREFIX_PATH=${CMAKE_PREFIX_PATH}:/home/vasee22/igus-coffee-moveit/install/modbus_ros:/home/vasee22/COAR-ROS2-Workspace-mai/install/modbus_ros:/opt/ros/jazzy DEBUGINFOD_URLS=https://debuginfod.ubuntu.com /usr/bin/cmake --build /home/vasee22/igus-coffee-moveit/build/igus_rebel_msgs -- -j24 -l24
[0.785s] DEBUG:colcon.colcon_core.event_handler.log_command:Invoking command in '/home/vasee22/igus-coffee-moveit/build/igus_rebel_msgs': CMAKE_PREFIX_PATH=${CMAKE_PREFIX_PATH}:/home/vasee22/igus-coffee-moveit/install/modbus_ros:/home/vasee22/COAR-ROS2-Workspace-mai/install/modbus_ros:/opt/ros/jazzy DEBUGINFOD_URLS=https://debuginfod.ubuntu.com /usr/bin/cmake --install /home/vasee22/igus-coffee-moveit/build/igus_rebel_msgs
[0.872s] Level 1:colcon.colcon_core.environment:create_environment_scripts_only(igus_rebel_msgs)
[0.872s] Level 1:colcon.colcon_core.environment:checking '/home/vasee22/igus-coffee-moveit/install/igus_rebel_msgs' for CMake module files
[0.872s] DEBUG:colcon.colcon_core.event_handler.log_command:Invoked command in '/home/vasee22/igus-coffee-moveit/build/igus_rebel_msgs' returned '0': CMAKE_PREFIX_PATH=${CMAKE_PREFIX_PATH}:/home/vasee22/igus-coffee-moveit/install/modbus_ros:/home/vasee22/COAR-ROS2-Workspace-mai/install/modbus_ros:/opt/ros/jazzy DEBUGINFOD_URLS=https://debuginfod.ubuntu.com /usr/bin/cmake --install /home/vasee22/igus-coffee-moveit/build/igus_rebel_msgs
[0.873s] Level 1:colcon.colcon_core.environment:checking '/home/vasee22/igus-coffee-moveit/install/igus_rebel_msgs' for CMake config files
[0.874s] Level 1:colcon.colcon_core.shell:create_environment_hook('igus_rebel_msgs', 'cmake_prefix_path')
[0.874s] INFO:colcon.colcon_core.shell:Creating environment hook '/home/vasee22/igus-coffee-moveit/install/igus_rebel_msgs/share/igus_rebel_msgs/hook/cmake_prefix_path.ps1'
[0.875s] INFO:colcon.colcon_core.shell:Creating environment descriptor '/home/vasee22/igus-coffee-moveit/install/igus_rebel_msgs/share/igus_rebel_msgs/hook/cmake_prefix_path.dsv'
[0.875s] INFO:colcon.colcon_core.shell:Creating environment hook '/home/vasee22/igus-coffee-moveit/install/igus_rebel_msgs/share/igus_rebel_msgs/hook/cmake_prefix_path.sh'
[0.876s] Level 1:colcon.colcon_core.environment:checking '/home/vasee22/igus-coffee-moveit/install/igus_rebel_msgs/lib'
[0.876s] Level 1:colcon.colcon_core.shell:create_environment_hook('igus_rebel_msgs', 'ld_library_path_lib')
[0.876s] INFO:colcon.colcon_core.shell:Creating environment hook '/home/vasee22/igus-coffee-moveit/install/igus_rebel_msgs/share/igus_rebel_msgs/hook/ld_library_path_lib.ps1'
[0.877s] INFO:colcon.colcon_core.shell:Creating environment descriptor '/home/vasee22/igus-coffee-moveit/install/igus_rebel_msgs/share/igus_rebel_msgs/hook/ld_library_path_lib.dsv'
[0.877s] INFO:colcon.colcon_core.shell:Creating environment hook '/home/vasee22/igus-coffee-moveit/install/igus_rebel_msgs/share/igus_rebel_msgs/hook/ld_library_path_lib.sh'
[0.878s] Level 1:colcon.colcon_core.environment:checking '/home/vasee22/igus-coffee-moveit/install/igus_rebel_msgs/bin'
[0.878s] Level 1:colcon.colcon_core.environment:checking '/home/vasee22/igus-coffee-moveit/install/igus_rebel_msgs/lib/pkgconfig/igus_rebel_msgs.pc'
[0.878s] Level 1:colcon.colcon_core.environment:checking '/home/vasee22/igus-coffee-moveit/install/igus_rebel_msgs/lib/python3.12/site-packages'
[0.878s] Level 1:colcon.colcon_core.shell:create_environment_hook('igus_rebel_msgs', 'pythonpath')
[0.878s] INFO:colcon.colcon_core.shell:Creating environment hook '/home/vasee22/igus-coffee-moveit/install/igus_rebel_msgs/share/igus_rebel_msgs/hook/pythonpath.ps1'
[0.879s] INFO:colcon.colcon_core.shell:Creating environment descriptor '/home/vasee22/igus-coffee-moveit/install/igus_rebel_msgs/share/igus_rebel_msgs/hook/pythonpath.dsv'
[0.879s] INFO:colcon.colcon_core.shell:Creating environment hook '/home/vasee22/igus-coffee-moveit/install/igus_rebel_msgs/share/igus_rebel_msgs/hook/pythonpath.sh'
[0.880s] Level 1:colcon.colcon_core.environment:checking '/home/vasee22/igus-coffee-moveit/install/igus_rebel_msgs/bin'
[0.880s] INFO:colcon.colcon_core.shell:Creating package script '/home/vasee22/igus-coffee-moveit/install/igus_rebel_msgs/share/igus_rebel_msgs/package.ps1'
[0.881s] INFO:colcon.colcon_core.shell:Creating package descriptor '/home/vasee22/igus-coffee-moveit/install/igus_rebel_msgs/share/igus_rebel_msgs/package.dsv'
[0.882s] INFO:colcon.colcon_core.shell:Creating package script '/home/vasee22/igus-coffee-moveit/install/igus_rebel_msgs/share/igus_rebel_msgs/package.sh'
[0.882s] INFO:colcon.colcon_core.shell:Creating package script '/home/vasee22/igus-coffee-moveit/install/igus_rebel_msgs/share/igus_rebel_msgs/package.bash'
[0.882s] INFO:colcon.colcon_core.shell:Creating package script '/home/vasee22/igus-coffee-moveit/install/igus_rebel_msgs/share/igus_rebel_msgs/package.zsh'
[0.883s] Level 1:colcon.colcon_core.environment:create_file_with_runtime_dependencies(/home/vasee22/igus-coffee-moveit/install/igus_rebel_msgs/share/colcon-core/packages/igus_rebel_msgs)
[0.883s] Level 1:colcon.colcon_core.environment:create_environment_scripts_only(igus_rebel_msgs)
[0.884s] Level 1:colcon.colcon_core.environment:checking '/home/vasee22/igus-coffee-moveit/install/igus_rebel_msgs' for CMake module files
[0.884s] Level 1:colcon.colcon_core.environment:checking '/home/vasee22/igus-coffee-moveit/install/igus_rebel_msgs' for CMake config files
[0.885s] Level 1:colcon.colcon_core.shell:create_environment_hook('igus_rebel_msgs', 'cmake_prefix_path')
[0.885s] INFO:colcon.colcon_core.shell:Creating environment hook '/home/vasee22/igus-coffee-moveit/install/igus_rebel_msgs/share/igus_rebel_msgs/hook/cmake_prefix_path.ps1'
[0.886s] INFO:colcon.colcon_core.shell:Creating environment descriptor '/home/vasee22/igus-coffee-moveit/install/igus_rebel_msgs/share/igus_rebel_msgs/hook/cmake_prefix_path.dsv'
[0.886s] INFO:colcon.colcon_core.shell:Creating environment hook '/home/vasee22/igus-coffee-moveit/install/igus_rebel_msgs/share/igus_rebel_msgs/hook/cmake_prefix_path.sh'
[0.887s] Level 1:colcon.colcon_core.environment:checking '/home/vasee22/igus-coffee-moveit/install/igus_rebel_msgs/lib'
[0.887s] Level 1:colcon.colcon_core.shell:create_environment_hook('igus_rebel_msgs', 'ld_library_path_lib')
[0.887s] INFO:colcon.colcon_core.shell:Creating environment hook '/home/vasee22/igus-coffee-moveit/install/igus_rebel_msgs/share/igus_rebel_msgs/hook/ld_library_path_lib.ps1'
[0.887s] INFO:colcon.colcon_core.shell:Creating environment descriptor '/home/vasee22/igus-coffee-moveit/install/igus_rebel_msgs/share/igus_rebel_msgs/hook/ld_library_path_lib.dsv'
[0.888s] INFO:colcon.colcon_core.shell:Creating environment hook '/home/vasee22/igus-coffee-moveit/install/igus_rebel_msgs/share/igus_rebel_msgs/hook/ld_library_path_lib.sh'
[0.888s] Level 1:colcon.colcon_core.environment:checking '/home/vasee22/igus-coffee-moveit/install/igus_rebel_msgs/bin'
[0.888s] Level 1:colcon.colcon_core.environment:checking '/home/vasee22/igus-coffee-moveit/install/igus_rebel_msgs/lib/pkgconfig/igus_rebel_msgs.pc'
[0.888s] Level 1:colcon.colcon_core.environment:checking '/home/vasee22/igus-coffee-moveit/install/igus_rebel_msgs/lib/python3.12/site-packages'
[0.889s] Level 1:colcon.colcon_core.shell:create_environment_hook('igus_rebel_msgs', 'pythonpath')
[0.889s] INFO:colcon.colcon_core.shell:Creating environment hook '/home/vasee22/igus-coffee-moveit/install/igus_rebel_msgs/share/igus_rebel_msgs/hook/pythonpath.ps1'
[0.889s] INFO:colcon.colcon_core.shell:Creating environment descriptor '/home/vasee22/igus-coffee-moveit/install/igus_rebel_msgs/share/igus_rebel_msgs/hook/pythonpath.dsv'
[0.890s] INFO:colcon.colcon_core.shell:Creating environment hook '/home/vasee22/igus-coffee-moveit/install/igus_rebel_msgs/share/igus_rebel_msgs/hook/pythonpath.sh'
[0.890s] Level 1:colcon.colcon_core.environment:checking '/home/vasee22/igus-coffee-moveit/install/igus_rebel_msgs/bin'
[0.891s] INFO:colcon.colcon_core.shell:Creating package script '/home/vasee22/igus-coffee-moveit/install/igus_rebel_msgs/share/igus_rebel_msgs/package.ps1'
[0.891s] INFO:colcon.colcon_core.shell:Creating package descriptor '/home/vasee22/igus-coffee-moveit/install/igus_rebel_msgs/share/igus_rebel_msgs/package.dsv'
[0.892s] INFO:colcon.colcon_core.shell:Creating package script '/home/vasee22/igus-coffee-moveit/install/igus_rebel_msgs/share/igus_rebel_msgs/package.sh'
[0.892s] INFO:colcon.colcon_core.shell:Creating package script '/home/vasee22/igus-coffee-moveit/install/igus_rebel_msgs/share/igus_rebel_msgs/package.bash'
[0.893s] INFO:colcon.colcon_core.shell:Creating package script '/home/vasee22/igus-coffee-moveit/install/igus_rebel_msgs/share/igus_rebel_msgs/package.zsh'
[0.893s] Level 1:colcon.colcon_core.environment:create_file_with_runtime_dependencies(/home/vasee22/igus-coffee-moveit/install/igus_rebel_msgs/share/colcon-core/packages/igus_rebel_msgs)
[0.894s] INFO:colcon.colcon_ros.task.ament_cmake.build:Building ROS package in '/home/vasee22/igus-coffee-moveit/src/igus_rebel_ros2/igus_rebel' with build type 'ament_cmake'
[0.894s] INFO:colcon.colcon_cmake.task.cmake.build:Building CMake package in '/home/vasee22/igus-coffee-moveit/src/igus_rebel_ros2/igus_rebel'
[0.894s] INFO:colcon.colcon_core.shell:Skip shell extension 'powershell' for command environment: Not usable outside of PowerShell
[0.894s] DEBUG:colcon.colcon_core.shell:Skip shell extension 'dsv' for command environment
[0.912s] DEBUG:colcon.colcon_core.event_handler.log_command:Invoking command in '/home/vasee22/igus-coffee-moveit/build/igus_rebel': CMAKE_PREFIX_PATH=/home/vasee22/igus-coffee-moveit/install/igus_rebel_msgs:/home/vasee22/igus-coffee-moveit/install/igus_rebel:/home/vasee22/igus-coffee-moveit/install/igus_rebel_moveit_config:/home/vasee22/igus-coffee-moveit/install/igus_rebel_description:/home/vasee22/COAR-ROS2-Workspace-mai/install/moveit_task_constructor_demo:/home/vasee22/COAR-ROS2-Workspace-mai/install/moveit_task_constructor_visualization:/home/vasee22/COAR-ROS2-Workspace-mai/install/moveit_task_constructor_capabilities:/home/vasee22/COAR-ROS2-Workspace-mai/install/igus_rebel:/home/vasee22/COAR-ROS2-Workspace-mai/install/moveit_task_constructor_core:/home/vasee22/COAR-ROS2-Workspace-mai/install/rviz_marker_tools:/home/vasee22/COAR-ROS2-Workspace-mai/install/moveit_task_constructor_msgs:/home/vasee22/COAR-ROS2-Workspace-mai/install/igus_rebel_msgs:/home/vasee22/COAR-ROS2-Workspace-mai/install/igus_rebel_moveit_config:/home/vasee22/COAR-ROS2-Workspace-mai/install/igus_rebel_description:/opt/ros/jazzy/opt/gz_sim_vendor:/opt/ros/jazzy/opt/gz_sensors_vendor:/opt/ros/jazzy/opt/gz_physics_vendor:/opt/ros/jazzy/opt/sdformat_vendor:/opt/ros/jazzy/opt/gz_gui_vendor:/opt/ros/jazzy/opt/gz_transport_vendor:/opt/ros/jazzy/opt/gz_rendering_vendor:/opt/ros/jazzy/opt/gz_plugin_vendor:/opt/ros/jazzy/opt/gz_fuel_tools_vendor:/opt/ros/jazzy/opt/gz_msgs_vendor:/opt/ros/jazzy/opt/gz_common_vendor:/opt/ros/jazzy/opt/gz_math_vendor:/opt/ros/jazzy/opt/gz_utils_vendor:/opt/ros/jazzy/opt/gz_tools_vendor:/opt/ros/jazzy/opt/gz_ogre_next_vendor:/opt/ros/jazzy/opt/gz_dartsim_vendor:/opt/ros/jazzy/opt/gz_cmake_vendor:/home/vasee22/igus-coffee-moveit/install/modbus_ros:/home/vasee22/COAR-ROS2-Workspace-mai/install/modbus_ros:/opt/ros/jazzy DEBUGINFOD_URLS=https://debuginfod.ubuntu.com LD_LIBRARY_PATH=/home/vasee22/igus-coffee-moveit/install/igus_rebel_msgs/lib:/home/vasee22/igus-coffee-moveit/install/igus_rebel/lib:/home/vasee22/COAR-ROS2-Workspace-mai/install/moveit_task_constructor_demo/lib:/home/vasee22/COAR-ROS2-Workspace-mai/install/moveit_task_constructor_visualization/lib:/home/vasee22/COAR-ROS2-Workspace-mai/install/moveit_task_constructor_capabilities/lib:/home/vasee22/COAR-ROS2-Workspace-mai/install/igus_rebel/lib:/home/vasee22/COAR-ROS2-Workspace-mai/install/moveit_task_constructor_core/lib:/home/vasee22/COAR-ROS2-Workspace-mai/install/rviz_marker_tools/lib:/home/vasee22/COAR-ROS2-Workspace-mai/install/moveit_task_constructor_msgs/lib:/home/vasee22/COAR-ROS2-Workspace-mai/install/igus_rebel_msgs/lib:/opt/ros/jazzy/opt/gz_sim_vendor/lib:/opt/ros/jazzy/opt/gz_sensors_vendor/lib:/opt/ros/jazzy/opt/gz_physics_vendor/lib:/opt/ros/jazzy/opt/sdformat_vendor/lib:/opt/ros/jazzy/opt/rviz_ogre_vendor/lib:/opt/ros/jazzy/lib/x86_64-linux-gnu:/opt/ros/jazzy/opt/gz_gui_vendor/lib:/opt/ros/jazzy/opt/gz_transport_vendor/lib:/opt/ros/jazzy/opt/gz_rendering_vendor/lib:/opt/ros/jazzy/opt/gz_plugin_vendor/lib:/opt/ros/jazzy/opt/gz_fuel_tools_vendor/lib:/opt/ros/jazzy/opt/gz_msgs_vendor/lib:/opt/ros/jazzy/opt/gz_common_vendor/lib:/opt/ros/jazzy/opt/gz_math_vendor/lib:/opt/ros/jazzy/opt/gz_utils_vendor/lib:/opt/ros/jazzy/opt/gz_tools_vendor/lib:/opt/ros/jazzy/opt/gz_ogre_next_vendor/lib:/opt/ros/jazzy/opt/gz_dartsim_vendor/lib:/opt/ros/jazzy/opt/gz_cmake_vendor/lib:/opt/ros/jazzy/lib PYTHONPATH=/home/vasee22/igus-coffee-moveit/install/igus_rebel_msgs/lib/python3.12/site-packages:/home/vasee22/igus-coffee-moveit/install/modbus_ros/lib/python3.12/site-packages:/home/vasee22/COAR-ROS2-Workspace-mai/install/moveit_task_constructor_core/lib/python3.12/site-packages:/home/vasee22/COAR-ROS2-Workspace-mai/install/moveit_task_constructor_msgs/lib/python3.12/site-packages:/home/vasee22/COAR-ROS2-Workspace-mai/install/modbus_ros/lib/python3.12/site-packages:/home/vasee22/COAR-ROS2-Workspace-mai/install/igus_rebel_msgs/lib/python3.12/site-packages:/opt/ros/jazzy/lib/python3.12/site-packages /usr/bin/cmake --build /home/vasee22/igus-coffee-moveit/build/igus_rebel -- -j24 -l24
[1.227s] DEBUG:colcon.colcon_core.event_handler.log_command:Invoking command in '/home/vasee22/igus-coffee-moveit/src/modbus_ros': DEBUGINFOD_URLS=https://debuginfod.ubuntu.com PYTHONPATH=/home/vasee22/igus-coffee-moveit/build/modbus_ros/prefix_override:/usr/lib/python3/dist-packages/colcon_core/task/python/colcon_distutils_commands:/home/vasee22/igus-coffee-moveit/install/modbus_ros/lib/python3.12/site-packages:${PYTHONPATH} /usr/bin/python3 -W ignore:setup.py install is deprecated -W ignore:easy_install command is deprecated setup.py egg_info --egg-base ../../build/modbus_ros build --build-base /home/vasee22/igus-coffee-moveit/build/modbus_ros/build install --record /home/vasee22/igus-coffee-moveit/build/modbus_ros/install.log --single-version-externally-managed install_data
[1.830s] Level 1:colcon.colcon_core.environment:checking '/home/vasee22/igus-coffee-moveit/install/modbus_ros' for CMake module files
[1.831s] DEBUG:colcon.colcon_core.event_handler.log_command:Invoked command in '/home/vasee22/igus-coffee-moveit/src/modbus_ros' returned '0': DEBUGINFOD_URLS=https://debuginfod.ubuntu.com PYTHONPATH=/home/vasee22/igus-coffee-moveit/build/modbus_ros/prefix_override:/usr/lib/python3/dist-packages/colcon_core/task/python/colcon_distutils_commands:/home/vasee22/igus-coffee-moveit/install/modbus_ros/lib/python3.12/site-packages:${PYTHONPATH} /usr/bin/python3 -W ignore:setup.py install is deprecated -W ignore:easy_install command is deprecated setup.py egg_info --egg-base ../../build/modbus_ros build --build-base /home/vasee22/igus-coffee-moveit/build/modbus_ros/build install --record /home/vasee22/igus-coffee-moveit/build/modbus_ros/install.log --single-version-externally-managed install_data
[1.831s] Level 1:colcon.colcon_core.environment:checking '/home/vasee22/igus-coffee-moveit/install/modbus_ros' for CMake config files
[1.832s] Level 1:colcon.colcon_core.environment:checking '/home/vasee22/igus-coffee-moveit/install/modbus_ros/lib'
[1.832s] Level 1:colcon.colcon_core.environment:checking '/home/vasee22/igus-coffee-moveit/install/modbus_ros/bin'
[1.832s] Level 1:colcon.colcon_core.environment:checking '/home/vasee22/igus-coffee-moveit/install/modbus_ros/lib/pkgconfig/modbus_ros.pc'
[1.832s] Level 1:colcon.colcon_core.environment:checking '/home/vasee22/igus-coffee-moveit/install/modbus_ros/lib/python3.12/site-packages'
[1.832s] Level 1:colcon.colcon_core.shell:create_environment_hook('modbus_ros', 'pythonpath')
[1.833s] INFO:colcon.colcon_core.shell:Creating environment hook '/home/vasee22/igus-coffee-moveit/install/modbus_ros/share/modbus_ros/hook/pythonpath.ps1'
[1.833s] INFO:colcon.colcon_core.shell:Creating environment descriptor '/home/vasee22/igus-coffee-moveit/install/modbus_ros/share/modbus_ros/hook/pythonpath.dsv'
[1.834s] INFO:colcon.colcon_core.shell:Creating environment hook '/home/vasee22/igus-coffee-moveit/install/modbus_ros/share/modbus_ros/hook/pythonpath.sh'
[1.834s] Level 1:colcon.colcon_core.environment:checking '/home/vasee22/igus-coffee-moveit/install/modbus_ros/bin'
[1.834s] Level 1:colcon.colcon_core.environment:create_environment_scripts_only(modbus_ros)
[1.835s] INFO:colcon.colcon_core.shell:Creating package script '/home/vasee22/igus-coffee-moveit/install/modbus_ros/share/modbus_ros/package.ps1'
[1.835s] INFO:colcon.colcon_core.shell:Creating package descriptor '/home/vasee22/igus-coffee-moveit/install/modbus_ros/share/modbus_ros/package.dsv'
[1.836s] INFO:colcon.colcon_core.shell:Creating package script '/home/vasee22/igus-coffee-moveit/install/modbus_ros/share/modbus_ros/package.sh'
[1.836s] INFO:colcon.colcon_core.shell:Creating package script '/home/vasee22/igus-coffee-moveit/install/modbus_ros/share/modbus_ros/package.bash'
[1.837s] INFO:colcon.colcon_core.shell:Creating package script '/home/vasee22/igus-coffee-moveit/install/modbus_ros/share/modbus_ros/package.zsh'
[1.837s] Level 1:colcon.colcon_core.environment:create_file_with_runtime_dependencies(/home/vasee22/igus-coffee-moveit/install/modbus_ros/share/colcon-core/packages/modbus_ros)
[11.640s] DEBUG:colcon.colcon_core.event_handler.log_command:Invoked command in '/home/vasee22/igus-coffee-moveit/build/igus_rebel' returned '0': CMAKE_PREFIX_PATH=/home/vasee22/igus-coffee-moveit/install/igus_rebel_msgs:/home/vasee22/igus-coffee-moveit/install/igus_rebel:/home/vasee22/igus-coffee-moveit/install/igus_rebel_moveit_config:/home/vasee22/igus-coffee-moveit/install/igus_rebel_description:/home/vasee22/COAR-ROS2-Workspace-mai/install/moveit_task_constructor_demo:/home/vasee22/COAR-ROS2-Workspace-mai/install/moveit_task_constructor_visualization:/home/vasee22/COAR-ROS2-Workspace-mai/install/moveit_task_constructor_capabilities:/home/vasee22/COAR-ROS2-Workspace-mai/install/igus_rebel:/home/vasee22/COAR-ROS2-Workspace-mai/install/moveit_task_constructor_core:/home/vasee22/COAR-ROS2-Workspace-mai/install/rviz_marker_tools:/home/vasee22/COAR-ROS2-Workspace-mai/install/moveit_task_constructor_msgs:/home/vasee22/COAR-ROS2-Workspace-mai/install/igus_rebel_msgs:/home/vasee22/COAR-ROS2-Workspace-mai/install/igus_rebel_moveit_config:/home/vasee22/COAR-ROS2-Workspace-mai/install/igus_rebel_description:/opt/ros/jazzy/opt/gz_sim_vendor:/opt/ros/jazzy/opt/gz_sensors_vendor:/opt/ros/jazzy/opt/gz_physics_vendor:/opt/ros/jazzy/opt/sdformat_vendor:/opt/ros/jazzy/opt/gz_gui_vendor:/opt/ros/jazzy/opt/gz_transport_vendor:/opt/ros/jazzy/opt/gz_rendering_vendor:/opt/ros/jazzy/opt/gz_plugin_vendor:/opt/ros/jazzy/opt/gz_fuel_tools_vendor:/opt/ros/jazzy/opt/gz_msgs_vendor:/opt/ros/jazzy/opt/gz_common_vendor:/opt/ros/jazzy/opt/gz_math_vendor:/opt/ros/jazzy/opt/gz_utils_vendor:/opt/ros/jazzy/opt/gz_tools_vendor:/opt/ros/jazzy/opt/gz_ogre_next_vendor:/opt/ros/jazzy/opt/gz_dartsim_vendor:/opt/ros/jazzy/opt/gz_cmake_vendor:/home/vasee22/igus-coffee-moveit/install/modbus_ros:/home/vasee22/COAR-ROS2-Workspace-mai/install/modbus_ros:/opt/ros/jazzy DEBUGINFOD_URLS=https://debuginfod.ubuntu.com LD_LIBRARY_PATH=/home/vasee22/igus-coffee-moveit/install/igus_rebel_msgs/lib:/home/vasee22/igus-coffee-moveit/install/igus_rebel/lib:/home/vasee22/COAR-ROS2-Workspace-mai/install/moveit_task_constructor_demo/lib:/home/vasee22/COAR-ROS2-Workspace-mai/install/moveit_task_constructor_visualization/lib:/home/vasee22/COAR-ROS2-Workspace-mai/install/moveit_task_constructor_capabilities/lib:/home/vasee22/COAR-ROS2-Workspace-mai/install/igus_rebel/lib:/home/vasee22/COAR-ROS2-Workspace-mai/install/moveit_task_constructor_core/lib:/home/vasee22/COAR-ROS2-Workspace-mai/install/rviz_marker_tools/lib:/home/vasee22/COAR-ROS2-Workspace-mai/install/moveit_task_constructor_msgs/lib:/home/vasee22/COAR-ROS2-Workspace-mai/install/igus_rebel_msgs/lib:/opt/ros/jazzy/opt/gz_sim_vendor/lib:/opt/ros/jazzy/opt/gz_sensors_vendor/lib:/opt/ros/jazzy/opt/gz_physics_vendor/lib:/opt/ros/jazzy/opt/sdformat_vendor/lib:/opt/ros/jazzy/opt/rviz_ogre_vendor/lib:/opt/ros/jazzy/lib/x86_64-linux-gnu:/opt/ros/jazzy/opt/gz_gui_vendor/lib:/opt/ros/jazzy/opt/gz_transport_vendor/lib:/opt/ros/jazzy/opt/gz_rendering_vendor/lib:/opt/ros/jazzy/opt/gz_plugin_vendor/lib:/opt/ros/jazzy/opt/gz_fuel_tools_vendor/lib:/opt/ros/jazzy/opt/gz_msgs_vendor/lib:/opt/ros/jazzy/opt/gz_common_vendor/lib:/opt/ros/jazzy/opt/gz_math_vendor/lib:/opt/ros/jazzy/opt/gz_utils_vendor/lib:/opt/ros/jazzy/opt/gz_tools_vendor/lib:/opt/ros/jazzy/opt/gz_ogre_next_vendor/lib:/opt/ros/jazzy/opt/gz_dartsim_vendor/lib:/opt/ros/jazzy/opt/gz_cmake_vendor/lib:/opt/ros/jazzy/lib PYTHONPATH=/home/vasee22/igus-coffee-moveit/install/igus_rebel_msgs/lib/python3.12/site-packages:/home/vasee22/igus-coffee-moveit/install/modbus_ros/lib/python3.12/site-packages:/home/vasee22/COAR-ROS2-Workspace-mai/install/moveit_task_constructor_core/lib/python3.12/site-packages:/home/vasee22/COAR-ROS2-Workspace-mai/install/moveit_task_constructor_msgs/lib/python3.12/site-packages:/home/vasee22/COAR-ROS2-Workspace-mai/install/modbus_ros/lib/python3.12/site-packages:/home/vasee22/COAR-ROS2-Workspace-mai/install/igus_rebel_msgs/lib/python3.12/site-packages:/opt/ros/jazzy/lib/python3.12/site-packages /usr/bin/cmake --build /home/vasee22/igus-coffee-moveit/build/igus_rebel -- -j24 -l24
[11.642s] DEBUG:colcon.colcon_core.event_handler.log_command:Invoking command in '/home/vasee22/igus-coffee-moveit/build/igus_rebel': CMAKE_PREFIX_PATH=/home/vasee22/igus-coffee-moveit/install/igus_rebel_msgs:/home/vasee22/igus-coffee-moveit/install/igus_rebel:/home/vasee22/igus-coffee-moveit/install/igus_rebel_moveit_config:/home/vasee22/igus-coffee-moveit/install/igus_rebel_description:/home/vasee22/COAR-ROS2-Workspace-mai/install/moveit_task_constructor_demo:/home/vasee22/COAR-ROS2-Workspace-mai/install/moveit_task_constructor_visualization:/home/vasee22/COAR-ROS2-Workspace-mai/install/moveit_task_constructor_capabilities:/home/vasee22/COAR-ROS2-Workspace-mai/install/igus_rebel:/home/vasee22/COAR-ROS2-Workspace-mai/install/moveit_task_constructor_core:/home/vasee22/COAR-ROS2-Workspace-mai/install/rviz_marker_tools:/home/vasee22/COAR-ROS2-Workspace-mai/install/moveit_task_constructor_msgs:/home/vasee22/COAR-ROS2-Workspace-mai/install/igus_rebel_msgs:/home/vasee22/COAR-ROS2-Workspace-mai/install/igus_rebel_moveit_config:/home/vasee22/COAR-ROS2-Workspace-mai/install/igus_rebel_description:/opt/ros/jazzy/opt/gz_sim_vendor:/opt/ros/jazzy/opt/gz_sensors_vendor:/opt/ros/jazzy/opt/gz_physics_vendor:/opt/ros/jazzy/opt/sdformat_vendor:/opt/ros/jazzy/opt/gz_gui_vendor:/opt/ros/jazzy/opt/gz_transport_vendor:/opt/ros/jazzy/opt/gz_rendering_vendor:/opt/ros/jazzy/opt/gz_plugin_vendor:/opt/ros/jazzy/opt/gz_fuel_tools_vendor:/opt/ros/jazzy/opt/gz_msgs_vendor:/opt/ros/jazzy/opt/gz_common_vendor:/opt/ros/jazzy/opt/gz_math_vendor:/opt/ros/jazzy/opt/gz_utils_vendor:/opt/ros/jazzy/opt/gz_tools_vendor:/opt/ros/jazzy/opt/gz_ogre_next_vendor:/opt/ros/jazzy/opt/gz_dartsim_vendor:/opt/ros/jazzy/opt/gz_cmake_vendor:/home/vasee22/igus-coffee-moveit/install/modbus_ros:/home/vasee22/COAR-ROS2-Workspace-mai/install/modbus_ros:/opt/ros/jazzy DEBUGINFOD_URLS=https://debuginfod.ubuntu.com LD_LIBRARY_PATH=/home/vasee22/igus-coffee-moveit/install/igus_rebel_msgs/lib:/home/vasee22/igus-coffee-moveit/install/igus_rebel/lib:/home/vasee22/COAR-ROS2-Workspace-mai/install/moveit_task_constructor_demo/lib:/home/vasee22/COAR-ROS2-Workspace-mai/install/moveit_task_constructor_visualization/lib:/home/vasee22/COAR-ROS2-Workspace-mai/install/moveit_task_constructor_capabilities/lib:/home/vasee22/COAR-ROS2-Workspace-mai/install/igus_rebel/lib:/home/vasee22/COAR-ROS2-Workspace-mai/install/moveit_task_constructor_core/lib:/home/vasee22/COAR-ROS2-Workspace-mai/install/rviz_marker_tools/lib:/home/vasee22/COAR-ROS2-Workspace-mai/install/moveit_task_constructor_msgs/lib:/home/vasee22/COAR-ROS2-Workspace-mai/install/igus_rebel_msgs/lib:/opt/ros/jazzy/opt/gz_sim_vendor/lib:/opt/ros/jazzy/opt/gz_sensors_vendor/lib:/opt/ros/jazzy/opt/gz_physics_vendor/lib:/opt/ros/jazzy/opt/sdformat_vendor/lib:/opt/ros/jazzy/opt/rviz_ogre_vendor/lib:/opt/ros/jazzy/lib/x86_64-linux-gnu:/opt/ros/jazzy/opt/gz_gui_vendor/lib:/opt/ros/jazzy/opt/gz_transport_vendor/lib:/opt/ros/jazzy/opt/gz_rendering_vendor/lib:/opt/ros/jazzy/opt/gz_plugin_vendor/lib:/opt/ros/jazzy/opt/gz_fuel_tools_vendor/lib:/opt/ros/jazzy/opt/gz_msgs_vendor/lib:/opt/ros/jazzy/opt/gz_common_vendor/lib:/opt/ros/jazzy/opt/gz_math_vendor/lib:/opt/ros/jazzy/opt/gz_utils_vendor/lib:/opt/ros/jazzy/opt/gz_tools_vendor/lib:/opt/ros/jazzy/opt/gz_ogre_next_vendor/lib:/opt/ros/jazzy/opt/gz_dartsim_vendor/lib:/opt/ros/jazzy/opt/gz_cmake_vendor/lib:/opt/ros/jazzy/lib PYTHONPATH=/home/vasee22/igus-coffee-moveit/install/igus_rebel_msgs/lib/python3.12/site-packages:/home/vasee22/igus-coffee-moveit/install/modbus_ros/lib/python3.12/site-packages:/home/vasee22/COAR-ROS2-Workspace-mai/install/moveit_task_constructor_core/lib/python3.12/site-packages:/home/vasee22/COAR-ROS2-Workspace-mai/install/moveit_task_constructor_msgs/lib/python3.12/site-packages:/home/vasee22/COAR-ROS2-Workspace-mai/install/modbus_ros/lib/python3.12/site-packages:/home/vasee22/COAR-ROS2-Workspace-mai/install/igus_rebel_msgs/lib/python3.12/site-packages:/opt/ros/jazzy/lib/python3.12/site-packages /usr/bin/cmake --install /home/vasee22/igus-coffee-moveit/build/igus_rebel
[11.667s] Level 1:colcon.colcon_core.environment:create_environment_scripts_only(igus_rebel)
[11.667s] Level 1:colcon.colcon_core.environment:checking '/home/vasee22/igus-coffee-moveit/install/igus_rebel' for CMake module files
[11.668s] DEBUG:colcon.colcon_core.event_handler.log_command:Invoked command in '/home/vasee22/igus-coffee-moveit/build/igus_rebel' returned '0': CMAKE_PREFIX_PATH=/home/vasee22/igus-coffee-moveit/install/igus_rebel_msgs:/home/vasee22/igus-coffee-moveit/install/igus_rebel:/home/vasee22/igus-coffee-moveit/install/igus_rebel_moveit_config:/home/vasee22/igus-coffee-moveit/install/igus_rebel_description:/home/vasee22/COAR-ROS2-Workspace-mai/install/moveit_task_constructor_demo:/home/vasee22/COAR-ROS2-Workspace-mai/install/moveit_task_constructor_visualization:/home/vasee22/COAR-ROS2-Workspace-mai/install/moveit_task_constructor_capabilities:/home/vasee22/COAR-ROS2-Workspace-mai/install/igus_rebel:/home/vasee22/COAR-ROS2-Workspace-mai/install/moveit_task_constructor_core:/home/vasee22/COAR-ROS2-Workspace-mai/install/rviz_marker_tools:/home/vasee22/COAR-ROS2-Workspace-mai/install/moveit_task_constructor_msgs:/home/vasee22/COAR-ROS2-Workspace-mai/install/igus_rebel_msgs:/home/vasee22/COAR-ROS2-Workspace-mai/install/igus_rebel_moveit_config:/home/vasee22/COAR-ROS2-Workspace-mai/install/igus_rebel_description:/opt/ros/jazzy/opt/gz_sim_vendor:/opt/ros/jazzy/opt/gz_sensors_vendor:/opt/ros/jazzy/opt/gz_physics_vendor:/opt/ros/jazzy/opt/sdformat_vendor:/opt/ros/jazzy/opt/gz_gui_vendor:/opt/ros/jazzy/opt/gz_transport_vendor:/opt/ros/jazzy/opt/gz_rendering_vendor:/opt/ros/jazzy/opt/gz_plugin_vendor:/opt/ros/jazzy/opt/gz_fuel_tools_vendor:/opt/ros/jazzy/opt/gz_msgs_vendor:/opt/ros/jazzy/opt/gz_common_vendor:/opt/ros/jazzy/opt/gz_math_vendor:/opt/ros/jazzy/opt/gz_utils_vendor:/opt/ros/jazzy/opt/gz_tools_vendor:/opt/ros/jazzy/opt/gz_ogre_next_vendor:/opt/ros/jazzy/opt/gz_dartsim_vendor:/opt/ros/jazzy/opt/gz_cmake_vendor:/home/vasee22/igus-coffee-moveit/install/modbus_ros:/home/vasee22/COAR-ROS2-Workspace-mai/install/modbus_ros:/opt/ros/jazzy DEBUGINFOD_URLS=https://debuginfod.ubuntu.com LD_LIBRARY_PATH=/home/vasee22/igus-coffee-moveit/install/igus_rebel_msgs/lib:/home/vasee22/igus-coffee-moveit/install/igus_rebel/lib:/home/vasee22/COAR-ROS2-Workspace-mai/install/moveit_task_constructor_demo/lib:/home/vasee22/COAR-ROS2-Workspace-mai/install/moveit_task_constructor_visualization/lib:/home/vasee22/COAR-ROS2-Workspace-mai/install/moveit_task_constructor_capabilities/lib:/home/vasee22/COAR-ROS2-Workspace-mai/install/igus_rebel/lib:/home/vasee22/COAR-ROS2-Workspace-mai/install/moveit_task_constructor_core/lib:/home/vasee22/COAR-ROS2-Workspace-mai/install/rviz_marker_tools/lib:/home/vasee22/COAR-ROS2-Workspace-mai/install/moveit_task_constructor_msgs/lib:/home/vasee22/COAR-ROS2-Workspace-mai/install/igus_rebel_msgs/lib:/opt/ros/jazzy/opt/gz_sim_vendor/lib:/opt/ros/jazzy/opt/gz_sensors_vendor/lib:/opt/ros/jazzy/opt/gz_physics_vendor/lib:/opt/ros/jazzy/opt/sdformat_vendor/lib:/opt/ros/jazzy/opt/rviz_ogre_vendor/lib:/opt/ros/jazzy/lib/x86_64-linux-gnu:/opt/ros/jazzy/opt/gz_gui_vendor/lib:/opt/ros/jazzy/opt/gz_transport_vendor/lib:/opt/ros/jazzy/opt/gz_rendering_vendor/lib:/opt/ros/jazzy/opt/gz_plugin_vendor/lib:/opt/ros/jazzy/opt/gz_fuel_tools_vendor/lib:/opt/ros/jazzy/opt/gz_msgs_vendor/lib:/opt/ros/jazzy/opt/gz_common_vendor/lib:/opt/ros/jazzy/opt/gz_math_vendor/lib:/opt/ros/jazzy/opt/gz_utils_vendor/lib:/opt/ros/jazzy/opt/gz_tools_vendor/lib:/opt/ros/jazzy/opt/gz_ogre_next_vendor/lib:/opt/ros/jazzy/opt/gz_dartsim_vendor/lib:/opt/ros/jazzy/opt/gz_cmake_vendor/lib:/opt/ros/jazzy/lib PYTHONPATH=/home/vasee22/igus-coffee-moveit/install/igus_rebel_msgs/lib/python3.12/site-packages:/home/vasee22/igus-coffee-moveit/install/modbus_ros/lib/python3.12/site-packages:/home/vasee22/COAR-ROS2-Workspace-mai/install/moveit_task_constructor_core/lib/python3.12/site-packages:/home/vasee22/COAR-ROS2-Workspace-mai/install/moveit_task_constructor_msgs/lib/python3.12/site-packages:/home/vasee22/COAR-ROS2-Workspace-mai/install/modbus_ros/lib/python3.12/site-packages:/home/vasee22/COAR-ROS2-Workspace-mai/install/igus_rebel_msgs/lib/python3.12/site-packages:/opt/ros/jazzy/lib/python3.12/site-packages /usr/bin/cmake --install /home/vasee22/igus-coffee-moveit/build/igus_rebel
[11.668s] Level 1:colcon.colcon_core.environment:checking '/home/vasee22/igus-coffee-moveit/install/igus_rebel' for CMake config files
[11.669s] Level 1:colcon.colcon_core.shell:create_environment_hook('igus_rebel', 'cmake_prefix_path')
[11.669s] INFO:colcon.colcon_core.shell:Creating environment hook '/home/vasee22/igus-coffee-moveit/install/igus_rebel/share/igus_rebel/hook/cmake_prefix_path.ps1'
[11.670s] INFO:colcon.colcon_core.shell:Creating environment descriptor '/home/vasee22/igus-coffee-moveit/install/igus_rebel/share/igus_rebel/hook/cmake_prefix_path.dsv'
[11.671s] INFO:colcon.colcon_core.shell:Creating environment hook '/home/vasee22/igus-coffee-moveit/install/igus_rebel/share/igus_rebel/hook/cmake_prefix_path.sh'
[11.671s] Level 1:colcon.colcon_core.environment:checking '/home/vasee22/igus-coffee-moveit/install/igus_rebel/lib'
[11.672s] Level 1:colcon.colcon_core.shell:create_environment_hook('igus_rebel', 'ld_library_path_lib')
[11.672s] INFO:colcon.colcon_core.shell:Creating environment hook '/home/vasee22/igus-coffee-moveit/install/igus_rebel/share/igus_rebel/hook/ld_library_path_lib.ps1'
[11.672s] INFO:colcon.colcon_core.shell:Creating environment descriptor '/home/vasee22/igus-coffee-moveit/install/igus_rebel/share/igus_rebel/hook/ld_library_path_lib.dsv'
[11.673s] INFO:colcon.colcon_core.shell:Creating environment hook '/home/vasee22/igus-coffee-moveit/install/igus_rebel/share/igus_rebel/hook/ld_library_path_lib.sh'
[11.673s] Level 1:colcon.colcon_core.environment:checking '/home/vasee22/igus-coffee-moveit/install/igus_rebel/bin'
[11.674s] Level 1:colcon.colcon_core.environment:checking '/home/vasee22/igus-coffee-moveit/install/igus_rebel/lib/pkgconfig/igus_rebel.pc'
[11.674s] Level 1:colcon.colcon_core.environment:checking '/home/vasee22/igus-coffee-moveit/install/igus_rebel/lib/python3.12/site-packages'
[11.674s] Level 1:colcon.colcon_core.environment:checking '/home/vasee22/igus-coffee-moveit/install/igus_rebel/bin'
[11.675s] INFO:colcon.colcon_core.shell:Creating package script '/home/vasee22/igus-coffee-moveit/install/igus_rebel/share/igus_rebel/package.ps1'
[11.676s] INFO:colcon.colcon_core.shell:Creating package descriptor '/home/vasee22/igus-coffee-moveit/install/igus_rebel/share/igus_rebel/package.dsv'
[11.676s] INFO:colcon.colcon_core.shell:Creating package script '/home/vasee22/igus-coffee-moveit/install/igus_rebel/share/igus_rebel/package.sh'
[11.677s] INFO:colcon.colcon_core.shell:Creating package script '/home/vasee22/igus-coffee-moveit/install/igus_rebel/share/igus_rebel/package.bash'
[11.677s] INFO:colcon.colcon_core.shell:Creating package script '/home/vasee22/igus-coffee-moveit/install/igus_rebel/share/igus_rebel/package.zsh'
[11.678s] Level 1:colcon.colcon_core.environment:create_file_with_runtime_dependencies(/home/vasee22/igus-coffee-moveit/install/igus_rebel/share/colcon-core/packages/igus_rebel)
[11.678s] Level 1:colcon.colcon_core.environment:create_environment_scripts_only(igus_rebel)
[11.679s] Level 1:colcon.colcon_core.environment:checking '/home/vasee22/igus-coffee-moveit/install/igus_rebel' for CMake module files
[11.679s] Level 1:colcon.colcon_core.environment:checking '/home/vasee22/igus-coffee-moveit/install/igus_rebel' for CMake config files
[11.680s] Level 1:colcon.colcon_core.shell:create_environment_hook('igus_rebel', 'cmake_prefix_path')
[11.680s] INFO:colcon.colcon_core.shell:Creating environment hook '/home/vasee22/igus-coffee-moveit/install/igus_rebel/share/igus_rebel/hook/cmake_prefix_path.ps1'
[11.681s] INFO:colcon.colcon_core.shell:Creating environment descriptor '/home/vasee22/igus-coffee-moveit/install/igus_rebel/share/igus_rebel/hook/cmake_prefix_path.dsv'
[11.681s] INFO:colcon.colcon_core.shell:Creating environment hook '/home/vasee22/igus-coffee-moveit/install/igus_rebel/share/igus_rebel/hook/cmake_prefix_path.sh'
[11.682s] Level 1:colcon.colcon_core.environment:checking '/home/vasee22/igus-coffee-moveit/install/igus_rebel/lib'
[11.682s] Level 1:colcon.colcon_core.shell:create_environment_hook('igus_rebel', 'ld_library_path_lib')
[11.682s] INFO:colcon.colcon_core.shell:Creating environment hook '/home/vasee22/igus-coffee-moveit/install/igus_rebel/share/igus_rebel/hook/ld_library_path_lib.ps1'
[11.683s] INFO:colcon.colcon_core.shell:Creating environment descriptor '/home/vasee22/igus-coffee-moveit/install/igus_rebel/share/igus_rebel/hook/ld_library_path_lib.dsv'
[11.683s] INFO:colcon.colcon_core.shell:Creating environment hook '/home/vasee22/igus-coffee-moveit/install/igus_rebel/share/igus_rebel/hook/ld_library_path_lib.sh'
[11.684s] Level 1:colcon.colcon_core.environment:checking '/home/vasee22/igus-coffee-moveit/install/igus_rebel/bin'
[11.684s] Level 1:colcon.colcon_core.environment:checking '/home/vasee22/igus-coffee-moveit/install/igus_rebel/lib/pkgconfig/igus_rebel.pc'
[11.684s] Level 1:colcon.colcon_core.environment:checking '/home/vasee22/igus-coffee-moveit/install/igus_rebel/lib/python3.12/site-packages'
[11.685s] Level 1:colcon.colcon_core.environment:checking '/home/vasee22/igus-coffee-moveit/install/igus_rebel/bin'
[11.685s] INFO:colcon.colcon_core.shell:Creating package script '/home/vasee22/igus-coffee-moveit/install/igus_rebel/share/igus_rebel/package.ps1'
[11.686s] INFO:colcon.colcon_core.shell:Creating package descriptor '/home/vasee22/igus-coffee-moveit/install/igus_rebel/share/igus_rebel/package.dsv'
[11.687s] INFO:colcon.colcon_core.shell:Creating package script '/home/vasee22/igus-coffee-moveit/install/igus_rebel/share/igus_rebel/package.sh'
[11.687s] INFO:colcon.colcon_core.shell:Creating package script '/home/vasee22/igus-coffee-moveit/install/igus_rebel/share/igus_rebel/package.bash'
[11.688s] INFO:colcon.colcon_core.shell:Creating package script '/home/vasee22/igus-coffee-moveit/install/igus_rebel/share/igus_rebel/package.zsh'
[11.688s] Level 1:colcon.colcon_core.environment:create_file_with_runtime_dependencies(/home/vasee22/igus-coffee-moveit/install/igus_rebel/share/colcon-core/packages/igus_rebel)
[11.689s] DEBUG:colcon.colcon_parallel_executor.executor.parallel:closing loop
[11.689s] DEBUG:colcon.colcon_parallel_executor.executor.parallel:loop closed
[11.690s] DEBUG:colcon.colcon_parallel_executor.executor.parallel:run_until_complete finished with '0'
[11.690s] DEBUG:colcon.colcon_core.event_reactor:joining thread
[11.700s] INFO:colcon.colcon_core.plugin_system:Skipping extension 'colcon_notification.desktop_notification.terminal_notifier': Not used on non-Darwin systems
[11.700s] INFO:colcon.colcon_core.plugin_system:Skipping extension 'colcon_notification.desktop_notification.win32': Not used on non-Windows systems
[11.700s] INFO:colcon.colcon_notification.desktop_notification:Sending desktop notification using 'notify2'
[11.722s] DEBUG:colcon.colcon_core.event_reactor:joined thread
[11.722s] INFO:colcon.colcon_core.shell:Creating prefix script '/home/vasee22/igus-coffee-moveit/install/local_setup.ps1'
[11.723s] INFO:colcon.colcon_core.shell:Creating prefix util module '/home/vasee22/igus-coffee-moveit/install/_local_setup_util_ps1.py'
[11.725s] INFO:colcon.colcon_core.shell:Creating prefix chain script '/home/vasee22/igus-coffee-moveit/install/setup.ps1'
[11.727s] INFO:colcon.colcon_core.shell:Creating prefix script '/home/vasee22/igus-coffee-moveit/install/local_setup.sh'
[11.728s] INFO:colcon.colcon_core.shell:Creating prefix util module '/home/vasee22/igus-coffee-moveit/install/_local_setup_util_sh.py'
[11.729s] INFO:colcon.colcon_core.shell:Creating prefix chain script '/home/vasee22/igus-coffee-moveit/install/setup.sh'
[11.731s] INFO:colcon.colcon_core.shell:Creating prefix script '/home/vasee22/igus-coffee-moveit/install/local_setup.bash'
[11.732s] INFO:colcon.colcon_core.shell:Creating prefix chain script '/home/vasee22/igus-coffee-moveit/install/setup.bash'
[11.734s] INFO:colcon.colcon_core.shell:Creating prefix script '/home/vasee22/igus-coffee-moveit/install/local_setup.zsh'
[11.734s] INFO:colcon.colcon_core.shell:Creating prefix chain script '/home/vasee22/igus-coffee-moveit/install/setup.zsh'
