[ 23%] [32m[1mLinking CXX executable igus_moveit[0m
[ 23%] [32m[1mLinking CXX executable igus_rail_moveit[0m
[ 30%] Built target random_pose_node
[ 38%] [32mBuilding CXX object CMakeFiles/igus_rebel.dir/src/Rebel.cpp.o[0m
[ 46%] [32mBuilding CXX object CMakeFiles/pick_and_place.dir/src/pick_and_place.cpp.o[0m
[ 53%] [32mBuilding CXX object CMakeFiles/pick_and_place.dir/src/setup_environment.cpp.o[0m
[ 61%] Built target igus_moveit
[ 69%] Built target igus_rail_moveit
[01m[K/home/vasee22/igus-coffee-moveit/src/igus_rebel_ros2/igus_rebel/src/Rebel.cpp:[m[K In member function ‘[01m[Kvirtual hardware_interface::return_type Igus::Rebel::[01;32m[Kwrite[m[K(const rclcpp::Time&, const rclcpp::Duration&)[m[K’:
[01m[K/home/vasee22/igus-coffee-moveit/src/igus_rebel_ros2/igus_rebel/src/Rebel.cpp:665:75:[m[K [01;35m[Kwarning: [m[Kunused parameter ‘[01m[Kperiod[m[K’ [[01;35m[K]8;;https://gcc.gnu.org/onlinedocs/gcc/Warning-Options.html#index-Wunused-parameter-Wunused-parameter]8;;[m[K]
  665 | _type Rebel::write(const rclcpp::Time&, [01;35m[Kconst rclcpp::Duration &period[m[K)
      |                                         [01;35m[K~~~~~~~~~~~~~~~~~~~~~~~~^~~~~~[m[K

[ 76%] [32m[1mLinking CXX shared library libigus_rebel.so[0m
[01m[K/home/vasee22/igus-coffee-moveit/src/igus_rebel_ros2/igus_rebel/src/pick_and_place.cpp:[m[K In member function ‘[01m[Kmoveit::task_constructor::Task SimpleTask::[01;32m[KcreateMoveToCoffeeMachine[m[K()[m[K’:
[01m[K/home/vasee22/igus-coffee-moveit/src/igus_rebel_ros2/igus_rebel/src/pick_and_place.cpp:456:15:[m[K [01;35m[Kwarning: [m[Kvariable ‘[01m[Kcurrent_state_ptr[m[K’ set but not used [[01;35m[K]8;;https://gcc.gnu.org/onlinedocs/gcc/Warning-Options.html#index-Wunused-but-set-variable-Wunused-but-set-variable]8;;[m[K]
  456 |   mtc::Stage* [01;35m[Kcurrent_state_ptr[m[K = nullptr;
      |               [01;35m[K^~~~~~~~~~~~~~~~~[m[K
[ 92%] Built target igus_rebel
[100%] [32m[1mLinking CXX executable pick_and_place[0m
[100%] Built target pick_and_place
-- Install configuration: ""
-- Installing: /home/vasee22/igus-coffee-moveit/install/igus_rebel/share/igus_rebel/rebel.xml
-- Installing: /home/vasee22/igus-coffee-moveit/install/igus_rebel/lib/libigus_rebel.so
-- Set non-toolchain portion of runtime path of "/home/vasee22/igus-coffee-moveit/install/igus_rebel/lib/libigus_rebel.so" to ""
-- Installing: /home/vasee22/igus-coffee-moveit/install/igus_rebel/lib/igus_rebel/igus_moveit
-- Set non-toolchain portion of runtime path of "/home/vasee22/igus-coffee-moveit/install/igus_rebel/lib/igus_rebel/igus_moveit" to ""
-- Installing: /home/vasee22/igus-coffee-moveit/install/igus_rebel/lib/igus_rebel/igus_rail_moveit
-- Set non-toolchain portion of runtime path of "/home/vasee22/igus-coffee-moveit/install/igus_rebel/lib/igus_rebel/igus_rail_moveit" to ""
-- Installing: /home/vasee22/igus-coffee-moveit/install/igus_rebel/lib/igus_rebel/pick_and_place
-- Set non-toolchain portion of runtime path of "/home/vasee22/igus-coffee-moveit/install/igus_rebel/lib/igus_rebel/pick_and_place" to ""
-- Installing: /home/vasee22/igus-coffee-moveit/install/igus_rebel/lib/igus_rebel/random_pose_node
-- Set non-toolchain portion of runtime path of "/home/vasee22/igus-coffee-moveit/install/igus_rebel/lib/igus_rebel/random_pose_node" to ""
-- Up-to-date: /home/vasee22/igus-coffee-moveit/install/igus_rebel/share/igus_rebel/rebel.xml
-- Up-to-date: /home/vasee22/igus-coffee-moveit/install/igus_rebel/share/igus_rebel//config
-- Installing: /home/vasee22/igus-coffee-moveit/install/igus_rebel/share/igus_rebel//config/controller.yaml
-- Up-to-date: /home/vasee22/igus-coffee-moveit/install/igus_rebel/share/igus_rebel//launch
-- Installing: /home/vasee22/igus-coffee-moveit/install/igus_rebel/share/igus_rebel//launch/pick_and_place.launch.py
-- Installing: /home/vasee22/igus-coffee-moveit/install/igus_rebel/share/igus_rebel//launch/rebel.launch.py
-- Installing: /home/vasee22/igus-coffee-moveit/install/igus_rebel/share/ament_index/resource_index/package_run_dependencies/igus_rebel
-- Installing: /home/vasee22/igus-coffee-moveit/install/igus_rebel/share/ament_index/resource_index/parent_prefix_path/igus_rebel
-- Installing: /home/vasee22/igus-coffee-moveit/install/igus_rebel/share/igus_rebel/environment/ament_prefix_path.sh
-- Installing: /home/vasee22/igus-coffee-moveit/install/igus_rebel/share/igus_rebel/environment/ament_prefix_path.dsv
-- Installing: /home/vasee22/igus-coffee-moveit/install/igus_rebel/share/igus_rebel/environment/path.sh
-- Installing: /home/vasee22/igus-coffee-moveit/install/igus_rebel/share/igus_rebel/environment/path.dsv
-- Installing: /home/vasee22/igus-coffee-moveit/install/igus_rebel/share/igus_rebel/local_setup.bash
-- Installing: /home/vasee22/igus-coffee-moveit/install/igus_rebel/share/igus_rebel/local_setup.sh
-- Installing: /home/vasee22/igus-coffee-moveit/install/igus_rebel/share/igus_rebel/local_setup.zsh
-- Installing: /home/vasee22/igus-coffee-moveit/install/igus_rebel/share/igus_rebel/local_setup.dsv
-- Installing: /home/vasee22/igus-coffee-moveit/install/igus_rebel/share/igus_rebel/package.dsv
-- Installing: /home/vasee22/igus-coffee-moveit/install/igus_rebel/share/ament_index/resource_index/packages/igus_rebel
-- Installing: /home/vasee22/igus-coffee-moveit/install/igus_rebel/share/ament_index/resource_index/hardware_interface__pluginlib__plugin/igus_rebel
-- Installing: /home/vasee22/igus-coffee-moveit/install/igus_rebel/share/igus_rebel/cmake/igus_rebelConfig.cmake
-- Installing: /home/vasee22/igus-coffee-moveit/install/igus_rebel/share/igus_rebel/cmake/igus_rebelConfig-version.cmake
-- Installing: /home/vasee22/igus-coffee-moveit/install/igus_rebel/share/igus_rebel/package.xml
