In file included from [01m[K/home/vasee22/igus-coffee-moveit/src/igus_rebel_ros2/igus_rebel/src/pick_and_place.cpp:9[m[K:
[01m[K/opt/ros/jazzy/include/moveit_core/moveit/collision_detection/collision_matrix.h:50:77:[m[K [01;36m[Knote: [m[K‘[01m[K#pragma message: .h header is obsolete. Please use the .hpp header instead.[m[K’
   50 | #pragma message(".h header is obsolete. Please use the .hpp header instead."[01;36m[K)[m[K
      |                                                                             [01;36m[K^[m[K
[01m[K/home/vasee22/igus-coffee-moveit/src/igus_rebel_ros2/igus_rebel/src/pick_and_place.cpp:[m[K In member function ‘[01m[Kmoveit::task_constructor::Task SimpleTask::[01;32m[KcreateTask[m[K()[m[K’:
[01m[K/home/vasee22/igus-coffee-moveit/src/igus_rebel_ros2/igus_rebel/src/pick_and_place.cpp:400:1:[m[K [01;35m[Kwarning: [m[Kno return statement in function returning non-void [[01;35m[K]8;;https://gcc.gnu.org/onlinedocs/gcc/Warning-Options.html#index-Wreturn-type-Wreturn-type]8;;[m[K]
  400 | [01;35m[K}[m[K
      | [01;35m[K^[m[K
[01m[K/home/vasee22/igus-coffee-moveit/src/igus_rebel_ros2/igus_rebel/src/pick_and_place.cpp:[m[K At global scope:
[01m[K/home/vasee22/igus-coffee-moveit/src/igus_rebel_ros2/igus_rebel/src/pick_and_place.cpp:433:3:[m[K [01;31m[Kerror: [m[K‘[01m[Ktask[m[K’ does not name a type
  433 |   [01;31m[Ktask[m[K.stages()->setName("pick cup holder");  // Name shown in RViz
      |   [01;31m[K^~~~[m[K
[01m[K/home/vasee22/igus-coffee-moveit/src/igus_rebel_ros2/igus_rebel/src/pick_and_place.cpp:434:3:[m[K [01;31m[Kerror: [m[K‘[01m[Ktask[m[K’ does not name a type
  434 |   [01;31m[Ktask[m[K.loadRobotModel(node_);  // Load URDF/SRDF into task
      |   [01;31m[K^~~~[m[K
[01m[K/home/vasee22/igus-coffee-moveit/src/igus_rebel_ros2/igus_rebel/src/pick_and_place.cpp:450:3:[m[K [01;31m[Kerror: [m[K‘[01m[Ktask[m[K’ does not name a type
  450 |   [01;31m[Ktask[m[K.setProperty("group", arm_group_name);  // Which joints to plan for
      |   [01;31m[K^~~~[m[K
[01m[K/home/vasee22/igus-coffee-moveit/src/igus_rebel_ros2/igus_rebel/src/pick_and_place.cpp:451:3:[m[K [01;31m[Kerror: [m[K‘[01m[Ktask[m[K’ does not name a type
  451 |   [01;31m[Ktask[m[K.setProperty("eef", eef_name);          // Which end effector we're using
      |   [01;31m[K^~~~[m[K
[01m[K/home/vasee22/igus-coffee-moveit/src/igus_rebel_ros2/igus_rebel/src/pick_and_place.cpp:452:3:[m[K [01;31m[Kerror: [m[K‘[01m[Ktask[m[K’ does not name a type
  452 |   [01;31m[Ktask[m[K.setProperty("ik_frame", hand_frame);   // Reference frame for IK
      |   [01;31m[K^~~~[m[K
[01m[K/home/vasee22/igus-coffee-moveit/src/igus_rebel_ros2/igus_rebel/src/pick_and_place.cpp:459:75:[m[K [01;31m[Kerror: [m[K‘[01m[Knode_[m[K’ was not declared in this scope; did you mean ‘[01m[Kmode_t[m[K’?
  459 |   auto sampling_planner = std::make_shared<mtc::solvers::PipelinePlanner>([01;31m[Knode_[m[K);
      |                                                                           [01;31m[K^~~~~[m[K
      |                                                                           [32m[Kmode_t[m[K
[01m[K/home/vasee22/igus-coffee-moveit/src/igus_rebel_ros2/igus_rebel/src/pick_and_place.cpp:460:3:[m[K [01;31m[Kerror: [m[K‘[01m[Ksampling_planner[m[K’ does not name a type
  460 |   [01;31m[Ksampling_planner[m[K->setProperty("max_velocity_scaling_factor", 0.1);     // Slow = 10% max speed
      |   [01;31m[K^~~~~~~~~~~~~~~~[m[K
[01m[K/home/vasee22/igus-coffee-moveit/src/igus_rebel_ros2/igus_rebel/src/pick_and_place.cpp:461:3:[m[K [01;31m[Kerror: [m[K‘[01m[Ksampling_planner[m[K’ does not name a type
  461 |   [01;31m[Ksampling_planner[m[K->setProperty("max_acceleration_scaling_factor", 0.1); // Slow = 10% max accel
      |   [01;31m[K^~~~~~~~~~~~~~~~[m[K
[01m[K/home/vasee22/igus-coffee-moveit/src/igus_rebel_ros2/igus_rebel/src/pick_and_place.cpp:465:3:[m[K [01;31m[Kerror: [m[K‘[01m[Kcartesian_planner[m[K’ does not name a type
  465 |   [01;31m[Kcartesian_planner[m[K->setMaxVelocityScalingFactor(0.1);     // Slow = 10% max speed
      |   [01;31m[K^~~~~~~~~~~~~~~~~[m[K
[01m[K/home/vasee22/igus-coffee-moveit/src/igus_rebel_ros2/igus_rebel/src/pick_and_place.cpp:466:3:[m[K [01;31m[Kerror: [m[K‘[01m[Kcartesian_planner[m[K’ does not name a type
  466 |   [01;31m[Kcartesian_planner[m[K->setMaxAccelerationScalingFactor(0.1); // Slow = 10% max accel
      |   [01;31m[K^~~~~~~~~~~~~~~~~[m[K
[01m[K/home/vasee22/igus-coffee-moveit/src/igus_rebel_ros2/igus_rebel/src/pick_and_place.cpp:467:3:[m[K [01;31m[Kerror: [m[K‘[01m[Kcartesian_planner[m[K’ does not name a type
  467 |   [01;31m[Kcartesian_planner[m[K->setStepSize(0.01);  // 1cm steps for collision checking
      |   [01;31m[K^~~~~~~~~~~~~~~~~[m[K
[01m[K/home/vasee22/igus-coffee-moveit/src/igus_rebel_ros2/igus_rebel/src/pick_and_place.cpp:485:3:[m[K [01;31m[Kerror: [m[Kexpected unqualified-id before ‘[01m[K{[m[K’ token
  485 |   [01;31m[K{[m[K
      |   [01;31m[K^[m[K
[01m[K/home/vasee22/igus-coffee-moveit/src/igus_rebel_ros2/igus_rebel/src/pick_and_place.cpp:498:3:[m[K [01;31m[Kerror: [m[Kexpected unqualified-id before ‘[01m[K{[m[K’ token
  498 |   [01;31m[K{[m[K
      |   [01;31m[K^[m[K
[01m[K/home/vasee22/igus-coffee-moveit/src/igus_rebel_ros2/igus_rebel/src/pick_and_place.cpp:516:3:[m[K [01;31m[Kerror: [m[Kexpected unqualified-id before ‘[01m[K{[m[K’ token
  516 |   [01;31m[K{[m[K
      |   [01;31m[K^[m[K
[01m[K/home/vasee22/igus-coffee-moveit/src/igus_rebel_ros2/igus_rebel/src/pick_and_place.cpp:706:3:[m[K [01;31m[Kerror: [m[Kexpected unqualified-id before ‘[01m[Kreturn[m[K’
  706 |   [01;31m[Kreturn[m[K task;
      |   [01;31m[K^~~~~~[m[K
gmake[2]: *** [CMakeFiles/pick_and_place.dir/build.make:76: CMakeFiles/pick_and_place.dir/src/pick_and_place.cpp.o] Error 1
gmake[1]: *** [CMakeFiles/Makefile2:223: CMakeFiles/pick_and_place.dir/all] Error 2
gmake: *** [Makefile:146: all] Error 2
