[0.016s] Invoking command in '/home/vasee22/igus-coffee-moveit/build/igus_rebel_msgs': CMAKE_PREFIX_PATH=${CMAKE_PREFIX_PATH}:/home/vasee22/igus-coffee-moveit/install/modbus_ros:/home/vasee22/COAR-ROS2-Workspace-mai/install/modbus_ros:/opt/ros/jazzy DEBUGINFOD_URLS=https://debuginfod.ubuntu.com /usr/bin/cmake /home/vasee22/igus-coffee-moveit/src/igus_rebel_ros2/igus_rebel_msgs -DCMAKE_INSTALL_PREFIX=/home/vasee22/igus-coffee-moveit/install/igus_rebel_msgs
[0.135s] -- The C compiler identification is GNU 13.3.0
[0.221s] -- The CXX compiler identification is GNU 13.3.0
[0.246s] -- Detecting C compiler ABI info
[0.379s] -- Detecting C compiler ABI info - done
[0.389s] -- Check for working C compiler: /usr/bin/cc - skipped
[0.389s] -- Detecting C compile features
[0.390s] -- Detecting C compile features - done
[0.405s] -- Detecting CXX compiler ABI info
[0.549s] -- Detecting CXX compiler ABI info - done
[0.563s] -- Check for working CXX compiler: /usr/bin/c++ - skipped
[0.563s] -- Detecting CXX compile features
[0.564s] -- Detecting CXX compile features - done
[0.578s] -- Found ament_cmake: 2.5.6 (/opt/ros/jazzy/share/ament_cmake/cmake)
[0.819s] -- Found Python3: /usr/bin/python3 (found version "3.12.3") found components: Interpreter 
[1.004s] -- Found rclcpp: 28.1.18 (/opt/ros/jazzy/share/rclcpp/cmake)
[1.107s] -- Found rosidl_generator_c: 4.6.7 (/opt/ros/jazzy/share/rosidl_generator_c/cmake)
[1.139s] -- Found rosidl_generator_cpp: 4.6.7 (/opt/ros/jazzy/share/rosidl_generator_cpp/cmake)
[1.180s] -- Using all available rosidl_typesupport_c: rosidl_typesupport_fastrtps_c;rosidl_typesupport_introspection_c
[1.224s] -- Using all available rosidl_typesupport_cpp: rosidl_typesupport_fastrtps_cpp;rosidl_typesupport_introspection_cpp
[1.346s] -- Found rmw_implementation_cmake: 7.3.3 (/opt/ros/jazzy/share/rmw_implementation_cmake/cmake)
[1.353s] -- Found rmw_fastrtps_cpp: 8.4.3 (/opt/ros/jazzy/share/rmw_fastrtps_cpp/cmake)
[1.489s] -- Found OpenSSL: /usr/lib/x86_64-linux-gnu/libcrypto.so (found version "3.0.13")  
[1.529s] -- Found FastRTPS: /opt/ros/jazzy/include (Required is at least version "2.13") 
[1.568s] -- Using RMW implementation 'rmw_fastrtps_cpp' as default
[1.754s] -- Found rclpy: 7.1.11 (/opt/ros/jazzy/share/rclpy/cmake)
[1.761s] -- Found std_msgs: 5.3.7 (/opt/ros/jazzy/share/std_msgs/cmake)
[1.794s] -- Found sensor_msgs: 5.3.7 (/opt/ros/jazzy/share/sensor_msgs/cmake)
[1.883s] -- Found rosidl_default_generators: 1.6.0 (/opt/ros/jazzy/share/rosidl_default_generators/cmake)
[1.933s] -- Found rosidl_adapter: 4.6.7 (/opt/ros/jazzy/share/rosidl_adapter/cmake)
[2.813s] -- Found ament_cmake_ros: 0.12.0 (/opt/ros/jazzy/share/ament_cmake_ros/cmake)
[3.901s] -- Using all available rosidl_typesupport_c: rosidl_typesupport_fastrtps_c;rosidl_typesupport_introspection_c
[4.321s] -- Using all available rosidl_typesupport_cpp: rosidl_typesupport_fastrtps_cpp;rosidl_typesupport_introspection_cpp
[4.330s] -- Found python_cmake_module: 0.11.1 (/opt/ros/jazzy/share/python_cmake_module/cmake)
[4.543s] -- Found PythonExtra: /usr/bin/python3  
[5.152s] -- Found Python3: /usr/bin/python3 (found version "3.12.3") found components: Interpreter Development NumPy Development.Module Development.Embed 
[5.252s] -- Found Python3: /usr/bin/python3 (found version "3.12.3") found components: Interpreter 
[5.266s] -- Configuring done (5.2s)
[5.314s] -- Generating done (0.0s)
[5.330s] -- Build files have been written to: /home/vasee22/igus-coffee-moveit/build/igus_rebel_msgs
[5.350s] Invoked command in '/home/vasee22/igus-coffee-moveit/build/igus_rebel_msgs' returned '0': CMAKE_PREFIX_PATH=${CMAKE_PREFIX_PATH}:/home/vasee22/igus-coffee-moveit/install/modbus_ros:/home/vasee22/COAR-ROS2-Workspace-mai/install/modbus_ros:/opt/ros/jazzy DEBUGINFOD_URLS=https://debuginfod.ubuntu.com /usr/bin/cmake /home/vasee22/igus-coffee-moveit/src/igus_rebel_ros2/igus_rebel_msgs -DCMAKE_INSTALL_PREFIX=/home/vasee22/igus-coffee-moveit/install/igus_rebel_msgs
[5.353s] Invoking command in '/home/vasee22/igus-coffee-moveit/build/igus_rebel_msgs': CMAKE_PREFIX_PATH=${CMAKE_PREFIX_PATH}:/home/vasee22/igus-coffee-moveit/install/modbus_ros:/home/vasee22/COAR-ROS2-Workspace-mai/install/modbus_ros:/opt/ros/jazzy DEBUGINFOD_URLS=https://debuginfod.ubuntu.com /usr/bin/cmake --build /home/vasee22/igus-coffee-moveit/build/igus_rebel_msgs -- -j24 -l24
[5.435s] [  4%] [34m[1mGenerating type hashes for ROS interfaces[0m
[5.435s] [  4%] [34m[1mGenerating Rust code for ROS interfaces[0m
[5.449s] [  4%] Built target ament_cmake_python_copy_igus_rebel_msgs
[5.685s] [  4%] Built target igus_rebel_msgs__rosidl_generator_type_description
[5.702s] [  6%] [34m[1mGenerating C code for ROS interfaces[0m
[5.702s] [  6%] Built target igus_rebel_msgs__rs
[5.717s] [  8%] [34m[1mGenerating C++ code for ROS interfaces[0m
[5.724s] running egg_info
[5.725s] creating igus_rebel_msgs.egg-info
[5.747s] writing igus_rebel_msgs.egg-info/PKG-INFO
[5.747s] writing dependency_links to igus_rebel_msgs.egg-info/dependency_links.txt
[5.747s] writing top-level names to igus_rebel_msgs.egg-info/top_level.txt
[5.747s] writing manifest file 'igus_rebel_msgs.egg-info/SOURCES.txt'
[5.811s] reading manifest file 'igus_rebel_msgs.egg-info/SOURCES.txt'
[5.812s] writing manifest file 'igus_rebel_msgs.egg-info/SOURCES.txt'
[5.846s] [  8%] Built target ament_cmake_python_build_igus_rebel_msgs_egg
[6.049s] [ 22%] [32mBuilding C object CMakeFiles/igus_rebel_msgs__rosidl_generator_c.dir/rosidl_generator_c/igus_rebel_msgs/srv/detail/set_digital_output__functions.c.o[0m
[6.049s] [ 22%] [32mBuilding C object CMakeFiles/igus_rebel_msgs__rosidl_generator_c.dir/rosidl_generator_c/igus_rebel_msgs/srv/detail/set_digital_output__type_support.c.o[0m
[6.049s] [ 22%] [32mBuilding C object CMakeFiles/igus_rebel_msgs__rosidl_generator_c.dir/rosidl_generator_c/igus_rebel_msgs/msg/detail/digital_output__type_support.c.o[0m
[6.049s] [ 22%] [32mBuilding C object CMakeFiles/igus_rebel_msgs__rosidl_generator_c.dir/rosidl_generator_c/igus_rebel_msgs/msg/detail/digital_output__functions.c.o[0m
[6.049s] [ 22%] [32mBuilding C object CMakeFiles/igus_rebel_msgs__rosidl_generator_c.dir/rosidl_generator_c/igus_rebel_msgs/srv/detail/set_digital_output__description.c.o[0m
[6.049s] [ 22%] [32mBuilding C object CMakeFiles/igus_rebel_msgs__rosidl_generator_c.dir/rosidl_generator_c/igus_rebel_msgs/msg/detail/digital_output__description.c.o[0m
[6.088s] [ 22%] Built target igus_rebel_msgs__cpp
[6.156s] [ 24%] [32m[1mLinking C shared library libigus_rebel_msgs__rosidl_generator_c.so[0m
[6.213s] [ 24%] Built target igus_rebel_msgs__rosidl_generator_c
[6.229s] [ 35%] [34m[1mGenerating C++ type support for eProsima Fast-RTPS[0m
[6.229s] [ 35%] [34m[1mGenerating C++ introspection for ROS interfaces[0m
[6.229s] [ 35%] [34m[1mGenerating C introspection for ROS interfaces[0m
[6.229s] [ 35%] [34m[1mGenerating C type support for eProsima Fast-RTPS[0m
[6.229s] [ 35%] [34m[1mGenerating C type support dispatch for ROS interfaces[0m
[6.229s] [ 37%] [34m[1mGenerating C++ type support dispatch for ROS interfaces[0m
[6.538s] [ 40%] [32mBuilding CXX object CMakeFiles/igus_rebel_msgs__rosidl_typesupport_cpp.dir/rosidl_typesupport_cpp/igus_rebel_msgs/msg/digital_output__type_support.cpp.o[0m
[6.538s] [ 44%] [32mBuilding CXX object CMakeFiles/igus_rebel_msgs__rosidl_typesupport_cpp.dir/rosidl_typesupport_cpp/igus_rebel_msgs/srv/set_digital_output__type_support.cpp.o[0m
[6.538s] [ 44%] [32mBuilding CXX object CMakeFiles/igus_rebel_msgs__rosidl_typesupport_c.dir/rosidl_typesupport_c/igus_rebel_msgs/msg/digital_output__type_support.cpp.o[0m
[6.538s] [ 46%] [32mBuilding CXX object CMakeFiles/igus_rebel_msgs__rosidl_typesupport_c.dir/rosidl_typesupport_c/igus_rebel_msgs/srv/set_digital_output__type_support.cpp.o[0m
[6.552s] [ 51%] [32mBuilding CXX object CMakeFiles/igus_rebel_msgs__rosidl_typesupport_introspection_cpp.dir/rosidl_typesupport_introspection_cpp/igus_rebel_msgs/srv/detail/set_digital_output__type_support.cpp.o[0m
[6.552s] [ 51%] [32mBuilding CXX object CMakeFiles/igus_rebel_msgs__rosidl_typesupport_introspection_cpp.dir/rosidl_typesupport_introspection_cpp/igus_rebel_msgs/msg/detail/digital_output__type_support.cpp.o[0m
[6.566s] [ 55%] [32mBuilding C object CMakeFiles/igus_rebel_msgs__rosidl_typesupport_introspection_c.dir/rosidl_typesupport_introspection_c/igus_rebel_msgs/msg/detail/digital_output__type_support.c.o[0m
[6.566s] [ 55%] [32mBuilding C object CMakeFiles/igus_rebel_msgs__rosidl_typesupport_introspection_c.dir/rosidl_typesupport_introspection_c/igus_rebel_msgs/srv/detail/set_digital_output__type_support.c.o[0m
[6.596s] [ 60%] [32mBuilding CXX object CMakeFiles/igus_rebel_msgs__rosidl_typesupport_fastrtps_cpp.dir/rosidl_typesupport_fastrtps_cpp/igus_rebel_msgs/srv/detail/dds_fastrtps/set_digital_output__type_support.cpp.o[0m
[6.596s] [ 60%] [32mBuilding CXX object CMakeFiles/igus_rebel_msgs__rosidl_typesupport_fastrtps_cpp.dir/rosidl_typesupport_fastrtps_cpp/igus_rebel_msgs/msg/detail/dds_fastrtps/digital_output__type_support.cpp.o[0m
[6.601s] [ 62%] [32m[1mLinking CXX shared library libigus_rebel_msgs__rosidl_typesupport_c.so[0m
[6.604s] [ 66%] [32mBuilding CXX object CMakeFiles/igus_rebel_msgs__rosidl_typesupport_fastrtps_c.dir/rosidl_typesupport_fastrtps_c/igus_rebel_msgs/msg/detail/digital_output__type_support_c.cpp.o[0m
[6.604s] [ 66%] [32mBuilding CXX object CMakeFiles/igus_rebel_msgs__rosidl_typesupport_fastrtps_c.dir/rosidl_typesupport_fastrtps_c/igus_rebel_msgs/srv/detail/set_digital_output__type_support_c.cpp.o[0m
[6.633s] [ 68%] [32m[1mLinking C shared library libigus_rebel_msgs__rosidl_typesupport_introspection_c.so[0m
[6.663s] [ 68%] Built target igus_rebel_msgs__rosidl_typesupport_c
[6.681s] [ 68%] Built target igus_rebel_msgs__rosidl_typesupport_introspection_c
[6.951s] [ 71%] [32m[1mLinking CXX shared library libigus_rebel_msgs__rosidl_typesupport_cpp.so[0m
[6.986s] [ 73%] [32m[1mLinking CXX shared library libigus_rebel_msgs__rosidl_typesupport_introspection_cpp.so[0m
[7.061s] [ 73%] Built target igus_rebel_msgs__rosidl_typesupport_cpp
[7.097s] [ 73%] Built target igus_rebel_msgs__rosidl_typesupport_introspection_cpp
[7.106s] [ 75%] [32m[1mLinking CXX shared library libigus_rebel_msgs__rosidl_typesupport_fastrtps_c.so[0m
[7.211s] [ 75%] Built target igus_rebel_msgs__rosidl_typesupport_fastrtps_c
[7.219s] [ 77%] [32m[1mLinking CXX shared library libigus_rebel_msgs__rosidl_typesupport_fastrtps_cpp.so[0m
[7.327s] [ 77%] Built target igus_rebel_msgs__rosidl_typesupport_fastrtps_cpp
[7.360s] [ 77%] Built target igus_rebel_msgs
[7.393s] [ 80%] [34m[1mGenerating Python code for ROS interfaces[0m
[7.788s] [ 80%] Built target igus_rebel_msgs__py
[7.819s] [ 82%] [32mBuilding C object CMakeFiles/igus_rebel_msgs__rosidl_generator_py.dir/rosidl_generator_py/igus_rebel_msgs/msg/_digital_output_s.c.o[0m
[7.819s] [ 84%] [32mBuilding C object CMakeFiles/igus_rebel_msgs__rosidl_generator_py.dir/rosidl_generator_py/igus_rebel_msgs/srv/_set_digital_output_s.c.o[0m
[8.014s] [ 86%] [32m[1mLinking C shared library libigus_rebel_msgs__rosidl_generator_py.so[0m
[8.078s] [ 86%] Built target igus_rebel_msgs__rosidl_generator_py
[8.110s] [ 93%] [32mBuilding C object CMakeFiles/igus_rebel_msgs_s__rosidl_typesupport_introspection_c.dir/rosidl_generator_py/igus_rebel_msgs/_igus_rebel_msgs_s.ep.rosidl_typesupport_introspection_c.c.o[0m
[8.111s] [ 93%] [32mBuilding C object CMakeFiles/igus_rebel_msgs_s__rosidl_typesupport_fastrtps_c.dir/rosidl_generator_py/igus_rebel_msgs/_igus_rebel_msgs_s.ep.rosidl_typesupport_fastrtps_c.c.o[0m
[8.111s] [ 93%] [32mBuilding C object CMakeFiles/igus_rebel_msgs_s__rosidl_typesupport_c.dir/rosidl_generator_py/igus_rebel_msgs/_igus_rebel_msgs_s.ep.rosidl_typesupport_c.c.o[0m
[8.249s] [ 95%] [32m[1mLinking C shared module rosidl_generator_py/igus_rebel_msgs/igus_rebel_msgs_s__rosidl_typesupport_introspection_c.so[0m
[8.251s] [ 97%] [32m[1mLinking C shared module rosidl_generator_py/igus_rebel_msgs/igus_rebel_msgs_s__rosidl_typesupport_c.so[0m
[8.253s] [100%] [32m[1mLinking C shared module rosidl_generator_py/igus_rebel_msgs/igus_rebel_msgs_s__rosidl_typesupport_fastrtps_c.so[0m
[8.295s] [100%] Built target igus_rebel_msgs_s__rosidl_typesupport_c
[8.295s] [100%] Built target igus_rebel_msgs_s__rosidl_typesupport_introspection_c
[8.296s] [100%] Built target igus_rebel_msgs_s__rosidl_typesupport_fastrtps_c
[8.313s] Invoked command in '/home/vasee22/igus-coffee-moveit/build/igus_rebel_msgs' returned '0': CMAKE_PREFIX_PATH=${CMAKE_PREFIX_PATH}:/home/vasee22/igus-coffee-moveit/install/modbus_ros:/home/vasee22/COAR-ROS2-Workspace-mai/install/modbus_ros:/opt/ros/jazzy DEBUGINFOD_URLS=https://debuginfod.ubuntu.com /usr/bin/cmake --build /home/vasee22/igus-coffee-moveit/build/igus_rebel_msgs -- -j24 -l24
[8.315s] Invoking command in '/home/vasee22/igus-coffee-moveit/build/igus_rebel_msgs': CMAKE_PREFIX_PATH=${CMAKE_PREFIX_PATH}:/home/vasee22/igus-coffee-moveit/install/modbus_ros:/home/vasee22/COAR-ROS2-Workspace-mai/install/modbus_ros:/opt/ros/jazzy DEBUGINFOD_URLS=https://debuginfod.ubuntu.com /usr/bin/cmake --install /home/vasee22/igus-coffee-moveit/build/igus_rebel_msgs
[8.327s] -- Install configuration: ""
[8.327s] -- Installing: /home/vasee22/igus-coffee-moveit/install/igus_rebel_msgs/share/ament_index/resource_index/rosidl_interfaces/igus_rebel_msgs
[8.328s] -- Installing: /home/vasee22/igus-coffee-moveit/install/igus_rebel_msgs/share/igus_rebel_msgs/msg/DigitalOutput.json
[8.328s] -- Installing: /home/vasee22/igus-coffee-moveit/install/igus_rebel_msgs/share/igus_rebel_msgs/srv/SetDigitalOutput.json
[8.328s] -- Installing: /home/vasee22/igus-coffee-moveit/install/igus_rebel_msgs/include/igus_rebel_msgs/igus_rebel_msgs
[8.328s] -- Installing: /home/vasee22/igus-coffee-moveit/install/igus_rebel_msgs/include/igus_rebel_msgs/igus_rebel_msgs/msg
[8.328s] -- Installing: /home/vasee22/igus-coffee-moveit/install/igus_rebel_msgs/include/igus_rebel_msgs/igus_rebel_msgs/msg/digital_output.h
[8.328s] -- Installing: /home/vasee22/igus-coffee-moveit/install/igus_rebel_msgs/include/igus_rebel_msgs/igus_rebel_msgs/msg/rosidl_generator_c__visibility_control.h
[8.328s] -- Installing: /home/vasee22/igus-coffee-moveit/install/igus_rebel_msgs/include/igus_rebel_msgs/igus_rebel_msgs/msg/detail
[8.328s] -- Installing: /home/vasee22/igus-coffee-moveit/install/igus_rebel_msgs/include/igus_rebel_msgs/igus_rebel_msgs/msg/detail/digital_output__type_support.h
[8.329s] -- Installing: /home/vasee22/igus-coffee-moveit/install/igus_rebel_msgs/include/igus_rebel_msgs/igus_rebel_msgs/msg/detail/digital_output__description.c
[8.329s] -- Installing: /home/vasee22/igus-coffee-moveit/install/igus_rebel_msgs/include/igus_rebel_msgs/igus_rebel_msgs/msg/detail/digital_output__type_support.c
[8.329s] -- Installing: /home/vasee22/igus-coffee-moveit/install/igus_rebel_msgs/include/igus_rebel_msgs/igus_rebel_msgs/msg/detail/digital_output__functions.c
[8.329s] -- Installing: /home/vasee22/igus-coffee-moveit/install/igus_rebel_msgs/include/igus_rebel_msgs/igus_rebel_msgs/msg/detail/digital_output__functions.h
[8.329s] -- Installing: /home/vasee22/igus-coffee-moveit/install/igus_rebel_msgs/include/igus_rebel_msgs/igus_rebel_msgs/msg/detail/digital_output__struct.h
[8.329s] -- Installing: /home/vasee22/igus-coffee-moveit/install/igus_rebel_msgs/include/igus_rebel_msgs/igus_rebel_msgs/srv
[8.329s] -- Installing: /home/vasee22/igus-coffee-moveit/install/igus_rebel_msgs/include/igus_rebel_msgs/igus_rebel_msgs/srv/set_digital_output.h
[8.330s] -- Installing: /home/vasee22/igus-coffee-moveit/install/igus_rebel_msgs/include/igus_rebel_msgs/igus_rebel_msgs/srv/detail
[8.330s] -- Installing: /home/vasee22/igus-coffee-moveit/install/igus_rebel_msgs/include/igus_rebel_msgs/igus_rebel_msgs/srv/detail/set_digital_output__type_support.c
[8.330s] -- Installing: /home/vasee22/igus-coffee-moveit/install/igus_rebel_msgs/include/igus_rebel_msgs/igus_rebel_msgs/srv/detail/set_digital_output__description.c
[8.330s] -- Installing: /home/vasee22/igus-coffee-moveit/install/igus_rebel_msgs/include/igus_rebel_msgs/igus_rebel_msgs/srv/detail/set_digital_output__struct.h
[8.330s] -- Installing: /home/vasee22/igus-coffee-moveit/install/igus_rebel_msgs/include/igus_rebel_msgs/igus_rebel_msgs/srv/detail/set_digital_output__functions.h
[8.330s] -- Installing: /home/vasee22/igus-coffee-moveit/install/igus_rebel_msgs/include/igus_rebel_msgs/igus_rebel_msgs/srv/detail/set_digital_output__type_support.h
[8.330s] -- Installing: /home/vasee22/igus-coffee-moveit/install/igus_rebel_msgs/include/igus_rebel_msgs/igus_rebel_msgs/srv/detail/set_digital_output__functions.c
[8.330s] -- Installing: /home/vasee22/igus-coffee-moveit/install/igus_rebel_msgs/share/igus_rebel_msgs/environment/library_path.sh
[8.331s] -- Installing: /home/vasee22/igus-coffee-moveit/install/igus_rebel_msgs/share/igus_rebel_msgs/environment/library_path.dsv
[8.331s] -- Installing: /home/vasee22/igus-coffee-moveit/install/igus_rebel_msgs/lib/libigus_rebel_msgs__rosidl_generator_c.so
[8.331s] -- Set non-toolchain portion of runtime path of "/home/vasee22/igus-coffee-moveit/install/igus_rebel_msgs/lib/libigus_rebel_msgs__rosidl_generator_c.so" to ""
[8.331s] -- Up-to-date: /home/vasee22/igus-coffee-moveit/install/igus_rebel_msgs/include/igus_rebel_msgs/igus_rebel_msgs
[8.331s] -- Up-to-date: /home/vasee22/igus-coffee-moveit/install/igus_rebel_msgs/include/igus_rebel_msgs/igus_rebel_msgs/msg
[8.331s] -- Installing: /home/vasee22/igus-coffee-moveit/install/igus_rebel_msgs/include/igus_rebel_msgs/igus_rebel_msgs/msg/rosidl_typesupport_fastrtps_c__visibility_control.h
[8.331s] -- Up-to-date: /home/vasee22/igus-coffee-moveit/install/igus_rebel_msgs/include/igus_rebel_msgs/igus_rebel_msgs/msg/detail
[8.331s] -- Installing: /home/vasee22/igus-coffee-moveit/install/igus_rebel_msgs/include/igus_rebel_msgs/igus_rebel_msgs/msg/detail/digital_output__rosidl_typesupport_fastrtps_c.h
[8.331s] -- Up-to-date: /home/vasee22/igus-coffee-moveit/install/igus_rebel_msgs/include/igus_rebel_msgs/igus_rebel_msgs/srv
[8.332s] -- Up-to-date: /home/vasee22/igus-coffee-moveit/install/igus_rebel_msgs/include/igus_rebel_msgs/igus_rebel_msgs/srv/detail
[8.332s] -- Installing: /home/vasee22/igus-coffee-moveit/install/igus_rebel_msgs/include/igus_rebel_msgs/igus_rebel_msgs/srv/detail/set_digital_output__rosidl_typesupport_fastrtps_c.h
[8.332s] -- Installing: /home/vasee22/igus-coffee-moveit/install/igus_rebel_msgs/lib/libigus_rebel_msgs__rosidl_typesupport_fastrtps_c.so
[8.332s] -- Set non-toolchain portion of runtime path of "/home/vasee22/igus-coffee-moveit/install/igus_rebel_msgs/lib/libigus_rebel_msgs__rosidl_typesupport_fastrtps_c.so" to ""
[8.332s] -- Up-to-date: /home/vasee22/igus-coffee-moveit/install/igus_rebel_msgs/include/igus_rebel_msgs/igus_rebel_msgs
[8.332s] -- Up-to-date: /home/vasee22/igus-coffee-moveit/install/igus_rebel_msgs/include/igus_rebel_msgs/igus_rebel_msgs/msg
[8.333s] -- Up-to-date: /home/vasee22/igus-coffee-moveit/install/igus_rebel_msgs/include/igus_rebel_msgs/igus_rebel_msgs/msg/detail
[8.333s] -- Installing: /home/vasee22/igus-coffee-moveit/install/igus_rebel_msgs/include/igus_rebel_msgs/igus_rebel_msgs/msg/detail/digital_output__struct.hpp
[8.333s] -- Installing: /home/vasee22/igus-coffee-moveit/install/igus_rebel_msgs/include/igus_rebel_msgs/igus_rebel_msgs/msg/detail/digital_output__type_support.hpp
[8.333s] -- Installing: /home/vasee22/igus-coffee-moveit/install/igus_rebel_msgs/include/igus_rebel_msgs/igus_rebel_msgs/msg/detail/digital_output__builder.hpp
[8.333s] -- Installing: /home/vasee22/igus-coffee-moveit/install/igus_rebel_msgs/include/igus_rebel_msgs/igus_rebel_msgs/msg/detail/digital_output__traits.hpp
[8.333s] -- Installing: /home/vasee22/igus-coffee-moveit/install/igus_rebel_msgs/include/igus_rebel_msgs/igus_rebel_msgs/msg/digital_output.hpp
[8.333s] -- Installing: /home/vasee22/igus-coffee-moveit/install/igus_rebel_msgs/include/igus_rebel_msgs/igus_rebel_msgs/msg/rosidl_generator_cpp__visibility_control.hpp
[8.333s] -- Up-to-date: /home/vasee22/igus-coffee-moveit/install/igus_rebel_msgs/include/igus_rebel_msgs/igus_rebel_msgs/srv
[8.333s] -- Installing: /home/vasee22/igus-coffee-moveit/install/igus_rebel_msgs/include/igus_rebel_msgs/igus_rebel_msgs/srv/set_digital_output.hpp
[8.334s] -- Up-to-date: /home/vasee22/igus-coffee-moveit/install/igus_rebel_msgs/include/igus_rebel_msgs/igus_rebel_msgs/srv/detail
[8.334s] -- Installing: /home/vasee22/igus-coffee-moveit/install/igus_rebel_msgs/include/igus_rebel_msgs/igus_rebel_msgs/srv/detail/set_digital_output__type_support.hpp
[8.334s] -- Installing: /home/vasee22/igus-coffee-moveit/install/igus_rebel_msgs/include/igus_rebel_msgs/igus_rebel_msgs/srv/detail/set_digital_output__builder.hpp
[8.334s] -- Installing: /home/vasee22/igus-coffee-moveit/install/igus_rebel_msgs/include/igus_rebel_msgs/igus_rebel_msgs/srv/detail/set_digital_output__struct.hpp
[8.334s] -- Installing: /home/vasee22/igus-coffee-moveit/install/igus_rebel_msgs/include/igus_rebel_msgs/igus_rebel_msgs/srv/detail/set_digital_output__traits.hpp
[8.334s] -- Up-to-date: /home/vasee22/igus-coffee-moveit/install/igus_rebel_msgs/include/igus_rebel_msgs/igus_rebel_msgs
[8.334s] -- Up-to-date: /home/vasee22/igus-coffee-moveit/install/igus_rebel_msgs/include/igus_rebel_msgs/igus_rebel_msgs/msg
[8.334s] -- Installing: /home/vasee22/igus-coffee-moveit/install/igus_rebel_msgs/include/igus_rebel_msgs/igus_rebel_msgs/msg/rosidl_typesupport_fastrtps_cpp__visibility_control.h
[8.334s] -- Up-to-date: /home/vasee22/igus-coffee-moveit/install/igus_rebel_msgs/include/igus_rebel_msgs/igus_rebel_msgs/msg/detail
[8.334s] -- Installing: /home/vasee22/igus-coffee-moveit/install/igus_rebel_msgs/include/igus_rebel_msgs/igus_rebel_msgs/msg/detail/dds_fastrtps
[8.334s] -- Installing: /home/vasee22/igus-coffee-moveit/install/igus_rebel_msgs/include/igus_rebel_msgs/igus_rebel_msgs/msg/detail/digital_output__rosidl_typesupport_fastrtps_cpp.hpp
[8.335s] -- Up-to-date: /home/vasee22/igus-coffee-moveit/install/igus_rebel_msgs/include/igus_rebel_msgs/igus_rebel_msgs/srv
[8.335s] -- Up-to-date: /home/vasee22/igus-coffee-moveit/install/igus_rebel_msgs/include/igus_rebel_msgs/igus_rebel_msgs/srv/detail
[8.335s] -- Installing: /home/vasee22/igus-coffee-moveit/install/igus_rebel_msgs/include/igus_rebel_msgs/igus_rebel_msgs/srv/detail/set_digital_output__rosidl_typesupport_fastrtps_cpp.hpp
[8.335s] -- Installing: /home/vasee22/igus-coffee-moveit/install/igus_rebel_msgs/include/igus_rebel_msgs/igus_rebel_msgs/srv/detail/dds_fastrtps
[8.335s] -- Installing: /home/vasee22/igus-coffee-moveit/install/igus_rebel_msgs/lib/libigus_rebel_msgs__rosidl_typesupport_fastrtps_cpp.so
[8.335s] -- Set non-toolchain portion of runtime path of "/home/vasee22/igus-coffee-moveit/install/igus_rebel_msgs/lib/libigus_rebel_msgs__rosidl_typesupport_fastrtps_cpp.so" to ""
[8.335s] -- Up-to-date: /home/vasee22/igus-coffee-moveit/install/igus_rebel_msgs/include/igus_rebel_msgs/igus_rebel_msgs
[8.335s] -- Up-to-date: /home/vasee22/igus-coffee-moveit/install/igus_rebel_msgs/include/igus_rebel_msgs/igus_rebel_msgs/msg
[8.335s] -- Installing: /home/vasee22/igus-coffee-moveit/install/igus_rebel_msgs/include/igus_rebel_msgs/igus_rebel_msgs/msg/rosidl_typesupport_introspection_c__visibility_control.h
[8.335s] -- Up-to-date: /home/vasee22/igus-coffee-moveit/install/igus_rebel_msgs/include/igus_rebel_msgs/igus_rebel_msgs/msg/detail
[8.335s] -- Installing: /home/vasee22/igus-coffee-moveit/install/igus_rebel_msgs/include/igus_rebel_msgs/igus_rebel_msgs/msg/detail/digital_output__type_support.c
[8.335s] -- Installing: /home/vasee22/igus-coffee-moveit/install/igus_rebel_msgs/include/igus_rebel_msgs/igus_rebel_msgs/msg/detail/digital_output__rosidl_typesupport_introspection_c.h
[8.336s] -- Up-to-date: /home/vasee22/igus-coffee-moveit/install/igus_rebel_msgs/include/igus_rebel_msgs/igus_rebel_msgs/srv
[8.336s] -- Up-to-date: /home/vasee22/igus-coffee-moveit/install/igus_rebel_msgs/include/igus_rebel_msgs/igus_rebel_msgs/srv/detail
[8.336s] -- Installing: /home/vasee22/igus-coffee-moveit/install/igus_rebel_msgs/include/igus_rebel_msgs/igus_rebel_msgs/srv/detail/set_digital_output__type_support.c
[8.336s] -- Installing: /home/vasee22/igus-coffee-moveit/install/igus_rebel_msgs/include/igus_rebel_msgs/igus_rebel_msgs/srv/detail/set_digital_output__rosidl_typesupport_introspection_c.h
[8.336s] -- Installing: /home/vasee22/igus-coffee-moveit/install/igus_rebel_msgs/lib/libigus_rebel_msgs__rosidl_typesupport_introspection_c.so
[8.336s] -- Set non-toolchain portion of runtime path of "/home/vasee22/igus-coffee-moveit/install/igus_rebel_msgs/lib/libigus_rebel_msgs__rosidl_typesupport_introspection_c.so" to ""
[8.336s] -- Installing: /home/vasee22/igus-coffee-moveit/install/igus_rebel_msgs/lib/libigus_rebel_msgs__rosidl_typesupport_c.so
[8.336s] -- Set non-toolchain portion of runtime path of "/home/vasee22/igus-coffee-moveit/install/igus_rebel_msgs/lib/libigus_rebel_msgs__rosidl_typesupport_c.so" to ""
[8.336s] -- Up-to-date: /home/vasee22/igus-coffee-moveit/install/igus_rebel_msgs/include/igus_rebel_msgs/igus_rebel_msgs
[8.336s] -- Up-to-date: /home/vasee22/igus-coffee-moveit/install/igus_rebel_msgs/include/igus_rebel_msgs/igus_rebel_msgs/msg
[8.336s] -- Up-to-date: /home/vasee22/igus-coffee-moveit/install/igus_rebel_msgs/include/igus_rebel_msgs/igus_rebel_msgs/msg/detail
[8.336s] -- Installing: /home/vasee22/igus-coffee-moveit/install/igus_rebel_msgs/include/igus_rebel_msgs/igus_rebel_msgs/msg/detail/digital_output__rosidl_typesupport_introspection_cpp.hpp
[8.337s] -- Installing: /home/vasee22/igus-coffee-moveit/install/igus_rebel_msgs/include/igus_rebel_msgs/igus_rebel_msgs/msg/detail/digital_output__type_support.cpp
[8.337s] -- Up-to-date: /home/vasee22/igus-coffee-moveit/install/igus_rebel_msgs/include/igus_rebel_msgs/igus_rebel_msgs/srv
[8.337s] -- Up-to-date: /home/vasee22/igus-coffee-moveit/install/igus_rebel_msgs/include/igus_rebel_msgs/igus_rebel_msgs/srv/detail
[8.337s] -- Installing: /home/vasee22/igus-coffee-moveit/install/igus_rebel_msgs/include/igus_rebel_msgs/igus_rebel_msgs/srv/detail/set_digital_output__rosidl_typesupport_introspection_cpp.hpp
[8.337s] -- Installing: /home/vasee22/igus-coffee-moveit/install/igus_rebel_msgs/include/igus_rebel_msgs/igus_rebel_msgs/srv/detail/set_digital_output__type_support.cpp
[8.337s] -- Installing: /home/vasee22/igus-coffee-moveit/install/igus_rebel_msgs/lib/libigus_rebel_msgs__rosidl_typesupport_introspection_cpp.so
[8.337s] -- Set non-toolchain portion of runtime path of "/home/vasee22/igus-coffee-moveit/install/igus_rebel_msgs/lib/libigus_rebel_msgs__rosidl_typesupport_introspection_cpp.so" to ""
[8.337s] -- Installing: /home/vasee22/igus-coffee-moveit/install/igus_rebel_msgs/lib/libigus_rebel_msgs__rosidl_typesupport_cpp.so
[8.337s] -- Set non-toolchain portion of runtime path of "/home/vasee22/igus-coffee-moveit/install/igus_rebel_msgs/lib/libigus_rebel_msgs__rosidl_typesupport_cpp.so" to ""
[8.337s] -- Installing: /home/vasee22/igus-coffee-moveit/install/igus_rebel_msgs/share/igus_rebel_msgs/environment/pythonpath.sh
[8.338s] -- Installing: /home/vasee22/igus-coffee-moveit/install/igus_rebel_msgs/share/igus_rebel_msgs/environment/pythonpath.dsv
[8.338s] -- Installing: /home/vasee22/igus-coffee-moveit/install/igus_rebel_msgs/lib/python3.12/site-packages/igus_rebel_msgs-0.0.0-py3.12.egg-info
[8.338s] -- Installing: /home/vasee22/igus-coffee-moveit/install/igus_rebel_msgs/lib/python3.12/site-packages/igus_rebel_msgs-0.0.0-py3.12.egg-info/top_level.txt
[8.338s] -- Installing: /home/vasee22/igus-coffee-moveit/install/igus_rebel_msgs/lib/python3.12/site-packages/igus_rebel_msgs-0.0.0-py3.12.egg-info/dependency_links.txt
[8.338s] -- Installing: /home/vasee22/igus-coffee-moveit/install/igus_rebel_msgs/lib/python3.12/site-packages/igus_rebel_msgs-0.0.0-py3.12.egg-info/SOURCES.txt
[8.339s] -- Installing: /home/vasee22/igus-coffee-moveit/install/igus_rebel_msgs/lib/python3.12/site-packages/igus_rebel_msgs-0.0.0-py3.12.egg-info/PKG-INFO
[8.339s] -- Installing: /home/vasee22/igus-coffee-moveit/install/igus_rebel_msgs/lib/python3.12/site-packages/igus_rebel_msgs
[8.339s] -- Installing: /home/vasee22/igus-coffee-moveit/install/igus_rebel_msgs/lib/python3.12/site-packages/igus_rebel_msgs/__init__.py
[8.339s] -- Installing: /home/vasee22/igus-coffee-moveit/install/igus_rebel_msgs/lib/python3.12/site-packages/igus_rebel_msgs/_igus_rebel_msgs_s.ep.rosidl_typesupport_introspection_c.c
[8.339s] -- Installing: /home/vasee22/igus-coffee-moveit/install/igus_rebel_msgs/lib/python3.12/site-packages/igus_rebel_msgs/msg
[8.339s] -- Installing: /home/vasee22/igus-coffee-moveit/install/igus_rebel_msgs/lib/python3.12/site-packages/igus_rebel_msgs/msg/__init__.py
[8.339s] -- Installing: /home/vasee22/igus-coffee-moveit/install/igus_rebel_msgs/lib/python3.12/site-packages/igus_rebel_msgs/msg/_digital_output_s.c
[8.339s] -- Installing: /home/vasee22/igus-coffee-moveit/install/igus_rebel_msgs/lib/python3.12/site-packages/igus_rebel_msgs/msg/_digital_output.py
[8.339s] -- Installing: /home/vasee22/igus-coffee-moveit/install/igus_rebel_msgs/lib/python3.12/site-packages/igus_rebel_msgs/igus_rebel_msgs_s__rosidl_typesupport_introspection_c.so
[8.340s] -- Installing: /home/vasee22/igus-coffee-moveit/install/igus_rebel_msgs/lib/python3.12/site-packages/igus_rebel_msgs/srv
[8.340s] -- Installing: /home/vasee22/igus-coffee-moveit/install/igus_rebel_msgs/lib/python3.12/site-packages/igus_rebel_msgs/srv/__init__.py
[8.340s] -- Installing: /home/vasee22/igus-coffee-moveit/install/igus_rebel_msgs/lib/python3.12/site-packages/igus_rebel_msgs/srv/_set_digital_output_s.c
[8.340s] -- Installing: /home/vasee22/igus-coffee-moveit/install/igus_rebel_msgs/lib/python3.12/site-packages/igus_rebel_msgs/srv/_set_digital_output.py
[8.340s] -- Installing: /home/vasee22/igus-coffee-moveit/install/igus_rebel_msgs/lib/python3.12/site-packages/igus_rebel_msgs/igus_rebel_msgs_s__rosidl_typesupport_fastrtps_c.so
[8.340s] -- Installing: /home/vasee22/igus-coffee-moveit/install/igus_rebel_msgs/lib/python3.12/site-packages/igus_rebel_msgs/_igus_rebel_msgs_s.ep.rosidl_typesupport_c.c
[8.340s] -- Installing: /home/vasee22/igus-coffee-moveit/install/igus_rebel_msgs/lib/python3.12/site-packages/igus_rebel_msgs/_igus_rebel_msgs_s.ep.rosidl_typesupport_fastrtps_c.c
[8.340s] -- Installing: /home/vasee22/igus-coffee-moveit/install/igus_rebel_msgs/lib/python3.12/site-packages/igus_rebel_msgs/igus_rebel_msgs_s__rosidl_typesupport_c.so
[8.401s] Listing '/home/vasee22/igus-coffee-moveit/install/igus_rebel_msgs/lib/python3.12/site-packages/igus_rebel_msgs'...
[8.401s] Compiling '/home/vasee22/igus-coffee-moveit/install/igus_rebel_msgs/lib/python3.12/site-packages/igus_rebel_msgs/__init__.py'...
[8.401s] Listing '/home/vasee22/igus-coffee-moveit/install/igus_rebel_msgs/lib/python3.12/site-packages/igus_rebel_msgs/msg'...
[8.402s] Compiling '/home/vasee22/igus-coffee-moveit/install/igus_rebel_msgs/lib/python3.12/site-packages/igus_rebel_msgs/msg/__init__.py'...
[8.402s] Compiling '/home/vasee22/igus-coffee-moveit/install/igus_rebel_msgs/lib/python3.12/site-packages/igus_rebel_msgs/msg/_digital_output.py'...
[8.402s] Listing '/home/vasee22/igus-coffee-moveit/install/igus_rebel_msgs/lib/python3.12/site-packages/igus_rebel_msgs/srv'...
[8.402s] Compiling '/home/vasee22/igus-coffee-moveit/install/igus_rebel_msgs/lib/python3.12/site-packages/igus_rebel_msgs/srv/__init__.py'...
[8.402s] Compiling '/home/vasee22/igus-coffee-moveit/install/igus_rebel_msgs/lib/python3.12/site-packages/igus_rebel_msgs/srv/_set_digital_output.py'...
[8.410s] -- Installing: /home/vasee22/igus-coffee-moveit/install/igus_rebel_msgs/lib/python3.12/site-packages/igus_rebel_msgs/igus_rebel_msgs_s__rosidl_typesupport_fastrtps_c.so
[8.410s] -- Set non-toolchain portion of runtime path of "/home/vasee22/igus-coffee-moveit/install/igus_rebel_msgs/lib/python3.12/site-packages/igus_rebel_msgs/igus_rebel_msgs_s__rosidl_typesupport_fastrtps_c.so" to ""
[8.411s] -- Installing: /home/vasee22/igus-coffee-moveit/install/igus_rebel_msgs/lib/python3.12/site-packages/igus_rebel_msgs/igus_rebel_msgs_s__rosidl_typesupport_introspection_c.so
[8.411s] -- Set non-toolchain portion of runtime path of "/home/vasee22/igus-coffee-moveit/install/igus_rebel_msgs/lib/python3.12/site-packages/igus_rebel_msgs/igus_rebel_msgs_s__rosidl_typesupport_introspection_c.so" to ""
[8.411s] -- Installing: /home/vasee22/igus-coffee-moveit/install/igus_rebel_msgs/lib/python3.12/site-packages/igus_rebel_msgs/igus_rebel_msgs_s__rosidl_typesupport_c.so
[8.411s] -- Set non-toolchain portion of runtime path of "/home/vasee22/igus-coffee-moveit/install/igus_rebel_msgs/lib/python3.12/site-packages/igus_rebel_msgs/igus_rebel_msgs_s__rosidl_typesupport_c.so" to ""
[8.412s] -- Installing: /home/vasee22/igus-coffee-moveit/install/igus_rebel_msgs/lib/libigus_rebel_msgs__rosidl_generator_py.so
[8.412s] -- Set non-toolchain portion of runtime path of "/home/vasee22/igus-coffee-moveit/install/igus_rebel_msgs/lib/libigus_rebel_msgs__rosidl_generator_py.so" to ""
[8.412s] -- Installing: /home/vasee22/igus-coffee-moveit/install/igus_rebel_msgs/share/ament_index/resource_index/rust_packages/igus_rebel_msgs
[8.412s] -- Installing: /home/vasee22/igus-coffee-moveit/install/igus_rebel_msgs/share/igus_rebel_msgs/rust
[8.412s] -- Installing: /home/vasee22/igus-coffee-moveit/install/igus_rebel_msgs/share/igus_rebel_msgs/rust/src
[8.412s] -- Installing: /home/vasee22/igus-coffee-moveit/install/igus_rebel_msgs/share/igus_rebel_msgs/rust/src/lib.rs
[8.412s] -- Installing: /home/vasee22/igus-coffee-moveit/install/igus_rebel_msgs/share/igus_rebel_msgs/rust/src/msg.rs
[8.412s] -- Installing: /home/vasee22/igus-coffee-moveit/install/igus_rebel_msgs/share/igus_rebel_msgs/rust/src/srv.rs
[8.412s] -- Installing: /home/vasee22/igus-coffee-moveit/install/igus_rebel_msgs/share/igus_rebel_msgs/rust/src/msg
[8.412s] -- Installing: /home/vasee22/igus-coffee-moveit/install/igus_rebel_msgs/share/igus_rebel_msgs/rust/src/msg/rmw.rs
[8.413s] -- Installing: /home/vasee22/igus-coffee-moveit/install/igus_rebel_msgs/share/igus_rebel_msgs/rust/src/srv
[8.413s] -- Installing: /home/vasee22/igus-coffee-moveit/install/igus_rebel_msgs/share/igus_rebel_msgs/rust/src/srv/rmw.rs
[8.413s] -- Installing: /home/vasee22/igus-coffee-moveit/install/igus_rebel_msgs/share/igus_rebel_msgs/rust/Cargo.toml
[8.413s] -- Installing: /home/vasee22/igus-coffee-moveit/install/igus_rebel_msgs/share/igus_rebel_msgs/rust/build.rs
[8.413s] -- Installing: /home/vasee22/igus-coffee-moveit/install/igus_rebel_msgs/share/igus_rebel_msgs/msg/DigitalOutput.idl
[8.413s] -- Installing: /home/vasee22/igus-coffee-moveit/install/igus_rebel_msgs/share/igus_rebel_msgs/srv/SetDigitalOutput.idl
[8.413s] -- Installing: /home/vasee22/igus-coffee-moveit/install/igus_rebel_msgs/share/igus_rebel_msgs/msg/DigitalOutput.msg
[8.413s] -- Installing: /home/vasee22/igus-coffee-moveit/install/igus_rebel_msgs/share/igus_rebel_msgs/srv/SetDigitalOutput.srv
[8.413s] -- Installing: /home/vasee22/igus-coffee-moveit/install/igus_rebel_msgs/share/ament_index/resource_index/package_run_dependencies/igus_rebel_msgs
[8.414s] -- Installing: /home/vasee22/igus-coffee-moveit/install/igus_rebel_msgs/share/ament_index/resource_index/parent_prefix_path/igus_rebel_msgs
[8.414s] -- Installing: /home/vasee22/igus-coffee-moveit/install/igus_rebel_msgs/share/igus_rebel_msgs/environment/ament_prefix_path.sh
[8.414s] -- Installing: /home/vasee22/igus-coffee-moveit/install/igus_rebel_msgs/share/igus_rebel_msgs/environment/ament_prefix_path.dsv
[8.414s] -- Installing: /home/vasee22/igus-coffee-moveit/install/igus_rebel_msgs/share/igus_rebel_msgs/environment/path.sh
[8.414s] -- Installing: /home/vasee22/igus-coffee-moveit/install/igus_rebel_msgs/share/igus_rebel_msgs/environment/path.dsv
[8.414s] -- Installing: /home/vasee22/igus-coffee-moveit/install/igus_rebel_msgs/share/igus_rebel_msgs/local_setup.bash
[8.414s] -- Installing: /home/vasee22/igus-coffee-moveit/install/igus_rebel_msgs/share/igus_rebel_msgs/local_setup.sh
[8.414s] -- Installing: /home/vasee22/igus-coffee-moveit/install/igus_rebel_msgs/share/igus_rebel_msgs/local_setup.zsh
[8.415s] -- Installing: /home/vasee22/igus-coffee-moveit/install/igus_rebel_msgs/share/igus_rebel_msgs/local_setup.dsv
[8.415s] -- Installing: /home/vasee22/igus-coffee-moveit/install/igus_rebel_msgs/share/igus_rebel_msgs/package.dsv
[8.415s] -- Installing: /home/vasee22/igus-coffee-moveit/install/igus_rebel_msgs/share/ament_index/resource_index/packages/igus_rebel_msgs
[8.415s] -- Installing: /home/vasee22/igus-coffee-moveit/install/igus_rebel_msgs/share/igus_rebel_msgs/cmake/export_igus_rebel_msgs__rosidl_generator_cExport.cmake
[8.415s] -- Installing: /home/vasee22/igus-coffee-moveit/install/igus_rebel_msgs/share/igus_rebel_msgs/cmake/export_igus_rebel_msgs__rosidl_generator_cExport-noconfig.cmake
[8.415s] -- Installing: /home/vasee22/igus-coffee-moveit/install/igus_rebel_msgs/share/igus_rebel_msgs/cmake/export_igus_rebel_msgs__rosidl_typesupport_fastrtps_cExport.cmake
[8.415s] -- Installing: /home/vasee22/igus-coffee-moveit/install/igus_rebel_msgs/share/igus_rebel_msgs/cmake/export_igus_rebel_msgs__rosidl_typesupport_fastrtps_cExport-noconfig.cmake
[8.416s] -- Installing: /home/vasee22/igus-coffee-moveit/install/igus_rebel_msgs/share/igus_rebel_msgs/cmake/export_igus_rebel_msgs__rosidl_generator_cppExport.cmake
[8.416s] -- Installing: /home/vasee22/igus-coffee-moveit/install/igus_rebel_msgs/share/igus_rebel_msgs/cmake/export_igus_rebel_msgs__rosidl_typesupport_fastrtps_cppExport.cmake
[8.416s] -- Installing: /home/vasee22/igus-coffee-moveit/install/igus_rebel_msgs/share/igus_rebel_msgs/cmake/export_igus_rebel_msgs__rosidl_typesupport_fastrtps_cppExport-noconfig.cmake
[8.416s] -- Installing: /home/vasee22/igus-coffee-moveit/install/igus_rebel_msgs/share/igus_rebel_msgs/cmake/igus_rebel_msgs__rosidl_typesupport_introspection_cExport.cmake
[8.416s] -- Installing: /home/vasee22/igus-coffee-moveit/install/igus_rebel_msgs/share/igus_rebel_msgs/cmake/igus_rebel_msgs__rosidl_typesupport_introspection_cExport-noconfig.cmake
[8.416s] -- Installing: /home/vasee22/igus-coffee-moveit/install/igus_rebel_msgs/share/igus_rebel_msgs/cmake/igus_rebel_msgs__rosidl_typesupport_cExport.cmake
[8.417s] -- Installing: /home/vasee22/igus-coffee-moveit/install/igus_rebel_msgs/share/igus_rebel_msgs/cmake/igus_rebel_msgs__rosidl_typesupport_cExport-noconfig.cmake
[8.417s] -- Installing: /home/vasee22/igus-coffee-moveit/install/igus_rebel_msgs/share/igus_rebel_msgs/cmake/igus_rebel_msgs__rosidl_typesupport_introspection_cppExport.cmake
[8.417s] -- Installing: /home/vasee22/igus-coffee-moveit/install/igus_rebel_msgs/share/igus_rebel_msgs/cmake/igus_rebel_msgs__rosidl_typesupport_introspection_cppExport-noconfig.cmake
[8.417s] -- Installing: /home/vasee22/igus-coffee-moveit/install/igus_rebel_msgs/share/igus_rebel_msgs/cmake/igus_rebel_msgs__rosidl_typesupport_cppExport.cmake
[8.417s] -- Installing: /home/vasee22/igus-coffee-moveit/install/igus_rebel_msgs/share/igus_rebel_msgs/cmake/igus_rebel_msgs__rosidl_typesupport_cppExport-noconfig.cmake
[8.417s] -- Installing: /home/vasee22/igus-coffee-moveit/install/igus_rebel_msgs/share/igus_rebel_msgs/cmake/export_igus_rebel_msgs__rosidl_generator_pyExport.cmake
[8.417s] -- Installing: /home/vasee22/igus-coffee-moveit/install/igus_rebel_msgs/share/igus_rebel_msgs/cmake/export_igus_rebel_msgs__rosidl_generator_pyExport-noconfig.cmake
[8.418s] -- Installing: /home/vasee22/igus-coffee-moveit/install/igus_rebel_msgs/share/igus_rebel_msgs/cmake/rosidl_cmake-extras.cmake
[8.418s] -- Installing: /home/vasee22/igus-coffee-moveit/install/igus_rebel_msgs/share/igus_rebel_msgs/cmake/ament_cmake_export_dependencies-extras.cmake
[8.418s] -- Installing: /home/vasee22/igus-coffee-moveit/install/igus_rebel_msgs/share/igus_rebel_msgs/cmake/ament_cmake_export_include_directories-extras.cmake
[8.418s] -- Installing: /home/vasee22/igus-coffee-moveit/install/igus_rebel_msgs/share/igus_rebel_msgs/cmake/ament_cmake_export_libraries-extras.cmake
[8.418s] -- Installing: /home/vasee22/igus-coffee-moveit/install/igus_rebel_msgs/share/igus_rebel_msgs/cmake/ament_cmake_export_targets-extras.cmake
[8.418s] -- Installing: /home/vasee22/igus-coffee-moveit/install/igus_rebel_msgs/share/igus_rebel_msgs/cmake/rosidl_cmake_export_typesupport_targets-extras.cmake
[8.418s] -- Installing: /home/vasee22/igus-coffee-moveit/install/igus_rebel_msgs/share/igus_rebel_msgs/cmake/rosidl_cmake_export_typesupport_libraries-extras.cmake
[8.418s] -- Installing: /home/vasee22/igus-coffee-moveit/install/igus_rebel_msgs/share/igus_rebel_msgs/cmake/igus_rebel_msgsConfig.cmake
[8.418s] -- Installing: /home/vasee22/igus-coffee-moveit/install/igus_rebel_msgs/share/igus_rebel_msgs/cmake/igus_rebel_msgsConfig-version.cmake
[8.419s] -- Installing: /home/vasee22/igus-coffee-moveit/install/igus_rebel_msgs/share/igus_rebel_msgs/package.xml
[8.422s] Invoked command in '/home/vasee22/igus-coffee-moveit/build/igus_rebel_msgs' returned '0': CMAKE_PREFIX_PATH=${CMAKE_PREFIX_PATH}:/home/vasee22/igus-coffee-moveit/install/modbus_ros:/home/vasee22/COAR-ROS2-Workspace-mai/install/modbus_ros:/opt/ros/jazzy DEBUGINFOD_URLS=https://debuginfod.ubuntu.com /usr/bin/cmake --install /home/vasee22/igus-coffee-moveit/build/igus_rebel_msgs
