[0.925s] Invoking command in '/home/vasee22/igus-coffee-moveit/src/modbus_ros': DEBUGINFOD_URLS=https://debuginfod.ubuntu.com PYTHONPATH=/home/vasee22/igus-coffee-moveit/build/modbus_ros/prefix_override:/usr/lib/python3/dist-packages/colcon_core/task/python/colcon_distutils_commands:/home/vasee22/igus-coffee-moveit/install/modbus_ros/lib/python3.12/site-packages:${PYTHONPATH} /usr/bin/python3 -W ignore:setup.py install is deprecated -W ignore:easy_install command is deprecated setup.py egg_info --egg-base ../../build/modbus_ros build --build-base /home/vasee22/igus-coffee-moveit/build/modbus_ros/build install --record /home/vasee22/igus-coffee-moveit/build/modbus_ros/install.log --single-version-externally-managed install_data
[1.234s] running egg_info
[1.255s] writing ../../build/modbus_ros/modbus_ros.egg-info/PKG-INFO
[1.256s] writing dependency_links to ../../build/modbus_ros/modbus_ros.egg-info/dependency_links.txt
[1.256s] writing entry points to ../../build/modbus_ros/modbus_ros.egg-info/entry_points.txt
[1.256s] writing requirements to ../../build/modbus_ros/modbus_ros.egg-info/requires.txt
[1.256s] writing top-level names to ../../build/modbus_ros/modbus_ros.egg-info/top_level.txt
[1.294s] reading manifest file '../../build/modbus_ros/modbus_ros.egg-info/SOURCES.txt'
[1.294s] writing manifest file '../../build/modbus_ros/modbus_ros.egg-info/SOURCES.txt'
[1.294s] running build
[1.295s] running build_py
[1.295s] running install
[1.299s] running install_lib
[1.316s] running install_data
[1.316s] running install_egg_info
[1.332s] removing '/home/vasee22/igus-coffee-moveit/install/modbus_ros/lib/python3.12/site-packages/modbus_ros-0.0.0-py3.12.egg-info' (and everything under it)
[1.332s] Copying ../../build/modbus_ros/modbus_ros.egg-info to /home/vasee22/igus-coffee-moveit/install/modbus_ros/lib/python3.12/site-packages/modbus_ros-0.0.0-py3.12.egg-info
[1.332s] running install_scripts
[1.423s] Installing modbus_publisher script to /home/vasee22/igus-coffee-moveit/install/modbus_ros/lib/modbus_ros
[1.424s] writing list of installed files to '/home/vasee22/igus-coffee-moveit/build/modbus_ros/install.log'
[1.444s] Invoked command in '/home/vasee22/igus-coffee-moveit/src/modbus_ros' returned '0': DEBUGINFOD_URLS=https://debuginfod.ubuntu.com PYTHONPATH=/home/vasee22/igus-coffee-moveit/build/modbus_ros/prefix_override:/usr/lib/python3/dist-packages/colcon_core/task/python/colcon_distutils_commands:/home/vasee22/igus-coffee-moveit/install/modbus_ros/lib/python3.12/site-packages:${PYTHONPATH} /usr/bin/python3 -W ignore:setup.py install is deprecated -W ignore:easy_install command is deprecated setup.py egg_info --egg-base ../../build/modbus_ros build --build-base /home/vasee22/igus-coffee-moveit/build/modbus_ros/build install --record /home/vasee22/igus-coffee-moveit/build/modbus_ros/install.log --single-version-externally-managed install_data
